-- Install configuration: ""
-- Up-to-date: /home/user/exchange/workspace/install/tiago_pro_gazebo/lib/tiago_pro_gazebo/tuck_arm.py
-- Up-to-date: /home/user/exchange/workspace/install/tiago_pro_gazebo/share/tiago_pro_gazebo/config
-- Up-to-date: /home/user/exchange/workspace/install/tiago_pro_gazebo/share/tiago_pro_gazebo/config/tiago_pro_gz_bridge.yaml
-- Up-to-date: /home/user/exchange/workspace/install/tiago_pro_gazebo/share/tiago_pro_gazebo/launch
-- Installing: /home/user/exchange/workspace/install/tiago_pro_gazebo/share/tiago_pro_gazebo/launch/tiago_pro_gazebo.launch.py
-- Up-to-date: /home/user/exchange/workspace/install/tiago_pro_gazebo/share/tiago_pro_gazebo/launch/navigation_private_sim.launch.py
-- Up-to-date: /home/user/exchange/workspace/install/tiago_pro_gazebo/share/tiago_pro_gazebo/launch/robot_spawn.launch.py
-- Up-to-date: /home/user/exchange/workspace/install/tiago_pro_gazebo/share/tiago_pro_gazebo/launch/navigation_public_sim.launch.py
-- Up-to-date: /home/user/exchange/workspace/install/tiago_pro_gazebo/share/ament_index/resource_index/package_run_dependencies/tiago_pro_gazebo
-- Up-to-date: /home/user/exchange/workspace/install/tiago_pro_gazebo/share/ament_index/resource_index/parent_prefix_path/tiago_pro_gazebo
-- Up-to-date: /home/user/exchange/workspace/install/tiago_pro_gazebo/share/tiago_pro_gazebo/environment/ament_prefix_path.sh
-- Up-to-date: /home/user/exchange/workspace/install/tiago_pro_gazebo/share/tiago_pro_gazebo/environment/ament_prefix_path.dsv
-- Up-to-date: /home/user/exchange/workspace/install/tiago_pro_gazebo/share/tiago_pro_gazebo/environment/path.sh
-- Up-to-date: /home/user/exchange/workspace/install/tiago_pro_gazebo/share/tiago_pro_gazebo/environment/path.dsv
-- Up-to-date: /home/user/exchange/workspace/install/tiago_pro_gazebo/share/tiago_pro_gazebo/local_setup.bash
-- Up-to-date: /home/user/exchange/workspace/install/tiago_pro_gazebo/share/tiago_pro_gazebo/local_setup.sh
-- Up-to-date: /home/user/exchange/workspace/install/tiago_pro_gazebo/share/tiago_pro_gazebo/local_setup.zsh
-- Up-to-date: /home/user/exchange/workspace/install/tiago_pro_gazebo/share/tiago_pro_gazebo/local_setup.dsv
-- Installing: /home/user/exchange/workspace/install/tiago_pro_gazebo/share/tiago_pro_gazebo/package.dsv
-- Up-to-date: /home/user/exchange/workspace/install/tiago_pro_gazebo/share/ament_index/resource_index/packages/tiago_pro_gazebo
-- Up-to-date: /home/user/exchange/workspace/install/tiago_pro_gazebo/share/tiago_pro_gazebo/cmake/tiago_pro_gazeboConfig.cmake
-- Up-to-date: /home/user/exchange/workspace/install/tiago_pro_gazebo/share/tiago_pro_gazebo/cmake/tiago_pro_gazeboConfig-version.cmake
-- Up-to-date: /home/user/exchange/workspace/install/tiago_pro_gazebo/share/tiago_pro_gazebo/package.xml
