[35m[1mConsolidate compiler generated dependencies of target pick_macro_task_node[0m
[ 50%] Built target place_macro_task_node
[ 75%] [32mBuilding CXX object CMakeFiles/pick_macro_task_node.dir/src/pick_macro_task_node.cpp.o[0m
[01m[K/home/user/exchange/workspace/src/tiago_manipulation_tasks/src/pick_macro_task_node.cpp:[m[K In constructor ‘[01m[KPickMacroTaskNode::PickMacroTaskNode(const SharedPtr&)[m[K’:
[01m[K/home/user/exchange/workspace/src/tiago_manipulation_tasks/src/pick_macro_task_node.cpp:66:27:[m[K [01;31m[Kerror: [m[K‘[01m[Kclass PickMacroTaskNode[m[K’ has no member named ‘[01m[Kcreate_client[m[K’
   66 |     grasp_client_ = this->[01;31m[Kcreate_client[m[K<std_srvs::srv::Empty>("/gripper_left_grasper_srv/grasp");
      |                           [01;31m[K^~~~~~~~~~~~~[m[K
[01m[K/home/user/exchange/workspace/src/tiago_manipulation_tasks/src/pick_macro_task_node.cpp:66:61:[m[K [01;31m[Kerror: [m[Kexpected primary-expression before ‘[01m[K>[m[K’ token
   66 | e_client<std_srvs::srv::Empty[01;31m[K>[m[K("/gripper_left_grasper_srv/grasp");
      |                              [01;31m[K^[m[K

[01m[K/home/user/exchange/workspace/src/tiago_manipulation_tasks/src/pick_macro_task_node.cpp:[m[K In member function ‘[01m[Kbool PickMacroTaskNode::closeGrasp(const string&)[m[K’:
[01m[K/home/user/exchange/workspace/src/tiago_manipulation_tasks/src/pick_macro_task_node.cpp:126:5:[m[K [01;31m[Kerror: [m[Kreturn-statement with no value, in function returning ‘[01m[Kbool[m[K’ [[01;31m[K]8;;https://gcc.gnu.org/onlinedocs/gcc/Warning-Options.html#index-fpermissive-fpermissive]8;;[m[K]
  126 |     [01;31m[Kreturn[m[K; // o gestisci il fallimento del task
      |     [01;31m[K^~~~~~[m[K
In file included from [01m[K/opt/ros/humble/include/rclcpp/rclcpp/client.hpp:40[m[K,
                 from [01m[K/opt/ros/humble/include/rclcpp/rclcpp/callback_group.hpp:24[m[K,
                 from [01m[K/opt/ros/humble/include/rclcpp/rclcpp/any_executable.hpp:20[m[K,
                 from [01m[K/opt/ros/humble/include/rclcpp/rclcpp/memory_strategy.hpp:25[m[K,
                 from [01m[K/opt/ros/humble/include/rclcpp/rclcpp/memory_strategies.hpp:18[m[K,
                 from [01m[K/opt/ros/humble/include/rclcpp/rclcpp/executor_options.hpp:20[m[K,
                 from [01m[K/opt/ros/humble/include/rclcpp/rclcpp/executor.hpp:37[m[K,
                 from [01m[K/opt/ros/humble/include/rclcpp/rclcpp/executors/multi_threaded_executor.hpp:25[m[K,
                 from [01m[K/opt/ros/humble/include/rclcpp/rclcpp/executors.hpp:21[m[K,
                 from [01m[K/opt/ros/humble/include/rclcpp/rclcpp/rclcpp.hpp:155[m[K,
                 from [01m[K/home/user/exchange/workspace/src/tiago_manipulation_tasks/src/pick_macro_task_node.cpp:1[m[K:
[01m[K/home/user/exchange/workspace/src/tiago_manipulation_tasks/src/pick_macro_task_node.cpp:131:19:[m[K [01;31m[Kerror: [m[K‘[01m[Kclass PickMacroTaskNode[m[K’ has no member named ‘[01m[Kget_logger[m[K’
  131 | RCLCPP_INFO(this->[01;31m[Kget_logger[m[K(), "Inviando richiesta di chiusura al controller del gripper...");
      |                   [01;31m[K^~~~~~~~~~[m[K
[01m[K/home/user/exchange/workspace/src/tiago_manipulation_tasks/src/pick_macro_task_node.cpp:131:19:[m[K [01;31m[Kerror: [m[K‘[01m[Kclass PickMacroTaskNode[m[K’ has no member named ‘[01m[Kget_logger[m[K’
[01m[K/home/user/exchange/workspace/src/tiago_manipulation_tasks/src/pick_macro_task_node.cpp:131:1:[m[K [01;31m[Kerror: [m[Ktemplate argument 1 is invalid
  131 | [01;31m[KRCLCPP_INFO[m[K(this->get_logger(), "Inviando richiesta di chiusura al controller del gripper...");
      | [01;31m[K^~~~~~~~~~~[m[K
In file included from [01m[K/opt/ros/humble/include/rclcpp/rclcpp/logging.hpp:24[m[K,
                 from [01m[K/opt/ros/humble/include/rclcpp/rclcpp/client.hpp:40[m[K,
                 from [01m[K/opt/ros/humble/include/rclcpp/rclcpp/callback_group.hpp:24[m[K,
                 from [01m[K/opt/ros/humble/include/rclcpp/rclcpp/any_executable.hpp:20[m[K,
                 from [01m[K/opt/ros/humble/include/rclcpp/rclcpp/memory_strategy.hpp:25[m[K,
                 from [01m[K/opt/ros/humble/include/rclcpp/rclcpp/memory_strategies.hpp:18[m[K,
                 from [01m[K/opt/ros/humble/include/rclcpp/rclcpp/executor_options.hpp:20[m[K,
                 from [01m[K/opt/ros/humble/include/rclcpp/rclcpp/executor.hpp:37[m[K,
                 from [01m[K/opt/ros/humble/include/rclcpp/rclcpp/executors/multi_threaded_executor.hpp:25[m[K,
                 from [01m[K/opt/ros/humble/include/rclcpp/rclcpp/executors.hpp:21[m[K,
                 from [01m[K/opt/ros/humble/include/rclcpp/rclcpp/rclcpp.hpp:155[m[K,
                 from [01m[K/home/user/exchange/workspace/src/tiago_manipulation_tasks/src/pick_macro_task_node.cpp:1[m[K:
[01m[K/home/user/exchange/workspace/src/tiago_manipulation_tasks/src/pick_macro_task_node.cpp:131:19:[m[K [01;31m[Kerror: [m[K‘[01m[Kclass PickMacroTaskNode[m[K’ has no member named ‘[01m[Kget_logger[m[K’
  131 | RCLCPP_INFO(this->[01;31m[Kget_logger[m[K(), "Inviando richiesta di chiusura al controller del gripper...");
      |                   [01;31m[K^~~~~~~~~~[m[K
[01m[K/home/user/exchange/workspace/src/tiago_manipulation_tasks/src/pick_macro_task_node.cpp:131:19:[m[K [01;31m[Kerror: [m[K‘[01m[Kclass PickMacroTaskNode[m[K’ has no member named ‘[01m[Kget_logger[m[K’
  131 | RCLCPP_INFO(this->[01;31m[Kget_logger[m[K(), "Inviando richiesta di chiusura al controller del gripper...");
      |                   [01;31m[K^~~~~~~~~~[m[K
gmake[2]: *** [CMakeFiles/pick_macro_task_node.dir/build.make:76: CMakeFiles/pick_macro_task_node.dir/src/pick_macro_task_node.cpp.o] Error 1
gmake[1]: *** [CMakeFiles/Makefile2:139: CMakeFiles/pick_macro_task_node.dir/all] Error 2
gmake: *** [Makefile:146: all] Error 2
