[0.202s] Invoking command in '/home/user/exchange/workspace/build/tiago_manipulation_tasks': AMENT_PREFIX_PATH=/home/user/exchange/workspace/install/pal_pro_gripper_wrapper:/home/user/exchange/workspace/install/tiago_manipulation_tasks:/home/user/exchange/workspace/install/pick_task:/home/user/exchange/workspace/install/tiago_pro_simulation:/home/user/exchange/workspace/install/tiago_pro_robot:/home/user/exchange/workspace/install/tiago_pro_navigation:/home/user/exchange/workspace/install/tiago_pro_gazebo:/home/user/exchange/workspace/install/tiago_pro_rgbd_sensors:/home/user/exchange/workspace/install/tiago_pro_mujoco:/home/user/exchange/workspace/install/tiago_pro_moveit_config:/home/user/exchange/workspace/install/tiago_pro_laser_sensors:/home/user/exchange/workspace/install/tiago_pro_description:/home/user/exchange/workspace/install/tiago_pro_bringup:/home/user/exchange/workspace/install/tiago_pro_controller_configuration:/home/user/exchange/workspace/install/tiago_pro_2dnav:/home/user/exchange/workspace/install/pal_sea_arm_moveit_config:/home/user/exchange/workspace/install/pal_sea_arm:/home/user/exchange/workspace/install/pal_sea_arm_bringup:/home/user/exchange/workspace/install/pal_sea_arm_description:/home/user/exchange/workspace/install/pal_sea_arm_controller_configuration:/home/user/exchange/workspace/install/pal_pro_gripper_simulation:/home/user/exchange/workspace/install/pal_pro_gripper_bringup:/home/user/exchange/workspace/install/pal_pro_gripper:/home/user/exchange/workspace/install/pal_pro_gripper_controller_configuration:/home/user/exchange/workspace/install/pal_pro_gripper_description:/home/user/exchange/workspace/install/pal_gazebo_worlds:/opt/ros/humble CMAKE_PREFIX_PATH=/home/user/exchange/workspace/install/tiago_pro_simulation:/home/user/exchange/workspace/install/tiago_pro_mujoco:/home/user/exchange/workspace/install/tiago_pro_gazebo:/home/user/exchange/workspace/install/tiago_pro_robot:/home/user/exchange/workspace/install/tiago_pro_moveit_config:/home/user/exchange/workspace/install/pal_sea_arm:/home/user/exchange/workspace/install/tiago_pro_description:/home/user/exchange/workspace/install/tiago_pro_bringup:/home/user/exchange/workspace/install/pal_sea_arm_moveit_config:/home/user/exchange/workspace/install/pal_sea_arm_bringup:/home/user/exchange/workspace/install/tiago_pro_controller_configuration:/home/user/exchange/workspace/install/pal_sea_arm_description:/home/user/exchange/workspace/install/pal_sea_arm_controller_configuration:/home/user/exchange/workspace/install/pal_pro_gripper:/home/user/exchange/workspace/install/pal_pro_gripper_controller_configuration:/home/user/exchange/workspace/install/tiago_pro_rgbd_sensors:/home/user/exchange/workspace/install/tiago_pro_laser_sensors:/home/user/exchange/workspace/install/tiago_pro_2dnav:/home/user/exchange/workspace/install/pal_pro_gripper_description:/home/user/exchange/workspace/install/pal_gazebo_worlds:/home/user/exchange/workspace/install/tiago_manipulation_tasks:/home/user/exchange/workspace/install/tiago_pro_navigation:/home/user/exchange/workspace/install/pal_pro_gripper_simulation:/home/user/exchange/workspace/install/pal_pro_gripper_bringup:/home/user/exchange/workspace/install/pick_task:/home/user/exchange/workspace/install/pal_pro_gripper_wrapper:/opt/ros/humble PYTHONPATH=/home/user/exchange/workspace/install/pal_pro_gripper_wrapper/lib/python3.10/site-packages:/home/user/exchange/workspace/install/pick_task/lib/python3.10/site-packages:/home/user/exchange/workspace/install/tiago_pro_description/local/lib/python3.10/dist-packages:/home/user/exchange/workspace/install/pal_sea_arm_description/local/lib/python3.10/dist-packages:/home/user/exchange/workspace/install/pal_pro_gripper_description/local/lib/python3.10/dist-packages:/opt/ros/humble/lib/python3.10/site-packages:/opt/ros/humble/local/lib/python3.10/dist-packages /usr/bin/cmake --build /home/user/exchange/workspace/build/tiago_manipulation_tasks -- -j12 -l12
[0.250s] [35m[1mConsolidate compiler generated dependencies of target pick_macro_task_node[0m
[0.266s] [ 50%] Built target place_macro_task_node
[0.271s] [ 75%] [32mBuilding CXX object CMakeFiles/pick_macro_task_node.dir/src/pick_macro_task_node.cpp.o[0m
[3.867s] [01m[K/home/user/exchange/workspace/src/tiago_manipulation_tasks/src/pick_macro_task_node.cpp:[m[K In constructor ‘[01m[KPickMacroTaskNode::PickMacroTaskNode(const SharedPtr&)[m[K’:
[3.867s] [01m[K/home/user/exchange/workspace/src/tiago_manipulation_tasks/src/pick_macro_task_node.cpp:66:27:[m[K [01;31m[Kerror: [m[K‘[01m[Kclass PickMacroTaskNode[m[K’ has no member named ‘[01m[Kcreate_client[m[K’
[3.867s]    66 |     grasp_client_ = this->[01;31m[Kcreate_client[m[K<std_srvs::srv::Empty>("/gripper_left_grasper_srv/grasp");
[3.867s]       |                           [01;31m[K^~~~~~~~~~~~~[m[K
[3.867s] [01m[K/home/user/exchange/workspace/src/tiago_manipulation_tasks/src/pick_macro_task_node.cpp:66:61:[m[K [01;31m[Kerror: [m[Kexpected primary-expression before ‘[01m[K>[m[K’ token
[3.867s]    66 | e_client<std_srvs::srv::Empty[01;31m[K>[m[K("/gripper_left_grasper_srv/grasp");
[3.868s]       |                              [01;31m[K^[m[K
[3.868s] 
[3.870s] [01m[K/home/user/exchange/workspace/src/tiago_manipulation_tasks/src/pick_macro_task_node.cpp:[m[K In member function ‘[01m[Kbool PickMacroTaskNode::closeGrasp(const string&)[m[K’:
[3.870s] [01m[K/home/user/exchange/workspace/src/tiago_manipulation_tasks/src/pick_macro_task_node.cpp:126:5:[m[K [01;31m[Kerror: [m[Kreturn-statement with no value, in function returning ‘[01m[Kbool[m[K’ [[01;31m[K]8;;https://gcc.gnu.org/onlinedocs/gcc/Warning-Options.html#index-fpermissive-fpermissive]8;;[m[K]
[3.870s]   126 |     [01;31m[Kreturn[m[K; // o gestisci il fallimento del task
[3.870s]       |     [01;31m[K^~~~~~[m[K
[3.870s] In file included from [01m[K/opt/ros/humble/include/rclcpp/rclcpp/client.hpp:40[m[K,
[3.870s]                  from [01m[K/opt/ros/humble/include/rclcpp/rclcpp/callback_group.hpp:24[m[K,
[3.870s]                  from [01m[K/opt/ros/humble/include/rclcpp/rclcpp/any_executable.hpp:20[m[K,
[3.870s]                  from [01m[K/opt/ros/humble/include/rclcpp/rclcpp/memory_strategy.hpp:25[m[K,
[3.870s]                  from [01m[K/opt/ros/humble/include/rclcpp/rclcpp/memory_strategies.hpp:18[m[K,
[3.870s]                  from [01m[K/opt/ros/humble/include/rclcpp/rclcpp/executor_options.hpp:20[m[K,
[3.870s]                  from [01m[K/opt/ros/humble/include/rclcpp/rclcpp/executor.hpp:37[m[K,
[3.870s]                  from [01m[K/opt/ros/humble/include/rclcpp/rclcpp/executors/multi_threaded_executor.hpp:25[m[K,
[3.870s]                  from [01m[K/opt/ros/humble/include/rclcpp/rclcpp/executors.hpp:21[m[K,
[3.870s]                  from [01m[K/opt/ros/humble/include/rclcpp/rclcpp/rclcpp.hpp:155[m[K,
[3.870s]                  from [01m[K/home/user/exchange/workspace/src/tiago_manipulation_tasks/src/pick_macro_task_node.cpp:1[m[K:
[3.870s] [01m[K/home/user/exchange/workspace/src/tiago_manipulation_tasks/src/pick_macro_task_node.cpp:131:19:[m[K [01;31m[Kerror: [m[K‘[01m[Kclass PickMacroTaskNode[m[K’ has no member named ‘[01m[Kget_logger[m[K’
[3.871s]   131 | RCLCPP_INFO(this->[01;31m[Kget_logger[m[K(), "Inviando richiesta di chiusura al controller del gripper...");
[3.871s]       |                   [01;31m[K^~~~~~~~~~[m[K
[3.871s] [01m[K/home/user/exchange/workspace/src/tiago_manipulation_tasks/src/pick_macro_task_node.cpp:131:19:[m[K [01;31m[Kerror: [m[K‘[01m[Kclass PickMacroTaskNode[m[K’ has no member named ‘[01m[Kget_logger[m[K’
[3.871s] [01m[K/home/user/exchange/workspace/src/tiago_manipulation_tasks/src/pick_macro_task_node.cpp:131:1:[m[K [01;31m[Kerror: [m[Ktemplate argument 1 is invalid
[3.871s]   131 | [01;31m[KRCLCPP_INFO[m[K(this->get_logger(), "Inviando richiesta di chiusura al controller del gripper...");
[3.871s]       | [01;31m[K^~~~~~~~~~~[m[K
[3.871s] In file included from [01m[K/opt/ros/humble/include/rclcpp/rclcpp/logging.hpp:24[m[K,
[3.871s]                  from [01m[K/opt/ros/humble/include/rclcpp/rclcpp/client.hpp:40[m[K,
[3.871s]                  from [01m[K/opt/ros/humble/include/rclcpp/rclcpp/callback_group.hpp:24[m[K,
[3.871s]                  from [01m[K/opt/ros/humble/include/rclcpp/rclcpp/any_executable.hpp:20[m[K,
[3.871s]                  from [01m[K/opt/ros/humble/include/rclcpp/rclcpp/memory_strategy.hpp:25[m[K,
[3.871s]                  from [01m[K/opt/ros/humble/include/rclcpp/rclcpp/memory_strategies.hpp:18[m[K,
[3.871s]                  from [01m[K/opt/ros/humble/include/rclcpp/rclcpp/executor_options.hpp:20[m[K,
[3.871s]                  from [01m[K/opt/ros/humble/include/rclcpp/rclcpp/executor.hpp:37[m[K,
[3.871s]                  from [01m[K/opt/ros/humble/include/rclcpp/rclcpp/executors/multi_threaded_executor.hpp:25[m[K,
[3.871s]                  from [01m[K/opt/ros/humble/include/rclcpp/rclcpp/executors.hpp:21[m[K,
[3.871s]                  from [01m[K/opt/ros/humble/include/rclcpp/rclcpp/rclcpp.hpp:155[m[K,
[3.871s]                  from [01m[K/home/user/exchange/workspace/src/tiago_manipulation_tasks/src/pick_macro_task_node.cpp:1[m[K:
[3.871s] [01m[K/home/user/exchange/workspace/src/tiago_manipulation_tasks/src/pick_macro_task_node.cpp:131:19:[m[K [01;31m[Kerror: [m[K‘[01m[Kclass PickMacroTaskNode[m[K’ has no member named ‘[01m[Kget_logger[m[K’
[3.871s]   131 | RCLCPP_INFO(this->[01;31m[Kget_logger[m[K(), "Inviando richiesta di chiusura al controller del gripper...");
[3.871s]       |                   [01;31m[K^~~~~~~~~~[m[K
[3.871s] [01m[K/home/user/exchange/workspace/src/tiago_manipulation_tasks/src/pick_macro_task_node.cpp:131:19:[m[K [01;31m[Kerror: [m[K‘[01m[Kclass PickMacroTaskNode[m[K’ has no member named ‘[01m[Kget_logger[m[K’
[3.872s]   131 | RCLCPP_INFO(this->[01;31m[Kget_logger[m[K(), "Inviando richiesta di chiusura al controller del gripper...");
[3.872s]       |                   [01;31m[K^~~~~~~~~~[m[K
[7.871s] gmake[2]: *** [CMakeFiles/pick_macro_task_node.dir/build.make:76: CMakeFiles/pick_macro_task_node.dir/src/pick_macro_task_node.cpp.o] Error 1
[7.871s] gmake[1]: *** [CMakeFiles/Makefile2:139: CMakeFiles/pick_macro_task_node.dir/all] Error 2
[7.871s] gmake: *** [Makefile:146: all] Error 2
[7.873s] Invoked command in '/home/user/exchange/workspace/build/tiago_manipulation_tasks' returned '2': AMENT_PREFIX_PATH=/home/user/exchange/workspace/install/pal_pro_gripper_wrapper:/home/user/exchange/workspace/install/tiago_manipulation_tasks:/home/user/exchange/workspace/install/pick_task:/home/user/exchange/workspace/install/tiago_pro_simulation:/home/user/exchange/workspace/install/tiago_pro_robot:/home/user/exchange/workspace/install/tiago_pro_navigation:/home/user/exchange/workspace/install/tiago_pro_gazebo:/home/user/exchange/workspace/install/tiago_pro_rgbd_sensors:/home/user/exchange/workspace/install/tiago_pro_mujoco:/home/user/exchange/workspace/install/tiago_pro_moveit_config:/home/user/exchange/workspace/install/tiago_pro_laser_sensors:/home/user/exchange/workspace/install/tiago_pro_description:/home/user/exchange/workspace/install/tiago_pro_bringup:/home/user/exchange/workspace/install/tiago_pro_controller_configuration:/home/user/exchange/workspace/install/tiago_pro_2dnav:/home/user/exchange/workspace/install/pal_sea_arm_moveit_config:/home/user/exchange/workspace/install/pal_sea_arm:/home/user/exchange/workspace/install/pal_sea_arm_bringup:/home/user/exchange/workspace/install/pal_sea_arm_description:/home/user/exchange/workspace/install/pal_sea_arm_controller_configuration:/home/user/exchange/workspace/install/pal_pro_gripper_simulation:/home/user/exchange/workspace/install/pal_pro_gripper_bringup:/home/user/exchange/workspace/install/pal_pro_gripper:/home/user/exchange/workspace/install/pal_pro_gripper_controller_configuration:/home/user/exchange/workspace/install/pal_pro_gripper_description:/home/user/exchange/workspace/install/pal_gazebo_worlds:/opt/ros/humble CMAKE_PREFIX_PATH=/home/user/exchange/workspace/install/tiago_pro_simulation:/home/user/exchange/workspace/install/tiago_pro_mujoco:/home/user/exchange/workspace/install/tiago_pro_gazebo:/home/user/exchange/workspace/install/tiago_pro_robot:/home/user/exchange/workspace/install/tiago_pro_moveit_config:/home/user/exchange/workspace/install/pal_sea_arm:/home/user/exchange/workspace/install/tiago_pro_description:/home/user/exchange/workspace/install/tiago_pro_bringup:/home/user/exchange/workspace/install/pal_sea_arm_moveit_config:/home/user/exchange/workspace/install/pal_sea_arm_bringup:/home/user/exchange/workspace/install/tiago_pro_controller_configuration:/home/user/exchange/workspace/install/pal_sea_arm_description:/home/user/exchange/workspace/install/pal_sea_arm_controller_configuration:/home/user/exchange/workspace/install/pal_pro_gripper:/home/user/exchange/workspace/install/pal_pro_gripper_controller_configuration:/home/user/exchange/workspace/install/tiago_pro_rgbd_sensors:/home/user/exchange/workspace/install/tiago_pro_laser_sensors:/home/user/exchange/workspace/install/tiago_pro_2dnav:/home/user/exchange/workspace/install/pal_pro_gripper_description:/home/user/exchange/workspace/install/pal_gazebo_worlds:/home/user/exchange/workspace/install/tiago_manipulation_tasks:/home/user/exchange/workspace/install/tiago_pro_navigation:/home/user/exchange/workspace/install/pal_pro_gripper_simulation:/home/user/exchange/workspace/install/pal_pro_gripper_bringup:/home/user/exchange/workspace/install/pick_task:/home/user/exchange/workspace/install/pal_pro_gripper_wrapper:/opt/ros/humble PYTHONPATH=/home/user/exchange/workspace/install/pal_pro_gripper_wrapper/lib/python3.10/site-packages:/home/user/exchange/workspace/install/pick_task/lib/python3.10/site-packages:/home/user/exchange/workspace/install/tiago_pro_description/local/lib/python3.10/dist-packages:/home/user/exchange/workspace/install/pal_sea_arm_description/local/lib/python3.10/dist-packages:/home/user/exchange/workspace/install/pal_pro_gripper_description/local/lib/python3.10/dist-packages:/opt/ros/humble/lib/python3.10/site-packages:/opt/ros/humble/local/lib/python3.10/dist-packages /usr/bin/cmake --build /home/user/exchange/workspace/build/tiago_manipulation_tasks -- -j12 -l12
