-- Install configuration: ""
-- Up-to-date: /home/user/exchange/workspace/install/tiago_pro_moveit_config/lib/tiago_pro_moveit_config/add_ground_node.py
-- Up-to-date: /home/user/exchange/workspace/install/tiago_pro_moveit_config/share/tiago_pro_moveit_config/launch
-- Up-to-date: /home/user/exchange/workspace/install/tiago_pro_moveit_config/share/tiago_pro_moveit_config/launch/move_group.launch.py
-- Up-to-date: /home/user/exchange/workspace/install/tiago_pro_moveit_config/share/tiago_pro_moveit_config/launch/moveit_rviz.launch.py
-- Up-to-date: /home/user/exchange/workspace/install/tiago_pro_moveit_config/share/tiago_pro_moveit_config/config
-- Up-to-date: /home/user/exchange/workspace/install/tiago_pro_moveit_config/share/tiago_pro_moveit_config/config/pilz_cartesian_limits.yaml
-- Up-to-date: /home/user/exchange/workspace/install/tiago_pro_moveit_config/share/tiago_pro_moveit_config/config/kinematics_kdl.yaml
-- Up-to-date: /home/user/exchange/workspace/install/tiago_pro_moveit_config/share/tiago_pro_moveit_config/config/srdf
-- Up-to-date: /home/user/exchange/workspace/install/tiago_pro_moveit_config/share/tiago_pro_moveit_config/config/srdf/teleop_arms.srdf.xacro
-- Up-to-date: /home/user/exchange/workspace/install/tiago_pro_moveit_config/share/tiago_pro_moveit_config/config/srdf/tiago_pro.srdf.xacro
-- Up-to-date: /home/user/exchange/workspace/install/tiago_pro_moveit_config/share/tiago_pro_moveit_config/config/srdf/scripts
-- Up-to-date: /home/user/exchange/workspace/install/tiago_pro_moveit_config/share/tiago_pro_moveit_config/config/srdf/scripts/update.sh
-- Up-to-date: /home/user/exchange/workspace/install/tiago_pro_moveit_config/share/tiago_pro_moveit_config/config/srdf/disable_collisions
-- Up-to-date: /home/user/exchange/workspace/install/tiago_pro_moveit_config/share/tiago_pro_moveit_config/config/srdf/disable_collisions/tiago_pro_pal-pro-gripper_rokubi_pal-pro-gripper.srdf.xacro
-- Up-to-date: /home/user/exchange/workspace/install/tiago_pro_moveit_config/share/tiago_pro_moveit_config/config/srdf/disable_collisions/tiago_pro_allegro-hand_ati_no-ee_ati.srdf.xacro
-- Up-to-date: /home/user/exchange/workspace/install/tiago_pro_moveit_config/share/tiago_pro_moveit_config/config/srdf/disable_collisions/tiago_pro_pal-pro-gripper_ati_allegro-hand_ati.srdf.xacro
-- Up-to-date: /home/user/exchange/workspace/install/tiago_pro_moveit_config/share/tiago_pro_moveit_config/config/srdf/disable_collisions/tiago_pro_allegro-hand_ati_no-arm-right.srdf.xacro
-- Up-to-date: /home/user/exchange/workspace/install/tiago_pro_moveit_config/share/tiago_pro_moveit_config/config/srdf/disable_collisions/tiago_pro_allegro-hand_allegro-hand_ati.srdf.xacro
-- Up-to-date: /home/user/exchange/workspace/install/tiago_pro_moveit_config/share/tiago_pro_moveit_config/config/srdf/disable_collisions/tiago_pro_no-ee_ati_allegro-hand_ati.srdf.xacro
-- Up-to-date: /home/user/exchange/workspace/install/tiago_pro_moveit_config/share/tiago_pro_moveit_config/config/srdf/disable_collisions/tiago_pro_no-ee_ati_no-ee.srdf.xacro
-- Up-to-date: /home/user/exchange/workspace/install/tiago_pro_moveit_config/share/tiago_pro_moveit_config/config/srdf/disable_collisions/tiago_pro_no-ee_ati_no-ee_rokubi.srdf.xacro
-- Up-to-date: /home/user/exchange/workspace/install/tiago_pro_moveit_config/share/tiago_pro_moveit_config/config/srdf/disable_collisions/tiago_pro_pal-pro-gripper_ati_no-arm-right.srdf.xacro
-- Up-to-date: /home/user/exchange/workspace/install/tiago_pro_moveit_config/share/tiago_pro_moveit_config/config/srdf/disable_collisions/left_pal-pro-gripper_rokubi.srdf.xacro
-- Up-to-date: /home/user/exchange/workspace/install/tiago_pro_moveit_config/share/tiago_pro_moveit_config/config/srdf/disable_collisions/tiago_pro_no-arm-left_pal-pro-gripper_ati.srdf.xacro
-- Up-to-date: /home/user/exchange/workspace/install/tiago_pro_moveit_config/share/tiago_pro_moveit_config/config/srdf/disable_collisions/tiago_pro_no-ee_rokubi_no-ee_rokubi.srdf.xacro
-- Up-to-date: /home/user/exchange/workspace/install/tiago_pro_moveit_config/share/tiago_pro_moveit_config/config/srdf/disable_collisions/tiago_pro_pal-pro-gripper_rokubi_allegro-hand.srdf.xacro
-- Up-to-date: /home/user/exchange/workspace/install/tiago_pro_moveit_config/share/tiago_pro_moveit_config/config/srdf/disable_collisions/left_short-wrist.srdf.xacro
-- Up-to-date: /home/user/exchange/workspace/install/tiago_pro_moveit_config/share/tiago_pro_moveit_config/config/srdf/disable_collisions/right_no-ee.srdf.xacro
-- Up-to-date: /home/user/exchange/workspace/install/tiago_pro_moveit_config/share/tiago_pro_moveit_config/config/srdf/disable_collisions/tiago_pro_allegro-hand_pal-pro-gripper_ati.srdf.xacro
-- Up-to-date: /home/user/exchange/workspace/install/tiago_pro_moveit_config/share/tiago_pro_moveit_config/config/srdf/disable_collisions/tiago_pro_pal-pro-gripper_rokubi_no-arm-right.srdf.xacro
-- Up-to-date: /home/user/exchange/workspace/install/tiago_pro_moveit_config/share/tiago_pro_moveit_config/config/srdf/disable_collisions/tiago_pro_no-ee_rokubi_allegro-hand_rokubi.srdf.xacro
-- Up-to-date: /home/user/exchange/workspace/install/tiago_pro_moveit_config/share/tiago_pro_moveit_config/config/srdf/disable_collisions/tiago_pro_no-ee_ati_allegro-hand_rokubi.srdf.xacro
-- Up-to-date: /home/user/exchange/workspace/install/tiago_pro_moveit_config/share/tiago_pro_moveit_config/config/srdf/disable_collisions/tiago_pro_allegro-hand_rokubi_allegro-hand_ati.srdf.xacro
-- Up-to-date: /home/user/exchange/workspace/install/tiago_pro_moveit_config/share/tiago_pro_moveit_config/config/srdf/disable_collisions/tiago_pro_no-ee_ati_pal-pro-gripper_ati.srdf.xacro
-- Up-to-date: /home/user/exchange/workspace/install/tiago_pro_moveit_config/share/tiago_pro_moveit_config/config/srdf/disable_collisions/tiago_pro_no-arm-left_pal-pro-gripper_rokubi.srdf.xacro
-- Up-to-date: /home/user/exchange/workspace/install/tiago_pro_moveit_config/share/tiago_pro_moveit_config/config/srdf/disable_collisions/tiago_pro_no-arm-left_no-ee_rokubi.srdf.xacro
-- Up-to-date: /home/user/exchange/workspace/install/tiago_pro_moveit_config/share/tiago_pro_moveit_config/config/srdf/disable_collisions/tiago_pro_no-arm-left_no-ee_ati.srdf.xacro
-- Up-to-date: /home/user/exchange/workspace/install/tiago_pro_moveit_config/share/tiago_pro_moveit_config/config/srdf/disable_collisions/tiago_pro_allegro-hand_rokubi_allegro-hand_rokubi.srdf.xacro
-- Up-to-date: /home/user/exchange/workspace/install/tiago_pro_moveit_config/share/tiago_pro_moveit_config/config/srdf/disable_collisions/tiago_pro_no-ee_rokubi_no-ee.srdf.xacro
-- Up-to-date: /home/user/exchange/workspace/install/tiago_pro_moveit_config/share/tiago_pro_moveit_config/config/srdf/disable_collisions/tiago_pro_no-ee_no-ee.srdf.xacro
-- Up-to-date: /home/user/exchange/workspace/install/tiago_pro_moveit_config/share/tiago_pro_moveit_config/config/srdf/disable_collisions/tiago_pro_pal-pro-gripper_no-ee_ati.srdf.xacro
-- Up-to-date: /home/user/exchange/workspace/install/tiago_pro_moveit_config/share/tiago_pro_moveit_config/config/srdf/disable_collisions/tiago_pro_no-ee_ati_allegro-hand.srdf.xacro
-- Up-to-date: /home/user/exchange/workspace/install/tiago_pro_moveit_config/share/tiago_pro_moveit_config/config/srdf/disable_collisions/tiago_pro_allegro-hand_ati_no-ee.srdf.xacro
-- Up-to-date: /home/user/exchange/workspace/install/tiago_pro_moveit_config/share/tiago_pro_moveit_config/config/srdf/disable_collisions/tiago_pro_no-ee_allegro-hand_ati.srdf.xacro
-- Up-to-date: /home/user/exchange/workspace/install/tiago_pro_moveit_config/share/tiago_pro_moveit_config/config/srdf/disable_collisions/left_no-ee.srdf.xacro
-- Up-to-date: /home/user/exchange/workspace/install/tiago_pro_moveit_config/share/tiago_pro_moveit_config/config/srdf/disable_collisions/left_allegro-hand_rokubi.srdf.xacro
-- Up-to-date: /home/user/exchange/workspace/install/tiago_pro_moveit_config/share/tiago_pro_moveit_config/config/srdf/disable_collisions/tiago_pro_no-ee_rokubi_pal-pro-gripper.srdf.xacro
-- Up-to-date: /home/user/exchange/workspace/install/tiago_pro_moveit_config/share/tiago_pro_moveit_config/config/srdf/disable_collisions/tiago_pro_no-ee_pal-pro-gripper_rokubi.srdf.xacro
-- Up-to-date: /home/user/exchange/workspace/install/tiago_pro_moveit_config/share/tiago_pro_moveit_config/config/srdf/disable_collisions/tiago_pro_allegro-hand_rokubi_pal-pro-gripper_ati.srdf.xacro
-- Up-to-date: /home/user/exchange/workspace/install/tiago_pro_moveit_config/share/tiago_pro_moveit_config/config/srdf/disable_collisions/tiago_pro_no-ee_no-arm-right.srdf.xacro
-- Up-to-date: /home/user/exchange/workspace/install/tiago_pro_moveit_config/share/tiago_pro_moveit_config/config/srdf/disable_collisions/right_no-ee_ati.srdf.xacro
-- Up-to-date: /home/user/exchange/workspace/install/tiago_pro_moveit_config/share/tiago_pro_moveit_config/config/srdf/disable_collisions/tiago_pro_allegro-hand_ati_pal-pro-gripper_rokubi.srdf.xacro
-- Up-to-date: /home/user/exchange/workspace/install/tiago_pro_moveit_config/share/tiago_pro_moveit_config/config/srdf/disable_collisions/tiago_pro_allegro-hand_no-ee.srdf.xacro
-- Up-to-date: /home/user/exchange/workspace/install/tiago_pro_moveit_config/share/tiago_pro_moveit_config/config/srdf/disable_collisions/tiago_pro_no-arm-left.srdf.xacro
-- Up-to-date: /home/user/exchange/workspace/install/tiago_pro_moveit_config/share/tiago_pro_moveit_config/config/srdf/disable_collisions/tiago_pro_pal-pro-gripper_allegro-hand_ati.srdf.xacro
-- Up-to-date: /home/user/exchange/workspace/install/tiago_pro_moveit_config/share/tiago_pro_moveit_config/config/srdf/disable_collisions/tiago_pro_no-ee_no-ee_rokubi.srdf.xacro
-- Up-to-date: /home/user/exchange/workspace/install/tiago_pro_moveit_config/share/tiago_pro_moveit_config/config/srdf/disable_collisions/tiago_pro_pal-pro-gripper_ati_no-ee_rokubi.srdf.xacro
-- Up-to-date: /home/user/exchange/workspace/install/tiago_pro_moveit_config/share/tiago_pro_moveit_config/config/srdf/disable_collisions/tiago_pro_no-ee_allegro-hand_rokubi.srdf.xacro
-- Up-to-date: /home/user/exchange/workspace/install/tiago_pro_moveit_config/share/tiago_pro_moveit_config/config/srdf/disable_collisions/tiago_pro_no-arm-left_allegro-hand_rokubi.srdf.xacro
-- Up-to-date: /home/user/exchange/workspace/install/tiago_pro_moveit_config/share/tiago_pro_moveit_config/config/srdf/disable_collisions/tiago_pro_pal-pro-gripper_rokubi_allegro-hand_rokubi.srdf.xacro
-- Up-to-date: /home/user/exchange/workspace/install/tiago_pro_moveit_config/share/tiago_pro_moveit_config/config/srdf/disable_collisions/tiago_pro_allegro-hand_rokubi_no-ee_rokubi.srdf.xacro
-- Up-to-date: /home/user/exchange/workspace/install/tiago_pro_moveit_config/share/tiago_pro_moveit_config/config/srdf/disable_collisions/tiago_pro_pal-pro-gripper_rokubi_no-ee.srdf.xacro
-- Up-to-date: /home/user/exchange/workspace/install/tiago_pro_moveit_config/share/tiago_pro_moveit_config/config/srdf/disable_collisions/tiago_pro_no-arm-left_allegro-hand.srdf.xacro
-- Up-to-date: /home/user/exchange/workspace/install/tiago_pro_moveit_config/share/tiago_pro_moveit_config/config/srdf/disable_collisions/tiago_pro_no-ee_rokubi_allegro-hand_ati.srdf.xacro
-- Up-to-date: /home/user/exchange/workspace/install/tiago_pro_moveit_config/share/tiago_pro_moveit_config/config/srdf/disable_collisions/right_no-ee_rokubi.srdf.xacro
-- Up-to-date: /home/user/exchange/workspace/install/tiago_pro_moveit_config/share/tiago_pro_moveit_config/config/srdf/disable_collisions/tiago_pro_pal-pro-gripper_ati_pal-pro-gripper.srdf.xacro
-- Up-to-date: /home/user/exchange/workspace/install/tiago_pro_moveit_config/share/tiago_pro_moveit_config/config/srdf/disable_collisions/tiago_pro_allegro-hand_no-ee_ati.srdf.xacro
-- Up-to-date: /home/user/exchange/workspace/install/tiago_pro_moveit_config/share/tiago_pro_moveit_config/config/srdf/disable_collisions/tiago_pro_no-ee_rokubi_allegro-hand.srdf.xacro
-- Up-to-date: /home/user/exchange/workspace/install/tiago_pro_moveit_config/share/tiago_pro_moveit_config/config/srdf/disable_collisions/left_no-ee_ati.srdf.xacro
-- Up-to-date: /home/user/exchange/workspace/install/tiago_pro_moveit_config/share/tiago_pro_moveit_config/config/srdf/disable_collisions/tiago_pro_allegro-hand_ati_allegro-hand.srdf.xacro
-- Up-to-date: /home/user/exchange/workspace/install/tiago_pro_moveit_config/share/tiago_pro_moveit_config/config/srdf/disable_collisions/tiago_pro_pal-pro-gripper_no-ee_rokubi.srdf.xacro
-- Up-to-date: /home/user/exchange/workspace/install/tiago_pro_moveit_config/share/tiago_pro_moveit_config/config/srdf/disable_collisions/tiago_pro_no-ee_ati_no-ee_ati.srdf.xacro
-- Up-to-date: /home/user/exchange/workspace/install/tiago_pro_moveit_config/share/tiago_pro_moveit_config/config/srdf/disable_collisions/tiago_pro_pal-pro-gripper_allegro-hand_rokubi.srdf.xacro
-- Up-to-date: /home/user/exchange/workspace/install/tiago_pro_moveit_config/share/tiago_pro_moveit_config/config/srdf/disable_collisions/tiago_pro_allegro-hand_pal-pro-gripper_rokubi.srdf.xacro
-- Up-to-date: /home/user/exchange/workspace/install/tiago_pro_moveit_config/share/tiago_pro_moveit_config/config/srdf/disable_collisions/tiago_pro_no-ee_rokubi_no-ee_ati.srdf.xacro
-- Up-to-date: /home/user/exchange/workspace/install/tiago_pro_moveit_config/share/tiago_pro_moveit_config/config/srdf/disable_collisions/right_allegro-hand.srdf.xacro
-- Up-to-date: /home/user/exchange/workspace/install/tiago_pro_moveit_config/share/tiago_pro_moveit_config/config/srdf/disable_collisions/tiago_pro_pal-pro-gripper_allegro-hand.srdf.xacro
-- Up-to-date: /home/user/exchange/workspace/install/tiago_pro_moveit_config/share/tiago_pro_moveit_config/config/srdf/disable_collisions/tiago_pro_pal-pro-gripper_ati_allegro-hand_rokubi.srdf.xacro
-- Up-to-date: /home/user/exchange/workspace/install/tiago_pro_moveit_config/share/tiago_pro_moveit_config/config/srdf/disable_collisions/tiago_pro_pal-pro-gripper_pal-pro-gripper_rokubi.srdf.xacro
-- Up-to-date: /home/user/exchange/workspace/install/tiago_pro_moveit_config/share/tiago_pro_moveit_config/config/srdf/disable_collisions/tiago_pro_allegro-hand_rokubi_no-arm-right.srdf.xacro
-- Up-to-date: /home/user/exchange/workspace/install/tiago_pro_moveit_config/share/tiago_pro_moveit_config/config/srdf/disable_collisions/tiago_pro_no-arm-left_no-ee.srdf.xacro
-- Up-to-date: /home/user/exchange/workspace/install/tiago_pro_moveit_config/share/tiago_pro_moveit_config/config/srdf/disable_collisions/tiago_pro_pal-pro-gripper_ati_allegro-hand.srdf.xacro
-- Up-to-date: /home/user/exchange/workspace/install/tiago_pro_moveit_config/share/tiago_pro_moveit_config/config/srdf/disable_collisions/tiago_pro_allegro-hand_allegro-hand_rokubi.srdf.xacro
-- Up-to-date: /home/user/exchange/workspace/install/tiago_pro_moveit_config/share/tiago_pro_moveit_config/config/srdf/disable_collisions/tiago_pro_no-ee_allegro-hand.srdf.xacro
-- Up-to-date: /home/user/exchange/workspace/install/tiago_pro_moveit_config/share/tiago_pro_moveit_config/config/srdf/disable_collisions/right_short-wrist.srdf.xacro
-- Up-to-date: /home/user/exchange/workspace/install/tiago_pro_moveit_config/share/tiago_pro_moveit_config/config/srdf/disable_collisions/tiago_pro_pal-pro-gripper_no-arm-right.srdf.xacro
-- Up-to-date: /home/user/exchange/workspace/install/tiago_pro_moveit_config/share/tiago_pro_moveit_config/config/srdf/disable_collisions/tiago_pro_allegro-hand_rokubi_pal-pro-gripper_rokubi.srdf.xacro
-- Up-to-date: /home/user/exchange/workspace/install/tiago_pro_moveit_config/share/tiago_pro_moveit_config/config/srdf/disable_collisions/right_pal-pro-gripper_rokubi.srdf.xacro
-- Up-to-date: /home/user/exchange/workspace/install/tiago_pro_moveit_config/share/tiago_pro_moveit_config/config/srdf/disable_collisions/tiago_pro_allegro-hand_no-ee_rokubi.srdf.xacro
-- Up-to-date: /home/user/exchange/workspace/install/tiago_pro_moveit_config/share/tiago_pro_moveit_config/config/srdf/disable_collisions/tiago_pro_allegro-hand_rokubi_pal-pro-gripper.srdf.xacro
-- Up-to-date: /home/user/exchange/workspace/install/tiago_pro_moveit_config/share/tiago_pro_moveit_config/config/srdf/disable_collisions/tiago_pro_pal-pro-gripper_ati_pal-pro-gripper_rokubi.srdf.xacro
-- Up-to-date: /home/user/exchange/workspace/install/tiago_pro_moveit_config/share/tiago_pro_moveit_config/config/srdf/disable_collisions/tiago_pro_allegro-hand_no-arm-right.srdf.xacro
-- Up-to-date: /home/user/exchange/workspace/install/tiago_pro_moveit_config/share/tiago_pro_moveit_config/config/srdf/disable_collisions/tiago_pro_allegro-hand_ati_pal-pro-gripper_ati.srdf.xacro
-- Up-to-date: /home/user/exchange/workspace/install/tiago_pro_moveit_config/share/tiago_pro_moveit_config/config/srdf/disable_collisions/tiago_pro_no-ee_rokubi_no-arm-right.srdf.xacro
-- Up-to-date: /home/user/exchange/workspace/install/tiago_pro_moveit_config/share/tiago_pro_moveit_config/config/srdf/disable_collisions/tiago_pro_pal-pro-gripper_ati_no-ee_ati.srdf.xacro
-- Up-to-date: /home/user/exchange/workspace/install/tiago_pro_moveit_config/share/tiago_pro_moveit_config/config/srdf/disable_collisions/tiago_pro_pal-pro-gripper_ati_no-ee.srdf.xacro
-- Up-to-date: /home/user/exchange/workspace/install/tiago_pro_moveit_config/share/tiago_pro_moveit_config/config/srdf/disable_collisions/tiago_pro_allegro-hand_rokubi_allegro-hand.srdf.xacro
-- Up-to-date: /home/user/exchange/workspace/install/tiago_pro_moveit_config/share/tiago_pro_moveit_config/config/srdf/disable_collisions/tiago_pro_allegro-hand_allegro-hand.srdf.xacro
-- Up-to-date: /home/user/exchange/workspace/install/tiago_pro_moveit_config/share/tiago_pro_moveit_config/config/srdf/disable_collisions/tiago_pro_pal-pro-gripper_ati_pal-pro-gripper_ati.srdf.xacro
-- Up-to-date: /home/user/exchange/workspace/install/tiago_pro_moveit_config/share/tiago_pro_moveit_config/config/srdf/disable_collisions/tiago_pro_no-ee_rokubi_pal-pro-gripper_ati.srdf.xacro
-- Up-to-date: /home/user/exchange/workspace/install/tiago_pro_moveit_config/share/tiago_pro_moveit_config/config/srdf/disable_collisions/tiago_pro_no-ee_ati_pal-pro-gripper.srdf.xacro
-- Up-to-date: /home/user/exchange/workspace/install/tiago_pro_moveit_config/share/tiago_pro_moveit_config/config/srdf/disable_collisions/tiago_pro_allegro-hand_ati_allegro-hand_ati.srdf.xacro
-- Up-to-date: /home/user/exchange/workspace/install/tiago_pro_moveit_config/share/tiago_pro_moveit_config/config/srdf/disable_collisions/tiago_pro_allegro-hand_pal-pro-gripper.srdf.xacro
-- Up-to-date: /home/user/exchange/workspace/install/tiago_pro_moveit_config/share/tiago_pro_moveit_config/config/srdf/disable_collisions/tiago_pro_no-ee_no-ee_ati.srdf.xacro
-- Up-to-date: /home/user/exchange/workspace/install/tiago_pro_moveit_config/share/tiago_pro_moveit_config/config/srdf/disable_collisions/tiago_pro_no-ee_ati_no-arm-right.srdf.xacro
-- Up-to-date: /home/user/exchange/workspace/install/tiago_pro_moveit_config/share/tiago_pro_moveit_config/config/srdf/disable_collisions/right_allegro-hand_ati.srdf.xacro
-- Up-to-date: /home/user/exchange/workspace/install/tiago_pro_moveit_config/share/tiago_pro_moveit_config/config/srdf/disable_collisions/left_pal-pro-gripper_ati.srdf.xacro
-- Up-to-date: /home/user/exchange/workspace/install/tiago_pro_moveit_config/share/tiago_pro_moveit_config/config/srdf/disable_collisions/tiago_pro_no-ee_rokubi_pal-pro-gripper_rokubi.srdf.xacro
-- Up-to-date: /home/user/exchange/workspace/install/tiago_pro_moveit_config/share/tiago_pro_moveit_config/config/srdf/disable_collisions/tiago_pro_no-arm-left_no-arm-right.srdf.xacro
-- Up-to-date: /home/user/exchange/workspace/install/tiago_pro_moveit_config/share/tiago_pro_moveit_config/config/srdf/disable_collisions/tiago_pro_pal-pro-gripper_rokubi_allegro-hand_ati.srdf.xacro
-- Up-to-date: /home/user/exchange/workspace/install/tiago_pro_moveit_config/share/tiago_pro_moveit_config/config/srdf/disable_collisions/left_no-ee_rokubi.srdf.xacro
-- Up-to-date: /home/user/exchange/workspace/install/tiago_pro_moveit_config/share/tiago_pro_moveit_config/config/srdf/disable_collisions/left_allegro-hand_ati.srdf.xacro
-- Up-to-date: /home/user/exchange/workspace/install/tiago_pro_moveit_config/share/tiago_pro_moveit_config/config/srdf/disable_collisions/right_allegro-hand_rokubi.srdf.xacro
-- Up-to-date: /home/user/exchange/workspace/install/tiago_pro_moveit_config/share/tiago_pro_moveit_config/config/srdf/disable_collisions/tiago_pro_no-arm-right.srdf.xacro
-- Up-to-date: /home/user/exchange/workspace/install/tiago_pro_moveit_config/share/tiago_pro_moveit_config/config/srdf/disable_collisions/tiago_pro_pal-pro-gripper_rokubi_pal-pro-gripper_rokubi.srdf.xacro
-- Up-to-date: /home/user/exchange/workspace/install/tiago_pro_moveit_config/share/tiago_pro_moveit_config/config/srdf/disable_collisions/tiago_pro_allegro-hand_rokubi_no-ee.srdf.xacro
-- Up-to-date: /home/user/exchange/workspace/install/tiago_pro_moveit_config/share/tiago_pro_moveit_config/config/srdf/disable_collisions/tiago_pro_pal-pro-gripper_rokubi_pal-pro-gripper_ati.srdf.xacro
-- Up-to-date: /home/user/exchange/workspace/install/tiago_pro_moveit_config/share/tiago_pro_moveit_config/config/srdf/disable_collisions/tiago_pro_pal-pro-gripper_pal-pro-gripper.srdf.xacro
-- Up-to-date: /home/user/exchange/workspace/install/tiago_pro_moveit_config/share/tiago_pro_moveit_config/config/srdf/disable_collisions/left_allegro-hand.srdf.xacro
-- Up-to-date: /home/user/exchange/workspace/install/tiago_pro_moveit_config/share/tiago_pro_moveit_config/config/srdf/disable_collisions/tiago_pro_no-ee_pal-pro-gripper_ati.srdf.xacro
-- Up-to-date: /home/user/exchange/workspace/install/tiago_pro_moveit_config/share/tiago_pro_moveit_config/config/srdf/disable_collisions/tiago_pro_no-arm-left_allegro-hand_ati.srdf.xacro
-- Up-to-date: /home/user/exchange/workspace/install/tiago_pro_moveit_config/share/tiago_pro_moveit_config/config/srdf/disable_collisions/tiago_pro_pal-pro-gripper_rokubi_no-ee_rokubi.srdf.xacro
-- Up-to-date: /home/user/exchange/workspace/install/tiago_pro_moveit_config/share/tiago_pro_moveit_config/config/srdf/disable_collisions/tiago_pro_pal-pro-gripper_rokubi_no-ee_ati.srdf.xacro
-- Up-to-date: /home/user/exchange/workspace/install/tiago_pro_moveit_config/share/tiago_pro_moveit_config/config/srdf/disable_collisions/right_pal-pro-gripper_ati.srdf.xacro
-- Up-to-date: /home/user/exchange/workspace/install/tiago_pro_moveit_config/share/tiago_pro_moveit_config/config/srdf/disable_collisions/tiago_pro_no-arm-left_pal-pro-gripper.srdf.xacro
-- Up-to-date: /home/user/exchange/workspace/install/tiago_pro_moveit_config/share/tiago_pro_moveit_config/config/srdf/disable_collisions/tiago_pro_allegro-hand_ati_no-ee_rokubi.srdf.xacro
-- Up-to-date: /home/user/exchange/workspace/install/tiago_pro_moveit_config/share/tiago_pro_moveit_config/config/srdf/disable_collisions/tiago_pro_pal-pro-gripper_pal-pro-gripper_ati.srdf.xacro
-- Up-to-date: /home/user/exchange/workspace/install/tiago_pro_moveit_config/share/tiago_pro_moveit_config/config/srdf/disable_collisions/left_pal-pro-gripper.srdf.xacro
-- Up-to-date: /home/user/exchange/workspace/install/tiago_pro_moveit_config/share/tiago_pro_moveit_config/config/srdf/disable_collisions/tiago_pro_allegro-hand_rokubi_no-ee_ati.srdf.xacro
-- Up-to-date: /home/user/exchange/workspace/install/tiago_pro_moveit_config/share/tiago_pro_moveit_config/config/srdf/disable_collisions/right_pal-pro-gripper.srdf.xacro
-- Up-to-date: /home/user/exchange/workspace/install/tiago_pro_moveit_config/share/tiago_pro_moveit_config/config/srdf/disable_collisions/tiago_pro_no-ee_ati_pal-pro-gripper_rokubi.srdf.xacro
-- Up-to-date: /home/user/exchange/workspace/install/tiago_pro_moveit_config/share/tiago_pro_moveit_config/config/srdf/disable_collisions/tiago_pro_allegro-hand_ati_allegro-hand_rokubi.srdf.xacro
-- Up-to-date: /home/user/exchange/workspace/install/tiago_pro_moveit_config/share/tiago_pro_moveit_config/config/srdf/disable_collisions/tiago_pro_pal-pro-gripper_no-ee.srdf.xacro
-- Up-to-date: /home/user/exchange/workspace/install/tiago_pro_moveit_config/share/tiago_pro_moveit_config/config/srdf/disable_collisions/tiago_pro_allegro-hand_ati_pal-pro-gripper.srdf.xacro
-- Up-to-date: /home/user/exchange/workspace/install/tiago_pro_moveit_config/share/tiago_pro_moveit_config/config/srdf/disable_collisions/tiago_pro_no-ee_pal-pro-gripper.srdf.xacro
-- Up-to-date: /home/user/exchange/workspace/install/tiago_pro_moveit_config/share/tiago_pro_moveit_config/config/rviz
-- Up-to-date: /home/user/exchange/workspace/install/tiago_pro_moveit_config/share/tiago_pro_moveit_config/config/rviz/moveit.rviz
-- Up-to-date: /home/user/exchange/workspace/install/tiago_pro_moveit_config/share/tiago_pro_moveit_config/config/joint_limits.yaml
-- Up-to-date: /home/user/exchange/workspace/install/tiago_pro_moveit_config/share/tiago_pro_moveit_config/config/chomp_planning.yaml
-- Up-to-date: /home/user/exchange/workspace/install/tiago_pro_moveit_config/share/tiago_pro_moveit_config/config/stomp_planning.yaml
-- Up-to-date: /home/user/exchange/workspace/install/tiago_pro_moveit_config/share/tiago_pro_moveit_config/config/controllers
-- Up-to-date: /home/user/exchange/workspace/install/tiago_pro_moveit_config/share/tiago_pro_moveit_config/config/controllers/controllers_no-ee_allegro-hand.yaml
-- Up-to-date: /home/user/exchange/workspace/install/tiago_pro_moveit_config/share/tiago_pro_moveit_config/config/controllers/controllers_pal-pro-gripper_custom.yaml
-- Up-to-date: /home/user/exchange/workspace/install/tiago_pro_moveit_config/share/tiago_pro_moveit_config/config/controllers/controllers_custom_custom.yaml
-- Up-to-date: /home/user/exchange/workspace/install/tiago_pro_moveit_config/share/tiago_pro_moveit_config/config/controllers/controllers_allegro-hand_no-arm.yaml
-- Up-to-date: /home/user/exchange/workspace/install/tiago_pro_moveit_config/share/tiago_pro_moveit_config/config/controllers/controllers_no-ee_no-ee.yaml
-- Up-to-date: /home/user/exchange/workspace/install/tiago_pro_moveit_config/share/tiago_pro_moveit_config/config/controllers/controllers_no-arm_custom.yaml
-- Up-to-date: /home/user/exchange/workspace/install/tiago_pro_moveit_config/share/tiago_pro_moveit_config/config/controllers/controllers.yaml.em
-- Up-to-date: /home/user/exchange/workspace/install/tiago_pro_moveit_config/share/tiago_pro_moveit_config/config/controllers/controllers_allegro-hand_pal-pro-gripper.yaml
-- Up-to-date: /home/user/exchange/workspace/install/tiago_pro_moveit_config/share/tiago_pro_moveit_config/config/controllers/controllers_pal-pro-gripper_allegro-hand.yaml
-- Up-to-date: /home/user/exchange/workspace/install/tiago_pro_moveit_config/share/tiago_pro_moveit_config/config/controllers/controllers_no-arm_no-arm.yaml
-- Up-to-date: /home/user/exchange/workspace/install/tiago_pro_moveit_config/share/tiago_pro_moveit_config/config/controllers/controllers_no-ee_custom.yaml
-- Up-to-date: /home/user/exchange/workspace/install/tiago_pro_moveit_config/share/tiago_pro_moveit_config/config/controllers/controllers_custom_no-ee.yaml
-- Up-to-date: /home/user/exchange/workspace/install/tiago_pro_moveit_config/share/tiago_pro_moveit_config/config/controllers/controllers_pal-pro-gripper_no-ee.yaml
-- Up-to-date: /home/user/exchange/workspace/install/tiago_pro_moveit_config/share/tiago_pro_moveit_config/config/controllers/controllers_no-arm_pal-pro-gripper.yaml
-- Up-to-date: /home/user/exchange/workspace/install/tiago_pro_moveit_config/share/tiago_pro_moveit_config/config/controllers/controllers_allegro-hand_no-ee.yaml
-- Up-to-date: /home/user/exchange/workspace/install/tiago_pro_moveit_config/share/tiago_pro_moveit_config/config/controllers/controllers_custom_pal-pro-gripper.yaml
-- Up-to-date: /home/user/exchange/workspace/install/tiago_pro_moveit_config/share/tiago_pro_moveit_config/config/controllers/controllers_no-ee_no-arm.yaml
-- Up-to-date: /home/user/exchange/workspace/install/tiago_pro_moveit_config/share/tiago_pro_moveit_config/config/controllers/controllers_allegro-hand_allegro-hand.yaml
-- Up-to-date: /home/user/exchange/workspace/install/tiago_pro_moveit_config/share/tiago_pro_moveit_config/config/controllers/controllers_no-arm_allegro-hand.yaml
-- Up-to-date: /home/user/exchange/workspace/install/tiago_pro_moveit_config/share/tiago_pro_moveit_config/config/controllers/controllers_no-ee_pal-pro-gripper.yaml
-- Up-to-date: /home/user/exchange/workspace/install/tiago_pro_moveit_config/share/tiago_pro_moveit_config/config/controllers/controllers_custom_allegro-hand.yaml
-- Up-to-date: /home/user/exchange/workspace/install/tiago_pro_moveit_config/share/tiago_pro_moveit_config/config/controllers/controllers_custom_no-arm.yaml
-- Up-to-date: /home/user/exchange/workspace/install/tiago_pro_moveit_config/share/tiago_pro_moveit_config/config/controllers/controllers_no-arm_no-ee.yaml
-- Up-to-date: /home/user/exchange/workspace/install/tiago_pro_moveit_config/share/tiago_pro_moveit_config/config/controllers/controllers_allegro-hand_custom.yaml
-- Up-to-date: /home/user/exchange/workspace/install/tiago_pro_moveit_config/share/tiago_pro_moveit_config/config/controllers/controllers_pal-pro-gripper_no-arm.yaml
-- Up-to-date: /home/user/exchange/workspace/install/tiago_pro_moveit_config/share/tiago_pro_moveit_config/config/controllers/controllers_pal-pro-gripper_pal-pro-gripper.yaml
-- Up-to-date: /home/user/exchange/workspace/install/tiago_pro_moveit_config/share/tiago_pro_moveit_config/config/sensors_3d.yaml
-- Up-to-date: /home/user/exchange/workspace/install/tiago_pro_moveit_config/share/tiago_pro_moveit_config/config/ompl_planning.yaml
-- Up-to-date: /home/user/exchange/workspace/install/tiago_pro_moveit_config/share/ament_index/resource_index/package_run_dependencies/tiago_pro_moveit_config
-- Up-to-date: /home/user/exchange/workspace/install/tiago_pro_moveit_config/share/ament_index/resource_index/parent_prefix_path/tiago_pro_moveit_config
-- Up-to-date: /home/user/exchange/workspace/install/tiago_pro_moveit_config/share/tiago_pro_moveit_config/environment/ament_prefix_path.sh
-- Up-to-date: /home/user/exchange/workspace/install/tiago_pro_moveit_config/share/tiago_pro_moveit_config/environment/ament_prefix_path.dsv
-- Up-to-date: /home/user/exchange/workspace/install/tiago_pro_moveit_config/share/tiago_pro_moveit_config/environment/path.sh
-- Up-to-date: /home/user/exchange/workspace/install/tiago_pro_moveit_config/share/tiago_pro_moveit_config/environment/path.dsv
-- Up-to-date: /home/user/exchange/workspace/install/tiago_pro_moveit_config/share/tiago_pro_moveit_config/local_setup.bash
-- Up-to-date: /home/user/exchange/workspace/install/tiago_pro_moveit_config/share/tiago_pro_moveit_config/local_setup.sh
-- Up-to-date: /home/user/exchange/workspace/install/tiago_pro_moveit_config/share/tiago_pro_moveit_config/local_setup.zsh
-- Up-to-date: /home/user/exchange/workspace/install/tiago_pro_moveit_config/share/tiago_pro_moveit_config/local_setup.dsv
-- Installing: /home/user/exchange/workspace/install/tiago_pro_moveit_config/share/tiago_pro_moveit_config/package.dsv
-- Up-to-date: /home/user/exchange/workspace/install/tiago_pro_moveit_config/share/ament_index/resource_index/packages/tiago_pro_moveit_config
-- Up-to-date: /home/user/exchange/workspace/install/tiago_pro_moveit_config/share/tiago_pro_moveit_config/cmake/tiago_pro_moveit_configConfig.cmake
-- Up-to-date: /home/user/exchange/workspace/install/tiago_pro_moveit_config/share/tiago_pro_moveit_config/cmake/tiago_pro_moveit_configConfig-version.cmake
-- Up-to-date: /home/user/exchange/workspace/install/tiago_pro_moveit_config/share/tiago_pro_moveit_config/package.xml
