Built target ament_cmake_python_copy_pal_pro_gripper_description
running egg_info
writing pal_pro_gripper_description.egg-info/PKG-INFO
writing dependency_links to pal_pro_gripper_description.egg-info/dependency_links.txt
writing top-level names to pal_pro_gripper_description.egg-info/top_level.txt
reading manifest file 'pal_pro_gripper_description.egg-info/SOURCES.txt'
writing manifest file 'pal_pro_gripper_description.egg-info/SOURCES.txt'
Built target ament_cmake_python_build_pal_pro_gripper_description_egg
-- Install configuration: ""
-- Up-to-date: /home/user/exchange/workspace/install/pal_pro_gripper_description/share/pal_pro_gripper_description/environment/pythonpath.sh
-- Up-to-date: /home/user/exchange/workspace/install/pal_pro_gripper_description/share/pal_pro_gripper_description/environment/pythonpath.dsv
-- Up-to-date: /home/user/exchange/workspace/install/pal_pro_gripper_description/local/lib/python3.10/dist-packages/pal_pro_gripper_description-1.12.5-py3.10.egg-info
-- Installing: /home/user/exchange/workspace/install/pal_pro_gripper_description/local/lib/python3.10/dist-packages/pal_pro_gripper_description-1.12.5-py3.10.egg-info/SOURCES.txt
-- Installing: /home/user/exchange/workspace/install/pal_pro_gripper_description/local/lib/python3.10/dist-packages/pal_pro_gripper_description-1.12.5-py3.10.egg-info/dependency_links.txt
-- Installing: /home/user/exchange/workspace/install/pal_pro_gripper_description/local/lib/python3.10/dist-packages/pal_pro_gripper_description-1.12.5-py3.10.egg-info/top_level.txt
-- Installing: /home/user/exchange/workspace/install/pal_pro_gripper_description/local/lib/python3.10/dist-packages/pal_pro_gripper_description-1.12.5-py3.10.egg-info/PKG-INFO
-- Up-to-date: /home/user/exchange/workspace/install/pal_pro_gripper_description/local/lib/python3.10/dist-packages/pal_pro_gripper_description
-- Up-to-date: /home/user/exchange/workspace/install/pal_pro_gripper_description/local/lib/python3.10/dist-packages/pal_pro_gripper_description/launch_arguments.py
-- Up-to-date: /home/user/exchange/workspace/install/pal_pro_gripper_description/local/lib/python3.10/dist-packages/pal_pro_gripper_description/__init__.py
Listing '/home/user/exchange/workspace/install/pal_pro_gripper_description/local/lib/python3.10/dist-packages/pal_pro_gripper_description'...
-- Up-to-date: /home/user/exchange/workspace/install/pal_pro_gripper_description/share/pal_pro_gripper_description/config
-- Up-to-date: /home/user/exchange/workspace/install/pal_pro_gripper_description/share/pal_pro_gripper_description/config/pal_pro_gripper_configuration.yaml
-- Up-to-date: /home/user/exchange/workspace/install/pal_pro_gripper_description/share/pal_pro_gripper_description/config/show.rviz
-- Up-to-date: /home/user/exchange/workspace/install/pal_pro_gripper_description/share/pal_pro_gripper_description/robots
-- Up-to-date: /home/user/exchange/workspace/install/pal_pro_gripper_description/share/pal_pro_gripper_description/robots/pal_pro_gripper.urdf.xacro
-- Up-to-date: /home/user/exchange/workspace/install/pal_pro_gripper_description/share/pal_pro_gripper_description/launch
-- Up-to-date: /home/user/exchange/workspace/install/pal_pro_gripper_description/share/pal_pro_gripper_description/launch/robot_state_publisher.launch.py
-- Up-to-date: /home/user/exchange/workspace/install/pal_pro_gripper_description/share/pal_pro_gripper_description/launch/show.launch.py
-- Up-to-date: /home/user/exchange/workspace/install/pal_pro_gripper_description/share/pal_pro_gripper_description/mujoco
-- Up-to-date: /home/user/exchange/workspace/install/pal_pro_gripper_description/share/pal_pro_gripper_description/mujoco/mj_tags.xacro
-- Up-to-date: /home/user/exchange/workspace/install/pal_pro_gripper_description/share/pal_pro_gripper_description/meshes
-- Up-to-date: /home/user/exchange/workspace/install/pal_pro_gripper_description/share/pal_pro_gripper_description/meshes/fingertip.stl
-- Up-to-date: /home/user/exchange/workspace/install/pal_pro_gripper_description/share/pal_pro_gripper_description/meshes/base_link_tc.stl
-- Up-to-date: /home/user/exchange/workspace/install/pal_pro_gripper_description/share/pal_pro_gripper_description/meshes/screw.stl
-- Up-to-date: /home/user/exchange/workspace/install/pal_pro_gripper_description/share/pal_pro_gripper_description/meshes/inner_finger.stl
-- Up-to-date: /home/user/exchange/workspace/install/pal_pro_gripper_description/share/pal_pro_gripper_description/meshes/base_link_ntc.stl
-- Up-to-date: /home/user/exchange/workspace/install/pal_pro_gripper_description/share/pal_pro_gripper_description/meshes/outer_finger.stl
-- Up-to-date: /home/user/exchange/workspace/install/pal_pro_gripper_description/share/pal_pro_gripper_description/urdf
-- Up-to-date: /home/user/exchange/workspace/install/pal_pro_gripper_description/share/pal_pro_gripper_description/urdf/gripper.urdf.xacro
-- Up-to-date: /home/user/exchange/workspace/install/pal_pro_gripper_description/share/pal_pro_gripper_description/urdf/gripper.properties.xacro
-- Up-to-date: /home/user/exchange/workspace/install/pal_pro_gripper_description/share/pal_pro_gripper_description/urdf/gripper.ros2_control.xacro
-- Up-to-date: /home/user/exchange/workspace/install/pal_pro_gripper_description/share/pal_pro_gripper_description/urdf/gripper.transmission.xacro
-- Up-to-date: /home/user/exchange/workspace/install/pal_pro_gripper_description/share/pal_pro_gripper_description/ros2_control
-- Up-to-date: /home/user/exchange/workspace/install/pal_pro_gripper_description/share/pal_pro_gripper_description/ros2_control/ros2_control.urdf.xacro
-- Up-to-date: /home/user/exchange/workspace/install/pal_pro_gripper_description/share/pal_pro_gripper_description/ros2_control/gazebo_controller_manager_cfg.yaml
-- Up-to-date: /home/user/exchange/workspace/install/pal_pro_gripper_description/share/ament_index/resource_index/package_run_dependencies/pal_pro_gripper_description
-- Up-to-date: /home/user/exchange/workspace/install/pal_pro_gripper_description/share/ament_index/resource_index/parent_prefix_path/pal_pro_gripper_description
-- Up-to-date: /home/user/exchange/workspace/install/pal_pro_gripper_description/share/pal_pro_gripper_description/environment/ament_prefix_path.sh
-- Up-to-date: /home/user/exchange/workspace/install/pal_pro_gripper_description/share/pal_pro_gripper_description/environment/ament_prefix_path.dsv
-- Up-to-date: /home/user/exchange/workspace/install/pal_pro_gripper_description/share/pal_pro_gripper_description/environment/path.sh
-- Up-to-date: /home/user/exchange/workspace/install/pal_pro_gripper_description/share/pal_pro_gripper_description/environment/path.dsv
-- Up-to-date: /home/user/exchange/workspace/install/pal_pro_gripper_description/share/pal_pro_gripper_description/local_setup.bash
-- Up-to-date: /home/user/exchange/workspace/install/pal_pro_gripper_description/share/pal_pro_gripper_description/local_setup.sh
-- Up-to-date: /home/user/exchange/workspace/install/pal_pro_gripper_description/share/pal_pro_gripper_description/local_setup.zsh
-- Up-to-date: /home/user/exchange/workspace/install/pal_pro_gripper_description/share/pal_pro_gripper_description/local_setup.dsv
-- Up-to-date: /home/user/exchange/workspace/install/pal_pro_gripper_description/share/pal_pro_gripper_description/package.dsv
-- Up-to-date: /home/user/exchange/workspace/install/pal_pro_gripper_description/share/ament_index/resource_index/packages/pal_pro_gripper_description
-- Up-to-date: /home/user/exchange/workspace/install/pal_pro_gripper_description/share/pal_pro_gripper_description/cmake/ament_cmake_export_dependencies-extras.cmake
-- Up-to-date: /home/user/exchange/workspace/install/pal_pro_gripper_description/share/pal_pro_gripper_description/cmake/pal_pro_gripper_descriptionConfig.cmake
-- Up-to-date: /home/user/exchange/workspace/install/pal_pro_gripper_description/share/pal_pro_gripper_description/cmake/pal_pro_gripper_descriptionConfig-version.cmake
-- Up-to-date: /home/user/exchange/workspace/install/pal_pro_gripper_description/share/pal_pro_gripper_description/package.xml
