-- Install configuration: ""
-- Up-to-date: /home/user/exchange/workspace/install/tiago_pro_controller_configuration/share/tiago_pro_controller_configuration/launch
-- Up-to-date: /home/user/exchange/workspace/install/tiago_pro_controller_configuration/share/tiago_pro_controller_configuration/launch/default_controllers.launch.py
-- Up-to-date: /home/user/exchange/workspace/install/tiago_pro_controller_configuration/share/tiago_pro_controller_configuration/launch/impedance_controller.launch.py
-- Up-to-date: /home/user/exchange/workspace/install/tiago_pro_controller_configuration/share/tiago_pro_controller_configuration/launch/tsid_default_controllers.launch.py
-- Up-to-date: /home/user/exchange/workspace/install/tiago_pro_controller_configuration/share/tiago_pro_controller_configuration/launch/velocity_controllers.launch.py
-- Up-to-date: /home/user/exchange/workspace/install/tiago_pro_controller_configuration/share/tiago_pro_controller_configuration/config
-- Up-to-date: /home/user/exchange/workspace/install/tiago_pro_controller_configuration/share/tiago_pro_controller_configuration/config/current_limit_controllers.yaml
-- Up-to-date: /home/user/exchange/workspace/install/tiago_pro_controller_configuration/share/tiago_pro_controller_configuration/config/impedance_controller_arm_jtc.yaml
-- Up-to-date: /home/user/exchange/workspace/install/tiago_pro_controller_configuration/share/tiago_pro_controller_configuration/config/joint_state_broadcaster.yaml
-- Up-to-date: /home/user/exchange/workspace/install/tiago_pro_controller_configuration/share/tiago_pro_controller_configuration/config/local_joint_control
-- Up-to-date: /home/user/exchange/workspace/install/tiago_pro_controller_configuration/share/tiago_pro_controller_configuration/config/local_joint_control/no_control
-- Up-to-date: /home/user/exchange/workspace/install/tiago_pro_controller_configuration/share/tiago_pro_controller_configuration/config/local_joint_control/no_control/arm_left_4_joint_params.yaml
-- Up-to-date: /home/user/exchange/workspace/install/tiago_pro_controller_configuration/share/tiago_pro_controller_configuration/config/local_joint_control/no_control/arm_right_6_joint_params.yaml
-- Up-to-date: /home/user/exchange/workspace/install/tiago_pro_controller_configuration/share/tiago_pro_controller_configuration/config/local_joint_control/no_control/arm_left_6_joint_params.yaml
-- Up-to-date: /home/user/exchange/workspace/install/tiago_pro_controller_configuration/share/tiago_pro_controller_configuration/config/local_joint_control/no_control/arm_left_3_joint_params.yaml
-- Up-to-date: /home/user/exchange/workspace/install/tiago_pro_controller_configuration/share/tiago_pro_controller_configuration/config/local_joint_control/no_control/linear_actuator_right_joint_params.yaml
-- Up-to-date: /home/user/exchange/workspace/install/tiago_pro_controller_configuration/share/tiago_pro_controller_configuration/config/local_joint_control/no_control/torso_lift_joint_params.yaml
-- Up-to-date: /home/user/exchange/workspace/install/tiago_pro_controller_configuration/share/tiago_pro_controller_configuration/config/local_joint_control/no_control/arm_right_7_joint_params.yaml
-- Up-to-date: /home/user/exchange/workspace/install/tiago_pro_controller_configuration/share/tiago_pro_controller_configuration/config/local_joint_control/no_control/arm_left_7_joint_params.yaml
-- Up-to-date: /home/user/exchange/workspace/install/tiago_pro_controller_configuration/share/tiago_pro_controller_configuration/config/local_joint_control/no_control/arm_left_5_joint_params.yaml
-- Up-to-date: /home/user/exchange/workspace/install/tiago_pro_controller_configuration/share/tiago_pro_controller_configuration/config/local_joint_control/no_control/arm_left_2_joint_params.yaml
-- Up-to-date: /home/user/exchange/workspace/install/tiago_pro_controller_configuration/share/tiago_pro_controller_configuration/config/local_joint_control/no_control/arm_right_2_joint_params.yaml
-- Up-to-date: /home/user/exchange/workspace/install/tiago_pro_controller_configuration/share/tiago_pro_controller_configuration/config/local_joint_control/no_control/inner_finger_1_left_joint_params.yaml
-- Up-to-date: /home/user/exchange/workspace/install/tiago_pro_controller_configuration/share/tiago_pro_controller_configuration/config/local_joint_control/no_control/inner_finger_1_right_joint_params.yaml
-- Up-to-date: /home/user/exchange/workspace/install/tiago_pro_controller_configuration/share/tiago_pro_controller_configuration/config/local_joint_control/no_control/arm_right_3_joint_params.yaml
-- Up-to-date: /home/user/exchange/workspace/install/tiago_pro_controller_configuration/share/tiago_pro_controller_configuration/config/local_joint_control/no_control/torso_yaw_joint_params.yaml
-- Up-to-date: /home/user/exchange/workspace/install/tiago_pro_controller_configuration/share/tiago_pro_controller_configuration/config/local_joint_control/no_control/gripper_right_joint_params.yaml
-- Up-to-date: /home/user/exchange/workspace/install/tiago_pro_controller_configuration/share/tiago_pro_controller_configuration/config/local_joint_control/no_control/arm_right_4_joint_params.yaml
-- Up-to-date: /home/user/exchange/workspace/install/tiago_pro_controller_configuration/share/tiago_pro_controller_configuration/config/local_joint_control/no_control/arm_right_1_joint_params.yaml
-- Up-to-date: /home/user/exchange/workspace/install/tiago_pro_controller_configuration/share/tiago_pro_controller_configuration/config/local_joint_control/no_control/linear_actuator_left_joint_params.yaml
-- Up-to-date: /home/user/exchange/workspace/install/tiago_pro_controller_configuration/share/tiago_pro_controller_configuration/config/local_joint_control/no_control/arm_right_5_joint_params.yaml
-- Up-to-date: /home/user/exchange/workspace/install/tiago_pro_controller_configuration/share/tiago_pro_controller_configuration/config/local_joint_control/no_control/gripper_left_joint_params.yaml
-- Up-to-date: /home/user/exchange/workspace/install/tiago_pro_controller_configuration/share/tiago_pro_controller_configuration/config/local_joint_control/no_control/arm_left_1_joint_params.yaml
-- Up-to-date: /home/user/exchange/workspace/install/tiago_pro_controller_configuration/share/tiago_pro_controller_configuration/config/local_joint_control/actuator_parameters
-- Up-to-date: /home/user/exchange/workspace/install/tiago_pro_controller_configuration/share/tiago_pro_controller_configuration/config/local_joint_control/actuator_parameters/arm_right_1_joint_safety.yaml
-- Up-to-date: /home/user/exchange/workspace/install/tiago_pro_controller_configuration/share/tiago_pro_controller_configuration/config/local_joint_control/actuator_parameters/arm_right_3_joint.yaml
-- Up-to-date: /home/user/exchange/workspace/install/tiago_pro_controller_configuration/share/tiago_pro_controller_configuration/config/local_joint_control/actuator_parameters/arm_right_6_joint_safety.yaml
-- Up-to-date: /home/user/exchange/workspace/install/tiago_pro_controller_configuration/share/tiago_pro_controller_configuration/config/local_joint_control/actuator_parameters/arm_right_2_joint_safety.yaml
-- Up-to-date: /home/user/exchange/workspace/install/tiago_pro_controller_configuration/share/tiago_pro_controller_configuration/config/local_joint_control/actuator_parameters/arm_right_4_joint_safety.yaml
-- Up-to-date: /home/user/exchange/workspace/install/tiago_pro_controller_configuration/share/tiago_pro_controller_configuration/config/local_joint_control/actuator_parameters/arm_right_3_joint_safety.yaml
-- Up-to-date: /home/user/exchange/workspace/install/tiago_pro_controller_configuration/share/tiago_pro_controller_configuration/config/local_joint_control/actuator_parameters/arm_left_7_joint_safety.yaml
-- Up-to-date: /home/user/exchange/workspace/install/tiago_pro_controller_configuration/share/tiago_pro_controller_configuration/config/local_joint_control/actuator_parameters/arm_right_4_joint.yaml
-- Up-to-date: /home/user/exchange/workspace/install/tiago_pro_controller_configuration/share/tiago_pro_controller_configuration/config/local_joint_control/actuator_parameters/arm_left_1_joint_safety.yaml
-- Up-to-date: /home/user/exchange/workspace/install/tiago_pro_controller_configuration/share/tiago_pro_controller_configuration/config/local_joint_control/actuator_parameters/arm_left_6_joint_safety.yaml
-- Up-to-date: /home/user/exchange/workspace/install/tiago_pro_controller_configuration/share/tiago_pro_controller_configuration/config/local_joint_control/actuator_parameters/arm_left_4_joint.yaml
-- Up-to-date: /home/user/exchange/workspace/install/tiago_pro_controller_configuration/share/tiago_pro_controller_configuration/config/local_joint_control/actuator_parameters/arm_right_6_joint.yaml
-- Up-to-date: /home/user/exchange/workspace/install/tiago_pro_controller_configuration/share/tiago_pro_controller_configuration/config/local_joint_control/actuator_parameters/arm_left_2_joint.yaml
-- Up-to-date: /home/user/exchange/workspace/install/tiago_pro_controller_configuration/share/tiago_pro_controller_configuration/config/local_joint_control/actuator_parameters/arm_left_3_joint.yaml
-- Up-to-date: /home/user/exchange/workspace/install/tiago_pro_controller_configuration/share/tiago_pro_controller_configuration/config/local_joint_control/actuator_parameters/arm_left_4_joint_safety.yaml
-- Up-to-date: /home/user/exchange/workspace/install/tiago_pro_controller_configuration/share/tiago_pro_controller_configuration/config/local_joint_control/actuator_parameters/arm_left_7_joint.yaml
-- Up-to-date: /home/user/exchange/workspace/install/tiago_pro_controller_configuration/share/tiago_pro_controller_configuration/config/local_joint_control/actuator_parameters/gripper_right_joint.yaml
-- Up-to-date: /home/user/exchange/workspace/install/tiago_pro_controller_configuration/share/tiago_pro_controller_configuration/config/local_joint_control/actuator_parameters/gripper_left_joint.yaml
-- Up-to-date: /home/user/exchange/workspace/install/tiago_pro_controller_configuration/share/tiago_pro_controller_configuration/config/local_joint_control/actuator_parameters/arm_left_5_joint_safety.yaml
-- Up-to-date: /home/user/exchange/workspace/install/tiago_pro_controller_configuration/share/tiago_pro_controller_configuration/config/local_joint_control/actuator_parameters/torso_lift_joint.yaml
-- Up-to-date: /home/user/exchange/workspace/install/tiago_pro_controller_configuration/share/tiago_pro_controller_configuration/config/local_joint_control/actuator_parameters/inner_finger_1_left_joint.yaml
-- Up-to-date: /home/user/exchange/workspace/install/tiago_pro_controller_configuration/share/tiago_pro_controller_configuration/config/local_joint_control/actuator_parameters/arm_left_5_joint.yaml
-- Up-to-date: /home/user/exchange/workspace/install/tiago_pro_controller_configuration/share/tiago_pro_controller_configuration/config/local_joint_control/actuator_parameters/arm_left_1_joint.yaml
-- Up-to-date: /home/user/exchange/workspace/install/tiago_pro_controller_configuration/share/tiago_pro_controller_configuration/config/local_joint_control/actuator_parameters/inner_finger_1_right_joint.yaml
-- Up-to-date: /home/user/exchange/workspace/install/tiago_pro_controller_configuration/share/tiago_pro_controller_configuration/config/local_joint_control/actuator_parameters/arm_right_5_joint_safety.yaml
-- Up-to-date: /home/user/exchange/workspace/install/tiago_pro_controller_configuration/share/tiago_pro_controller_configuration/config/local_joint_control/actuator_parameters/arm_left_2_joint_safety.yaml
-- Up-to-date: /home/user/exchange/workspace/install/tiago_pro_controller_configuration/share/tiago_pro_controller_configuration/config/local_joint_control/actuator_parameters/arm_right_7_joint_safety.yaml
-- Up-to-date: /home/user/exchange/workspace/install/tiago_pro_controller_configuration/share/tiago_pro_controller_configuration/config/local_joint_control/actuator_parameters/arm_left_6_joint.yaml
-- Up-to-date: /home/user/exchange/workspace/install/tiago_pro_controller_configuration/share/tiago_pro_controller_configuration/config/local_joint_control/actuator_parameters/arm_left_3_joint_safety.yaml
-- Up-to-date: /home/user/exchange/workspace/install/tiago_pro_controller_configuration/share/tiago_pro_controller_configuration/config/local_joint_control/actuator_parameters/arm_right_7_joint.yaml
-- Up-to-date: /home/user/exchange/workspace/install/tiago_pro_controller_configuration/share/tiago_pro_controller_configuration/config/local_joint_control/actuator_parameters/actuator_safety_specific_params.yaml
-- Up-to-date: /home/user/exchange/workspace/install/tiago_pro_controller_configuration/share/tiago_pro_controller_configuration/config/local_joint_control/actuator_parameters/arm_right_1_joint.yaml
-- Up-to-date: /home/user/exchange/workspace/install/tiago_pro_controller_configuration/share/tiago_pro_controller_configuration/config/local_joint_control/actuator_parameters/arm_right_2_joint.yaml
-- Up-to-date: /home/user/exchange/workspace/install/tiago_pro_controller_configuration/share/tiago_pro_controller_configuration/config/local_joint_control/actuator_parameters/arm_right_5_joint.yaml
-- Up-to-date: /home/user/exchange/workspace/install/tiago_pro_controller_configuration/share/tiago_pro_controller_configuration/config/local_joint_control/direct_position_control
-- Up-to-date: /home/user/exchange/workspace/install/tiago_pro_controller_configuration/share/tiago_pro_controller_configuration/config/local_joint_control/direct_position_control/arm_left_4_joint_params.yaml
-- Up-to-date: /home/user/exchange/workspace/install/tiago_pro_controller_configuration/share/tiago_pro_controller_configuration/config/local_joint_control/direct_position_control/arm_right_6_joint_params.yaml
-- Up-to-date: /home/user/exchange/workspace/install/tiago_pro_controller_configuration/share/tiago_pro_controller_configuration/config/local_joint_control/direct_position_control/arm_left_6_joint_params.yaml
-- Up-to-date: /home/user/exchange/workspace/install/tiago_pro_controller_configuration/share/tiago_pro_controller_configuration/config/local_joint_control/direct_position_control/arm_left_3_joint_params.yaml
-- Up-to-date: /home/user/exchange/workspace/install/tiago_pro_controller_configuration/share/tiago_pro_controller_configuration/config/local_joint_control/direct_position_control/torso_lift_joint_params.yaml
-- Up-to-date: /home/user/exchange/workspace/install/tiago_pro_controller_configuration/share/tiago_pro_controller_configuration/config/local_joint_control/direct_position_control/arm_right_7_joint_params.yaml
-- Up-to-date: /home/user/exchange/workspace/install/tiago_pro_controller_configuration/share/tiago_pro_controller_configuration/config/local_joint_control/direct_position_control/arm_left_7_joint_params.yaml
-- Up-to-date: /home/user/exchange/workspace/install/tiago_pro_controller_configuration/share/tiago_pro_controller_configuration/config/local_joint_control/direct_position_control/arm_left_5_joint_params.yaml
-- Up-to-date: /home/user/exchange/workspace/install/tiago_pro_controller_configuration/share/tiago_pro_controller_configuration/config/local_joint_control/direct_position_control/arm_left_2_joint_params.yaml
-- Up-to-date: /home/user/exchange/workspace/install/tiago_pro_controller_configuration/share/tiago_pro_controller_configuration/config/local_joint_control/direct_position_control/arm_right_2_joint_params.yaml
-- Up-to-date: /home/user/exchange/workspace/install/tiago_pro_controller_configuration/share/tiago_pro_controller_configuration/config/local_joint_control/direct_position_control/arm_right_3_joint_params.yaml
-- Up-to-date: /home/user/exchange/workspace/install/tiago_pro_controller_configuration/share/tiago_pro_controller_configuration/config/local_joint_control/direct_position_control/arm_right_4_joint_params.yaml
-- Up-to-date: /home/user/exchange/workspace/install/tiago_pro_controller_configuration/share/tiago_pro_controller_configuration/config/local_joint_control/direct_position_control/arm_right_1_joint_params.yaml
-- Up-to-date: /home/user/exchange/workspace/install/tiago_pro_controller_configuration/share/tiago_pro_controller_configuration/config/local_joint_control/direct_position_control/arm_right_5_joint_params.yaml
-- Up-to-date: /home/user/exchange/workspace/install/tiago_pro_controller_configuration/share/tiago_pro_controller_configuration/config/local_joint_control/direct_position_control/arm_left_1_joint_params.yaml
-- Up-to-date: /home/user/exchange/workspace/install/tiago_pro_controller_configuration/share/tiago_pro_controller_configuration/config/joint_torque_state_broadcaster.yaml
-- Up-to-date: /home/user/exchange/workspace/install/tiago_pro_controller_configuration/share/tiago_pro_controller_configuration/config/forward_controller_vel.yaml
-- Up-to-date: /home/user/exchange/workspace/install/tiago_pro_controller_configuration/share/tiago_pro_controller_configuration/config/impedance_controller_arm.yaml
-- Up-to-date: /home/user/exchange/workspace/install/tiago_pro_controller_configuration/share/tiago_pro_controller_configuration/config/tsid
-- Up-to-date: /home/user/exchange/workspace/install/tiago_pro_controller_configuration/share/tiago_pro_controller_configuration/config/tsid/cartesian_space_controller_robot_frame.yaml
-- Up-to-date: /home/user/exchange/workspace/install/tiago_pro_controller_configuration/share/tiago_pro_controller_configuration/config/tsid/cartesian_vel_controller_ee_frame.yaml
-- Up-to-date: /home/user/exchange/workspace/install/tiago_pro_controller_configuration/share/tiago_pro_controller_configuration/config/tsid/cartesian_space_controller_ee_frame.yaml
-- Up-to-date: /home/user/exchange/workspace/install/tiago_pro_controller_configuration/share/tiago_pro_controller_configuration/config/tsid/sin_joint_controller.yaml
-- Up-to-date: /home/user/exchange/workspace/install/tiago_pro_controller_configuration/share/tiago_pro_controller_configuration/config/tsid/gains
-- Up-to-date: /home/user/exchange/workspace/install/tiago_pro_controller_configuration/share/tiago_pro_controller_configuration/config/tsid/gains/joint_space_controller_vel_sim.yaml
-- Up-to-date: /home/user/exchange/workspace/install/tiago_pro_controller_configuration/share/tiago_pro_controller_configuration/config/tsid/gains/cartesian_space_controller_robot_frame.yaml
-- Up-to-date: /home/user/exchange/workspace/install/tiago_pro_controller_configuration/share/tiago_pro_controller_configuration/config/tsid/gains/sin_joint_controller_sim.yaml
-- Up-to-date: /home/user/exchange/workspace/install/tiago_pro_controller_configuration/share/tiago_pro_controller_configuration/config/tsid/gains/cartesian_space_controller_ee_frame_sim.yaml
-- Up-to-date: /home/user/exchange/workspace/install/tiago_pro_controller_configuration/share/tiago_pro_controller_configuration/config/tsid/gains/cartesian_vel_controller_ee_frame.yaml
-- Up-to-date: /home/user/exchange/workspace/install/tiago_pro_controller_configuration/share/tiago_pro_controller_configuration/config/tsid/gains/cartesian_space_controller_ee_frame.yaml
-- Up-to-date: /home/user/exchange/workspace/install/tiago_pro_controller_configuration/share/tiago_pro_controller_configuration/config/tsid/gains/cartesian_vel_controller_ee_frame_sim.yaml
-- Up-to-date: /home/user/exchange/workspace/install/tiago_pro_controller_configuration/share/tiago_pro_controller_configuration/config/tsid/gains/cartesian_vel_controller_robot_frame_sim.yaml
-- Up-to-date: /home/user/exchange/workspace/install/tiago_pro_controller_configuration/share/tiago_pro_controller_configuration/config/tsid/gains/torso_joint_space_controller_sim.yaml
-- Up-to-date: /home/user/exchange/workspace/install/tiago_pro_controller_configuration/share/tiago_pro_controller_configuration/config/tsid/gains/sin_joint_controller.yaml
-- Up-to-date: /home/user/exchange/workspace/install/tiago_pro_controller_configuration/share/tiago_pro_controller_configuration/config/tsid/gains/cartesian_space_controller_robot_frame_sim.yaml
-- Up-to-date: /home/user/exchange/workspace/install/tiago_pro_controller_configuration/share/tiago_pro_controller_configuration/config/tsid/gains/torso_joint_space_vel_controller_sim.yaml
-- Up-to-date: /home/user/exchange/workspace/install/tiago_pro_controller_configuration/share/tiago_pro_controller_configuration/config/tsid/gains/joint_space_controller_sim.yaml
-- Up-to-date: /home/user/exchange/workspace/install/tiago_pro_controller_configuration/share/tiago_pro_controller_configuration/config/tsid/gains/joint_space_controller_vel.yaml
-- Up-to-date: /home/user/exchange/workspace/install/tiago_pro_controller_configuration/share/tiago_pro_controller_configuration/config/tsid/gains/cartesian_vel_controller_robot_frame.yaml
-- Up-to-date: /home/user/exchange/workspace/install/tiago_pro_controller_configuration/share/tiago_pro_controller_configuration/config/tsid/gains/torso_joint_space_controller.yaml
-- Up-to-date: /home/user/exchange/workspace/install/tiago_pro_controller_configuration/share/tiago_pro_controller_configuration/config/tsid/gains/torso_joint_space_vel_controller.yaml
-- Up-to-date: /home/user/exchange/workspace/install/tiago_pro_controller_configuration/share/tiago_pro_controller_configuration/config/tsid/gains/joint_space_controller.yaml
-- Up-to-date: /home/user/exchange/workspace/install/tiago_pro_controller_configuration/share/tiago_pro_controller_configuration/config/tsid/joint_space_controller_vel.yaml
-- Up-to-date: /home/user/exchange/workspace/install/tiago_pro_controller_configuration/share/tiago_pro_controller_configuration/config/tsid/cartesian_vel_controller_robot_frame.yaml
-- Up-to-date: /home/user/exchange/workspace/install/tiago_pro_controller_configuration/share/tiago_pro_controller_configuration/config/tsid/torso_joint_space_controller.yaml
-- Up-to-date: /home/user/exchange/workspace/install/tiago_pro_controller_configuration/share/tiago_pro_controller_configuration/config/tsid/torso_joint_space_vel_controller.yaml
-- Up-to-date: /home/user/exchange/workspace/install/tiago_pro_controller_configuration/share/tiago_pro_controller_configuration/config/tsid/joint_space_controller.yaml
-- Up-to-date: /home/user/exchange/workspace/install/tiago_pro_controller_configuration/share/tiago_pro_controller_configuration/config/torso_controller.yaml
-- Up-to-date: /home/user/exchange/workspace/install/tiago_pro_controller_configuration/share/ament_index/resource_index/package_run_dependencies/tiago_pro_controller_configuration
-- Up-to-date: /home/user/exchange/workspace/install/tiago_pro_controller_configuration/share/ament_index/resource_index/parent_prefix_path/tiago_pro_controller_configuration
-- Up-to-date: /home/user/exchange/workspace/install/tiago_pro_controller_configuration/share/tiago_pro_controller_configuration/environment/ament_prefix_path.sh
-- Up-to-date: /home/user/exchange/workspace/install/tiago_pro_controller_configuration/share/tiago_pro_controller_configuration/environment/ament_prefix_path.dsv
-- Up-to-date: /home/user/exchange/workspace/install/tiago_pro_controller_configuration/share/tiago_pro_controller_configuration/environment/path.sh
-- Up-to-date: /home/user/exchange/workspace/install/tiago_pro_controller_configuration/share/tiago_pro_controller_configuration/environment/path.dsv
-- Up-to-date: /home/user/exchange/workspace/install/tiago_pro_controller_configuration/share/tiago_pro_controller_configuration/local_setup.bash
-- Up-to-date: /home/user/exchange/workspace/install/tiago_pro_controller_configuration/share/tiago_pro_controller_configuration/local_setup.sh
-- Up-to-date: /home/user/exchange/workspace/install/tiago_pro_controller_configuration/share/tiago_pro_controller_configuration/local_setup.zsh
-- Up-to-date: /home/user/exchange/workspace/install/tiago_pro_controller_configuration/share/tiago_pro_controller_configuration/local_setup.dsv
-- Up-to-date: /home/user/exchange/workspace/install/tiago_pro_controller_configuration/share/tiago_pro_controller_configuration/package.dsv
-- Up-to-date: /home/user/exchange/workspace/install/tiago_pro_controller_configuration/share/ament_index/resource_index/packages/tiago_pro_controller_configuration
-- Up-to-date: /home/user/exchange/workspace/install/tiago_pro_controller_configuration/share/tiago_pro_controller_configuration/cmake/tiago_pro_controller_configurationConfig.cmake
-- Up-to-date: /home/user/exchange/workspace/install/tiago_pro_controller_configuration/share/tiago_pro_controller_configuration/cmake/tiago_pro_controller_configurationConfig-version.cmake
-- Up-to-date: /home/user/exchange/workspace/install/tiago_pro_controller_configuration/share/tiago_pro_controller_configuration/package.xml
