[0.012s] Invoking command in '/home/user/exchange/workspace/build/pal_pro_gripper_simulation': AMENT_PREFIX_PATH=/home/user/exchange/workspace/install/pal_pro_gripper_controller_configuration:/home/user/exchange/workspace/install/pal_pro_gripper_wrapper:/home/user/exchange/workspace/install/pal_pro_gripper_description:/home/user/exchange/workspace/install/pal_gazebo_worlds:${AMENT_PREFIX_PATH} CMAKE_PREFIX_PATH=/home/user/exchange/workspace/install/pal_pro_gripper_controller_configuration:/home/user/exchange/workspace/install/pal_pro_gripper_description:/home/user/exchange/workspace/install/pal_gazebo_worlds:/opt/ros/humble GAZEBO_MODEL_PATH=/home/user/exchange/workspace/install/pal_gazebo_worlds/share/pal_gazebo_worlds/models GZ_SIM_RESOURCE_PATH=/home/user/exchange/workspace/install/pal_gazebo_worlds/share/pal_gazebo_worlds/models PYTHONPATH=/home/user/exchange/workspace/install/pal_pro_gripper_wrapper/lib/python3.10/site-packages:/home/user/exchange/workspace/install/pal_pro_gripper_description/local/lib/python3.10/dist-packages:${PYTHONPATH} /usr/bin/cmake /home/user/exchange/workspace/src/pal_pro_gripper/pal_pro_gripper_simulation -DCMAKE_INSTALL_PREFIX=/home/user/exchange/workspace/install/pal_pro_gripper_simulation
[0.054s] -- The C compiler identification is GNU 11.4.0
[0.090s] -- The CXX compiler identification is GNU 11.4.0
[0.095s] -- Detecting C compiler ABI info
[0.133s] -- Detecting C compiler ABI info - done
[0.138s] -- Check for working C compiler: /usr/bin/cc - skipped
[0.138s] -- Detecting C compile features
[0.138s] -- Detecting C compile features - done
[0.140s] -- Detecting CXX compiler ABI info
[0.188s] -- Detecting CXX compiler ABI info - done
[0.196s] -- Check for working CXX compiler: /usr/bin/c++ - skipped
[0.196s] -- Detecting CXX compile features
[0.197s] -- Detecting CXX compile features - done
[0.200s] -- Found ament_cmake_auto: 1.3.13 (/opt/ros/humble/share/ament_cmake_auto/cmake)
[0.286s] -- Found Python3: /usr/bin/python3 (found version "3.10.12") found components: Interpreter 
[0.408s] -- Found ament_lint_auto: 0.12.15 (/opt/ros/humble/share/ament_lint_auto/cmake)
[0.429s] -- Added test 'copyright' to check source files copyright and LICENSE
[0.430s] -- Added test 'flake8' to check Python code syntax and style conventions
[0.431s] -- Added test 'lint_cmake' to check CMake code style
[0.431s] -- Added test 'pep257' to check Python code against some of the docstring style conventions in PEP 257
[0.431s] -- Added test 'xmllint' to check XML markup files
[0.432s] -- Configuring done
[0.434s] -- Generating done
[0.435s] -- Build files have been written to: /home/user/exchange/workspace/build/pal_pro_gripper_simulation
[0.438s] Invoked command in '/home/user/exchange/workspace/build/pal_pro_gripper_simulation' returned '0': AMENT_PREFIX_PATH=/home/user/exchange/workspace/install/pal_pro_gripper_controller_configuration:/home/user/exchange/workspace/install/pal_pro_gripper_wrapper:/home/user/exchange/workspace/install/pal_pro_gripper_description:/home/user/exchange/workspace/install/pal_gazebo_worlds:${AMENT_PREFIX_PATH} CMAKE_PREFIX_PATH=/home/user/exchange/workspace/install/pal_pro_gripper_controller_configuration:/home/user/exchange/workspace/install/pal_pro_gripper_description:/home/user/exchange/workspace/install/pal_gazebo_worlds:/opt/ros/humble GAZEBO_MODEL_PATH=/home/user/exchange/workspace/install/pal_gazebo_worlds/share/pal_gazebo_worlds/models GZ_SIM_RESOURCE_PATH=/home/user/exchange/workspace/install/pal_gazebo_worlds/share/pal_gazebo_worlds/models PYTHONPATH=/home/user/exchange/workspace/install/pal_pro_gripper_wrapper/lib/python3.10/site-packages:/home/user/exchange/workspace/install/pal_pro_gripper_description/local/lib/python3.10/dist-packages:${PYTHONPATH} /usr/bin/cmake /home/user/exchange/workspace/src/pal_pro_gripper/pal_pro_gripper_simulation -DCMAKE_INSTALL_PREFIX=/home/user/exchange/workspace/install/pal_pro_gripper_simulation
[0.439s] Invoking command in '/home/user/exchange/workspace/build/pal_pro_gripper_simulation': AMENT_PREFIX_PATH=/home/user/exchange/workspace/install/pal_pro_gripper_controller_configuration:/home/user/exchange/workspace/install/pal_pro_gripper_wrapper:/home/user/exchange/workspace/install/pal_pro_gripper_description:/home/user/exchange/workspace/install/pal_gazebo_worlds:${AMENT_PREFIX_PATH} CMAKE_PREFIX_PATH=/home/user/exchange/workspace/install/pal_pro_gripper_controller_configuration:/home/user/exchange/workspace/install/pal_pro_gripper_description:/home/user/exchange/workspace/install/pal_gazebo_worlds:/opt/ros/humble GAZEBO_MODEL_PATH=/home/user/exchange/workspace/install/pal_gazebo_worlds/share/pal_gazebo_worlds/models GZ_SIM_RESOURCE_PATH=/home/user/exchange/workspace/install/pal_gazebo_worlds/share/pal_gazebo_worlds/models PYTHONPATH=/home/user/exchange/workspace/install/pal_pro_gripper_wrapper/lib/python3.10/site-packages:/home/user/exchange/workspace/install/pal_pro_gripper_description/local/lib/python3.10/dist-packages:${PYTHONPATH} /usr/bin/cmake --build /home/user/exchange/workspace/build/pal_pro_gripper_simulation -- -j12 -l12
[0.466s] Invoked command in '/home/user/exchange/workspace/build/pal_pro_gripper_simulation' returned '0': AMENT_PREFIX_PATH=/home/user/exchange/workspace/install/pal_pro_gripper_controller_configuration:/home/user/exchange/workspace/install/pal_pro_gripper_wrapper:/home/user/exchange/workspace/install/pal_pro_gripper_description:/home/user/exchange/workspace/install/pal_gazebo_worlds:${AMENT_PREFIX_PATH} CMAKE_PREFIX_PATH=/home/user/exchange/workspace/install/pal_pro_gripper_controller_configuration:/home/user/exchange/workspace/install/pal_pro_gripper_description:/home/user/exchange/workspace/install/pal_gazebo_worlds:/opt/ros/humble GAZEBO_MODEL_PATH=/home/user/exchange/workspace/install/pal_gazebo_worlds/share/pal_gazebo_worlds/models GZ_SIM_RESOURCE_PATH=/home/user/exchange/workspace/install/pal_gazebo_worlds/share/pal_gazebo_worlds/models PYTHONPATH=/home/user/exchange/workspace/install/pal_pro_gripper_wrapper/lib/python3.10/site-packages:/home/user/exchange/workspace/install/pal_pro_gripper_description/local/lib/python3.10/dist-packages:${PYTHONPATH} /usr/bin/cmake --build /home/user/exchange/workspace/build/pal_pro_gripper_simulation -- -j12 -l12
[0.467s] Invoking command in '/home/user/exchange/workspace/build/pal_pro_gripper_simulation': AMENT_PREFIX_PATH=/home/user/exchange/workspace/install/pal_pro_gripper_controller_configuration:/home/user/exchange/workspace/install/pal_pro_gripper_wrapper:/home/user/exchange/workspace/install/pal_pro_gripper_description:/home/user/exchange/workspace/install/pal_gazebo_worlds:${AMENT_PREFIX_PATH} CMAKE_PREFIX_PATH=/home/user/exchange/workspace/install/pal_pro_gripper_controller_configuration:/home/user/exchange/workspace/install/pal_pro_gripper_description:/home/user/exchange/workspace/install/pal_gazebo_worlds:/opt/ros/humble GAZEBO_MODEL_PATH=/home/user/exchange/workspace/install/pal_gazebo_worlds/share/pal_gazebo_worlds/models GZ_SIM_RESOURCE_PATH=/home/user/exchange/workspace/install/pal_gazebo_worlds/share/pal_gazebo_worlds/models PYTHONPATH=/home/user/exchange/workspace/install/pal_pro_gripper_wrapper/lib/python3.10/site-packages:/home/user/exchange/workspace/install/pal_pro_gripper_description/local/lib/python3.10/dist-packages:${PYTHONPATH} /usr/bin/cmake --install /home/user/exchange/workspace/build/pal_pro_gripper_simulation
[0.471s] -- Install configuration: ""
[0.471s] -- Installing: /home/user/exchange/workspace/install/pal_pro_gripper_simulation/share/pal_pro_gripper_simulation/launch
[0.471s] -- Installing: /home/user/exchange/workspace/install/pal_pro_gripper_simulation/share/pal_pro_gripper_simulation/launch/robot_spawn.launch.py
[0.471s] -- Installing: /home/user/exchange/workspace/install/pal_pro_gripper_simulation/share/pal_pro_gripper_simulation/launch/pal_pro_gripper_gazebo.launch.py
[0.471s] -- Installing: /home/user/exchange/workspace/install/pal_pro_gripper_simulation/share/ament_index/resource_index/package_run_dependencies/pal_pro_gripper_simulation
[0.471s] -- Installing: /home/user/exchange/workspace/install/pal_pro_gripper_simulation/share/ament_index/resource_index/parent_prefix_path/pal_pro_gripper_simulation
[0.471s] -- Installing: /home/user/exchange/workspace/install/pal_pro_gripper_simulation/share/pal_pro_gripper_simulation/environment/ament_prefix_path.sh
[0.471s] -- Installing: /home/user/exchange/workspace/install/pal_pro_gripper_simulation/share/pal_pro_gripper_simulation/environment/ament_prefix_path.dsv
[0.471s] -- Installing: /home/user/exchange/workspace/install/pal_pro_gripper_simulation/share/pal_pro_gripper_simulation/environment/path.sh
[0.471s] -- Installing: /home/user/exchange/workspace/install/pal_pro_gripper_simulation/share/pal_pro_gripper_simulation/environment/path.dsv
[0.471s] -- Installing: /home/user/exchange/workspace/install/pal_pro_gripper_simulation/share/pal_pro_gripper_simulation/local_setup.bash
[0.471s] -- Installing: /home/user/exchange/workspace/install/pal_pro_gripper_simulation/share/pal_pro_gripper_simulation/local_setup.sh
[0.471s] -- Installing: /home/user/exchange/workspace/install/pal_pro_gripper_simulation/share/pal_pro_gripper_simulation/local_setup.zsh
[0.471s] -- Installing: /home/user/exchange/workspace/install/pal_pro_gripper_simulation/share/pal_pro_gripper_simulation/local_setup.dsv
[0.471s] -- Installing: /home/user/exchange/workspace/install/pal_pro_gripper_simulation/share/pal_pro_gripper_simulation/package.dsv
[0.472s] -- Installing: /home/user/exchange/workspace/install/pal_pro_gripper_simulation/share/ament_index/resource_index/packages/pal_pro_gripper_simulation
[0.472s] -- Installing: /home/user/exchange/workspace/install/pal_pro_gripper_simulation/share/pal_pro_gripper_simulation/cmake/pal_pro_gripper_simulationConfig.cmake
[0.472s] -- Installing: /home/user/exchange/workspace/install/pal_pro_gripper_simulation/share/pal_pro_gripper_simulation/cmake/pal_pro_gripper_simulationConfig-version.cmake
[0.472s] -- Installing: /home/user/exchange/workspace/install/pal_pro_gripper_simulation/share/pal_pro_gripper_simulation/package.xml
[0.477s] Invoked command in '/home/user/exchange/workspace/build/pal_pro_gripper_simulation' returned '0': AMENT_PREFIX_PATH=/home/user/exchange/workspace/install/pal_pro_gripper_controller_configuration:/home/user/exchange/workspace/install/pal_pro_gripper_wrapper:/home/user/exchange/workspace/install/pal_pro_gripper_description:/home/user/exchange/workspace/install/pal_gazebo_worlds:${AMENT_PREFIX_PATH} CMAKE_PREFIX_PATH=/home/user/exchange/workspace/install/pal_pro_gripper_controller_configuration:/home/user/exchange/workspace/install/pal_pro_gripper_description:/home/user/exchange/workspace/install/pal_gazebo_worlds:/opt/ros/humble GAZEBO_MODEL_PATH=/home/user/exchange/workspace/install/pal_gazebo_worlds/share/pal_gazebo_worlds/models GZ_SIM_RESOURCE_PATH=/home/user/exchange/workspace/install/pal_gazebo_worlds/share/pal_gazebo_worlds/models PYTHONPATH=/home/user/exchange/workspace/install/pal_pro_gripper_wrapper/lib/python3.10/site-packages:/home/user/exchange/workspace/install/pal_pro_gripper_description/local/lib/python3.10/dist-packages:${PYTHONPATH} /usr/bin/cmake --install /home/user/exchange/workspace/build/pal_pro_gripper_simulation
