-- Install configuration: ""
-- Up-to-date: /home/user/exchange/workspace/install/tiago_pro_rgbd_sensors/share/tiago_pro_rgbd_sensors/config
-- Up-to-date: /home/user/exchange/workspace/install/tiago_pro_rgbd_sensors/share/tiago_pro_rgbd_sensors/config/rgbd_analyzers.yaml
-- Up-to-date: /home/user/exchange/workspace/install/tiago_pro_rgbd_sensors/share/tiago_pro_rgbd_sensors/launch
-- Up-to-date: /home/user/exchange/workspace/install/tiago_pro_rgbd_sensors/share/tiago_pro_rgbd_sensors/launch/rgbd_sim.launch.py
-- Up-to-date: /home/user/exchange/workspace/install/tiago_pro_rgbd_sensors/share/tiago_pro_rgbd_sensors/launch/rgbd.launch.py
-- Up-to-date: /home/user/exchange/workspace/install/tiago_pro_rgbd_sensors/share/ament_index/resource_index/package_run_dependencies/tiago_pro_rgbd_sensors
-- Up-to-date: /home/user/exchange/workspace/install/tiago_pro_rgbd_sensors/share/ament_index/resource_index/parent_prefix_path/tiago_pro_rgbd_sensors
-- Up-to-date: /home/user/exchange/workspace/install/tiago_pro_rgbd_sensors/share/tiago_pro_rgbd_sensors/environment/ament_prefix_path.sh
-- Up-to-date: /home/user/exchange/workspace/install/tiago_pro_rgbd_sensors/share/tiago_pro_rgbd_sensors/environment/ament_prefix_path.dsv
-- Up-to-date: /home/user/exchange/workspace/install/tiago_pro_rgbd_sensors/share/tiago_pro_rgbd_sensors/environment/path.sh
-- Up-to-date: /home/user/exchange/workspace/install/tiago_pro_rgbd_sensors/share/tiago_pro_rgbd_sensors/environment/path.dsv
-- Up-to-date: /home/user/exchange/workspace/install/tiago_pro_rgbd_sensors/share/tiago_pro_rgbd_sensors/local_setup.bash
-- Up-to-date: /home/user/exchange/workspace/install/tiago_pro_rgbd_sensors/share/tiago_pro_rgbd_sensors/local_setup.sh
-- Up-to-date: /home/user/exchange/workspace/install/tiago_pro_rgbd_sensors/share/tiago_pro_rgbd_sensors/local_setup.zsh
-- Up-to-date: /home/user/exchange/workspace/install/tiago_pro_rgbd_sensors/share/tiago_pro_rgbd_sensors/local_setup.dsv
-- Installing: /home/user/exchange/workspace/install/tiago_pro_rgbd_sensors/share/tiago_pro_rgbd_sensors/package.dsv
-- Up-to-date: /home/user/exchange/workspace/install/tiago_pro_rgbd_sensors/share/ament_index/resource_index/packages/tiago_pro_rgbd_sensors
-- Up-to-date: /home/user/exchange/workspace/install/tiago_pro_rgbd_sensors/share/tiago_pro_rgbd_sensors/cmake/tiago_pro_rgbd_sensorsConfig.cmake
-- Up-to-date: /home/user/exchange/workspace/install/tiago_pro_rgbd_sensors/share/tiago_pro_rgbd_sensors/cmake/tiago_pro_rgbd_sensorsConfig-version.cmake
-- Up-to-date: /home/user/exchange/workspace/install/tiago_pro_rgbd_sensors/share/tiago_pro_rgbd_sensors/package.xml
