[0.143s] Invoking command in '/home/user/exchange/workspace/build/linkattacher_msgs': CMAKE_PREFIX_PATH=/opt/ros/humble /usr/bin/cmake --build /home/user/exchange/workspace/build/linkattacher_msgs -- -j12 -l12
[0.220s] [  2%] Built target linkattacher_msgs__cpp
[0.223s] [ 12%] Built target linkattacher_msgs__rosidl_generator_c
[0.249s] [ 12%] Built target ament_cmake_python_copy_linkattacher_msgs
[0.258s] [ 28%] Built target linkattacher_msgs__rosidl_typesupport_introspection_cpp
[0.258s] [ 33%] Built target linkattacher_msgs__rosidl_typesupport_cpp
[0.258s] [ 43%] Built target linkattacher_msgs__rosidl_typesupport_introspection_c
[0.258s] [ 53%] Built target linkattacher_msgs__rosidl_typesupport_fastrtps_cpp
[0.258s] [ 64%] Built target linkattacher_msgs__rosidl_typesupport_c
[0.259s] [ 74%] Built target linkattacher_msgs__rosidl_typesupport_fastrtps_c
[0.259s] [ 74%] Built target linkattacher_msgs
[0.260s] [ 76%] Built target linkattacher_msgs__py
[0.260s] [ 84%] Built target linkattacher_msgs__rosidl_generator_py
[0.260s] [ 92%] Built target linkattacher_msgs__rosidl_typesupport_c__pyext
[0.260s] [ 94%] Built target linkattacher_msgs__rosidl_typesupport_introspection_c__pyext
[0.260s] [100%] Built target linkattacher_msgs__rosidl_typesupport_fastrtps_c__pyext
[0.329s] running egg_info
[0.329s] writing linkattacher_msgs.egg-info/PKG-INFO
[0.329s] writing dependency_links to linkattacher_msgs.egg-info/dependency_links.txt
[0.329s] writing top-level names to linkattacher_msgs.egg-info/top_level.txt
[0.331s] reading manifest file 'linkattacher_msgs.egg-info/SOURCES.txt'
[0.331s] writing manifest file 'linkattacher_msgs.egg-info/SOURCES.txt'
[0.347s] [100%] Built target ament_cmake_python_build_linkattacher_msgs_egg
[0.354s] Invoked command in '/home/user/exchange/workspace/build/linkattacher_msgs' returned '0': CMAKE_PREFIX_PATH=/opt/ros/humble /usr/bin/cmake --build /home/user/exchange/workspace/build/linkattacher_msgs -- -j12 -l12
[0.355s] Invoking command in '/home/user/exchange/workspace/build/linkattacher_msgs': CMAKE_PREFIX_PATH=/opt/ros/humble /usr/bin/cmake --install /home/user/exchange/workspace/build/linkattacher_msgs
[0.360s] -- Install configuration: ""
[0.360s] -- Up-to-date: /home/user/exchange/workspace/install/linkattacher_msgs/share/linkattacher_msgs/srv
[0.360s] -- Up-to-date: /home/user/exchange/workspace/install/linkattacher_msgs/share/linkattacher_msgs/srv/AttachLink.srv
[0.360s] -- Up-to-date: /home/user/exchange/workspace/install/linkattacher_msgs/share/linkattacher_msgs/srv/DetachLink.srv
[0.360s] -- Up-to-date: /home/user/exchange/workspace/install/linkattacher_msgs/share/ament_index/resource_index/rosidl_interfaces/linkattacher_msgs
[0.360s] -- Up-to-date: /home/user/exchange/workspace/install/linkattacher_msgs/include/linkattacher_msgs/linkattacher_msgs
[0.360s] -- Up-to-date: /home/user/exchange/workspace/install/linkattacher_msgs/include/linkattacher_msgs/linkattacher_msgs/msg
[0.360s] -- Up-to-date: /home/user/exchange/workspace/install/linkattacher_msgs/include/linkattacher_msgs/linkattacher_msgs/msg/rosidl_generator_c__visibility_control.h
[0.360s] -- Up-to-date: /home/user/exchange/workspace/install/linkattacher_msgs/include/linkattacher_msgs/linkattacher_msgs/srv
[0.360s] -- Up-to-date: /home/user/exchange/workspace/install/linkattacher_msgs/include/linkattacher_msgs/linkattacher_msgs/srv/attach_link.h
[0.360s] -- Up-to-date: /home/user/exchange/workspace/install/linkattacher_msgs/include/linkattacher_msgs/linkattacher_msgs/srv/detail
[0.360s] -- Up-to-date: /home/user/exchange/workspace/install/linkattacher_msgs/include/linkattacher_msgs/linkattacher_msgs/srv/detail/detach_link__type_support.h
[0.360s] -- Up-to-date: /home/user/exchange/workspace/install/linkattacher_msgs/include/linkattacher_msgs/linkattacher_msgs/srv/detail/attach_link__struct.h
[0.360s] -- Up-to-date: /home/user/exchange/workspace/install/linkattacher_msgs/include/linkattacher_msgs/linkattacher_msgs/srv/detail/detach_link__struct.h
[0.360s] -- Up-to-date: /home/user/exchange/workspace/install/linkattacher_msgs/include/linkattacher_msgs/linkattacher_msgs/srv/detail/detach_link__functions.h
[0.360s] -- Up-to-date: /home/user/exchange/workspace/install/linkattacher_msgs/include/linkattacher_msgs/linkattacher_msgs/srv/detail/attach_link__functions.h
[0.360s] -- Up-to-date: /home/user/exchange/workspace/install/linkattacher_msgs/include/linkattacher_msgs/linkattacher_msgs/srv/detail/attach_link__functions.c
[0.360s] -- Up-to-date: /home/user/exchange/workspace/install/linkattacher_msgs/include/linkattacher_msgs/linkattacher_msgs/srv/detail/detach_link__functions.c
[0.360s] -- Up-to-date: /home/user/exchange/workspace/install/linkattacher_msgs/include/linkattacher_msgs/linkattacher_msgs/srv/detail/attach_link__type_support.h
[0.360s] -- Up-to-date: /home/user/exchange/workspace/install/linkattacher_msgs/include/linkattacher_msgs/linkattacher_msgs/srv/detach_link.h
[0.360s] -- Up-to-date: /home/user/exchange/workspace/install/linkattacher_msgs/share/linkattacher_msgs/environment/library_path.sh
[0.360s] -- Up-to-date: /home/user/exchange/workspace/install/linkattacher_msgs/share/linkattacher_msgs/environment/library_path.dsv
[0.360s] -- Up-to-date: /home/user/exchange/workspace/install/linkattacher_msgs/lib/liblinkattacher_msgs__rosidl_generator_c.so
[0.360s] -- Up-to-date: /home/user/exchange/workspace/install/linkattacher_msgs/include/linkattacher_msgs/linkattacher_msgs
[0.361s] -- Up-to-date: /home/user/exchange/workspace/install/linkattacher_msgs/include/linkattacher_msgs/linkattacher_msgs/msg
[0.361s] -- Up-to-date: /home/user/exchange/workspace/install/linkattacher_msgs/include/linkattacher_msgs/linkattacher_msgs/msg/rosidl_typesupport_fastrtps_c__visibility_control.h
[0.361s] -- Up-to-date: /home/user/exchange/workspace/install/linkattacher_msgs/include/linkattacher_msgs/linkattacher_msgs/srv
[0.361s] -- Up-to-date: /home/user/exchange/workspace/install/linkattacher_msgs/include/linkattacher_msgs/linkattacher_msgs/srv/detail
[0.361s] -- Up-to-date: /home/user/exchange/workspace/install/linkattacher_msgs/include/linkattacher_msgs/linkattacher_msgs/srv/detail/detach_link__rosidl_typesupport_fastrtps_c.h
[0.361s] -- Up-to-date: /home/user/exchange/workspace/install/linkattacher_msgs/include/linkattacher_msgs/linkattacher_msgs/srv/detail/attach_link__rosidl_typesupport_fastrtps_c.h
[0.361s] -- Up-to-date: /home/user/exchange/workspace/install/linkattacher_msgs/lib/liblinkattacher_msgs__rosidl_typesupport_fastrtps_c.so
[0.361s] -- Up-to-date: /home/user/exchange/workspace/install/linkattacher_msgs/include/linkattacher_msgs/linkattacher_msgs
[0.361s] -- Up-to-date: /home/user/exchange/workspace/install/linkattacher_msgs/include/linkattacher_msgs/linkattacher_msgs/msg
[0.361s] -- Up-to-date: /home/user/exchange/workspace/install/linkattacher_msgs/include/linkattacher_msgs/linkattacher_msgs/msg/rosidl_typesupport_introspection_c__visibility_control.h
[0.361s] -- Up-to-date: /home/user/exchange/workspace/install/linkattacher_msgs/include/linkattacher_msgs/linkattacher_msgs/srv
[0.361s] -- Up-to-date: /home/user/exchange/workspace/install/linkattacher_msgs/include/linkattacher_msgs/linkattacher_msgs/srv/detail
[0.361s] -- Up-to-date: /home/user/exchange/workspace/install/linkattacher_msgs/include/linkattacher_msgs/linkattacher_msgs/srv/detail/detach_link__type_support.c
[0.361s] -- Up-to-date: /home/user/exchange/workspace/install/linkattacher_msgs/include/linkattacher_msgs/linkattacher_msgs/srv/detail/attach_link__type_support.c
[0.361s] -- Up-to-date: /home/user/exchange/workspace/install/linkattacher_msgs/include/linkattacher_msgs/linkattacher_msgs/srv/detail/attach_link__rosidl_typesupport_introspection_c.h
[0.361s] -- Up-to-date: /home/user/exchange/workspace/install/linkattacher_msgs/include/linkattacher_msgs/linkattacher_msgs/srv/detail/detach_link__rosidl_typesupport_introspection_c.h
[0.361s] -- Up-to-date: /home/user/exchange/workspace/install/linkattacher_msgs/lib/liblinkattacher_msgs__rosidl_typesupport_introspection_c.so
[0.361s] -- Up-to-date: /home/user/exchange/workspace/install/linkattacher_msgs/lib/liblinkattacher_msgs__rosidl_typesupport_c.so
[0.361s] -- Up-to-date: /home/user/exchange/workspace/install/linkattacher_msgs/include/linkattacher_msgs/linkattacher_msgs
[0.361s] -- Up-to-date: /home/user/exchange/workspace/install/linkattacher_msgs/include/linkattacher_msgs/linkattacher_msgs/msg
[0.361s] -- Up-to-date: /home/user/exchange/workspace/install/linkattacher_msgs/include/linkattacher_msgs/linkattacher_msgs/msg/rosidl_generator_cpp__visibility_control.hpp
[0.361s] -- Up-to-date: /home/user/exchange/workspace/install/linkattacher_msgs/include/linkattacher_msgs/linkattacher_msgs/srv
[0.361s] -- Up-to-date: /home/user/exchange/workspace/install/linkattacher_msgs/include/linkattacher_msgs/linkattacher_msgs/srv/detach_link.hpp
[0.361s] -- Up-to-date: /home/user/exchange/workspace/install/linkattacher_msgs/include/linkattacher_msgs/linkattacher_msgs/srv/attach_link.hpp
[0.361s] -- Up-to-date: /home/user/exchange/workspace/install/linkattacher_msgs/include/linkattacher_msgs/linkattacher_msgs/srv/detail
[0.361s] -- Up-to-date: /home/user/exchange/workspace/install/linkattacher_msgs/include/linkattacher_msgs/linkattacher_msgs/srv/detail/detach_link__builder.hpp
[0.361s] -- Up-to-date: /home/user/exchange/workspace/install/linkattacher_msgs/include/linkattacher_msgs/linkattacher_msgs/srv/detail/detach_link__type_support.hpp
[0.361s] -- Up-to-date: /home/user/exchange/workspace/install/linkattacher_msgs/include/linkattacher_msgs/linkattacher_msgs/srv/detail/attach_link__type_support.hpp
[0.362s] -- Up-to-date: /home/user/exchange/workspace/install/linkattacher_msgs/include/linkattacher_msgs/linkattacher_msgs/srv/detail/detach_link__traits.hpp
[0.362s] -- Up-to-date: /home/user/exchange/workspace/install/linkattacher_msgs/include/linkattacher_msgs/linkattacher_msgs/srv/detail/attach_link__struct.hpp
[0.362s] -- Up-to-date: /home/user/exchange/workspace/install/linkattacher_msgs/include/linkattacher_msgs/linkattacher_msgs/srv/detail/attach_link__traits.hpp
[0.362s] -- Up-to-date: /home/user/exchange/workspace/install/linkattacher_msgs/include/linkattacher_msgs/linkattacher_msgs/srv/detail/detach_link__struct.hpp
[0.362s] -- Up-to-date: /home/user/exchange/workspace/install/linkattacher_msgs/include/linkattacher_msgs/linkattacher_msgs/srv/detail/attach_link__builder.hpp
[0.362s] -- Up-to-date: /home/user/exchange/workspace/install/linkattacher_msgs/include/linkattacher_msgs/linkattacher_msgs
[0.362s] -- Up-to-date: /home/user/exchange/workspace/install/linkattacher_msgs/include/linkattacher_msgs/linkattacher_msgs/msg
[0.362s] -- Up-to-date: /home/user/exchange/workspace/install/linkattacher_msgs/include/linkattacher_msgs/linkattacher_msgs/msg/rosidl_typesupport_fastrtps_cpp__visibility_control.h
[0.362s] -- Up-to-date: /home/user/exchange/workspace/install/linkattacher_msgs/include/linkattacher_msgs/linkattacher_msgs/srv
[0.362s] -- Up-to-date: /home/user/exchange/workspace/install/linkattacher_msgs/include/linkattacher_msgs/linkattacher_msgs/srv/detail
[0.362s] -- Up-to-date: /home/user/exchange/workspace/install/linkattacher_msgs/include/linkattacher_msgs/linkattacher_msgs/srv/detail/dds_fastrtps
[0.362s] -- Up-to-date: /home/user/exchange/workspace/install/linkattacher_msgs/include/linkattacher_msgs/linkattacher_msgs/srv/detail/attach_link__rosidl_typesupport_fastrtps_cpp.hpp
[0.362s] -- Up-to-date: /home/user/exchange/workspace/install/linkattacher_msgs/include/linkattacher_msgs/linkattacher_msgs/srv/detail/detach_link__rosidl_typesupport_fastrtps_cpp.hpp
[0.362s] -- Up-to-date: /home/user/exchange/workspace/install/linkattacher_msgs/lib/liblinkattacher_msgs__rosidl_typesupport_fastrtps_cpp.so
[0.362s] -- Up-to-date: /home/user/exchange/workspace/install/linkattacher_msgs/include/linkattacher_msgs/linkattacher_msgs
[0.362s] -- Up-to-date: /home/user/exchange/workspace/install/linkattacher_msgs/include/linkattacher_msgs/linkattacher_msgs/srv
[0.362s] -- Up-to-date: /home/user/exchange/workspace/install/linkattacher_msgs/include/linkattacher_msgs/linkattacher_msgs/srv/detail
[0.362s] -- Up-to-date: /home/user/exchange/workspace/install/linkattacher_msgs/include/linkattacher_msgs/linkattacher_msgs/srv/detail/attach_link__type_support.cpp
[0.362s] -- Up-to-date: /home/user/exchange/workspace/install/linkattacher_msgs/include/linkattacher_msgs/linkattacher_msgs/srv/detail/detach_link__rosidl_typesupport_introspection_cpp.hpp
[0.362s] -- Up-to-date: /home/user/exchange/workspace/install/linkattacher_msgs/include/linkattacher_msgs/linkattacher_msgs/srv/detail/attach_link__rosidl_typesupport_introspection_cpp.hpp
[0.362s] -- Up-to-date: /home/user/exchange/workspace/install/linkattacher_msgs/include/linkattacher_msgs/linkattacher_msgs/srv/detail/detach_link__type_support.cpp
[0.362s] -- Up-to-date: /home/user/exchange/workspace/install/linkattacher_msgs/lib/liblinkattacher_msgs__rosidl_typesupport_introspection_cpp.so
[0.362s] -- Up-to-date: /home/user/exchange/workspace/install/linkattacher_msgs/lib/liblinkattacher_msgs__rosidl_typesupport_cpp.so
[0.362s] -- Up-to-date: /home/user/exchange/workspace/install/linkattacher_msgs/share/linkattacher_msgs/environment/pythonpath.sh
[0.362s] -- Up-to-date: /home/user/exchange/workspace/install/linkattacher_msgs/share/linkattacher_msgs/environment/pythonpath.dsv
[0.362s] -- Up-to-date: /home/user/exchange/workspace/install/linkattacher_msgs/local/lib/python3.10/dist-packages/linkattacher_msgs-0.0.0-py3.10.egg-info
[0.362s] -- Installing: /home/user/exchange/workspace/install/linkattacher_msgs/local/lib/python3.10/dist-packages/linkattacher_msgs-0.0.0-py3.10.egg-info/SOURCES.txt
[0.362s] -- Installing: /home/user/exchange/workspace/install/linkattacher_msgs/local/lib/python3.10/dist-packages/linkattacher_msgs-0.0.0-py3.10.egg-info/dependency_links.txt
[0.362s] -- Installing: /home/user/exchange/workspace/install/linkattacher_msgs/local/lib/python3.10/dist-packages/linkattacher_msgs-0.0.0-py3.10.egg-info/top_level.txt
[0.362s] -- Installing: /home/user/exchange/workspace/install/linkattacher_msgs/local/lib/python3.10/dist-packages/linkattacher_msgs-0.0.0-py3.10.egg-info/PKG-INFO
[0.362s] -- Up-to-date: /home/user/exchange/workspace/install/linkattacher_msgs/local/lib/python3.10/dist-packages/linkattacher_msgs
[0.362s] -- Up-to-date: /home/user/exchange/workspace/install/linkattacher_msgs/local/lib/python3.10/dist-packages/linkattacher_msgs/_linkattacher_msgs_s.ep.rosidl_typesupport_c.c
[0.362s] -- Up-to-date: /home/user/exchange/workspace/install/linkattacher_msgs/local/lib/python3.10/dist-packages/linkattacher_msgs/linkattacher_msgs_s__rosidl_typesupport_introspection_c.cpython-310-x86_64-linux-gnu.so
[0.363s] -- Up-to-date: /home/user/exchange/workspace/install/linkattacher_msgs/local/lib/python3.10/dist-packages/linkattacher_msgs/__init__.py
[0.363s] -- Up-to-date: /home/user/exchange/workspace/install/linkattacher_msgs/local/lib/python3.10/dist-packages/linkattacher_msgs/linkattacher_msgs_s__rosidl_typesupport_fastrtps_c.cpython-310-x86_64-linux-gnu.so
[0.363s] -- Up-to-date: /home/user/exchange/workspace/install/linkattacher_msgs/local/lib/python3.10/dist-packages/linkattacher_msgs/_linkattacher_msgs_s.ep.rosidl_typesupport_fastrtps_c.c
[0.363s] -- Up-to-date: /home/user/exchange/workspace/install/linkattacher_msgs/local/lib/python3.10/dist-packages/linkattacher_msgs/liblinkattacher_msgs__rosidl_generator_py.so
[0.363s] -- Up-to-date: /home/user/exchange/workspace/install/linkattacher_msgs/local/lib/python3.10/dist-packages/linkattacher_msgs/_linkattacher_msgs_s.ep.rosidl_typesupport_introspection_c.c
[0.363s] -- Up-to-date: /home/user/exchange/workspace/install/linkattacher_msgs/local/lib/python3.10/dist-packages/linkattacher_msgs/srv
[0.363s] -- Up-to-date: /home/user/exchange/workspace/install/linkattacher_msgs/local/lib/python3.10/dist-packages/linkattacher_msgs/srv/_detach_link_s.c
[0.363s] -- Up-to-date: /home/user/exchange/workspace/install/linkattacher_msgs/local/lib/python3.10/dist-packages/linkattacher_msgs/srv/_detach_link.py
[0.363s] -- Up-to-date: /home/user/exchange/workspace/install/linkattacher_msgs/local/lib/python3.10/dist-packages/linkattacher_msgs/srv/__init__.py
[0.363s] -- Up-to-date: /home/user/exchange/workspace/install/linkattacher_msgs/local/lib/python3.10/dist-packages/linkattacher_msgs/srv/_attach_link_s.c
[0.363s] -- Up-to-date: /home/user/exchange/workspace/install/linkattacher_msgs/local/lib/python3.10/dist-packages/linkattacher_msgs/srv/_attach_link.py
[0.363s] -- Up-to-date: /home/user/exchange/workspace/install/linkattacher_msgs/local/lib/python3.10/dist-packages/linkattacher_msgs/linkattacher_msgs_s__rosidl_typesupport_c.cpython-310-x86_64-linux-gnu.so
[0.386s] Listing '/home/user/exchange/workspace/install/linkattacher_msgs/local/lib/python3.10/dist-packages/linkattacher_msgs'...
[0.386s] Listing '/home/user/exchange/workspace/install/linkattacher_msgs/local/lib/python3.10/dist-packages/linkattacher_msgs/srv'...
[0.389s] -- Up-to-date: /home/user/exchange/workspace/install/linkattacher_msgs/local/lib/python3.10/dist-packages/linkattacher_msgs/linkattacher_msgs_s__rosidl_typesupport_fastrtps_c.cpython-310-x86_64-linux-gnu.so
[0.389s] -- Up-to-date: /home/user/exchange/workspace/install/linkattacher_msgs/local/lib/python3.10/dist-packages/linkattacher_msgs/linkattacher_msgs_s__rosidl_typesupport_introspection_c.cpython-310-x86_64-linux-gnu.so
[0.389s] -- Up-to-date: /home/user/exchange/workspace/install/linkattacher_msgs/local/lib/python3.10/dist-packages/linkattacher_msgs/linkattacher_msgs_s__rosidl_typesupport_c.cpython-310-x86_64-linux-gnu.so
[0.389s] -- Up-to-date: /home/user/exchange/workspace/install/linkattacher_msgs/lib/liblinkattacher_msgs__rosidl_generator_py.so
[0.389s] -- Up-to-date: /home/user/exchange/workspace/install/linkattacher_msgs/share/linkattacher_msgs/srv/AttachLink.idl
[0.389s] -- Up-to-date: /home/user/exchange/workspace/install/linkattacher_msgs/share/linkattacher_msgs/srv/DetachLink.idl
[0.389s] -- Up-to-date: /home/user/exchange/workspace/install/linkattacher_msgs/share/linkattacher_msgs/srv/AttachLink.srv
[0.389s] -- Up-to-date: /home/user/exchange/workspace/install/linkattacher_msgs/share/linkattacher_msgs/srv/AttachLink_Request.msg
[0.390s] -- Up-to-date: /home/user/exchange/workspace/install/linkattacher_msgs/share/linkattacher_msgs/srv/AttachLink_Response.msg
[0.390s] -- Up-to-date: /home/user/exchange/workspace/install/linkattacher_msgs/share/linkattacher_msgs/srv/DetachLink.srv
[0.390s] -- Up-to-date: /home/user/exchange/workspace/install/linkattacher_msgs/share/linkattacher_msgs/srv/DetachLink_Request.msg
[0.390s] -- Up-to-date: /home/user/exchange/workspace/install/linkattacher_msgs/share/linkattacher_msgs/srv/DetachLink_Response.msg
[0.390s] -- Up-to-date: /home/user/exchange/workspace/install/linkattacher_msgs/share/ament_index/resource_index/package_run_dependencies/linkattacher_msgs
[0.390s] -- Up-to-date: /home/user/exchange/workspace/install/linkattacher_msgs/share/ament_index/resource_index/parent_prefix_path/linkattacher_msgs
[0.390s] -- Up-to-date: /home/user/exchange/workspace/install/linkattacher_msgs/share/linkattacher_msgs/environment/ament_prefix_path.sh
[0.390s] -- Up-to-date: /home/user/exchange/workspace/install/linkattacher_msgs/share/linkattacher_msgs/environment/ament_prefix_path.dsv
[0.390s] -- Up-to-date: /home/user/exchange/workspace/install/linkattacher_msgs/share/linkattacher_msgs/environment/path.sh
[0.390s] -- Up-to-date: /home/user/exchange/workspace/install/linkattacher_msgs/share/linkattacher_msgs/environment/path.dsv
[0.390s] -- Up-to-date: /home/user/exchange/workspace/install/linkattacher_msgs/share/linkattacher_msgs/local_setup.bash
[0.390s] -- Up-to-date: /home/user/exchange/workspace/install/linkattacher_msgs/share/linkattacher_msgs/local_setup.sh
[0.390s] -- Up-to-date: /home/user/exchange/workspace/install/linkattacher_msgs/share/linkattacher_msgs/local_setup.zsh
[0.390s] -- Up-to-date: /home/user/exchange/workspace/install/linkattacher_msgs/share/linkattacher_msgs/local_setup.dsv
[0.390s] -- Installing: /home/user/exchange/workspace/install/linkattacher_msgs/share/linkattacher_msgs/package.dsv
[0.390s] -- Up-to-date: /home/user/exchange/workspace/install/linkattacher_msgs/share/ament_index/resource_index/packages/linkattacher_msgs
[0.390s] -- Up-to-date: /home/user/exchange/workspace/install/linkattacher_msgs/share/linkattacher_msgs/cmake/export_linkattacher_msgs__rosidl_generator_cExport.cmake
[0.390s] -- Up-to-date: /home/user/exchange/workspace/install/linkattacher_msgs/share/linkattacher_msgs/cmake/export_linkattacher_msgs__rosidl_generator_cExport-noconfig.cmake
[0.390s] -- Up-to-date: /home/user/exchange/workspace/install/linkattacher_msgs/share/linkattacher_msgs/cmake/export_linkattacher_msgs__rosidl_typesupport_fastrtps_cExport.cmake
[0.390s] -- Up-to-date: /home/user/exchange/workspace/install/linkattacher_msgs/share/linkattacher_msgs/cmake/export_linkattacher_msgs__rosidl_typesupport_fastrtps_cExport-noconfig.cmake
[0.390s] -- Up-to-date: /home/user/exchange/workspace/install/linkattacher_msgs/share/linkattacher_msgs/cmake/linkattacher_msgs__rosidl_typesupport_introspection_cExport.cmake
[0.390s] -- Up-to-date: /home/user/exchange/workspace/install/linkattacher_msgs/share/linkattacher_msgs/cmake/linkattacher_msgs__rosidl_typesupport_introspection_cExport-noconfig.cmake
[0.390s] -- Up-to-date: /home/user/exchange/workspace/install/linkattacher_msgs/share/linkattacher_msgs/cmake/linkattacher_msgs__rosidl_typesupport_cExport.cmake
[0.390s] -- Up-to-date: /home/user/exchange/workspace/install/linkattacher_msgs/share/linkattacher_msgs/cmake/linkattacher_msgs__rosidl_typesupport_cExport-noconfig.cmake
[0.391s] -- Up-to-date: /home/user/exchange/workspace/install/linkattacher_msgs/share/linkattacher_msgs/cmake/export_linkattacher_msgs__rosidl_generator_cppExport.cmake
[0.391s] -- Up-to-date: /home/user/exchange/workspace/install/linkattacher_msgs/share/linkattacher_msgs/cmake/export_linkattacher_msgs__rosidl_typesupport_fastrtps_cppExport.cmake
[0.391s] -- Up-to-date: /home/user/exchange/workspace/install/linkattacher_msgs/share/linkattacher_msgs/cmake/export_linkattacher_msgs__rosidl_typesupport_fastrtps_cppExport-noconfig.cmake
[0.391s] -- Up-to-date: /home/user/exchange/workspace/install/linkattacher_msgs/share/linkattacher_msgs/cmake/linkattacher_msgs__rosidl_typesupport_introspection_cppExport.cmake
[0.391s] -- Up-to-date: /home/user/exchange/workspace/install/linkattacher_msgs/share/linkattacher_msgs/cmake/linkattacher_msgs__rosidl_typesupport_introspection_cppExport-noconfig.cmake
[0.391s] -- Up-to-date: /home/user/exchange/workspace/install/linkattacher_msgs/share/linkattacher_msgs/cmake/linkattacher_msgs__rosidl_typesupport_cppExport.cmake
[0.391s] -- Up-to-date: /home/user/exchange/workspace/install/linkattacher_msgs/share/linkattacher_msgs/cmake/linkattacher_msgs__rosidl_typesupport_cppExport-noconfig.cmake
[0.391s] -- Up-to-date: /home/user/exchange/workspace/install/linkattacher_msgs/share/linkattacher_msgs/cmake/export_linkattacher_msgs__rosidl_generator_pyExport.cmake
[0.391s] -- Up-to-date: /home/user/exchange/workspace/install/linkattacher_msgs/share/linkattacher_msgs/cmake/export_linkattacher_msgs__rosidl_generator_pyExport-noconfig.cmake
[0.391s] -- Up-to-date: /home/user/exchange/workspace/install/linkattacher_msgs/share/linkattacher_msgs/cmake/rosidl_cmake-extras.cmake
[0.391s] -- Up-to-date: /home/user/exchange/workspace/install/linkattacher_msgs/share/linkattacher_msgs/cmake/ament_cmake_export_include_directories-extras.cmake
[0.391s] -- Up-to-date: /home/user/exchange/workspace/install/linkattacher_msgs/share/linkattacher_msgs/cmake/ament_cmake_export_libraries-extras.cmake
[0.391s] -- Up-to-date: /home/user/exchange/workspace/install/linkattacher_msgs/share/linkattacher_msgs/cmake/ament_cmake_export_targets-extras.cmake
[0.391s] -- Up-to-date: /home/user/exchange/workspace/install/linkattacher_msgs/share/linkattacher_msgs/cmake/rosidl_cmake_export_typesupport_targets-extras.cmake
[0.391s] -- Up-to-date: /home/user/exchange/workspace/install/linkattacher_msgs/share/linkattacher_msgs/cmake/ament_cmake_export_dependencies-extras.cmake
[0.391s] -- Up-to-date: /home/user/exchange/workspace/install/linkattacher_msgs/share/linkattacher_msgs/cmake/rosidl_cmake_export_typesupport_libraries-extras.cmake
[0.391s] -- Up-to-date: /home/user/exchange/workspace/install/linkattacher_msgs/share/linkattacher_msgs/cmake/linkattacher_msgsConfig.cmake
[0.391s] -- Up-to-date: /home/user/exchange/workspace/install/linkattacher_msgs/share/linkattacher_msgs/cmake/linkattacher_msgsConfig-version.cmake
[0.391s] -- Up-to-date: /home/user/exchange/workspace/install/linkattacher_msgs/share/linkattacher_msgs/package.xml
[0.392s] Invoked command in '/home/user/exchange/workspace/build/linkattacher_msgs' returned '0': CMAKE_PREFIX_PATH=/opt/ros/humble /usr/bin/cmake --install /home/user/exchange/workspace/build/linkattacher_msgs
