-- Install configuration: ""
-- Up-to-date: /home/user/exchange/workspace/install/pal_sea_arm_controller_configuration/share/pal_sea_arm_controller_configuration/config
-- Up-to-date: /home/user/exchange/workspace/install/pal_sea_arm_controller_configuration/share/pal_sea_arm_controller_configuration/config/sea_state_broadcaster.yaml
-- Up-to-date: /home/user/exchange/workspace/install/pal_sea_arm_controller_configuration/share/pal_sea_arm_controller_configuration/config/inertia_shaping_controller
-- Up-to-date: /home/user/exchange/workspace/install/pal_sea_arm_controller_configuration/share/pal_sea_arm_controller_configuration/config/inertia_shaping_controller/S_plus_params.yaml
-- Up-to-date: /home/user/exchange/workspace/install/pal_sea_arm_controller_configuration/share/pal_sea_arm_controller_configuration/config/inertia_shaping_controller/XS_analytic_params.yaml
-- Up-to-date: /home/user/exchange/workspace/install/pal_sea_arm_controller_configuration/share/pal_sea_arm_controller_configuration/config/inertia_shaping_controller/S_minus_analytic_params.yaml
-- Up-to-date: /home/user/exchange/workspace/install/pal_sea_arm_controller_configuration/share/pal_sea_arm_controller_configuration/config/inertia_shaping_controller/XS_params.yaml
-- Up-to-date: /home/user/exchange/workspace/install/pal_sea_arm_controller_configuration/share/pal_sea_arm_controller_configuration/config/inertia_shaping_controller/S_plus_analytic_params.yaml
-- Up-to-date: /home/user/exchange/workspace/install/pal_sea_arm_controller_configuration/share/pal_sea_arm_controller_configuration/config/inertia_shaping_controller/S_minus_params.yaml
-- Up-to-date: /home/user/exchange/workspace/install/pal_sea_arm_controller_configuration/share/pal_sea_arm_controller_configuration/config/ati_controller.yaml
-- Up-to-date: /home/user/exchange/workspace/install/pal_sea_arm_controller_configuration/share/pal_sea_arm_controller_configuration/config/arm_controller.yaml
-- Up-to-date: /home/user/exchange/workspace/install/pal_sea_arm_controller_configuration/share/pal_sea_arm_controller_configuration/config/arm_gravity_compensation_controller_effort_short_wrist.yaml
-- Up-to-date: /home/user/exchange/workspace/install/pal_sea_arm_controller_configuration/share/pal_sea_arm_controller_configuration/config/rokubi_controller.yaml
-- Up-to-date: /home/user/exchange/workspace/install/pal_sea_arm_controller_configuration/share/pal_sea_arm_controller_configuration/config/ft_broadcaster.yaml
-- Up-to-date: /home/user/exchange/workspace/install/pal_sea_arm_controller_configuration/share/pal_sea_arm_controller_configuration/config/arm_controller_short_wrist.yaml
-- Up-to-date: /home/user/exchange/workspace/install/pal_sea_arm_controller_configuration/share/pal_sea_arm_controller_configuration/config/joint_state_broadcaster.yaml
-- Up-to-date: /home/user/exchange/workspace/install/pal_sea_arm_controller_configuration/share/pal_sea_arm_controller_configuration/config/joint_torque_state_broadcaster.yaml
-- Up-to-date: /home/user/exchange/workspace/install/pal_sea_arm_controller_configuration/share/pal_sea_arm_controller_configuration/config/arm_gravity_compensation_controller_effort.yaml
-- Up-to-date: /home/user/exchange/workspace/install/pal_sea_arm_controller_configuration/share/pal_sea_arm_controller_configuration/config/gazebo_controller_manager_cfg.yaml
-- Up-to-date: /home/user/exchange/workspace/install/pal_sea_arm_controller_configuration/share/pal_sea_arm_controller_configuration/config/mujoco_controller_manager_cfg.yaml
-- Up-to-date: /home/user/exchange/workspace/install/pal_sea_arm_controller_configuration/share/pal_sea_arm_controller_configuration/config/arm_gravity_compensation_controller_torque.yaml
-- Up-to-date: /home/user/exchange/workspace/install/pal_sea_arm_controller_configuration/share/pal_sea_arm_controller_configuration/launch
-- Up-to-date: /home/user/exchange/workspace/install/pal_sea_arm_controller_configuration/share/pal_sea_arm_controller_configuration/launch/ft_sensor_broadcaster.launch.py
-- Up-to-date: /home/user/exchange/workspace/install/pal_sea_arm_controller_configuration/share/pal_sea_arm_controller_configuration/launch/default_controllers.launch.py
-- Up-to-date: /home/user/exchange/workspace/install/pal_sea_arm_controller_configuration/share/pal_sea_arm_controller_configuration/launch/inertia_shaping_controllers.launch.py
-- Up-to-date: /home/user/exchange/workspace/install/pal_sea_arm_controller_configuration/share/pal_sea_arm_controller_configuration/launch/sea_state_broadcaster_controller.launch.py
-- Up-to-date: /home/user/exchange/workspace/install/pal_sea_arm_controller_configuration/share/pal_sea_arm_controller_configuration/launch/ft_sensor_controller.launch.py
-- Up-to-date: /home/user/exchange/workspace/install/pal_sea_arm_controller_configuration/share/pal_sea_arm_controller_configuration/launch/gravity_compensation_controller.launch.py
-- Up-to-date: /home/user/exchange/workspace/install/pal_sea_arm_controller_configuration/share/pal_sea_arm_controller_configuration/launch/arm_controller.launch.py
-- Up-to-date: /home/user/exchange/workspace/install/pal_sea_arm_controller_configuration/share/ament_index/resource_index/package_run_dependencies/pal_sea_arm_controller_configuration
-- Up-to-date: /home/user/exchange/workspace/install/pal_sea_arm_controller_configuration/share/ament_index/resource_index/parent_prefix_path/pal_sea_arm_controller_configuration
-- Up-to-date: /home/user/exchange/workspace/install/pal_sea_arm_controller_configuration/share/pal_sea_arm_controller_configuration/environment/ament_prefix_path.sh
-- Up-to-date: /home/user/exchange/workspace/install/pal_sea_arm_controller_configuration/share/pal_sea_arm_controller_configuration/environment/ament_prefix_path.dsv
-- Up-to-date: /home/user/exchange/workspace/install/pal_sea_arm_controller_configuration/share/pal_sea_arm_controller_configuration/environment/path.sh
-- Up-to-date: /home/user/exchange/workspace/install/pal_sea_arm_controller_configuration/share/pal_sea_arm_controller_configuration/environment/path.dsv
-- Up-to-date: /home/user/exchange/workspace/install/pal_sea_arm_controller_configuration/share/pal_sea_arm_controller_configuration/local_setup.bash
-- Up-to-date: /home/user/exchange/workspace/install/pal_sea_arm_controller_configuration/share/pal_sea_arm_controller_configuration/local_setup.sh
-- Up-to-date: /home/user/exchange/workspace/install/pal_sea_arm_controller_configuration/share/pal_sea_arm_controller_configuration/local_setup.zsh
-- Up-to-date: /home/user/exchange/workspace/install/pal_sea_arm_controller_configuration/share/pal_sea_arm_controller_configuration/local_setup.dsv
-- Up-to-date: /home/user/exchange/workspace/install/pal_sea_arm_controller_configuration/share/pal_sea_arm_controller_configuration/package.dsv
-- Up-to-date: /home/user/exchange/workspace/install/pal_sea_arm_controller_configuration/share/ament_index/resource_index/packages/pal_sea_arm_controller_configuration
-- Up-to-date: /home/user/exchange/workspace/install/pal_sea_arm_controller_configuration/share/pal_sea_arm_controller_configuration/cmake/pal_sea_arm_controller_configurationConfig.cmake
-- Up-to-date: /home/user/exchange/workspace/install/pal_sea_arm_controller_configuration/share/pal_sea_arm_controller_configuration/cmake/pal_sea_arm_controller_configurationConfig-version.cmake
-- Up-to-date: /home/user/exchange/workspace/install/pal_sea_arm_controller_configuration/share/pal_sea_arm_controller_configuration/package.xml
