[0.006s] Invoking command in '/home/user/exchange/workspace/build/tiago_pro_navigation': AMENT_PREFIX_PATH=/home/user/exchange/workspace/install/tiago_pro_rgbd_sensors:/home/user/exchange/workspace/install/tiago_pro_laser_sensors:/home/user/exchange/workspace/install/tiago_pro_2dnav:${AMENT_PREFIX_PATH} CMAKE_PREFIX_PATH=/home/user/exchange/workspace/install/tiago_pro_rgbd_sensors:/home/user/exchange/workspace/install/tiago_pro_laser_sensors:/home/user/exchange/workspace/install/tiago_pro_2dnav:/opt/ros/humble /usr/bin/cmake /home/user/exchange/workspace/src/tiago_pro_navigation/tiago_pro_navigation -DCMAKE_INSTALL_PREFIX=/home/user/exchange/workspace/install/tiago_pro_navigation
[0.039s] -- The C compiler identification is GNU 11.4.0
[0.074s] -- The CXX compiler identification is GNU 11.4.0
[0.078s] -- Detecting C compiler ABI info
[0.118s] -- Detecting C compiler ABI info - done
[0.127s] -- Check for working C compiler: /usr/bin/cc - skipped
[0.127s] -- Detecting C compile features
[0.127s] -- Detecting C compile features - done
[0.130s] -- Detecting CXX compiler ABI info
[0.192s] -- Detecting CXX compiler ABI info - done
[0.200s] -- Check for working CXX compiler: /usr/bin/c++ - skipped
[0.200s] -- Detecting CXX compile features
[0.201s] -- Detecting CXX compile features - done
[0.203s] -- Found ament_cmake_auto: 1.3.13 (/opt/ros/humble/share/ament_cmake_auto/cmake)
[0.297s] -- Found Python3: /usr/bin/python3 (found version "3.10.12") found components: Interpreter 
[0.428s] -- Configuring done
[0.430s] -- Generating done
[0.431s] -- Build files have been written to: /home/user/exchange/workspace/build/tiago_pro_navigation
[0.434s] Invoked command in '/home/user/exchange/workspace/build/tiago_pro_navigation' returned '0': AMENT_PREFIX_PATH=/home/user/exchange/workspace/install/tiago_pro_rgbd_sensors:/home/user/exchange/workspace/install/tiago_pro_laser_sensors:/home/user/exchange/workspace/install/tiago_pro_2dnav:${AMENT_PREFIX_PATH} CMAKE_PREFIX_PATH=/home/user/exchange/workspace/install/tiago_pro_rgbd_sensors:/home/user/exchange/workspace/install/tiago_pro_laser_sensors:/home/user/exchange/workspace/install/tiago_pro_2dnav:/opt/ros/humble /usr/bin/cmake /home/user/exchange/workspace/src/tiago_pro_navigation/tiago_pro_navigation -DCMAKE_INSTALL_PREFIX=/home/user/exchange/workspace/install/tiago_pro_navigation
[0.435s] Invoking command in '/home/user/exchange/workspace/build/tiago_pro_navigation': AMENT_PREFIX_PATH=/home/user/exchange/workspace/install/tiago_pro_rgbd_sensors:/home/user/exchange/workspace/install/tiago_pro_laser_sensors:/home/user/exchange/workspace/install/tiago_pro_2dnav:${AMENT_PREFIX_PATH} CMAKE_PREFIX_PATH=/home/user/exchange/workspace/install/tiago_pro_rgbd_sensors:/home/user/exchange/workspace/install/tiago_pro_laser_sensors:/home/user/exchange/workspace/install/tiago_pro_2dnav:/opt/ros/humble /usr/bin/cmake --build /home/user/exchange/workspace/build/tiago_pro_navigation -- -j12 -l12
[0.460s] Invoked command in '/home/user/exchange/workspace/build/tiago_pro_navigation' returned '0': AMENT_PREFIX_PATH=/home/user/exchange/workspace/install/tiago_pro_rgbd_sensors:/home/user/exchange/workspace/install/tiago_pro_laser_sensors:/home/user/exchange/workspace/install/tiago_pro_2dnav:${AMENT_PREFIX_PATH} CMAKE_PREFIX_PATH=/home/user/exchange/workspace/install/tiago_pro_rgbd_sensors:/home/user/exchange/workspace/install/tiago_pro_laser_sensors:/home/user/exchange/workspace/install/tiago_pro_2dnav:/opt/ros/humble /usr/bin/cmake --build /home/user/exchange/workspace/build/tiago_pro_navigation -- -j12 -l12
[0.461s] Invoking command in '/home/user/exchange/workspace/build/tiago_pro_navigation': AMENT_PREFIX_PATH=/home/user/exchange/workspace/install/tiago_pro_rgbd_sensors:/home/user/exchange/workspace/install/tiago_pro_laser_sensors:/home/user/exchange/workspace/install/tiago_pro_2dnav:${AMENT_PREFIX_PATH} CMAKE_PREFIX_PATH=/home/user/exchange/workspace/install/tiago_pro_rgbd_sensors:/home/user/exchange/workspace/install/tiago_pro_laser_sensors:/home/user/exchange/workspace/install/tiago_pro_2dnav:/opt/ros/humble /usr/bin/cmake --install /home/user/exchange/workspace/build/tiago_pro_navigation
[0.467s] -- Install configuration: ""
[0.467s] -- Installing: /home/user/exchange/workspace/install/tiago_pro_navigation/share/ament_index/resource_index/package_run_dependencies/tiago_pro_navigation
[0.467s] -- Installing: /home/user/exchange/workspace/install/tiago_pro_navigation/share/ament_index/resource_index/parent_prefix_path/tiago_pro_navigation
[0.468s] -- Installing: /home/user/exchange/workspace/install/tiago_pro_navigation/share/tiago_pro_navigation/environment/ament_prefix_path.sh
[0.468s] -- Installing: /home/user/exchange/workspace/install/tiago_pro_navigation/share/tiago_pro_navigation/environment/ament_prefix_path.dsv
[0.468s] -- Installing: /home/user/exchange/workspace/install/tiago_pro_navigation/share/tiago_pro_navigation/environment/path.sh
[0.468s] -- Installing: /home/user/exchange/workspace/install/tiago_pro_navigation/share/tiago_pro_navigation/environment/path.dsv
[0.468s] -- Installing: /home/user/exchange/workspace/install/tiago_pro_navigation/share/tiago_pro_navigation/local_setup.bash
[0.468s] -- Installing: /home/user/exchange/workspace/install/tiago_pro_navigation/share/tiago_pro_navigation/local_setup.sh
[0.468s] -- Installing: /home/user/exchange/workspace/install/tiago_pro_navigation/share/tiago_pro_navigation/local_setup.zsh
[0.468s] -- Installing: /home/user/exchange/workspace/install/tiago_pro_navigation/share/tiago_pro_navigation/local_setup.dsv
[0.468s] -- Installing: /home/user/exchange/workspace/install/tiago_pro_navigation/share/tiago_pro_navigation/package.dsv
[0.468s] -- Installing: /home/user/exchange/workspace/install/tiago_pro_navigation/share/ament_index/resource_index/packages/tiago_pro_navigation
[0.468s] -- Installing: /home/user/exchange/workspace/install/tiago_pro_navigation/share/tiago_pro_navigation/cmake/tiago_pro_navigationConfig.cmake
[0.468s] -- Installing: /home/user/exchange/workspace/install/tiago_pro_navigation/share/tiago_pro_navigation/cmake/tiago_pro_navigationConfig-version.cmake
[0.469s] -- Installing: /home/user/exchange/workspace/install/tiago_pro_navigation/share/tiago_pro_navigation/package.xml
[0.470s] Invoked command in '/home/user/exchange/workspace/build/tiago_pro_navigation' returned '0': AMENT_PREFIX_PATH=/home/user/exchange/workspace/install/tiago_pro_rgbd_sensors:/home/user/exchange/workspace/install/tiago_pro_laser_sensors:/home/user/exchange/workspace/install/tiago_pro_2dnav:${AMENT_PREFIX_PATH} CMAKE_PREFIX_PATH=/home/user/exchange/workspace/install/tiago_pro_rgbd_sensors:/home/user/exchange/workspace/install/tiago_pro_laser_sensors:/home/user/exchange/workspace/install/tiago_pro_2dnav:/opt/ros/humble /usr/bin/cmake --install /home/user/exchange/workspace/build/tiago_pro_navigation
