[0.005s] Invoking command in '/home/user/exchange/workspace/build/pal_sea_arm_description': AMENT_PREFIX_PATH=/home/user/exchange/workspace/install/pal_sea_arm_controller_configuration:/home/user/exchange/workspace/install/pal_pro_gripper_controller_configuration:/home/user/exchange/workspace/install/pal_pro_gripper_wrapper:/home/user/exchange/workspace/install/pal_pro_gripper_description:${AMENT_PREFIX_PATH} CMAKE_PREFIX_PATH=/home/user/exchange/workspace/install/pal_sea_arm_controller_configuration:/home/user/exchange/workspace/install/pal_pro_gripper_controller_configuration:/home/user/exchange/workspace/install/pal_pro_gripper_description:/opt/ros/humble PYTHONPATH=/home/user/exchange/workspace/install/pal_pro_gripper_wrapper/lib/python3.10/site-packages:/home/user/exchange/workspace/install/pal_pro_gripper_description/local/lib/python3.10/dist-packages:${PYTHONPATH} /usr/bin/cmake /home/user/exchange/workspace/src/pal_sea_arm/pal_sea_arm_description -DCMAKE_INSTALL_PREFIX=/home/user/exchange/workspace/install/pal_sea_arm_description
[0.037s] -- The C compiler identification is GNU 11.4.0
[0.071s] -- The CXX compiler identification is GNU 11.4.0
[0.075s] -- Detecting C compiler ABI info
[0.116s] -- Detecting C compiler ABI info - done
[0.121s] -- Check for working C compiler: /usr/bin/cc - skipped
[0.121s] -- Detecting C compile features
[0.121s] -- Detecting C compile features - done
[0.124s] -- Detecting CXX compiler ABI info
[0.171s] -- Detecting CXX compiler ABI info - done
[0.176s] -- Check for working CXX compiler: /usr/bin/c++ - skipped
[0.176s] -- Detecting CXX compile features
[0.176s] -- Detecting CXX compile features - done
[0.178s] -- Found ament_cmake_auto: 1.3.13 (/opt/ros/humble/share/ament_cmake_auto/cmake)
[0.262s] -- Found Python3: /usr/bin/python3 (found version "3.10.12") found components: Interpreter 
[0.386s] -- Found ament_lint_auto: 0.12.15 (/opt/ros/humble/share/ament_lint_auto/cmake)
[0.403s] -- Found python_cmake_module: 0.10.0 (/opt/ros/humble/share/python_cmake_module/cmake)
[0.413s] -- Found PythonInterp: /usr/bin/python3 (found suitable version "3.10.12", minimum required is "3.6") 
[0.420s] -- Found PythonLibs: /usr/lib/x86_64-linux-gnu/libpython3.10.so (found suitable version "3.10.12", minimum required is "3.5") 
[0.420s] -- Using PYTHON_EXECUTABLE: /usr/bin/python3
[0.420s] -- Using PYTHON_INCLUDE_DIRS: /usr/include/python3.10
[0.420s] -- Using PYTHON_LIBRARIES: /usr/lib/x86_64-linux-gnu/libpython3.10.so
[0.431s] -- Found PythonExtra: .so  
[0.635s] -- Added test 'copyright' to check source files copyright and LICENSE
[0.642s] -- Added test 'flake8' to check Python code syntax and style conventions
[0.643s] -- Added test 'lint_cmake' to check CMake code style
[0.644s] -- Added test 'pep257' to check Python code against some of the docstring style conventions in PEP 257
[0.648s] -- Added test 'xmllint' to check XML markup files
[0.649s] -- Configuring done
[0.651s] -- Generating done
[0.653s] -- Build files have been written to: /home/user/exchange/workspace/build/pal_sea_arm_description
[0.656s] Invoked command in '/home/user/exchange/workspace/build/pal_sea_arm_description' returned '0': AMENT_PREFIX_PATH=/home/user/exchange/workspace/install/pal_sea_arm_controller_configuration:/home/user/exchange/workspace/install/pal_pro_gripper_controller_configuration:/home/user/exchange/workspace/install/pal_pro_gripper_wrapper:/home/user/exchange/workspace/install/pal_pro_gripper_description:${AMENT_PREFIX_PATH} CMAKE_PREFIX_PATH=/home/user/exchange/workspace/install/pal_sea_arm_controller_configuration:/home/user/exchange/workspace/install/pal_pro_gripper_controller_configuration:/home/user/exchange/workspace/install/pal_pro_gripper_description:/opt/ros/humble PYTHONPATH=/home/user/exchange/workspace/install/pal_pro_gripper_wrapper/lib/python3.10/site-packages:/home/user/exchange/workspace/install/pal_pro_gripper_description/local/lib/python3.10/dist-packages:${PYTHONPATH} /usr/bin/cmake /home/user/exchange/workspace/src/pal_sea_arm/pal_sea_arm_description -DCMAKE_INSTALL_PREFIX=/home/user/exchange/workspace/install/pal_sea_arm_description
[0.657s] Invoking command in '/home/user/exchange/workspace/build/pal_sea_arm_description': AMENT_PREFIX_PATH=/home/user/exchange/workspace/install/pal_sea_arm_controller_configuration:/home/user/exchange/workspace/install/pal_pro_gripper_controller_configuration:/home/user/exchange/workspace/install/pal_pro_gripper_wrapper:/home/user/exchange/workspace/install/pal_pro_gripper_description:${AMENT_PREFIX_PATH} CMAKE_PREFIX_PATH=/home/user/exchange/workspace/install/pal_sea_arm_controller_configuration:/home/user/exchange/workspace/install/pal_pro_gripper_controller_configuration:/home/user/exchange/workspace/install/pal_pro_gripper_description:/opt/ros/humble PYTHONPATH=/home/user/exchange/workspace/install/pal_pro_gripper_wrapper/lib/python3.10/site-packages:/home/user/exchange/workspace/install/pal_pro_gripper_description/local/lib/python3.10/dist-packages:${PYTHONPATH} /usr/bin/cmake --build /home/user/exchange/workspace/build/pal_sea_arm_description -- -j12 -l12
[0.688s] Built target ament_cmake_python_copy_pal_sea_arm_description
[0.810s] running egg_info
[0.811s] creating pal_sea_arm_description.egg-info
[0.811s] writing pal_sea_arm_description.egg-info/PKG-INFO
[0.811s] writing dependency_links to pal_sea_arm_description.egg-info/dependency_links.txt
[0.811s] writing top-level names to pal_sea_arm_description.egg-info/top_level.txt
[0.811s] writing manifest file 'pal_sea_arm_description.egg-info/SOURCES.txt'
[0.812s] reading manifest file 'pal_sea_arm_description.egg-info/SOURCES.txt'
[0.813s] writing manifest file 'pal_sea_arm_description.egg-info/SOURCES.txt'
[0.832s] Built target ament_cmake_python_build_pal_sea_arm_description_egg
[0.838s] Invoked command in '/home/user/exchange/workspace/build/pal_sea_arm_description' returned '0': AMENT_PREFIX_PATH=/home/user/exchange/workspace/install/pal_sea_arm_controller_configuration:/home/user/exchange/workspace/install/pal_pro_gripper_controller_configuration:/home/user/exchange/workspace/install/pal_pro_gripper_wrapper:/home/user/exchange/workspace/install/pal_pro_gripper_description:${AMENT_PREFIX_PATH} CMAKE_PREFIX_PATH=/home/user/exchange/workspace/install/pal_sea_arm_controller_configuration:/home/user/exchange/workspace/install/pal_pro_gripper_controller_configuration:/home/user/exchange/workspace/install/pal_pro_gripper_description:/opt/ros/humble PYTHONPATH=/home/user/exchange/workspace/install/pal_pro_gripper_wrapper/lib/python3.10/site-packages:/home/user/exchange/workspace/install/pal_pro_gripper_description/local/lib/python3.10/dist-packages:${PYTHONPATH} /usr/bin/cmake --build /home/user/exchange/workspace/build/pal_sea_arm_description -- -j12 -l12
[0.840s] Invoking command in '/home/user/exchange/workspace/build/pal_sea_arm_description': AMENT_PREFIX_PATH=/home/user/exchange/workspace/install/pal_sea_arm_controller_configuration:/home/user/exchange/workspace/install/pal_pro_gripper_controller_configuration:/home/user/exchange/workspace/install/pal_pro_gripper_wrapper:/home/user/exchange/workspace/install/pal_pro_gripper_description:${AMENT_PREFIX_PATH} CMAKE_PREFIX_PATH=/home/user/exchange/workspace/install/pal_sea_arm_controller_configuration:/home/user/exchange/workspace/install/pal_pro_gripper_controller_configuration:/home/user/exchange/workspace/install/pal_pro_gripper_description:/opt/ros/humble PYTHONPATH=/home/user/exchange/workspace/install/pal_pro_gripper_wrapper/lib/python3.10/site-packages:/home/user/exchange/workspace/install/pal_pro_gripper_description/local/lib/python3.10/dist-packages:${PYTHONPATH} /usr/bin/cmake --install /home/user/exchange/workspace/build/pal_sea_arm_description
[0.844s] -- Install configuration: ""
[0.844s] -- Installing: /home/user/exchange/workspace/install/pal_sea_arm_description/share/pal_sea_arm_description/environment/pythonpath.sh
[0.844s] -- Installing: /home/user/exchange/workspace/install/pal_sea_arm_description/share/pal_sea_arm_description/environment/pythonpath.dsv
[0.844s] -- Installing: /home/user/exchange/workspace/install/pal_sea_arm_description/local/lib/python3.10/dist-packages/pal_sea_arm_description-2.8.1-py3.10.egg-info
[0.844s] -- Installing: /home/user/exchange/workspace/install/pal_sea_arm_description/local/lib/python3.10/dist-packages/pal_sea_arm_description-2.8.1-py3.10.egg-info/SOURCES.txt
[0.844s] -- Installing: /home/user/exchange/workspace/install/pal_sea_arm_description/local/lib/python3.10/dist-packages/pal_sea_arm_description-2.8.1-py3.10.egg-info/dependency_links.txt
[0.844s] -- Installing: /home/user/exchange/workspace/install/pal_sea_arm_description/local/lib/python3.10/dist-packages/pal_sea_arm_description-2.8.1-py3.10.egg-info/top_level.txt
[0.844s] -- Installing: /home/user/exchange/workspace/install/pal_sea_arm_description/local/lib/python3.10/dist-packages/pal_sea_arm_description-2.8.1-py3.10.egg-info/PKG-INFO
[0.844s] -- Installing: /home/user/exchange/workspace/install/pal_sea_arm_description/local/lib/python3.10/dist-packages/pal_sea_arm_description
[0.844s] -- Installing: /home/user/exchange/workspace/install/pal_sea_arm_description/local/lib/python3.10/dist-packages/pal_sea_arm_description/launch_arguments.py
[0.844s] -- Installing: /home/user/exchange/workspace/install/pal_sea_arm_description/local/lib/python3.10/dist-packages/pal_sea_arm_description/__init__.py
[0.844s] -- Installing: /home/user/exchange/workspace/install/pal_sea_arm_description/local/lib/python3.10/dist-packages/pal_sea_arm_description/pal_sea_arm_utils.py
[0.865s] Listing '/home/user/exchange/workspace/install/pal_sea_arm_description/local/lib/python3.10/dist-packages/pal_sea_arm_description'...
[0.866s] Compiling '/home/user/exchange/workspace/install/pal_sea_arm_description/local/lib/python3.10/dist-packages/pal_sea_arm_description/__init__.py'...
[0.866s] Compiling '/home/user/exchange/workspace/install/pal_sea_arm_description/local/lib/python3.10/dist-packages/pal_sea_arm_description/launch_arguments.py'...
[0.866s] Compiling '/home/user/exchange/workspace/install/pal_sea_arm_description/local/lib/python3.10/dist-packages/pal_sea_arm_description/pal_sea_arm_utils.py'...
[0.869s] -- Installing: /home/user/exchange/workspace/install/pal_sea_arm_description/share/pal_sea_arm_description/config
[0.869s] -- Installing: /home/user/exchange/workspace/install/pal_sea_arm_description/share/pal_sea_arm_description/config/pal_sea_arm_configuration.yaml
[0.869s] -- Installing: /home/user/exchange/workspace/install/pal_sea_arm_description/share/pal_sea_arm_description/config/show.rviz
[0.869s] -- Installing: /home/user/exchange/workspace/install/pal_sea_arm_description/share/pal_sea_arm_description/gazebo
[0.869s] -- Installing: /home/user/exchange/workspace/install/pal_sea_arm_description/share/pal_sea_arm_description/gazebo/gazebo.urdf.xacro
[0.869s] -- Installing: /home/user/exchange/workspace/install/pal_sea_arm_description/share/pal_sea_arm_description/launch
[0.869s] -- Installing: /home/user/exchange/workspace/install/pal_sea_arm_description/share/pal_sea_arm_description/launch/robot_state_publisher.launch.py
[0.869s] -- Installing: /home/user/exchange/workspace/install/pal_sea_arm_description/share/pal_sea_arm_description/launch/show.launch.py
[0.869s] -- Installing: /home/user/exchange/workspace/install/pal_sea_arm_description/share/pal_sea_arm_description/meshes
[0.869s] -- Installing: /home/user/exchange/workspace/install/pal_sea_arm_description/share/pal_sea_arm_description/meshes/arm_tiago_sea
[0.869s] -- Installing: /home/user/exchange/workspace/install/pal_sea_arm_description/share/pal_sea_arm_description/meshes/arm_tiago_sea/arm_2_link_collision.stl
[0.869s] -- Installing: /home/user/exchange/workspace/install/pal_sea_arm_description/share/pal_sea_arm_description/meshes/arm_tiago_sea/straight-wrist
[0.869s] -- Installing: /home/user/exchange/workspace/install/pal_sea_arm_description/share/pal_sea_arm_description/meshes/arm_tiago_sea/straight-wrist/arm_5_link_collision.stl
[0.869s] -- Installing: /home/user/exchange/workspace/install/pal_sea_arm_description/share/pal_sea_arm_description/meshes/arm_tiago_sea/straight-wrist/arm_7_link.stl
[0.869s] -- Installing: /home/user/exchange/workspace/install/pal_sea_arm_description/share/pal_sea_arm_description/meshes/arm_tiago_sea/straight-wrist/arm_6_link_collision.stl
[0.870s] -- Installing: /home/user/exchange/workspace/install/pal_sea_arm_description/share/pal_sea_arm_description/meshes/arm_tiago_sea/straight-wrist/arm_7_link_collision.stl
[0.870s] -- Installing: /home/user/exchange/workspace/install/pal_sea_arm_description/share/pal_sea_arm_description/meshes/arm_tiago_sea/straight-wrist/arm_5_link.stl
[0.870s] -- Installing: /home/user/exchange/workspace/install/pal_sea_arm_description/share/pal_sea_arm_description/meshes/arm_tiago_sea/straight-wrist/arm_6_link.stl
[0.871s] -- Installing: /home/user/exchange/workspace/install/pal_sea_arm_description/share/pal_sea_arm_description/meshes/arm_tiago_sea/arm_3_link_collision.stl
[0.871s] -- Installing: /home/user/exchange/workspace/install/pal_sea_arm_description/share/pal_sea_arm_description/meshes/arm_tiago_sea/arm_3_link.stl
[0.871s] -- Installing: /home/user/exchange/workspace/install/pal_sea_arm_description/share/pal_sea_arm_description/meshes/arm_tiago_sea/tool_changer_link_original.stl
[0.872s] -- Installing: /home/user/exchange/workspace/install/pal_sea_arm_description/share/pal_sea_arm_description/meshes/arm_tiago_sea/tool_changer_link.stl
[0.872s] -- Installing: /home/user/exchange/workspace/install/pal_sea_arm_description/share/pal_sea_arm_description/meshes/arm_tiago_sea/arm_2_link.stl
[0.873s] -- Installing: /home/user/exchange/workspace/install/pal_sea_arm_description/share/pal_sea_arm_description/meshes/arm_tiago_sea/arm_4_link_collision.stl
[0.873s] -- Installing: /home/user/exchange/workspace/install/pal_sea_arm_description/share/pal_sea_arm_description/meshes/arm_tiago_sea/arm_4_link.stl
[0.873s] -- Installing: /home/user/exchange/workspace/install/pal_sea_arm_description/share/pal_sea_arm_description/meshes/arm_tiago_sea/arm_1_link_collision.stl
[0.873s] -- Installing: /home/user/exchange/workspace/install/pal_sea_arm_description/share/pal_sea_arm_description/meshes/arm_tiago_sea/tool_changer_link_collision.stl
[0.874s] -- Installing: /home/user/exchange/workspace/install/pal_sea_arm_description/share/pal_sea_arm_description/meshes/arm_tiago_sea/arm_1_link.stl
[0.874s] -- Installing: /home/user/exchange/workspace/install/pal_sea_arm_description/share/pal_sea_arm_description/meshes/pal_sea_arm_standalone
[0.874s] -- Installing: /home/user/exchange/workspace/install/pal_sea_arm_description/share/pal_sea_arm_description/meshes/pal_sea_arm_standalone/arm_2_link_collision.stl
[0.874s] -- Installing: /home/user/exchange/workspace/install/pal_sea_arm_description/share/pal_sea_arm_description/meshes/pal_sea_arm_standalone/straight-wrist
[0.874s] -- Installing: /home/user/exchange/workspace/install/pal_sea_arm_description/share/pal_sea_arm_description/meshes/pal_sea_arm_standalone/straight-wrist/arm_5_link_collision.stl
[0.874s] -- Installing: /home/user/exchange/workspace/install/pal_sea_arm_description/share/pal_sea_arm_description/meshes/pal_sea_arm_standalone/straight-wrist/arm_7_link.stl
[0.874s] -- Installing: /home/user/exchange/workspace/install/pal_sea_arm_description/share/pal_sea_arm_description/meshes/pal_sea_arm_standalone/straight-wrist/arm_6_link_collision.stl
[0.875s] -- Installing: /home/user/exchange/workspace/install/pal_sea_arm_description/share/pal_sea_arm_description/meshes/pal_sea_arm_standalone/straight-wrist/arm_7_link_collision.stl
[0.875s] -- Installing: /home/user/exchange/workspace/install/pal_sea_arm_description/share/pal_sea_arm_description/meshes/pal_sea_arm_standalone/straight-wrist/arm_5_link.stl
[0.875s] -- Installing: /home/user/exchange/workspace/install/pal_sea_arm_description/share/pal_sea_arm_description/meshes/pal_sea_arm_standalone/straight-wrist/arm_6_link.stl
[0.876s] -- Installing: /home/user/exchange/workspace/install/pal_sea_arm_description/share/pal_sea_arm_description/meshes/pal_sea_arm_standalone/arm_3_link_collision.stl
[0.876s] -- Installing: /home/user/exchange/workspace/install/pal_sea_arm_description/share/pal_sea_arm_description/meshes/pal_sea_arm_standalone/arm_3_link.stl
[0.877s] -- Installing: /home/user/exchange/workspace/install/pal_sea_arm_description/share/pal_sea_arm_description/meshes/pal_sea_arm_standalone/tool_changer_link_original.stl
[0.877s] -- Installing: /home/user/exchange/workspace/install/pal_sea_arm_description/share/pal_sea_arm_description/meshes/pal_sea_arm_standalone/tool_changer_link.stl
[0.877s] -- Installing: /home/user/exchange/workspace/install/pal_sea_arm_description/share/pal_sea_arm_description/meshes/pal_sea_arm_standalone/arm_2_link.stl
[0.878s] -- Installing: /home/user/exchange/workspace/install/pal_sea_arm_description/share/pal_sea_arm_description/meshes/pal_sea_arm_standalone/arm_4_link_collision.stl
[0.878s] -- Installing: /home/user/exchange/workspace/install/pal_sea_arm_description/share/pal_sea_arm_description/meshes/pal_sea_arm_standalone/arm_4_link.stl
[0.879s] -- Installing: /home/user/exchange/workspace/install/pal_sea_arm_description/share/pal_sea_arm_description/meshes/pal_sea_arm_standalone/spherical-wrist
[0.879s] -- Installing: /home/user/exchange/workspace/install/pal_sea_arm_description/share/pal_sea_arm_description/meshes/pal_sea_arm_standalone/spherical-wrist/arm_5_link_collision.stl
[0.879s] -- Installing: /home/user/exchange/workspace/install/pal_sea_arm_description/share/pal_sea_arm_description/meshes/pal_sea_arm_standalone/spherical-wrist/arm_7_link.stl
[0.879s] -- Installing: /home/user/exchange/workspace/install/pal_sea_arm_description/share/pal_sea_arm_description/meshes/pal_sea_arm_standalone/spherical-wrist/arm_6_link_collision.stl
[0.879s] -- Installing: /home/user/exchange/workspace/install/pal_sea_arm_description/share/pal_sea_arm_description/meshes/pal_sea_arm_standalone/spherical-wrist/arm_7_link_collision.stl
[0.880s] -- Installing: /home/user/exchange/workspace/install/pal_sea_arm_description/share/pal_sea_arm_description/meshes/pal_sea_arm_standalone/spherical-wrist/arm_5_link.stl
[0.880s] -- Installing: /home/user/exchange/workspace/install/pal_sea_arm_description/share/pal_sea_arm_description/meshes/pal_sea_arm_standalone/spherical-wrist/arm_6_link.stl
[0.881s] -- Installing: /home/user/exchange/workspace/install/pal_sea_arm_description/share/pal_sea_arm_description/meshes/pal_sea_arm_standalone/arm_1_link_collision.stl
[0.881s] -- Installing: /home/user/exchange/workspace/install/pal_sea_arm_description/share/pal_sea_arm_description/meshes/pal_sea_arm_standalone/tool_changer_link_collision.stl
[0.881s] -- Installing: /home/user/exchange/workspace/install/pal_sea_arm_description/share/pal_sea_arm_description/meshes/pal_sea_arm_standalone/arm_1_link.stl
[0.882s] -- Installing: /home/user/exchange/workspace/install/pal_sea_arm_description/share/pal_sea_arm_description/meshes/pal_sea_arm_standalone/base_link.stl
[0.883s] -- Installing: /home/user/exchange/workspace/install/pal_sea_arm_description/share/pal_sea_arm_description/meshes/humanoid
[0.883s] -- Installing: /home/user/exchange/workspace/install/pal_sea_arm_description/share/pal_sea_arm_description/meshes/humanoid/arm_cover
[0.883s] -- Installing: /home/user/exchange/workspace/install/pal_sea_arm_description/share/pal_sea_arm_description/meshes/humanoid/arm_cover/arm_cover_link.stl
[0.883s] -- Installing: /home/user/exchange/workspace/install/pal_sea_arm_description/share/pal_sea_arm_description/meshes/humanoid/arm_cover/arm_cover_link_collision.stl
[0.883s] -- Installing: /home/user/exchange/workspace/install/pal_sea_arm_description/share/pal_sea_arm_description/meshes/humanoid/arm
[0.883s] -- Installing: /home/user/exchange/workspace/install/pal_sea_arm_description/share/pal_sea_arm_description/meshes/humanoid/arm/arm3_link.STL
[0.883s] -- Installing: /home/user/exchange/workspace/install/pal_sea_arm_description/share/pal_sea_arm_description/meshes/humanoid/arm/fake_forearm_left_link.stl
[0.884s] -- Installing: /home/user/exchange/workspace/install/pal_sea_arm_description/share/pal_sea_arm_description/meshes/humanoid/arm/fake_forearm_right_link.stl
[0.884s] -- Installing: /home/user/exchange/workspace/install/pal_sea_arm_description/share/pal_sea_arm_description/meshes/humanoid/arm/arm1_link.STL
[0.885s] -- Installing: /home/user/exchange/workspace/install/pal_sea_arm_description/share/pal_sea_arm_description/meshes/humanoid/arm/arm4_link.STL
[0.885s] -- Installing: /home/user/exchange/workspace/install/pal_sea_arm_description/share/pal_sea_arm_description/meshes/humanoid/arm/arm_base_link.STL
[0.885s] -- Installing: /home/user/exchange/workspace/install/pal_sea_arm_description/share/pal_sea_arm_description/meshes/humanoid/arm/arm2_link.STL
[0.885s] -- Installing: /home/user/exchange/workspace/install/pal_sea_arm_description/share/pal_sea_arm_description/meshes/arm_tiago_pro
[0.885s] -- Installing: /home/user/exchange/workspace/install/pal_sea_arm_description/share/pal_sea_arm_description/meshes/arm_tiago_pro/arm_2_link_collision.stl
[0.885s] -- Installing: /home/user/exchange/workspace/install/pal_sea_arm_description/share/pal_sea_arm_description/meshes/arm_tiago_pro/end_effector_camera_realsense_d405.stl
[0.886s] -- Installing: /home/user/exchange/workspace/install/pal_sea_arm_description/share/pal_sea_arm_description/meshes/arm_tiago_pro/straight-wrist
[0.886s] -- Installing: /home/user/exchange/workspace/install/pal_sea_arm_description/share/pal_sea_arm_description/meshes/arm_tiago_pro/straight-wrist/arm_5_link_collision.stl
[0.886s] -- Installing: /home/user/exchange/workspace/install/pal_sea_arm_description/share/pal_sea_arm_description/meshes/arm_tiago_pro/straight-wrist/arm_7_link.stl
[0.886s] -- Installing: /home/user/exchange/workspace/install/pal_sea_arm_description/share/pal_sea_arm_description/meshes/arm_tiago_pro/straight-wrist/arm_6_link_collision.stl
[0.886s] -- Installing: /home/user/exchange/workspace/install/pal_sea_arm_description/share/pal_sea_arm_description/meshes/arm_tiago_pro/straight-wrist/arm_7_link_collision.stl
[0.886s] -- Installing: /home/user/exchange/workspace/install/pal_sea_arm_description/share/pal_sea_arm_description/meshes/arm_tiago_pro/straight-wrist/arm_5_link.stl
[0.887s] -- Installing: /home/user/exchange/workspace/install/pal_sea_arm_description/share/pal_sea_arm_description/meshes/arm_tiago_pro/straight-wrist/arm_6_link.stl
[0.888s] -- Installing: /home/user/exchange/workspace/install/pal_sea_arm_description/share/pal_sea_arm_description/meshes/arm_tiago_pro/arm_base_link.stl
[0.888s] -- Installing: /home/user/exchange/workspace/install/pal_sea_arm_description/share/pal_sea_arm_description/meshes/arm_tiago_pro/arm_3_link_collision.stl
[0.888s] -- Installing: /home/user/exchange/workspace/install/pal_sea_arm_description/share/pal_sea_arm_description/meshes/arm_tiago_pro/arm_3_link.stl
[0.889s] -- Installing: /home/user/exchange/workspace/install/pal_sea_arm_description/share/pal_sea_arm_description/meshes/arm_tiago_pro/tool_changer_link.stl
[0.889s] -- Installing: /home/user/exchange/workspace/install/pal_sea_arm_description/share/pal_sea_arm_description/meshes/arm_tiago_pro/arm_2_link.stl
[0.889s] -- Installing: /home/user/exchange/workspace/install/pal_sea_arm_description/share/pal_sea_arm_description/meshes/arm_tiago_pro/arm_4_link_collision.stl
[0.890s] -- Installing: /home/user/exchange/workspace/install/pal_sea_arm_description/share/pal_sea_arm_description/meshes/arm_tiago_pro/allegro_tc_out_link.STL
[0.890s] -- Installing: /home/user/exchange/workspace/install/pal_sea_arm_description/share/pal_sea_arm_description/meshes/arm_tiago_pro/end_effector_camera_realsense_d435.stl
[0.890s] -- Installing: /home/user/exchange/workspace/install/pal_sea_arm_description/share/pal_sea_arm_description/meshes/arm_tiago_pro/short-wrist
[0.890s] -- Installing: /home/user/exchange/workspace/install/pal_sea_arm_description/share/pal_sea_arm_description/meshes/arm_tiago_pro/short-wrist/arm_5_link_collision.stl
[0.891s] -- Installing: /home/user/exchange/workspace/install/pal_sea_arm_description/share/pal_sea_arm_description/meshes/arm_tiago_pro/short-wrist/arm_5_link.stl
[0.891s] -- Installing: /home/user/exchange/workspace/install/pal_sea_arm_description/share/pal_sea_arm_description/meshes/arm_tiago_pro/arm_4_link.stl
[0.891s] -- Installing: /home/user/exchange/workspace/install/pal_sea_arm_description/share/pal_sea_arm_description/meshes/arm_tiago_pro/spherical-wrist
[0.891s] -- Installing: /home/user/exchange/workspace/install/pal_sea_arm_description/share/pal_sea_arm_description/meshes/arm_tiago_pro/spherical-wrist/arm_5_link_collision.stl
[0.891s] -- Installing: /home/user/exchange/workspace/install/pal_sea_arm_description/share/pal_sea_arm_description/meshes/arm_tiago_pro/spherical-wrist/arm_7_link.stl
[0.891s] -- Installing: /home/user/exchange/workspace/install/pal_sea_arm_description/share/pal_sea_arm_description/meshes/arm_tiago_pro/spherical-wrist/arm_6_link_collision.stl
[0.892s] -- Installing: /home/user/exchange/workspace/install/pal_sea_arm_description/share/pal_sea_arm_description/meshes/arm_tiago_pro/spherical-wrist/arm_7_link_collision.stl
[0.892s] -- Installing: /home/user/exchange/workspace/install/pal_sea_arm_description/share/pal_sea_arm_description/meshes/arm_tiago_pro/spherical-wrist/arm_5_link.stl
[0.892s] -- Installing: /home/user/exchange/workspace/install/pal_sea_arm_description/share/pal_sea_arm_description/meshes/arm_tiago_pro/spherical-wrist/arm_6_link.stl
[0.892s] -- Installing: /home/user/exchange/workspace/install/pal_sea_arm_description/share/pal_sea_arm_description/meshes/arm_tiago_pro/arm_1_link_collision.stl
[0.892s] -- Installing: /home/user/exchange/workspace/install/pal_sea_arm_description/share/pal_sea_arm_description/meshes/arm_tiago_pro/tool_changer_link_collision.stl
[0.893s] -- Installing: /home/user/exchange/workspace/install/pal_sea_arm_description/share/pal_sea_arm_description/meshes/arm_tiago_pro/arm_1_link.stl
[0.893s] -- Installing: /home/user/exchange/workspace/install/pal_sea_arm_description/share/pal_sea_arm_description/meshes/arm_tiago_pro/allegro_coupler_link.STL
[0.893s] -- Installing: /home/user/exchange/workspace/install/pal_sea_arm_description/share/pal_sea_arm_description/robots
[0.893s] -- Installing: /home/user/exchange/workspace/install/pal_sea_arm_description/share/pal_sea_arm_description/robots/pal_sea_arm.urdf.xacro
[0.893s] -- Installing: /home/user/exchange/workspace/install/pal_sea_arm_description/share/pal_sea_arm_description/ros2_control
[0.893s] -- Installing: /home/user/exchange/workspace/install/pal_sea_arm_description/share/pal_sea_arm_description/ros2_control/ros2_control.urdf.xacro
[0.893s] -- Installing: /home/user/exchange/workspace/install/pal_sea_arm_description/share/pal_sea_arm_description/ros2_control/transmissions.urdf.xacro
[0.893s] -- Installing: /home/user/exchange/workspace/install/pal_sea_arm_description/share/pal_sea_arm_description/ros2_control/gazebo_controller_manager_cfg.yaml
[0.894s] -- Installing: /home/user/exchange/workspace/install/pal_sea_arm_description/share/pal_sea_arm_description/mujoco
[0.894s] -- Installing: /home/user/exchange/workspace/install/pal_sea_arm_description/share/pal_sea_arm_description/mujoco/mj_tags.xacro
[0.894s] -- Installing: /home/user/exchange/workspace/install/pal_sea_arm_description/share/pal_sea_arm_description/urdf
[0.894s] -- Installing: /home/user/exchange/workspace/install/pal_sea_arm_description/share/pal_sea_arm_description/urdf/end_effector_camera
[0.894s] -- Installing: /home/user/exchange/workspace/install/pal_sea_arm_description/share/pal_sea_arm_description/urdf/end_effector_camera/end_effector_camera.urdf.xacro
[0.894s] -- Installing: /home/user/exchange/workspace/install/pal_sea_arm_description/share/pal_sea_arm_description/urdf/calibration_constants.urdf.xacro
[0.894s] -- Installing: /home/user/exchange/workspace/install/pal_sea_arm_description/share/pal_sea_arm_description/urdf/end_effector
[0.894s] -- Installing: /home/user/exchange/workspace/install/pal_sea_arm_description/share/pal_sea_arm_description/urdf/end_effector/end_effector.urdf.xacro
[0.894s] -- Installing: /home/user/exchange/workspace/install/pal_sea_arm_description/share/pal_sea_arm_description/urdf/end_effector/humanoid
[0.894s] -- Installing: /home/user/exchange/workspace/install/pal_sea_arm_description/share/pal_sea_arm_description/urdf/end_effector/humanoid/pal_pro_gripper.urdf.xacro
[0.894s] -- Installing: /home/user/exchange/workspace/install/pal_sea_arm_description/share/pal_sea_arm_description/urdf/end_effector/humanoid/ros2_control.urdf.xacro
[0.894s] -- Installing: /home/user/exchange/workspace/install/pal_sea_arm_description/share/pal_sea_arm_description/urdf/end_effector/humanoid/rh8d_hand.urdf.xacro
[0.894s] -- Installing: /home/user/exchange/workspace/install/pal_sea_arm_description/share/pal_sea_arm_description/urdf/end_effector/grasping_frames.xacro
[0.894s] -- Installing: /home/user/exchange/workspace/install/pal_sea_arm_description/share/pal_sea_arm_description/urdf/arm
[0.894s] -- Installing: /home/user/exchange/workspace/install/pal_sea_arm_description/share/pal_sea_arm_description/urdf/arm/arm.urdf.xacro
[0.894s] -- Installing: /home/user/exchange/workspace/install/pal_sea_arm_description/share/pal_sea_arm_description/urdf/arm/arm.ros2_control.xacro
[0.894s] -- Installing: /home/user/exchange/workspace/install/pal_sea_arm_description/share/pal_sea_arm_description/urdf/arm/arm_properties
[0.894s] -- Installing: /home/user/exchange/workspace/install/pal_sea_arm_description/share/pal_sea_arm_description/urdf/arm/arm_properties/tiago-sea-dual
[0.894s] -- Installing: /home/user/exchange/workspace/install/pal_sea_arm_description/share/pal_sea_arm_description/urdf/arm/arm_properties/tiago-sea-dual/arm.properties.xacro
[0.895s] -- Installing: /home/user/exchange/workspace/install/pal_sea_arm_description/share/pal_sea_arm_description/urdf/arm/arm_properties/tiago-sea-dual/straight-wrist.properties.xacro
[0.895s] -- Installing: /home/user/exchange/workspace/install/pal_sea_arm_description/share/pal_sea_arm_description/urdf/arm/arm_properties/pal-sea-arm-standalone
[0.895s] -- Installing: /home/user/exchange/workspace/install/pal_sea_arm_description/share/pal_sea_arm_description/urdf/arm/arm_properties/pal-sea-arm-standalone/arm.properties.xacro
[0.895s] -- Installing: /home/user/exchange/workspace/install/pal_sea_arm_description/share/pal_sea_arm_description/urdf/arm/arm_properties/pal-sea-arm-standalone/straight-wrist.properties.xacro
[0.895s] -- Installing: /home/user/exchange/workspace/install/pal_sea_arm_description/share/pal_sea_arm_description/urdf/arm/arm_properties/pal-sea-arm-standalone/spherical-wrist.properties.xacro
[0.895s] -- Installing: /home/user/exchange/workspace/install/pal_sea_arm_description/share/pal_sea_arm_description/urdf/arm/arm_properties/pal-sea-arm-standalone/short-wrist.properties.xacro
[0.895s] -- Installing: /home/user/exchange/workspace/install/pal_sea_arm_description/share/pal_sea_arm_description/urdf/arm/arm_properties/humanoid
[0.895s] -- Installing: /home/user/exchange/workspace/install/pal_sea_arm_description/share/pal_sea_arm_description/urdf/arm/arm_properties/humanoid/arm.urdf.xacro
[0.895s] -- Installing: /home/user/exchange/workspace/install/pal_sea_arm_description/share/pal_sea_arm_description/urdf/arm/arm_properties/humanoid/arm_cover.urdf.xacro
[0.895s] -- Installing: /home/user/exchange/workspace/install/pal_sea_arm_description/share/pal_sea_arm_description/urdf/arm/arm_properties/humanoid/5dof_arm.urdf.xacro
[0.895s] -- Installing: /home/user/exchange/workspace/install/pal_sea_arm_description/share/pal_sea_arm_description/urdf/arm/arm_properties/humanoid/ros2_control.urdf.xacro
[0.895s] -- Installing: /home/user/exchange/workspace/install/pal_sea_arm_description/share/pal_sea_arm_description/urdf/arm/arm_properties/humanoid/7dof_arm.urdf.xacro
[0.895s] -- Installing: /home/user/exchange/workspace/install/pal_sea_arm_description/share/pal_sea_arm_description/urdf/arm/arm_properties/humanoid/4dof_arm.urdf.xacro
[0.895s] -- Installing: /home/user/exchange/workspace/install/pal_sea_arm_description/share/pal_sea_arm_description/urdf/arm/arm_properties/tiago-pro
[0.896s] -- Installing: /home/user/exchange/workspace/install/pal_sea_arm_description/share/pal_sea_arm_description/urdf/arm/arm_properties/tiago-pro/arm.properties.xacro
[0.896s] -- Installing: /home/user/exchange/workspace/install/pal_sea_arm_description/share/pal_sea_arm_description/urdf/arm/arm_properties/tiago-pro/straight-wrist.properties.xacro
[0.896s] -- Installing: /home/user/exchange/workspace/install/pal_sea_arm_description/share/pal_sea_arm_description/urdf/arm/arm_properties/tiago-pro/spherical-wrist.properties.xacro
[0.896s] -- Installing: /home/user/exchange/workspace/install/pal_sea_arm_description/share/pal_sea_arm_description/urdf/arm/arm_properties/tiago-pro/short-wrist.properties.xacro
[0.896s] -- Installing: /home/user/exchange/workspace/install/pal_sea_arm_description/share/pal_sea_arm_description/urdf/arm/arm_properties/tiago-sea
[0.896s] -- Installing: /home/user/exchange/workspace/install/pal_sea_arm_description/share/pal_sea_arm_description/urdf/arm/arm_properties/tiago-sea/arm.properties.xacro
[0.896s] -- Installing: /home/user/exchange/workspace/install/pal_sea_arm_description/share/pal_sea_arm_description/urdf/arm/arm_properties/tiago-sea/straight-wrist.properties.xacro
[0.896s] -- Installing: /home/user/exchange/workspace/install/pal_sea_arm_description/share/pal_sea_arm_description/urdf/arm/arm_limits
[0.896s] -- Installing: /home/user/exchange/workspace/install/pal_sea_arm_description/share/pal_sea_arm_description/urdf/arm/arm_limits/tiago-sea-dual
[0.896s] -- Installing: /home/user/exchange/workspace/install/pal_sea_arm_description/share/pal_sea_arm_description/urdf/arm/arm_limits/tiago-sea-dual/arm.limits.xacro
[0.896s] -- Installing: /home/user/exchange/workspace/install/pal_sea_arm_description/share/pal_sea_arm_description/urdf/arm/arm_limits/tiago-sea-dual/straight-wrist.limits.xacro
[0.896s] -- Installing: /home/user/exchange/workspace/install/pal_sea_arm_description/share/pal_sea_arm_description/urdf/arm/arm_limits/pal-sea-arm-standalone
[0.896s] -- Installing: /home/user/exchange/workspace/install/pal_sea_arm_description/share/pal_sea_arm_description/urdf/arm/arm_limits/pal-sea-arm-standalone/short-wrist.limits.xacro
[0.896s] -- Installing: /home/user/exchange/workspace/install/pal_sea_arm_description/share/pal_sea_arm_description/urdf/arm/arm_limits/pal-sea-arm-standalone/spherical-wrist.limits.xacro
[0.896s] -- Installing: /home/user/exchange/workspace/install/pal_sea_arm_description/share/pal_sea_arm_description/urdf/arm/arm_limits/pal-sea-arm-standalone/arm.limits.xacro
[0.896s] -- Installing: /home/user/exchange/workspace/install/pal_sea_arm_description/share/pal_sea_arm_description/urdf/arm/arm_limits/pal-sea-arm-standalone/straight-wrist.limits.xacro
[0.896s] -- Installing: /home/user/exchange/workspace/install/pal_sea_arm_description/share/pal_sea_arm_description/urdf/arm/arm_limits/tiago-pro
[0.896s] -- Installing: /home/user/exchange/workspace/install/pal_sea_arm_description/share/pal_sea_arm_description/urdf/arm/arm_limits/tiago-pro/short-wrist.limits.xacro
[0.896s] -- Installing: /home/user/exchange/workspace/install/pal_sea_arm_description/share/pal_sea_arm_description/urdf/arm/arm_limits/tiago-pro/spherical-wrist.limits.xacro
[0.897s] -- Installing: /home/user/exchange/workspace/install/pal_sea_arm_description/share/pal_sea_arm_description/urdf/arm/arm_limits/tiago-pro/arm.limits.xacro
[0.897s] -- Installing: /home/user/exchange/workspace/install/pal_sea_arm_description/share/pal_sea_arm_description/urdf/arm/arm_limits/tiago-pro/straight-wrist.limits.xacro
[0.897s] -- Installing: /home/user/exchange/workspace/install/pal_sea_arm_description/share/pal_sea_arm_description/urdf/arm/arm_limits/tiago-sea
[0.897s] -- Installing: /home/user/exchange/workspace/install/pal_sea_arm_description/share/pal_sea_arm_description/urdf/arm/arm_limits/tiago-sea/arm.limits.xacro
[0.897s] -- Installing: /home/user/exchange/workspace/install/pal_sea_arm_description/share/pal_sea_arm_description/urdf/arm/arm_limits/tiago-sea/straight-wrist.limits.xacro
[0.897s] -- Installing: /home/user/exchange/workspace/install/pal_sea_arm_description/share/ament_index/resource_index/package_run_dependencies/pal_sea_arm_description
[0.897s] -- Installing: /home/user/exchange/workspace/install/pal_sea_arm_description/share/ament_index/resource_index/parent_prefix_path/pal_sea_arm_description
[0.897s] -- Installing: /home/user/exchange/workspace/install/pal_sea_arm_description/share/pal_sea_arm_description/environment/ament_prefix_path.sh
[0.897s] -- Installing: /home/user/exchange/workspace/install/pal_sea_arm_description/share/pal_sea_arm_description/environment/ament_prefix_path.dsv
[0.897s] -- Installing: /home/user/exchange/workspace/install/pal_sea_arm_description/share/pal_sea_arm_description/environment/path.sh
[0.898s] -- Installing: /home/user/exchange/workspace/install/pal_sea_arm_description/share/pal_sea_arm_description/environment/path.dsv
[0.898s] -- Installing: /home/user/exchange/workspace/install/pal_sea_arm_description/share/pal_sea_arm_description/local_setup.bash
[0.898s] -- Installing: /home/user/exchange/workspace/install/pal_sea_arm_description/share/pal_sea_arm_description/local_setup.sh
[0.898s] -- Installing: /home/user/exchange/workspace/install/pal_sea_arm_description/share/pal_sea_arm_description/local_setup.zsh
[0.898s] -- Installing: /home/user/exchange/workspace/install/pal_sea_arm_description/share/pal_sea_arm_description/local_setup.dsv
[0.898s] -- Installing: /home/user/exchange/workspace/install/pal_sea_arm_description/share/pal_sea_arm_description/package.dsv
[0.898s] -- Installing: /home/user/exchange/workspace/install/pal_sea_arm_description/share/ament_index/resource_index/packages/pal_sea_arm_description
[0.898s] -- Installing: /home/user/exchange/workspace/install/pal_sea_arm_description/share/pal_sea_arm_description/cmake/pal_sea_arm_descriptionConfig.cmake
[0.898s] -- Installing: /home/user/exchange/workspace/install/pal_sea_arm_description/share/pal_sea_arm_description/cmake/pal_sea_arm_descriptionConfig-version.cmake
[0.898s] -- Installing: /home/user/exchange/workspace/install/pal_sea_arm_description/share/pal_sea_arm_description/package.xml
[0.904s] Invoked command in '/home/user/exchange/workspace/build/pal_sea_arm_description' returned '0': AMENT_PREFIX_PATH=/home/user/exchange/workspace/install/pal_sea_arm_controller_configuration:/home/user/exchange/workspace/install/pal_pro_gripper_controller_configuration:/home/user/exchange/workspace/install/pal_pro_gripper_wrapper:/home/user/exchange/workspace/install/pal_pro_gripper_description:${AMENT_PREFIX_PATH} CMAKE_PREFIX_PATH=/home/user/exchange/workspace/install/pal_sea_arm_controller_configuration:/home/user/exchange/workspace/install/pal_pro_gripper_controller_configuration:/home/user/exchange/workspace/install/pal_pro_gripper_description:/opt/ros/humble PYTHONPATH=/home/user/exchange/workspace/install/pal_pro_gripper_wrapper/lib/python3.10/site-packages:/home/user/exchange/workspace/install/pal_pro_gripper_description/local/lib/python3.10/dist-packages:${PYTHONPATH} /usr/bin/cmake --install /home/user/exchange/workspace/build/pal_sea_arm_description
