-- The C compiler identification is GNU 11.4.0
-- The CXX compiler identification is GNU 11.4.0
-- Detecting C compiler ABI info
-- Detecting C compiler ABI info - done
-- Check for working C compiler: /usr/bin/cc - skipped
-- Detecting C compile features
-- Detecting C compile features - done
-- Detecting CXX compiler ABI info
-- Detecting CXX compiler ABI info - done
-- Check for working CXX compiler: /usr/bin/c++ - skipped
-- Detecting CXX compile features
-- Detecting CXX compile features - done
-- Found ament_cmake_auto: 1.3.13 (/opt/ros/humble/share/ament_cmake_auto/cmake)
-- Found Python3: /usr/bin/python3 (found version "3.10.12") found components: Interpreter 
-- Found xacro: 2.1.1 (/opt/ros/humble/share/xacro/cmake)
-- Found ament_lint_auto: 0.12.15 (/opt/ros/humble/share/ament_lint_auto/cmake)
-- Added test 'copyright' to check source files copyright and LICENSE
-- Added test 'flake8' to check Python code syntax and style conventions
-- Added test 'lint_cmake' to check CMake code style
-- Added test 'pep257' to check Python code against some of the docstring style conventions in PEP 257
-- Added test 'xmllint' to check XML markup files
-- Configuring done
-- Generating done
-- Build files have been written to: /home/user/exchange/workspace/build/pal_pro_gripper_description
Built target ament_cmake_python_copy_pal_pro_gripper_description
running egg_info
creating pal_pro_gripper_description.egg-info
writing pal_pro_gripper_description.egg-info/PKG-INFO
writing dependency_links to pal_pro_gripper_description.egg-info/dependency_links.txt
writing top-level names to pal_pro_gripper_description.egg-info/top_level.txt
writing manifest file 'pal_pro_gripper_description.egg-info/SOURCES.txt'
reading manifest file 'pal_pro_gripper_description.egg-info/SOURCES.txt'
writing manifest file 'pal_pro_gripper_description.egg-info/SOURCES.txt'
Built target ament_cmake_python_build_pal_pro_gripper_description_egg
-- Install configuration: ""
-- Installing: /home/user/exchange/workspace/install/pal_pro_gripper_description/share/pal_pro_gripper_description/environment/pythonpath.sh
-- Installing: /home/user/exchange/workspace/install/pal_pro_gripper_description/share/pal_pro_gripper_description/environment/pythonpath.dsv
-- Installing: /home/user/exchange/workspace/install/pal_pro_gripper_description/local/lib/python3.10/dist-packages/pal_pro_gripper_description-1.12.5-py3.10.egg-info
-- Installing: /home/user/exchange/workspace/install/pal_pro_gripper_description/local/lib/python3.10/dist-packages/pal_pro_gripper_description-1.12.5-py3.10.egg-info/SOURCES.txt
-- Installing: /home/user/exchange/workspace/install/pal_pro_gripper_description/local/lib/python3.10/dist-packages/pal_pro_gripper_description-1.12.5-py3.10.egg-info/dependency_links.txt
-- Installing: /home/user/exchange/workspace/install/pal_pro_gripper_description/local/lib/python3.10/dist-packages/pal_pro_gripper_description-1.12.5-py3.10.egg-info/top_level.txt
-- Installing: /home/user/exchange/workspace/install/pal_pro_gripper_description/local/lib/python3.10/dist-packages/pal_pro_gripper_description-1.12.5-py3.10.egg-info/PKG-INFO
-- Installing: /home/user/exchange/workspace/install/pal_pro_gripper_description/local/lib/python3.10/dist-packages/pal_pro_gripper_description
-- Installing: /home/user/exchange/workspace/install/pal_pro_gripper_description/local/lib/python3.10/dist-packages/pal_pro_gripper_description/launch_arguments.py
-- Installing: /home/user/exchange/workspace/install/pal_pro_gripper_description/local/lib/python3.10/dist-packages/pal_pro_gripper_description/__init__.py
Listing '/home/user/exchange/workspace/install/pal_pro_gripper_description/local/lib/python3.10/dist-packages/pal_pro_gripper_description'...
Compiling '/home/user/exchange/workspace/install/pal_pro_gripper_description/local/lib/python3.10/dist-packages/pal_pro_gripper_description/__init__.py'...
Compiling '/home/user/exchange/workspace/install/pal_pro_gripper_description/local/lib/python3.10/dist-packages/pal_pro_gripper_description/launch_arguments.py'...
-- Installing: /home/user/exchange/workspace/install/pal_pro_gripper_description/share/pal_pro_gripper_description/config
-- Installing: /home/user/exchange/workspace/install/pal_pro_gripper_description/share/pal_pro_gripper_description/config/pal_pro_gripper_configuration.yaml
-- Installing: /home/user/exchange/workspace/install/pal_pro_gripper_description/share/pal_pro_gripper_description/config/show.rviz
-- Installing: /home/user/exchange/workspace/install/pal_pro_gripper_description/share/pal_pro_gripper_description/robots
-- Installing: /home/user/exchange/workspace/install/pal_pro_gripper_description/share/pal_pro_gripper_description/robots/pal_pro_gripper.urdf.xacro
-- Installing: /home/user/exchange/workspace/install/pal_pro_gripper_description/share/pal_pro_gripper_description/launch
-- Installing: /home/user/exchange/workspace/install/pal_pro_gripper_description/share/pal_pro_gripper_description/launch/robot_state_publisher.launch.py
-- Installing: /home/user/exchange/workspace/install/pal_pro_gripper_description/share/pal_pro_gripper_description/launch/show.launch.py
-- Installing: /home/user/exchange/workspace/install/pal_pro_gripper_description/share/pal_pro_gripper_description/mujoco
-- Installing: /home/user/exchange/workspace/install/pal_pro_gripper_description/share/pal_pro_gripper_description/mujoco/mj_tags.xacro
-- Installing: /home/user/exchange/workspace/install/pal_pro_gripper_description/share/pal_pro_gripper_description/meshes
-- Installing: /home/user/exchange/workspace/install/pal_pro_gripper_description/share/pal_pro_gripper_description/meshes/fingertip.stl
-- Installing: /home/user/exchange/workspace/install/pal_pro_gripper_description/share/pal_pro_gripper_description/meshes/base_link_tc.stl
-- Installing: /home/user/exchange/workspace/install/pal_pro_gripper_description/share/pal_pro_gripper_description/meshes/screw.stl
-- Installing: /home/user/exchange/workspace/install/pal_pro_gripper_description/share/pal_pro_gripper_description/meshes/inner_finger.stl
-- Installing: /home/user/exchange/workspace/install/pal_pro_gripper_description/share/pal_pro_gripper_description/meshes/base_link_ntc.stl
-- Installing: /home/user/exchange/workspace/install/pal_pro_gripper_description/share/pal_pro_gripper_description/meshes/outer_finger.stl
-- Installing: /home/user/exchange/workspace/install/pal_pro_gripper_description/share/pal_pro_gripper_description/urdf
-- Installing: /home/user/exchange/workspace/install/pal_pro_gripper_description/share/pal_pro_gripper_description/urdf/gripper.urdf.xacro
-- Installing: /home/user/exchange/workspace/install/pal_pro_gripper_description/share/pal_pro_gripper_description/urdf/gripper.properties.xacro
-- Installing: /home/user/exchange/workspace/install/pal_pro_gripper_description/share/pal_pro_gripper_description/urdf/gripper.ros2_control.xacro
-- Installing: /home/user/exchange/workspace/install/pal_pro_gripper_description/share/pal_pro_gripper_description/urdf/gripper.transmission.xacro
-- Installing: /home/user/exchange/workspace/install/pal_pro_gripper_description/share/pal_pro_gripper_description/ros2_control
-- Installing: /home/user/exchange/workspace/install/pal_pro_gripper_description/share/pal_pro_gripper_description/ros2_control/ros2_control.urdf.xacro
-- Installing: /home/user/exchange/workspace/install/pal_pro_gripper_description/share/pal_pro_gripper_description/ros2_control/gazebo_controller_manager_cfg.yaml
-- Installing: /home/user/exchange/workspace/install/pal_pro_gripper_description/share/ament_index/resource_index/package_run_dependencies/pal_pro_gripper_description
-- Installing: /home/user/exchange/workspace/install/pal_pro_gripper_description/share/ament_index/resource_index/parent_prefix_path/pal_pro_gripper_description
-- Installing: /home/user/exchange/workspace/install/pal_pro_gripper_description/share/pal_pro_gripper_description/environment/ament_prefix_path.sh
-- Installing: /home/user/exchange/workspace/install/pal_pro_gripper_description/share/pal_pro_gripper_description/environment/ament_prefix_path.dsv
-- Installing: /home/user/exchange/workspace/install/pal_pro_gripper_description/share/pal_pro_gripper_description/environment/path.sh
-- Installing: /home/user/exchange/workspace/install/pal_pro_gripper_description/share/pal_pro_gripper_description/environment/path.dsv
-- Installing: /home/user/exchange/workspace/install/pal_pro_gripper_description/share/pal_pro_gripper_description/local_setup.bash
-- Installing: /home/user/exchange/workspace/install/pal_pro_gripper_description/share/pal_pro_gripper_description/local_setup.sh
-- Installing: /home/user/exchange/workspace/install/pal_pro_gripper_description/share/pal_pro_gripper_description/local_setup.zsh
-- Installing: /home/user/exchange/workspace/install/pal_pro_gripper_description/share/pal_pro_gripper_description/local_setup.dsv
-- Installing: /home/user/exchange/workspace/install/pal_pro_gripper_description/share/pal_pro_gripper_description/package.dsv
-- Installing: /home/user/exchange/workspace/install/pal_pro_gripper_description/share/ament_index/resource_index/packages/pal_pro_gripper_description
-- Installing: /home/user/exchange/workspace/install/pal_pro_gripper_description/share/pal_pro_gripper_description/cmake/ament_cmake_export_dependencies-extras.cmake
-- Installing: /home/user/exchange/workspace/install/pal_pro_gripper_description/share/pal_pro_gripper_description/cmake/pal_pro_gripper_descriptionConfig.cmake
-- Installing: /home/user/exchange/workspace/install/pal_pro_gripper_description/share/pal_pro_gripper_description/cmake/pal_pro_gripper_descriptionConfig-version.cmake
-- Installing: /home/user/exchange/workspace/install/pal_pro_gripper_description/share/pal_pro_gripper_description/package.xml
