[0.134s] Invoking command in '/home/user/exchange/workspace/build/pal_pro_gripper_description': CMAKE_PREFIX_PATH=/opt/ros/humble /usr/bin/cmake /home/user/exchange/workspace/src/pal_pro_gripper/pal_pro_gripper_description -DCMAKE_INSTALL_PREFIX=/home/user/exchange/workspace/install/pal_pro_gripper_description
[0.184s] -- The C compiler identification is GNU 11.4.0
[0.222s] -- The CXX compiler identification is GNU 11.4.0
[0.229s] -- Detecting C compiler ABI info
[0.273s] -- Detecting C compiler ABI info - done
[0.279s] -- Check for working C compiler: /usr/bin/cc - skipped
[0.279s] -- Detecting C compile features
[0.279s] -- Detecting C compile features - done
[0.282s] -- Detecting CXX compiler ABI info
[0.330s] -- Detecting CXX compiler ABI info - done
[0.338s] -- Check for working CXX compiler: /usr/bin/c++ - skipped
[0.338s] -- Detecting CXX compile features
[0.339s] -- Detecting CXX compile features - done
[0.340s] -- Found ament_cmake_auto: 1.3.13 (/opt/ros/humble/share/ament_cmake_auto/cmake)
[0.426s] -- Found Python3: /usr/bin/python3 (found version "3.10.12") found components: Interpreter 
[0.502s] -- Found xacro: 2.1.1 (/opt/ros/humble/share/xacro/cmake)
[0.553s] -- Found ament_lint_auto: 0.12.15 (/opt/ros/humble/share/ament_lint_auto/cmake)
[0.582s] -- Added test 'copyright' to check source files copyright and LICENSE
[0.583s] -- Added test 'flake8' to check Python code syntax and style conventions
[0.584s] -- Added test 'lint_cmake' to check CMake code style
[0.584s] -- Added test 'pep257' to check Python code against some of the docstring style conventions in PEP 257
[0.585s] -- Added test 'xmllint' to check XML markup files
[0.586s] -- Configuring done
[0.589s] -- Generating done
[0.591s] -- Build files have been written to: /home/user/exchange/workspace/build/pal_pro_gripper_description
[0.598s] Invoked command in '/home/user/exchange/workspace/build/pal_pro_gripper_description' returned '0': CMAKE_PREFIX_PATH=/opt/ros/humble /usr/bin/cmake /home/user/exchange/workspace/src/pal_pro_gripper/pal_pro_gripper_description -DCMAKE_INSTALL_PREFIX=/home/user/exchange/workspace/install/pal_pro_gripper_description
[0.599s] Invoking command in '/home/user/exchange/workspace/build/pal_pro_gripper_description': CMAKE_PREFIX_PATH=/opt/ros/humble /usr/bin/cmake --build /home/user/exchange/workspace/build/pal_pro_gripper_description -- -j12 -l12
[0.632s] Built target ament_cmake_python_copy_pal_pro_gripper_description
[0.767s] running egg_info
[0.767s] creating pal_pro_gripper_description.egg-info
[0.767s] writing pal_pro_gripper_description.egg-info/PKG-INFO
[0.768s] writing dependency_links to pal_pro_gripper_description.egg-info/dependency_links.txt
[0.768s] writing top-level names to pal_pro_gripper_description.egg-info/top_level.txt
[0.768s] writing manifest file 'pal_pro_gripper_description.egg-info/SOURCES.txt'
[0.769s] reading manifest file 'pal_pro_gripper_description.egg-info/SOURCES.txt'
[0.770s] writing manifest file 'pal_pro_gripper_description.egg-info/SOURCES.txt'
[0.786s] Built target ament_cmake_python_build_pal_pro_gripper_description_egg
[0.792s] Invoked command in '/home/user/exchange/workspace/build/pal_pro_gripper_description' returned '0': CMAKE_PREFIX_PATH=/opt/ros/humble /usr/bin/cmake --build /home/user/exchange/workspace/build/pal_pro_gripper_description -- -j12 -l12
[0.793s] Invoking command in '/home/user/exchange/workspace/build/pal_pro_gripper_description': CMAKE_PREFIX_PATH=/opt/ros/humble /usr/bin/cmake --install /home/user/exchange/workspace/build/pal_pro_gripper_description
[0.798s] -- Install configuration: ""
[0.798s] -- Installing: /home/user/exchange/workspace/install/pal_pro_gripper_description/share/pal_pro_gripper_description/environment/pythonpath.sh
[0.798s] -- Installing: /home/user/exchange/workspace/install/pal_pro_gripper_description/share/pal_pro_gripper_description/environment/pythonpath.dsv
[0.798s] -- Installing: /home/user/exchange/workspace/install/pal_pro_gripper_description/local/lib/python3.10/dist-packages/pal_pro_gripper_description-1.12.5-py3.10.egg-info
[0.798s] -- Installing: /home/user/exchange/workspace/install/pal_pro_gripper_description/local/lib/python3.10/dist-packages/pal_pro_gripper_description-1.12.5-py3.10.egg-info/SOURCES.txt
[0.798s] -- Installing: /home/user/exchange/workspace/install/pal_pro_gripper_description/local/lib/python3.10/dist-packages/pal_pro_gripper_description-1.12.5-py3.10.egg-info/dependency_links.txt
[0.798s] -- Installing: /home/user/exchange/workspace/install/pal_pro_gripper_description/local/lib/python3.10/dist-packages/pal_pro_gripper_description-1.12.5-py3.10.egg-info/top_level.txt
[0.798s] -- Installing: /home/user/exchange/workspace/install/pal_pro_gripper_description/local/lib/python3.10/dist-packages/pal_pro_gripper_description-1.12.5-py3.10.egg-info/PKG-INFO
[0.798s] -- Installing: /home/user/exchange/workspace/install/pal_pro_gripper_description/local/lib/python3.10/dist-packages/pal_pro_gripper_description
[0.798s] -- Installing: /home/user/exchange/workspace/install/pal_pro_gripper_description/local/lib/python3.10/dist-packages/pal_pro_gripper_description/launch_arguments.py
[0.799s] -- Installing: /home/user/exchange/workspace/install/pal_pro_gripper_description/local/lib/python3.10/dist-packages/pal_pro_gripper_description/__init__.py
[0.829s] Listing '/home/user/exchange/workspace/install/pal_pro_gripper_description/local/lib/python3.10/dist-packages/pal_pro_gripper_description'...
[0.829s] Compiling '/home/user/exchange/workspace/install/pal_pro_gripper_description/local/lib/python3.10/dist-packages/pal_pro_gripper_description/__init__.py'...
[0.829s] Compiling '/home/user/exchange/workspace/install/pal_pro_gripper_description/local/lib/python3.10/dist-packages/pal_pro_gripper_description/launch_arguments.py'...
[0.832s] -- Installing: /home/user/exchange/workspace/install/pal_pro_gripper_description/share/pal_pro_gripper_description/config
[0.832s] -- Installing: /home/user/exchange/workspace/install/pal_pro_gripper_description/share/pal_pro_gripper_description/config/pal_pro_gripper_configuration.yaml
[0.832s] -- Installing: /home/user/exchange/workspace/install/pal_pro_gripper_description/share/pal_pro_gripper_description/config/show.rviz
[0.832s] -- Installing: /home/user/exchange/workspace/install/pal_pro_gripper_description/share/pal_pro_gripper_description/robots
[0.832s] -- Installing: /home/user/exchange/workspace/install/pal_pro_gripper_description/share/pal_pro_gripper_description/robots/pal_pro_gripper.urdf.xacro
[0.833s] -- Installing: /home/user/exchange/workspace/install/pal_pro_gripper_description/share/pal_pro_gripper_description/launch
[0.833s] -- Installing: /home/user/exchange/workspace/install/pal_pro_gripper_description/share/pal_pro_gripper_description/launch/robot_state_publisher.launch.py
[0.833s] -- Installing: /home/user/exchange/workspace/install/pal_pro_gripper_description/share/pal_pro_gripper_description/launch/show.launch.py
[0.833s] -- Installing: /home/user/exchange/workspace/install/pal_pro_gripper_description/share/pal_pro_gripper_description/mujoco
[0.833s] -- Installing: /home/user/exchange/workspace/install/pal_pro_gripper_description/share/pal_pro_gripper_description/mujoco/mj_tags.xacro
[0.833s] -- Installing: /home/user/exchange/workspace/install/pal_pro_gripper_description/share/pal_pro_gripper_description/meshes
[0.833s] -- Installing: /home/user/exchange/workspace/install/pal_pro_gripper_description/share/pal_pro_gripper_description/meshes/fingertip.stl
[0.833s] -- Installing: /home/user/exchange/workspace/install/pal_pro_gripper_description/share/pal_pro_gripper_description/meshes/base_link_tc.stl
[0.833s] -- Installing: /home/user/exchange/workspace/install/pal_pro_gripper_description/share/pal_pro_gripper_description/meshes/screw.stl
[0.833s] -- Installing: /home/user/exchange/workspace/install/pal_pro_gripper_description/share/pal_pro_gripper_description/meshes/inner_finger.stl
[0.834s] -- Installing: /home/user/exchange/workspace/install/pal_pro_gripper_description/share/pal_pro_gripper_description/meshes/base_link_ntc.stl
[0.835s] -- Installing: /home/user/exchange/workspace/install/pal_pro_gripper_description/share/pal_pro_gripper_description/meshes/outer_finger.stl
[0.836s] -- Installing: /home/user/exchange/workspace/install/pal_pro_gripper_description/share/pal_pro_gripper_description/urdf
[0.836s] -- Installing: /home/user/exchange/workspace/install/pal_pro_gripper_description/share/pal_pro_gripper_description/urdf/gripper.urdf.xacro
[0.836s] -- Installing: /home/user/exchange/workspace/install/pal_pro_gripper_description/share/pal_pro_gripper_description/urdf/gripper.properties.xacro
[0.836s] -- Installing: /home/user/exchange/workspace/install/pal_pro_gripper_description/share/pal_pro_gripper_description/urdf/gripper.ros2_control.xacro
[0.836s] -- Installing: /home/user/exchange/workspace/install/pal_pro_gripper_description/share/pal_pro_gripper_description/urdf/gripper.transmission.xacro
[0.836s] -- Installing: /home/user/exchange/workspace/install/pal_pro_gripper_description/share/pal_pro_gripper_description/ros2_control
[0.836s] -- Installing: /home/user/exchange/workspace/install/pal_pro_gripper_description/share/pal_pro_gripper_description/ros2_control/ros2_control.urdf.xacro
[0.836s] -- Installing: /home/user/exchange/workspace/install/pal_pro_gripper_description/share/pal_pro_gripper_description/ros2_control/gazebo_controller_manager_cfg.yaml
[0.836s] -- Installing: /home/user/exchange/workspace/install/pal_pro_gripper_description/share/ament_index/resource_index/package_run_dependencies/pal_pro_gripper_description
[0.836s] -- Installing: /home/user/exchange/workspace/install/pal_pro_gripper_description/share/ament_index/resource_index/parent_prefix_path/pal_pro_gripper_description
[0.836s] -- Installing: /home/user/exchange/workspace/install/pal_pro_gripper_description/share/pal_pro_gripper_description/environment/ament_prefix_path.sh
[0.836s] -- Installing: /home/user/exchange/workspace/install/pal_pro_gripper_description/share/pal_pro_gripper_description/environment/ament_prefix_path.dsv
[0.836s] -- Installing: /home/user/exchange/workspace/install/pal_pro_gripper_description/share/pal_pro_gripper_description/environment/path.sh
[0.836s] -- Installing: /home/user/exchange/workspace/install/pal_pro_gripper_description/share/pal_pro_gripper_description/environment/path.dsv
[0.836s] -- Installing: /home/user/exchange/workspace/install/pal_pro_gripper_description/share/pal_pro_gripper_description/local_setup.bash
[0.836s] -- Installing: /home/user/exchange/workspace/install/pal_pro_gripper_description/share/pal_pro_gripper_description/local_setup.sh
[0.836s] -- Installing: /home/user/exchange/workspace/install/pal_pro_gripper_description/share/pal_pro_gripper_description/local_setup.zsh
[0.836s] -- Installing: /home/user/exchange/workspace/install/pal_pro_gripper_description/share/pal_pro_gripper_description/local_setup.dsv
[0.836s] -- Installing: /home/user/exchange/workspace/install/pal_pro_gripper_description/share/pal_pro_gripper_description/package.dsv
[0.837s] -- Installing: /home/user/exchange/workspace/install/pal_pro_gripper_description/share/ament_index/resource_index/packages/pal_pro_gripper_description
[0.837s] -- Installing: /home/user/exchange/workspace/install/pal_pro_gripper_description/share/pal_pro_gripper_description/cmake/ament_cmake_export_dependencies-extras.cmake
[0.837s] -- Installing: /home/user/exchange/workspace/install/pal_pro_gripper_description/share/pal_pro_gripper_description/cmake/pal_pro_gripper_descriptionConfig.cmake
[0.837s] -- Installing: /home/user/exchange/workspace/install/pal_pro_gripper_description/share/pal_pro_gripper_description/cmake/pal_pro_gripper_descriptionConfig-version.cmake
[0.837s] -- Installing: /home/user/exchange/workspace/install/pal_pro_gripper_description/share/pal_pro_gripper_description/package.xml
[0.838s] Invoked command in '/home/user/exchange/workspace/build/pal_pro_gripper_description' returned '0': CMAKE_PREFIX_PATH=/opt/ros/humble /usr/bin/cmake --install /home/user/exchange/workspace/build/pal_pro_gripper_description
