[0.006s] Invoking command in '/home/user/exchange/workspace/build/pal_sea_arm_bringup': AMENT_PREFIX_PATH=/home/user/exchange/workspace/install/pal_sea_arm_description:/home/user/exchange/workspace/install/pal_sea_arm_controller_configuration:/home/user/exchange/workspace/install/pal_pro_gripper_controller_configuration:/home/user/exchange/workspace/install/pal_pro_gripper_wrapper:/home/user/exchange/workspace/install/pal_pro_gripper_description:${AMENT_PREFIX_PATH} CMAKE_PREFIX_PATH=/home/user/exchange/workspace/install/pal_sea_arm_description:/home/user/exchange/workspace/install/pal_sea_arm_controller_configuration:/home/user/exchange/workspace/install/pal_pro_gripper_controller_configuration:/home/user/exchange/workspace/install/pal_pro_gripper_description:/opt/ros/humble PYTHONPATH=/home/user/exchange/workspace/install/pal_sea_arm_description/local/lib/python3.10/dist-packages:/home/user/exchange/workspace/install/pal_pro_gripper_wrapper/lib/python3.10/site-packages:/home/user/exchange/workspace/install/pal_pro_gripper_description/local/lib/python3.10/dist-packages:${PYTHONPATH} /usr/bin/cmake /home/user/exchange/workspace/src/pal_sea_arm/pal_sea_arm_bringup -DCMAKE_INSTALL_PREFIX=/home/user/exchange/workspace/install/pal_sea_arm_bringup
[0.037s] -- The C compiler identification is GNU 11.4.0
[0.084s] -- The CXX compiler identification is GNU 11.4.0
[0.088s] -- Detecting C compiler ABI info
[0.129s] -- Detecting C compiler ABI info - done
[0.134s] -- Check for working C compiler: /usr/bin/cc - skipped
[0.134s] -- Detecting C compile features
[0.134s] -- Detecting C compile features - done
[0.136s] -- Detecting CXX compiler ABI info
[0.184s] -- Detecting CXX compiler ABI info - done
[0.189s] -- Check for working CXX compiler: /usr/bin/c++ - skipped
[0.189s] -- Detecting CXX compile features
[0.189s] -- Detecting CXX compile features - done
[0.191s] -- Found ament_cmake_auto: 1.3.13 (/opt/ros/humble/share/ament_cmake_auto/cmake)
[0.279s] -- Found Python3: /usr/bin/python3 (found version "3.10.12") found components: Interpreter 
[0.386s] -- Found ament_lint_auto: 0.12.15 (/opt/ros/humble/share/ament_lint_auto/cmake)
[0.411s] -- Added test 'copyright' to check source files copyright and LICENSE
[0.412s] -- Added test 'flake8' to check Python code syntax and style conventions
[0.413s] -- Added test 'lint_cmake' to check CMake code style
[0.413s] -- Added test 'pep257' to check Python code against some of the docstring style conventions in PEP 257
[0.414s] -- Added test 'xmllint' to check XML markup files
[0.414s] -- Configuring done
[0.416s] -- Generating done
[0.417s] -- Build files have been written to: /home/user/exchange/workspace/build/pal_sea_arm_bringup
[0.422s] Invoked command in '/home/user/exchange/workspace/build/pal_sea_arm_bringup' returned '0': AMENT_PREFIX_PATH=/home/user/exchange/workspace/install/pal_sea_arm_description:/home/user/exchange/workspace/install/pal_sea_arm_controller_configuration:/home/user/exchange/workspace/install/pal_pro_gripper_controller_configuration:/home/user/exchange/workspace/install/pal_pro_gripper_wrapper:/home/user/exchange/workspace/install/pal_pro_gripper_description:${AMENT_PREFIX_PATH} CMAKE_PREFIX_PATH=/home/user/exchange/workspace/install/pal_sea_arm_description:/home/user/exchange/workspace/install/pal_sea_arm_controller_configuration:/home/user/exchange/workspace/install/pal_pro_gripper_controller_configuration:/home/user/exchange/workspace/install/pal_pro_gripper_description:/opt/ros/humble PYTHONPATH=/home/user/exchange/workspace/install/pal_sea_arm_description/local/lib/python3.10/dist-packages:/home/user/exchange/workspace/install/pal_pro_gripper_wrapper/lib/python3.10/site-packages:/home/user/exchange/workspace/install/pal_pro_gripper_description/local/lib/python3.10/dist-packages:${PYTHONPATH} /usr/bin/cmake /home/user/exchange/workspace/src/pal_sea_arm/pal_sea_arm_bringup -DCMAKE_INSTALL_PREFIX=/home/user/exchange/workspace/install/pal_sea_arm_bringup
[0.423s] Invoking command in '/home/user/exchange/workspace/build/pal_sea_arm_bringup': AMENT_PREFIX_PATH=/home/user/exchange/workspace/install/pal_sea_arm_description:/home/user/exchange/workspace/install/pal_sea_arm_controller_configuration:/home/user/exchange/workspace/install/pal_pro_gripper_controller_configuration:/home/user/exchange/workspace/install/pal_pro_gripper_wrapper:/home/user/exchange/workspace/install/pal_pro_gripper_description:${AMENT_PREFIX_PATH} CMAKE_PREFIX_PATH=/home/user/exchange/workspace/install/pal_sea_arm_description:/home/user/exchange/workspace/install/pal_sea_arm_controller_configuration:/home/user/exchange/workspace/install/pal_pro_gripper_controller_configuration:/home/user/exchange/workspace/install/pal_pro_gripper_description:/opt/ros/humble PYTHONPATH=/home/user/exchange/workspace/install/pal_sea_arm_description/local/lib/python3.10/dist-packages:/home/user/exchange/workspace/install/pal_pro_gripper_wrapper/lib/python3.10/site-packages:/home/user/exchange/workspace/install/pal_pro_gripper_description/local/lib/python3.10/dist-packages:${PYTHONPATH} /usr/bin/cmake --build /home/user/exchange/workspace/build/pal_sea_arm_bringup -- -j12 -l12
[0.447s] Invoked command in '/home/user/exchange/workspace/build/pal_sea_arm_bringup' returned '0': AMENT_PREFIX_PATH=/home/user/exchange/workspace/install/pal_sea_arm_description:/home/user/exchange/workspace/install/pal_sea_arm_controller_configuration:/home/user/exchange/workspace/install/pal_pro_gripper_controller_configuration:/home/user/exchange/workspace/install/pal_pro_gripper_wrapper:/home/user/exchange/workspace/install/pal_pro_gripper_description:${AMENT_PREFIX_PATH} CMAKE_PREFIX_PATH=/home/user/exchange/workspace/install/pal_sea_arm_description:/home/user/exchange/workspace/install/pal_sea_arm_controller_configuration:/home/user/exchange/workspace/install/pal_pro_gripper_controller_configuration:/home/user/exchange/workspace/install/pal_pro_gripper_description:/opt/ros/humble PYTHONPATH=/home/user/exchange/workspace/install/pal_sea_arm_description/local/lib/python3.10/dist-packages:/home/user/exchange/workspace/install/pal_pro_gripper_wrapper/lib/python3.10/site-packages:/home/user/exchange/workspace/install/pal_pro_gripper_description/local/lib/python3.10/dist-packages:${PYTHONPATH} /usr/bin/cmake --build /home/user/exchange/workspace/build/pal_sea_arm_bringup -- -j12 -l12
[0.448s] Invoking command in '/home/user/exchange/workspace/build/pal_sea_arm_bringup': AMENT_PREFIX_PATH=/home/user/exchange/workspace/install/pal_sea_arm_description:/home/user/exchange/workspace/install/pal_sea_arm_controller_configuration:/home/user/exchange/workspace/install/pal_pro_gripper_controller_configuration:/home/user/exchange/workspace/install/pal_pro_gripper_wrapper:/home/user/exchange/workspace/install/pal_pro_gripper_description:${AMENT_PREFIX_PATH} CMAKE_PREFIX_PATH=/home/user/exchange/workspace/install/pal_sea_arm_description:/home/user/exchange/workspace/install/pal_sea_arm_controller_configuration:/home/user/exchange/workspace/install/pal_pro_gripper_controller_configuration:/home/user/exchange/workspace/install/pal_pro_gripper_description:/opt/ros/humble PYTHONPATH=/home/user/exchange/workspace/install/pal_sea_arm_description/local/lib/python3.10/dist-packages:/home/user/exchange/workspace/install/pal_pro_gripper_wrapper/lib/python3.10/site-packages:/home/user/exchange/workspace/install/pal_pro_gripper_description/local/lib/python3.10/dist-packages:${PYTHONPATH} /usr/bin/cmake --install /home/user/exchange/workspace/build/pal_sea_arm_bringup
[0.452s] -- Install configuration: ""
[0.452s] -- Installing: /home/user/exchange/workspace/install/pal_sea_arm_bringup/lib/pal_sea_arm_bringup/regen_em_file.py
[0.452s] -- Installing: /home/user/exchange/workspace/install/pal_sea_arm_bringup/lib/pal_sea_arm_bringup/calibrate_ft_sensor.sh
[0.452s] -- Installing: /home/user/exchange/workspace/install/pal_sea_arm_bringup/share/pal_sea_arm_bringup/config
[0.452s] -- Installing: /home/user/exchange/workspace/install/pal_sea_arm_bringup/share/pal_sea_arm_bringup/config/motion_planner
[0.453s] -- Installing: /home/user/exchange/workspace/install/pal_sea_arm_bringup/share/pal_sea_arm_bringup/config/motion_planner/motion_planner.yaml
[0.453s] -- Installing: /home/user/exchange/workspace/install/pal_sea_arm_bringup/share/pal_sea_arm_bringup/config/motions
[0.453s] -- Installing: /home/user/exchange/workspace/install/pal_sea_arm_bringup/share/pal_sea_arm_bringup/config/motions/arm_standalone_motions.yaml
[0.453s] -- Installing: /home/user/exchange/workspace/install/pal_sea_arm_bringup/share/pal_sea_arm_bringup/launch
[0.453s] -- Installing: /home/user/exchange/workspace/install/pal_sea_arm_bringup/share/pal_sea_arm_bringup/launch/pal_sea_arm_bringup.launch.py
[0.453s] -- Installing: /home/user/exchange/workspace/install/pal_sea_arm_bringup/share/pal_sea_arm_bringup/launch/arm_standalone_play_motion2.launch.py
[0.453s] -- Installing: /home/user/exchange/workspace/install/pal_sea_arm_bringup/share/ament_index/resource_index/package_run_dependencies/pal_sea_arm_bringup
[0.453s] -- Installing: /home/user/exchange/workspace/install/pal_sea_arm_bringup/share/ament_index/resource_index/parent_prefix_path/pal_sea_arm_bringup
[0.453s] -- Installing: /home/user/exchange/workspace/install/pal_sea_arm_bringup/share/pal_sea_arm_bringup/environment/ament_prefix_path.sh
[0.453s] -- Installing: /home/user/exchange/workspace/install/pal_sea_arm_bringup/share/pal_sea_arm_bringup/environment/ament_prefix_path.dsv
[0.453s] -- Installing: /home/user/exchange/workspace/install/pal_sea_arm_bringup/share/pal_sea_arm_bringup/environment/path.sh
[0.453s] -- Installing: /home/user/exchange/workspace/install/pal_sea_arm_bringup/share/pal_sea_arm_bringup/environment/path.dsv
[0.453s] -- Installing: /home/user/exchange/workspace/install/pal_sea_arm_bringup/share/pal_sea_arm_bringup/local_setup.bash
[0.453s] -- Installing: /home/user/exchange/workspace/install/pal_sea_arm_bringup/share/pal_sea_arm_bringup/local_setup.sh
[0.453s] -- Installing: /home/user/exchange/workspace/install/pal_sea_arm_bringup/share/pal_sea_arm_bringup/local_setup.zsh
[0.453s] -- Installing: /home/user/exchange/workspace/install/pal_sea_arm_bringup/share/pal_sea_arm_bringup/local_setup.dsv
[0.453s] -- Installing: /home/user/exchange/workspace/install/pal_sea_arm_bringup/share/pal_sea_arm_bringup/package.dsv
[0.453s] -- Installing: /home/user/exchange/workspace/install/pal_sea_arm_bringup/share/ament_index/resource_index/packages/pal_sea_arm_bringup
[0.453s] -- Installing: /home/user/exchange/workspace/install/pal_sea_arm_bringup/share/pal_sea_arm_bringup/cmake/pal_sea_arm_bringupConfig.cmake
[0.453s] -- Installing: /home/user/exchange/workspace/install/pal_sea_arm_bringup/share/pal_sea_arm_bringup/cmake/pal_sea_arm_bringupConfig-version.cmake
[0.453s] -- Installing: /home/user/exchange/workspace/install/pal_sea_arm_bringup/share/pal_sea_arm_bringup/package.xml
[0.455s] Invoked command in '/home/user/exchange/workspace/build/pal_sea_arm_bringup' returned '0': AMENT_PREFIX_PATH=/home/user/exchange/workspace/install/pal_sea_arm_description:/home/user/exchange/workspace/install/pal_sea_arm_controller_configuration:/home/user/exchange/workspace/install/pal_pro_gripper_controller_configuration:/home/user/exchange/workspace/install/pal_pro_gripper_wrapper:/home/user/exchange/workspace/install/pal_pro_gripper_description:${AMENT_PREFIX_PATH} CMAKE_PREFIX_PATH=/home/user/exchange/workspace/install/pal_sea_arm_description:/home/user/exchange/workspace/install/pal_sea_arm_controller_configuration:/home/user/exchange/workspace/install/pal_pro_gripper_controller_configuration:/home/user/exchange/workspace/install/pal_pro_gripper_description:/opt/ros/humble PYTHONPATH=/home/user/exchange/workspace/install/pal_sea_arm_description/local/lib/python3.10/dist-packages:/home/user/exchange/workspace/install/pal_pro_gripper_wrapper/lib/python3.10/site-packages:/home/user/exchange/workspace/install/pal_pro_gripper_description/local/lib/python3.10/dist-packages:${PYTHONPATH} /usr/bin/cmake --install /home/user/exchange/workspace/build/pal_sea_arm_bringup
