[0.132s] Invoking command in '/home/user/exchange/workspace/build/tiago_pro_2dnav': CMAKE_PREFIX_PATH=/opt/ros/humble /usr/bin/cmake /home/user/exchange/workspace/src/tiago_pro_navigation/tiago_pro_2dnav -DCMAKE_INSTALL_PREFIX=/home/user/exchange/workspace/install/tiago_pro_2dnav
[0.191s] -- The C compiler identification is GNU 11.4.0
[0.230s] -- The CXX compiler identification is GNU 11.4.0
[0.235s] -- Detecting C compiler ABI info
[0.276s] -- Detecting C compiler ABI info - done
[0.280s] -- Check for working C compiler: /usr/bin/cc - skipped
[0.280s] -- Detecting C compile features
[0.281s] -- Detecting C compile features - done
[0.283s] -- Detecting CXX compiler ABI info
[0.331s] -- Detecting CXX compiler ABI info - done
[0.335s] -- Check for working CXX compiler: /usr/bin/c++ - skipped
[0.336s] -- Detecting CXX compile features
[0.336s] -- Detecting CXX compile features - done
[0.337s] -- Found ament_cmake_auto: 1.3.13 (/opt/ros/humble/share/ament_cmake_auto/cmake)
[0.421s] -- Found Python3: /usr/bin/python3 (found version "3.10.12") found components: Interpreter 
[0.551s] -- Found ament_lint_auto: 0.12.15 (/opt/ros/humble/share/ament_lint_auto/cmake)
[0.566s] -- Added test 'copyright' to check source files copyright and LICENSE
[0.567s] -- Added test 'lint_cmake' to check CMake code style
[0.568s] -- Added test 'xmllint' to check XML markup files
[0.569s] -- Configuring done
[0.570s] -- Generating done
[0.571s] -- Build files have been written to: /home/user/exchange/workspace/build/tiago_pro_2dnav
[0.574s] Invoked command in '/home/user/exchange/workspace/build/tiago_pro_2dnav' returned '0': CMAKE_PREFIX_PATH=/opt/ros/humble /usr/bin/cmake /home/user/exchange/workspace/src/tiago_pro_navigation/tiago_pro_2dnav -DCMAKE_INSTALL_PREFIX=/home/user/exchange/workspace/install/tiago_pro_2dnav
[0.575s] Invoking command in '/home/user/exchange/workspace/build/tiago_pro_2dnav': CMAKE_PREFIX_PATH=/opt/ros/humble /usr/bin/cmake --build /home/user/exchange/workspace/build/tiago_pro_2dnav -- -j12 -l12
[0.598s] Invoked command in '/home/user/exchange/workspace/build/tiago_pro_2dnav' returned '0': CMAKE_PREFIX_PATH=/opt/ros/humble /usr/bin/cmake --build /home/user/exchange/workspace/build/tiago_pro_2dnav -- -j12 -l12
[0.598s] Invoking command in '/home/user/exchange/workspace/build/tiago_pro_2dnav': CMAKE_PREFIX_PATH=/opt/ros/humble /usr/bin/cmake --install /home/user/exchange/workspace/build/tiago_pro_2dnav
[0.602s] -- Install configuration: ""
[0.602s] -- Installing: /home/user/exchange/workspace/install/tiago_pro_2dnav/share/ament_index/resource_index/package_run_dependencies/tiago_pro_2dnav
[0.602s] -- Installing: /home/user/exchange/workspace/install/tiago_pro_2dnav/share/ament_index/resource_index/parent_prefix_path/tiago_pro_2dnav
[0.602s] -- Installing: /home/user/exchange/workspace/install/tiago_pro_2dnav/share/tiago_pro_2dnav/environment/ament_prefix_path.sh
[0.602s] -- Installing: /home/user/exchange/workspace/install/tiago_pro_2dnav/share/tiago_pro_2dnav/environment/ament_prefix_path.dsv
[0.602s] -- Installing: /home/user/exchange/workspace/install/tiago_pro_2dnav/share/tiago_pro_2dnav/environment/path.sh
[0.602s] -- Installing: /home/user/exchange/workspace/install/tiago_pro_2dnav/share/tiago_pro_2dnav/environment/path.dsv
[0.602s] -- Installing: /home/user/exchange/workspace/install/tiago_pro_2dnav/share/tiago_pro_2dnav/local_setup.bash
[0.602s] -- Installing: /home/user/exchange/workspace/install/tiago_pro_2dnav/share/tiago_pro_2dnav/local_setup.sh
[0.602s] -- Installing: /home/user/exchange/workspace/install/tiago_pro_2dnav/share/tiago_pro_2dnav/local_setup.zsh
[0.602s] -- Installing: /home/user/exchange/workspace/install/tiago_pro_2dnav/share/tiago_pro_2dnav/local_setup.dsv
[0.602s] -- Installing: /home/user/exchange/workspace/install/tiago_pro_2dnav/share/tiago_pro_2dnav/package.dsv
[0.603s] -- Installing: /home/user/exchange/workspace/install/tiago_pro_2dnav/share/ament_index/resource_index/packages/tiago_pro_2dnav
[0.603s] -- Installing: /home/user/exchange/workspace/install/tiago_pro_2dnav/share/tiago_pro_2dnav/cmake/tiago_pro_2dnavConfig.cmake
[0.603s] -- Installing: /home/user/exchange/workspace/install/tiago_pro_2dnav/share/tiago_pro_2dnav/cmake/tiago_pro_2dnavConfig-version.cmake
[0.603s] -- Installing: /home/user/exchange/workspace/install/tiago_pro_2dnav/share/tiago_pro_2dnav/package.xml
[0.617s] Invoked command in '/home/user/exchange/workspace/build/tiago_pro_2dnav' returned '0': CMAKE_PREFIX_PATH=/opt/ros/humble /usr/bin/cmake --install /home/user/exchange/workspace/build/tiago_pro_2dnav
