-- Install configuration: ""
-- Up-to-date: /home/user/exchange/workspace/install/tiago_pro_bringup/lib/tiago_pro_bringup/regen_em_file.py
-- Up-to-date: /home/user/exchange/workspace/install/tiago_pro_bringup/share/tiago_pro_bringup/launch
-- Up-to-date: /home/user/exchange/workspace/install/tiago_pro_bringup/share/tiago_pro_bringup/launch/tiago_pro_bringup.launch.py
-- Up-to-date: /home/user/exchange/workspace/install/tiago_pro_bringup/share/tiago_pro_bringup/launch/gripper_grasper.launch.py
-- Up-to-date: /home/user/exchange/workspace/install/tiago_pro_bringup/share/tiago_pro_bringup/launch/joystick_teleop.launch.py
-- Up-to-date: /home/user/exchange/workspace/install/tiago_pro_bringup/share/tiago_pro_bringup/launch/tiago_pro_play_motion2.launch.py
-- Up-to-date: /home/user/exchange/workspace/install/tiago_pro_bringup/share/tiago_pro_bringup/launch/twist_mux.launch.py
-- Up-to-date: /home/user/exchange/workspace/install/tiago_pro_bringup/share/tiago_pro_bringup/config
-- Up-to-date: /home/user/exchange/workspace/install/tiago_pro_bringup/share/tiago_pro_bringup/config/joy_teleop
-- Up-to-date: /home/user/exchange/workspace/install/tiago_pro_bringup/share/tiago_pro_bringup/config/joy_teleop/joystick_analyzers.yaml
-- Up-to-date: /home/user/exchange/workspace/install/tiago_pro_bringup/share/tiago_pro_bringup/config/twist_mux
-- Up-to-date: /home/user/exchange/workspace/install/tiago_pro_bringup/share/tiago_pro_bringup/config/twist_mux/twist_mux_locks.yaml
-- Up-to-date: /home/user/exchange/workspace/install/tiago_pro_bringup/share/tiago_pro_bringup/config/twist_mux/twist_mux_topics.yaml
-- Up-to-date: /home/user/exchange/workspace/install/tiago_pro_bringup/share/tiago_pro_bringup/config/twist_mux/twist_mux_analyzers.yaml
-- Up-to-date: /home/user/exchange/workspace/install/tiago_pro_bringup/share/tiago_pro_bringup/config/twist_mux/joystick.yaml
-- Up-to-date: /home/user/exchange/workspace/install/tiago_pro_bringup/share/tiago_pro_bringup/config/motion_planner
-- Up-to-date: /home/user/exchange/workspace/install/tiago_pro_bringup/share/tiago_pro_bringup/config/motion_planner/motion_planner_custom_custom_teleop-arms.yaml
-- Up-to-date: /home/user/exchange/workspace/install/tiago_pro_bringup/share/tiago_pro_bringup/config/motion_planner/motion_planner_no-arm_custom.yaml
-- Up-to-date: /home/user/exchange/workspace/install/tiago_pro_bringup/share/tiago_pro_bringup/config/motion_planner/motion_planner_allegro-hand_pal-pro-gripper_teleop-arms.yaml
-- Up-to-date: /home/user/exchange/workspace/install/tiago_pro_bringup/share/tiago_pro_bringup/config/motion_planner/motion_planner_no-ee_allegro-hand_teleop-arms.yaml
-- Up-to-date: /home/user/exchange/workspace/install/tiago_pro_bringup/share/tiago_pro_bringup/config/motion_planner/motion_planner_allegro-hand_no-arm.yaml
-- Up-to-date: /home/user/exchange/workspace/install/tiago_pro_bringup/share/tiago_pro_bringup/config/motion_planner/motion_planner_custom_custom.yaml
-- Up-to-date: /home/user/exchange/workspace/install/tiago_pro_bringup/share/tiago_pro_bringup/config/motion_planner/motion_planner_pal-pro-gripper_allegro-hand_teleop-arms.yaml
-- Up-to-date: /home/user/exchange/workspace/install/tiago_pro_bringup/share/tiago_pro_bringup/config/motion_planner/motion_planner_allegro-hand_no-arm_teleop-arms.yaml
-- Up-to-date: /home/user/exchange/workspace/install/tiago_pro_bringup/share/tiago_pro_bringup/config/motion_planner/motion_planner_no-arm_allegro-hand.yaml
-- Up-to-date: /home/user/exchange/workspace/install/tiago_pro_bringup/share/tiago_pro_bringup/config/motion_planner/motion_planner_pal-pro-gripper_no-ee_teleop-arms.yaml
-- Up-to-date: /home/user/exchange/workspace/install/tiago_pro_bringup/share/tiago_pro_bringup/config/motion_planner/motion_planner_no-ee_pal-pro-gripper.yaml
-- Up-to-date: /home/user/exchange/workspace/install/tiago_pro_bringup/share/tiago_pro_bringup/config/motion_planner/motion_planner_no-ee_no-ee_teleop-arms.yaml
-- Up-to-date: /home/user/exchange/workspace/install/tiago_pro_bringup/share/tiago_pro_bringup/config/motion_planner/motion_planner_no-ee_custom.yaml
-- Up-to-date: /home/user/exchange/workspace/install/tiago_pro_bringup/share/tiago_pro_bringup/config/motion_planner/motion_planner_no-arm_no-arm.yaml
-- Up-to-date: /home/user/exchange/workspace/install/tiago_pro_bringup/share/tiago_pro_bringup/config/motion_planner/motion_planner_no-arm_allegro-hand_teleop-arms.yaml
-- Up-to-date: /home/user/exchange/workspace/install/tiago_pro_bringup/share/tiago_pro_bringup/config/motion_planner/motion_planner_no-ee_custom_teleop-arms.yaml
-- Up-to-date: /home/user/exchange/workspace/install/tiago_pro_bringup/share/tiago_pro_bringup/config/motion_planner/motion_planner_custom_no-ee_teleop-arms.yaml
-- Up-to-date: /home/user/exchange/workspace/install/tiago_pro_bringup/share/tiago_pro_bringup/config/motion_planner/motion_planner_allegro-hand_no-ee_teleop-arms.yaml
-- Up-to-date: /home/user/exchange/workspace/install/tiago_pro_bringup/share/tiago_pro_bringup/config/motion_planner/motion_planner_no-arm_pal-pro-gripper_teleop-arms.yaml
-- Up-to-date: /home/user/exchange/workspace/install/tiago_pro_bringup/share/tiago_pro_bringup/config/motion_planner/motion_planner_custom_no-arm.yaml
-- Up-to-date: /home/user/exchange/workspace/install/tiago_pro_bringup/share/tiago_pro_bringup/config/motion_planner/motion_planner_pal-pro-gripper_custom_teleop-arms.yaml
-- Up-to-date: /home/user/exchange/workspace/install/tiago_pro_bringup/share/tiago_pro_bringup/config/motion_planner/motion_planner_pal-pro-gripper_no-ee.yaml
-- Up-to-date: /home/user/exchange/workspace/install/tiago_pro_bringup/share/tiago_pro_bringup/config/motion_planner/motion_planner_allegro-hand_allegro-hand_teleop-arms.yaml
-- Up-to-date: /home/user/exchange/workspace/install/tiago_pro_bringup/share/tiago_pro_bringup/config/motion_planner/motion_planner_allegro-hand_no-ee.yaml
-- Up-to-date: /home/user/exchange/workspace/install/tiago_pro_bringup/share/tiago_pro_bringup/config/motion_planner/motion_planner_no-arm_no-arm_teleop-arms.yaml
-- Up-to-date: /home/user/exchange/workspace/install/tiago_pro_bringup/share/tiago_pro_bringup/config/motion_planner/motion_planner_custom_pal-pro-gripper_teleop-arms.yaml
-- Up-to-date: /home/user/exchange/workspace/install/tiago_pro_bringup/share/tiago_pro_bringup/config/motion_planner/motion_planner_allegro-hand_custom.yaml
-- Up-to-date: /home/user/exchange/workspace/install/tiago_pro_bringup/share/tiago_pro_bringup/config/motion_planner/motion_planner_no-ee_no-ee.yaml
-- Up-to-date: /home/user/exchange/workspace/install/tiago_pro_bringup/share/tiago_pro_bringup/config/motion_planner/motion_planner_pal-pro-gripper_no-arm.yaml
-- Up-to-date: /home/user/exchange/workspace/install/tiago_pro_bringup/share/tiago_pro_bringup/config/motion_planner/motion_planner_pal-pro-gripper_custom.yaml
-- Up-to-date: /home/user/exchange/workspace/install/tiago_pro_bringup/share/tiago_pro_bringup/config/motion_planner/motion_planner_no-arm_no-ee_teleop-arms.yaml
-- Up-to-date: /home/user/exchange/workspace/install/tiago_pro_bringup/share/tiago_pro_bringup/config/motion_planner/motion_planner_no-ee_pal-pro-gripper_teleop-arms.yaml
-- Up-to-date: /home/user/exchange/workspace/install/tiago_pro_bringup/share/tiago_pro_bringup/config/motion_planner/motion_planner_custom_no-ee.yaml
-- Up-to-date: /home/user/exchange/workspace/install/tiago_pro_bringup/share/tiago_pro_bringup/config/motion_planner/motion_planner_custom_allegro-hand.yaml
-- Up-to-date: /home/user/exchange/workspace/install/tiago_pro_bringup/share/tiago_pro_bringup/config/motion_planner/motion_planner_no-arm_pal-pro-gripper.yaml
-- Up-to-date: /home/user/exchange/workspace/install/tiago_pro_bringup/share/tiago_pro_bringup/config/motion_planner/motion_planner.yaml.em
-- Up-to-date: /home/user/exchange/workspace/install/tiago_pro_bringup/share/tiago_pro_bringup/config/motion_planner/motion_planner_no-ee_no-arm_teleop-arms.yaml
-- Up-to-date: /home/user/exchange/workspace/install/tiago_pro_bringup/share/tiago_pro_bringup/config/motion_planner/motion_planner_no-arm_custom_teleop-arms.yaml
-- Up-to-date: /home/user/exchange/workspace/install/tiago_pro_bringup/share/tiago_pro_bringup/config/motion_planner/motion_planner_no-ee_no-arm.yaml
-- Up-to-date: /home/user/exchange/workspace/install/tiago_pro_bringup/share/tiago_pro_bringup/config/motion_planner/motion_planner_pal-pro-gripper_no-arm_teleop-arms.yaml
-- Up-to-date: /home/user/exchange/workspace/install/tiago_pro_bringup/share/tiago_pro_bringup/config/motion_planner/motion_planner_no-arm_no-ee.yaml
-- Up-to-date: /home/user/exchange/workspace/install/tiago_pro_bringup/share/tiago_pro_bringup/config/motion_planner/motion_planner_no-ee_allegro-hand.yaml
-- Up-to-date: /home/user/exchange/workspace/install/tiago_pro_bringup/share/tiago_pro_bringup/config/motion_planner/motion_planner_allegro-hand_custom_teleop-arms.yaml
-- Up-to-date: /home/user/exchange/workspace/install/tiago_pro_bringup/share/tiago_pro_bringup/config/motion_planner/motion_planner_allegro-hand_allegro-hand.yaml
-- Up-to-date: /home/user/exchange/workspace/install/tiago_pro_bringup/share/tiago_pro_bringup/config/motion_planner/motion_planner_custom_no-arm_teleop-arms.yaml
-- Up-to-date: /home/user/exchange/workspace/install/tiago_pro_bringup/share/tiago_pro_bringup/config/motion_planner/motion_planner_allegro-hand_pal-pro-gripper.yaml
-- Up-to-date: /home/user/exchange/workspace/install/tiago_pro_bringup/share/tiago_pro_bringup/config/motion_planner/motion_planner_custom_pal-pro-gripper.yaml
-- Up-to-date: /home/user/exchange/workspace/install/tiago_pro_bringup/share/tiago_pro_bringup/config/motion_planner/motion_planner_pal-pro-gripper_pal-pro-gripper.yaml
-- Up-to-date: /home/user/exchange/workspace/install/tiago_pro_bringup/share/tiago_pro_bringup/config/motion_planner/motion_planner_custom_allegro-hand_teleop-arms.yaml
-- Up-to-date: /home/user/exchange/workspace/install/tiago_pro_bringup/share/tiago_pro_bringup/config/motion_planner/motion_planner_pal-pro-gripper_allegro-hand.yaml
-- Up-to-date: /home/user/exchange/workspace/install/tiago_pro_bringup/share/tiago_pro_bringup/config/motion_planner/motion_planner_pal-pro-gripper_pal-pro-gripper_teleop-arms.yaml
-- Up-to-date: /home/user/exchange/workspace/install/tiago_pro_bringup/share/tiago_pro_bringup/config/motions
-- Up-to-date: /home/user/exchange/workspace/install/tiago_pro_bringup/share/tiago_pro_bringup/config/motions/tiago_pro_motions_no_arms.yaml
-- Up-to-date: /home/user/exchange/workspace/install/tiago_pro_bringup/share/tiago_pro_bringup/config/motions/tiago_pro_motions_pal-pro-gripper_right.yaml
-- Up-to-date: /home/user/exchange/workspace/install/tiago_pro_bringup/share/tiago_pro_bringup/config/motions/tiago_pro_motions_general_arm_right.yaml
-- Up-to-date: /home/user/exchange/workspace/install/tiago_pro_bringup/share/tiago_pro_bringup/config/motions/tiago_pro_motions_general_spherical-wrist.yaml
-- Up-to-date: /home/user/exchange/workspace/install/tiago_pro_bringup/share/tiago_pro_bringup/config/motions/tiago_pro_motions_allegro-hand_left.yaml
-- Up-to-date: /home/user/exchange/workspace/install/tiago_pro_bringup/share/tiago_pro_bringup/config/motions/tiago_pro_motions_general_arm_left.yaml
-- Up-to-date: /home/user/exchange/workspace/install/tiago_pro_bringup/share/tiago_pro_bringup/config/motions/tiago_pro_motions_allegro-hand_right.yaml
-- Up-to-date: /home/user/exchange/workspace/install/tiago_pro_bringup/share/tiago_pro_bringup/config/motions/tiago_pro_motions_general_straight-wrist.yaml
-- Up-to-date: /home/user/exchange/workspace/install/tiago_pro_bringup/share/tiago_pro_bringup/config/motions/tiago_pro_motions_teleop_arms.yaml
-- Up-to-date: /home/user/exchange/workspace/install/tiago_pro_bringup/share/tiago_pro_bringup/config/motions/tiago_pro_motions_pal-pro-gripper_left.yaml
-- Up-to-date: /home/user/exchange/workspace/install/tiago_pro_bringup/share/tiago_pro_bringup/config/hardware
-- Up-to-date: /home/user/exchange/workspace/install/tiago_pro_bringup/share/tiago_pro_bringup/config/hardware/tiago_pro_hardware.yaml
-- Up-to-date: /home/user/exchange/workspace/install/tiago_pro_bringup/share/ament_index/resource_index/package_run_dependencies/tiago_pro_bringup
-- Up-to-date: /home/user/exchange/workspace/install/tiago_pro_bringup/share/ament_index/resource_index/parent_prefix_path/tiago_pro_bringup
-- Up-to-date: /home/user/exchange/workspace/install/tiago_pro_bringup/share/tiago_pro_bringup/environment/ament_prefix_path.sh
-- Up-to-date: /home/user/exchange/workspace/install/tiago_pro_bringup/share/tiago_pro_bringup/environment/ament_prefix_path.dsv
-- Up-to-date: /home/user/exchange/workspace/install/tiago_pro_bringup/share/tiago_pro_bringup/environment/path.sh
-- Up-to-date: /home/user/exchange/workspace/install/tiago_pro_bringup/share/tiago_pro_bringup/environment/path.dsv
-- Up-to-date: /home/user/exchange/workspace/install/tiago_pro_bringup/share/tiago_pro_bringup/local_setup.bash
-- Up-to-date: /home/user/exchange/workspace/install/tiago_pro_bringup/share/tiago_pro_bringup/local_setup.sh
-- Up-to-date: /home/user/exchange/workspace/install/tiago_pro_bringup/share/tiago_pro_bringup/local_setup.zsh
-- Up-to-date: /home/user/exchange/workspace/install/tiago_pro_bringup/share/tiago_pro_bringup/local_setup.dsv
-- Up-to-date: /home/user/exchange/workspace/install/tiago_pro_bringup/share/tiago_pro_bringup/package.dsv
-- Up-to-date: /home/user/exchange/workspace/install/tiago_pro_bringup/share/ament_index/resource_index/packages/tiago_pro_bringup
-- Up-to-date: /home/user/exchange/workspace/install/tiago_pro_bringup/share/tiago_pro_bringup/cmake/tiago_pro_bringupConfig.cmake
-- Up-to-date: /home/user/exchange/workspace/install/tiago_pro_bringup/share/tiago_pro_bringup/cmake/tiago_pro_bringupConfig-version.cmake
-- Up-to-date: /home/user/exchange/workspace/install/tiago_pro_bringup/share/tiago_pro_bringup/package.xml
