[0.134s] Invoking command in '/home/user/exchange/workspace/build/tiago_pro_laser_sensors': CMAKE_PREFIX_PATH=/opt/ros/humble /usr/bin/cmake /home/user/exchange/workspace/src/tiago_pro_navigation/tiago_pro_laser_sensors -DCMAKE_INSTALL_PREFIX=/home/user/exchange/workspace/install/tiago_pro_laser_sensors
[0.182s] -- The C compiler identification is GNU 11.4.0
[0.220s] -- The CXX compiler identification is GNU 11.4.0
[0.225s] -- Detecting C compiler ABI info
[0.264s] -- Detecting C compiler ABI info - done
[0.269s] -- Check for working C compiler: /usr/bin/cc - skipped
[0.269s] -- Detecting C compile features
[0.270s] -- Detecting C compile features - done
[0.272s] -- Detecting CXX compiler ABI info
[0.319s] -- Detecting CXX compiler ABI info - done
[0.325s] -- Check for working CXX compiler: /usr/bin/c++ - skipped
[0.325s] -- Detecting CXX compile features
[0.325s] -- Detecting CXX compile features - done
[0.327s] -- Found ament_cmake_auto: 1.3.13 (/opt/ros/humble/share/ament_cmake_auto/cmake)
[0.414s] -- Found Python3: /usr/bin/python3 (found version "3.10.12") found components: Interpreter 
[0.553s] -- Added test 'copyright' to check source files copyright and LICENSE
[0.555s] -- Added test 'lint_cmake' to check CMake code style
[0.555s] -- Added test 'xmllint' to check XML markup files
[0.556s] -- Configuring done
[0.558s] -- Generating done
[0.560s] -- Build files have been written to: /home/user/exchange/workspace/build/tiago_pro_laser_sensors
[0.563s] Invoked command in '/home/user/exchange/workspace/build/tiago_pro_laser_sensors' returned '0': CMAKE_PREFIX_PATH=/opt/ros/humble /usr/bin/cmake /home/user/exchange/workspace/src/tiago_pro_navigation/tiago_pro_laser_sensors -DCMAKE_INSTALL_PREFIX=/home/user/exchange/workspace/install/tiago_pro_laser_sensors
[0.564s] Invoking command in '/home/user/exchange/workspace/build/tiago_pro_laser_sensors': CMAKE_PREFIX_PATH=/opt/ros/humble /usr/bin/cmake --build /home/user/exchange/workspace/build/tiago_pro_laser_sensors -- -j12 -l12
[0.588s] Invoked command in '/home/user/exchange/workspace/build/tiago_pro_laser_sensors' returned '0': CMAKE_PREFIX_PATH=/opt/ros/humble /usr/bin/cmake --build /home/user/exchange/workspace/build/tiago_pro_laser_sensors -- -j12 -l12
[0.594s] Invoking command in '/home/user/exchange/workspace/build/tiago_pro_laser_sensors': CMAKE_PREFIX_PATH=/opt/ros/humble /usr/bin/cmake --install /home/user/exchange/workspace/build/tiago_pro_laser_sensors
[0.599s] -- Install configuration: ""
[0.599s] -- Installing: /home/user/exchange/workspace/install/tiago_pro_laser_sensors/share/ament_index/resource_index/package_run_dependencies/tiago_pro_laser_sensors
[0.599s] -- Installing: /home/user/exchange/workspace/install/tiago_pro_laser_sensors/share/ament_index/resource_index/parent_prefix_path/tiago_pro_laser_sensors
[0.599s] -- Installing: /home/user/exchange/workspace/install/tiago_pro_laser_sensors/share/tiago_pro_laser_sensors/environment/ament_prefix_path.sh
[0.599s] -- Installing: /home/user/exchange/workspace/install/tiago_pro_laser_sensors/share/tiago_pro_laser_sensors/environment/ament_prefix_path.dsv
[0.599s] -- Installing: /home/user/exchange/workspace/install/tiago_pro_laser_sensors/share/tiago_pro_laser_sensors/environment/path.sh
[0.599s] -- Installing: /home/user/exchange/workspace/install/tiago_pro_laser_sensors/share/tiago_pro_laser_sensors/environment/path.dsv
[0.600s] -- Installing: /home/user/exchange/workspace/install/tiago_pro_laser_sensors/share/tiago_pro_laser_sensors/local_setup.bash
[0.600s] -- Installing: /home/user/exchange/workspace/install/tiago_pro_laser_sensors/share/tiago_pro_laser_sensors/local_setup.sh
[0.600s] -- Installing: /home/user/exchange/workspace/install/tiago_pro_laser_sensors/share/tiago_pro_laser_sensors/local_setup.zsh
[0.601s] -- Installing: /home/user/exchange/workspace/install/tiago_pro_laser_sensors/share/tiago_pro_laser_sensors/local_setup.dsv
[0.601s] -- Installing: /home/user/exchange/workspace/install/tiago_pro_laser_sensors/share/tiago_pro_laser_sensors/package.dsv
[0.601s] -- Installing: /home/user/exchange/workspace/install/tiago_pro_laser_sensors/share/ament_index/resource_index/packages/tiago_pro_laser_sensors
[0.601s] -- Installing: /home/user/exchange/workspace/install/tiago_pro_laser_sensors/share/tiago_pro_laser_sensors/cmake/tiago_pro_laser_sensorsConfig.cmake
[0.601s] -- Installing: /home/user/exchange/workspace/install/tiago_pro_laser_sensors/share/tiago_pro_laser_sensors/cmake/tiago_pro_laser_sensorsConfig-version.cmake
[0.601s] -- Installing: /home/user/exchange/workspace/install/tiago_pro_laser_sensors/share/tiago_pro_laser_sensors/package.xml
[0.614s] Invoked command in '/home/user/exchange/workspace/build/tiago_pro_laser_sensors' returned '0': CMAKE_PREFIX_PATH=/opt/ros/humble /usr/bin/cmake --install /home/user/exchange/workspace/build/tiago_pro_laser_sensors
