-- Found ament_cmake: 1.3.13 (/opt/ros/humble/share/ament_cmake/cmake)
-- Found rclcpp: 16.0.18 (/opt/ros/humble/share/rclcpp/cmake)
-- Found rosidl_generator_c: 3.1.8 (/opt/ros/humble/share/rosidl_generator_c/cmake)
-- Found rosidl_adapter: 3.1.8 (/opt/ros/humble/share/rosidl_adapter/cmake)
-- Found rosidl_generator_cpp: 3.1.8 (/opt/ros/humble/share/rosidl_generator_cpp/cmake)
-- Using all available rosidl_typesupport_c: rosidl_typesupport_fastrtps_c;rosidl_typesupport_introspection_c
-- Using all available rosidl_typesupport_cpp: rosidl_typesupport_fastrtps_cpp;rosidl_typesupport_introspection_cpp
-- Found rmw_implementation_cmake: 6.1.2 (/opt/ros/humble/share/rmw_implementation_cmake/cmake)
-- Found rmw_fastrtps_cpp: 6.2.10 (/opt/ros/humble/share/rmw_fastrtps_cpp/cmake)
-- Using RMW implementation 'rmw_fastrtps_cpp' as default
-- Found tf2_ros: 0.25.19 (/opt/ros/humble/share/tf2_ros/cmake)
-- Found shape_msgs: 4.9.1 (/opt/ros/humble/share/shape_msgs/cmake)
-- Found sensor_msgs: 4.9.1 (/opt/ros/humble/share/sensor_msgs/cmake)
-- Found gazebo_msgs: 3.9.0 (/opt/ros/humble/share/gazebo_msgs/cmake)
-- Found moveit_msgs: 2.2.1 (/opt/ros/humble/share/moveit_msgs/cmake)
-- Found moveit_ros_planning_interface: 2.5.9 (/opt/ros/humble/share/moveit_ros_planning_interface/cmake)
-- Found Boost: /usr/lib/x86_64-linux-gnu/cmake/Boost-1.74.0/BoostConfig.cmake (found version "1.74.0") found components: date_time filesystem program_options system thread 
-- Found Boost: /usr/lib/x86_64-linux-gnu/cmake/Boost-1.74.0/BoostConfig.cmake (found version "1.74.0") found components: chrono date_time filesystem iostreams program_options regex serialization system thread 
-- Found parameter_traits: 0.6.0 (/opt/ros/humble/share/parameter_traits/cmake)
-- Found rclcpp_lifecycle: 16.0.18 (/opt/ros/humble/share/rclcpp_lifecycle/cmake)
-- Found Boost: /usr/lib/x86_64-linux-gnu/cmake/Boost-1.74.0/BoostConfig.cmake (found version "1.74.0") found components: filesystem 
-- library: /usr/lib/x86_64-linux-gnu/libcurl.so
-- Ensuring Eigen3 include directory is part of orocos-kdl CMake target
-- Found Boost: /usr/lib/x86_64-linux-gnu/cmake/Boost-1.74.0/BoostConfig.cmake (found version "1.74.0") found components: system filesystem date_time program_options thread chrono 
-- Found Boost: /usr/lib/x86_64-linux-gnu/cmake/Boost-1.74.0/BoostConfig.cmake (found version "1.74.0") found components: thread system filesystem regex date_time program_options 
-- Found Boost: /usr/lib/x86_64-linux-gnu/cmake/Boost-1.74.0/BoostConfig.cmake (found version "1.74.0") found components: system filesystem date_time program_options thread 
-- Found nav_msgs: 4.9.1 (/opt/ros/humble/share/nav_msgs/cmake)
-- Found ament_lint_auto: 0.12.15 (/opt/ros/humble/share/ament_lint_auto/cmake)
-- Added test 'copyright' to check source files copyright and LICENSE
-- Added test 'cppcheck' to perform static code analysis on C / C++ code
-- Configured cppcheck include dirs: 
-- Configured cppcheck exclude dirs and/or files: 
-- Added test 'cpplint' to check C / C++ code against the Google style
-- Configured cpplint exclude dirs and/or files: 
-- Added test 'lint_cmake' to check CMake code style
-- Added test 'uncrustify' to check C / C++ code style
-- Configured uncrustify additional arguments: 
-- Added test 'xmllint' to check XML markup files
-- Configuring done
-- Generating done
-- Build files have been written to: /home/user/exchange/workspace/build/tiago_manipulation_tasks
[35m[1mConsolidate compiler generated dependencies of target pick_macro_task_node[0m
[35m[1mConsolidate compiler generated dependencies of target place_macro_task_node[0m
[ 75%] Built target place_macro_task_node
[ 75%] [32mBuilding CXX object CMakeFiles/pick_macro_task_node.dir/src/pick_macro_task_node.cpp.o[0m
[01m[K/home/user/exchange/workspace/src/tiago_manipulation_tasks/src/pick_macro_task_node.cpp:[m[K In constructor ‘[01m[KPickMacroTaskNode::PickMacroTaskNode(const SharedPtr&)[m[K’:
[01m[K/home/user/exchange/workspace/src/tiago_manipulation_tasks/src/pick_macro_task_node.cpp:60:26:[m[K [01;31m[Kerror: [m[K‘[01m[Kclass PickMacroTaskNode[m[K’ has no member named ‘[01m[Kcreate_publisher[m[K’
   60 |     gripper_pub_ = this->[01;31m[Kcreate_publisher[m[K<trajectory_msgs::msg::JointTrajectory>(
      |                          [01;31m[K^~~~~~~~~~~~~~~~[m[K
[01m[K/home/user/exchange/workspace/src/tiago_manipulation_tasks/src/pick_macro_task_node.cpp:60:80:[m[K [01;31m[Kerror: [m[Kexpected primary-expression before ‘[01m[K>[m[K’ token
   60 |     gripper_pub_ = this->create_publisher<trajectory_msgs::msg::JointTrajectory[01;31m[K>[m[K(
      |                                                                                [01;31m[K^[m[K
[01m[K/home/user/exchange/workspace/src/tiago_manipulation_tasks/src/pick_macro_task_node.cpp:61:5:[m[K [01;35m[Kwarning: [m[Kleft operand of comma operator has no effect [[01;35m[K]8;;https://gcc.gnu.org/onlinedocs/gcc/Warning-Options.html#index-Wunused-value-Wunused-value]8;;[m[K]
   61 |     [01;35m[K"/gripper_left_controller/joint_trajectory"[m[K, 10);
      |     [01;35m[K^~~~~~~~~~~~~~~~~~~~~~~~~~~~~~~~~~~~~~~~~~~[m[K
In file included from [01m[K/opt/ros/humble/include/rclcpp/rclcpp/client.hpp:40[m[K,
                 from [01m[K/opt/ros/humble/include/rclcpp/rclcpp/callback_group.hpp:24[m[K,
                 from [01m[K/opt/ros/humble/include/rclcpp/rclcpp/any_executable.hpp:20[m[K,
                 from [01m[K/opt/ros/humble/include/rclcpp/rclcpp/memory_strategy.hpp:25[m[K,
                 from [01m[K/opt/ros/humble/include/rclcpp/rclcpp/memory_strategies.hpp:18[m[K,
                 from [01m[K/opt/ros/humble/include/rclcpp/rclcpp/executor_options.hpp:20[m[K,
                 from [01m[K/opt/ros/humble/include/rclcpp/rclcpp/executor.hpp:37[m[K,
                 from [01m[K/opt/ros/humble/include/rclcpp/rclcpp/executors/multi_threaded_executor.hpp:25[m[K,
                 from [01m[K/opt/ros/humble/include/rclcpp/rclcpp/executors.hpp:21[m[K,
                 from [01m[K/opt/ros/humble/include/rclcpp/rclcpp/rclcpp.hpp:155[m[K,
                 from [01m[K/home/user/exchange/workspace/src/tiago_manipulation_tasks/src/pick_macro_task_node.cpp:1[m[K:
[01m[K/home/user/exchange/workspace/src/tiago_manipulation_tasks/src/pick_macro_task_node.cpp:[m[K In member function ‘[01m[Kbool PickMacroTaskNode::closeGrasp(const string&)[m[K’:
[01m[K/home/user/exchange/workspace/src/tiago_manipulation_tasks/src/pick_macro_task_node.cpp:154:23:[m[K [01;31m[Kerror: [m[K‘[01m[Kclass PickMacroTaskNode[m[K’ has no member named ‘[01m[Kget_logger[m[K’
  154 |     RCLCPP_INFO(this->[01;31m[Kget_logger[m[K(), "Invio comando di chiusura al gripper sinistro...");
      |                       [01;31m[K^~~~~~~~~~[m[K
[01m[K/home/user/exchange/workspace/src/tiago_manipulation_tasks/src/pick_macro_task_node.cpp:154:23:[m[K [01;31m[Kerror: [m[K‘[01m[Kclass PickMacroTaskNode[m[K’ has no member named ‘[01m[Kget_logger[m[K’
[01m[K/home/user/exchange/workspace/src/tiago_manipulation_tasks/src/pick_macro_task_node.cpp:154:5:[m[K [01;31m[Kerror: [m[Ktemplate argument 1 is invalid
  154 |     [01;31m[KRCLCPP_INFO[m[K(this->get_logger(), "Invio comando di chiusura al gripper sinistro...");
      |     [01;31m[K^~~~~~~~~~~[m[K
In file included from [01m[K/opt/ros/humble/include/rclcpp/rclcpp/logging.hpp:24[m[K,
                 from [01m[K/opt/ros/humble/include/rclcpp/rclcpp/client.hpp:40[m[K,
                 from [01m[K/opt/ros/humble/include/rclcpp/rclcpp/callback_group.hpp:24[m[K,
                 from [01m[K/opt/ros/humble/include/rclcpp/rclcpp/any_executable.hpp:20[m[K,
                 from [01m[K/opt/ros/humble/include/rclcpp/rclcpp/memory_strategy.hpp:25[m[K,
                 from [01m[K/opt/ros/humble/include/rclcpp/rclcpp/memory_strategies.hpp:18[m[K,
                 from [01m[K/opt/ros/humble/include/rclcpp/rclcpp/executor_options.hpp:20[m[K,
                 from [01m[K/opt/ros/humble/include/rclcpp/rclcpp/executor.hpp:37[m[K,
                 from [01m[K/opt/ros/humble/include/rclcpp/rclcpp/executors/multi_threaded_executor.hpp:25[m[K,
                 from [01m[K/opt/ros/humble/include/rclcpp/rclcpp/executors.hpp:21[m[K,
                 from [01m[K/opt/ros/humble/include/rclcpp/rclcpp/rclcpp.hpp:155[m[K,
                 from [01m[K/home/user/exchange/workspace/src/tiago_manipulation_tasks/src/pick_macro_task_node.cpp:1[m[K:
[01m[K/home/user/exchange/workspace/src/tiago_manipulation_tasks/src/pick_macro_task_node.cpp:154:23:[m[K [01;31m[Kerror: [m[K‘[01m[Kclass PickMacroTaskNode[m[K’ has no member named ‘[01m[Kget_logger[m[K’
  154 |     RCLCPP_INFO(this->[01;31m[Kget_logger[m[K(), "Invio comando di chiusura al gripper sinistro...");
      |                       [01;31m[K^~~~~~~~~~[m[K
[01m[K/home/user/exchange/workspace/src/tiago_manipulation_tasks/src/pick_macro_task_node.cpp:154:23:[m[K [01;31m[Kerror: [m[K‘[01m[Kclass PickMacroTaskNode[m[K’ has no member named ‘[01m[Kget_logger[m[K’
  154 |     RCLCPP_INFO(this->[01;31m[Kget_logger[m[K(), "Invio comando di chiusura al gripper sinistro...");
      |                       [01;31m[K^~~~~~~~~~[m[K
[01m[K/home/user/exchange/workspace/src/tiago_manipulation_tasks/src/pick_macro_task_node.cpp:155:5:[m[K [01;31m[Kerror: [m[K‘[01m[Kgripper_pub_[m[K’ was not declared in this scope; did you mean ‘[01m[Kgripper_group_[m[K’?
  155 |     [01;31m[Kgripper_pub_[m[K->publish(trajectory_msg);
      |     [01;31m[K^~~~~~~~~~~~[m[K
      |     [32m[Kgripper_group_[m[K
gmake[2]: *** [CMakeFiles/pick_macro_task_node.dir/build.make:76: CMakeFiles/pick_macro_task_node.dir/src/pick_macro_task_node.cpp.o] Error 1
gmake[1]: *** [CMakeFiles/Makefile2:139: CMakeFiles/pick_macro_task_node.dir/all] Error 2
gmake: *** [Makefile:146: all] Error 2
