[0.027s] Invoking command in '/home/user/exchange/workspace/build/tiago_pro_controller_configuration': AMENT_PREFIX_PATH=/home/user/exchange/workspace/install/pal_pro_gripper_wrapper:/home/user/exchange/workspace/install/tiago_pro_simulation:/home/user/exchange/workspace/install/tiago_pro_robot:/home/user/exchange/workspace/install/tiago_pro_navigation:/home/user/exchange/workspace/install/tiago_pro_gazebo:/home/user/exchange/workspace/install/tiago_pro_rgbd_sensors:/home/user/exchange/workspace/install/tiago_pro_mujoco:/home/user/exchange/workspace/install/tiago_pro_moveit_config:/home/user/exchange/workspace/install/tiago_pro_laser_sensors:/home/user/exchange/workspace/install/tiago_pro_description:/home/user/exchange/workspace/install/tiago_pro_bringup:/home/user/exchange/workspace/install/tiago_pro_controller_configuration:/home/user/exchange/workspace/install/tiago_pro_2dnav:/home/user/exchange/workspace/install/pal_sea_arm:/home/user/exchange/workspace/install/pal_sea_arm_bringup:/home/user/exchange/workspace/install/pal_sea_arm_description:/home/user/exchange/workspace/install/pal_sea_arm_controller_configuration:/home/user/exchange/workspace/install/pal_pro_gripper_simulation:/home/user/exchange/workspace/install/pal_pro_gripper_bringup:/home/user/exchange/workspace/install/pal_pro_gripper:/home/user/exchange/workspace/install/pal_pro_gripper_controller_configuration:/home/user/exchange/workspace/install/pal_pro_gripper_description:/home/user/exchange/workspace/install/pal_gazebo_worlds:/opt/ros/humble CMAKE_PREFIX_PATH=/home/user/exchange/workspace/install/pal_sea_arm_controller_configuration:/home/user/exchange/workspace/install/pal_pro_gripper_controller_configuration:/home/user/exchange/workspace/install/tiago_pro_simulation:/home/user/exchange/workspace/install/tiago_pro_robot:/home/user/exchange/workspace/install/tiago_pro_navigation:/home/user/exchange/workspace/install/tiago_pro_gazebo:/home/user/exchange/workspace/install/tiago_pro_rgbd_sensors:/home/user/exchange/workspace/install/tiago_pro_mujoco:/home/user/exchange/workspace/install/tiago_pro_moveit_config:/home/user/exchange/workspace/install/tiago_pro_laser_sensors:/home/user/exchange/workspace/install/tiago_pro_description:/home/user/exchange/workspace/install/tiago_pro_bringup:/home/user/exchange/workspace/install/tiago_pro_controller_configuration:/home/user/exchange/workspace/install/tiago_pro_2dnav:/home/user/exchange/workspace/install/pal_sea_arm:/home/user/exchange/workspace/install/pal_sea_arm_bringup:/home/user/exchange/workspace/install/pal_sea_arm_description:/home/user/exchange/workspace/install/pal_pro_gripper_simulation:/home/user/exchange/workspace/install/pal_pro_gripper_bringup:/home/user/exchange/workspace/install/pal_pro_gripper:/home/user/exchange/workspace/install/pal_pro_gripper_description:/home/user/exchange/workspace/install/pal_gazebo_worlds:/home/user/exchange/workspace/install/pal_pro_gripper_wrapper:/opt/ros/humble PYTHONPATH=/home/user/exchange/workspace/install/pal_pro_gripper_wrapper/lib/python3.10/site-packages:/home/user/exchange/workspace/install/tiago_pro_description/local/lib/python3.10/dist-packages:/home/user/exchange/workspace/install/pal_sea_arm_description/local/lib/python3.10/dist-packages:/home/user/exchange/workspace/install/pal_pro_gripper_description/local/lib/python3.10/dist-packages:/opt/ros/humble/lib/python3.10/site-packages:/opt/ros/humble/local/lib/python3.10/dist-packages /usr/bin/cmake --build /home/user/exchange/workspace/build/tiago_pro_controller_configuration -- -j12 -l12
[0.047s] Invoked command in '/home/user/exchange/workspace/build/tiago_pro_controller_configuration' returned '0': AMENT_PREFIX_PATH=/home/user/exchange/workspace/install/pal_pro_gripper_wrapper:/home/user/exchange/workspace/install/tiago_pro_simulation:/home/user/exchange/workspace/install/tiago_pro_robot:/home/user/exchange/workspace/install/tiago_pro_navigation:/home/user/exchange/workspace/install/tiago_pro_gazebo:/home/user/exchange/workspace/install/tiago_pro_rgbd_sensors:/home/user/exchange/workspace/install/tiago_pro_mujoco:/home/user/exchange/workspace/install/tiago_pro_moveit_config:/home/user/exchange/workspace/install/tiago_pro_laser_sensors:/home/user/exchange/workspace/install/tiago_pro_description:/home/user/exchange/workspace/install/tiago_pro_bringup:/home/user/exchange/workspace/install/tiago_pro_controller_configuration:/home/user/exchange/workspace/install/tiago_pro_2dnav:/home/user/exchange/workspace/install/pal_sea_arm:/home/user/exchange/workspace/install/pal_sea_arm_bringup:/home/user/exchange/workspace/install/pal_sea_arm_description:/home/user/exchange/workspace/install/pal_sea_arm_controller_configuration:/home/user/exchange/workspace/install/pal_pro_gripper_simulation:/home/user/exchange/workspace/install/pal_pro_gripper_bringup:/home/user/exchange/workspace/install/pal_pro_gripper:/home/user/exchange/workspace/install/pal_pro_gripper_controller_configuration:/home/user/exchange/workspace/install/pal_pro_gripper_description:/home/user/exchange/workspace/install/pal_gazebo_worlds:/opt/ros/humble CMAKE_PREFIX_PATH=/home/user/exchange/workspace/install/pal_sea_arm_controller_configuration:/home/user/exchange/workspace/install/pal_pro_gripper_controller_configuration:/home/user/exchange/workspace/install/tiago_pro_simulation:/home/user/exchange/workspace/install/tiago_pro_robot:/home/user/exchange/workspace/install/tiago_pro_navigation:/home/user/exchange/workspace/install/tiago_pro_gazebo:/home/user/exchange/workspace/install/tiago_pro_rgbd_sensors:/home/user/exchange/workspace/install/tiago_pro_mujoco:/home/user/exchange/workspace/install/tiago_pro_moveit_config:/home/user/exchange/workspace/install/tiago_pro_laser_sensors:/home/user/exchange/workspace/install/tiago_pro_description:/home/user/exchange/workspace/install/tiago_pro_bringup:/home/user/exchange/workspace/install/tiago_pro_controller_configuration:/home/user/exchange/workspace/install/tiago_pro_2dnav:/home/user/exchange/workspace/install/pal_sea_arm:/home/user/exchange/workspace/install/pal_sea_arm_bringup:/home/user/exchange/workspace/install/pal_sea_arm_description:/home/user/exchange/workspace/install/pal_pro_gripper_simulation:/home/user/exchange/workspace/install/pal_pro_gripper_bringup:/home/user/exchange/workspace/install/pal_pro_gripper:/home/user/exchange/workspace/install/pal_pro_gripper_description:/home/user/exchange/workspace/install/pal_gazebo_worlds:/home/user/exchange/workspace/install/pal_pro_gripper_wrapper:/opt/ros/humble PYTHONPATH=/home/user/exchange/workspace/install/pal_pro_gripper_wrapper/lib/python3.10/site-packages:/home/user/exchange/workspace/install/tiago_pro_description/local/lib/python3.10/dist-packages:/home/user/exchange/workspace/install/pal_sea_arm_description/local/lib/python3.10/dist-packages:/home/user/exchange/workspace/install/pal_pro_gripper_description/local/lib/python3.10/dist-packages:/opt/ros/humble/lib/python3.10/site-packages:/opt/ros/humble/local/lib/python3.10/dist-packages /usr/bin/cmake --build /home/user/exchange/workspace/build/tiago_pro_controller_configuration -- -j12 -l12
[0.048s] Invoking command in '/home/user/exchange/workspace/build/tiago_pro_controller_configuration': AMENT_PREFIX_PATH=/home/user/exchange/workspace/install/pal_pro_gripper_wrapper:/home/user/exchange/workspace/install/tiago_pro_simulation:/home/user/exchange/workspace/install/tiago_pro_robot:/home/user/exchange/workspace/install/tiago_pro_navigation:/home/user/exchange/workspace/install/tiago_pro_gazebo:/home/user/exchange/workspace/install/tiago_pro_rgbd_sensors:/home/user/exchange/workspace/install/tiago_pro_mujoco:/home/user/exchange/workspace/install/tiago_pro_moveit_config:/home/user/exchange/workspace/install/tiago_pro_laser_sensors:/home/user/exchange/workspace/install/tiago_pro_description:/home/user/exchange/workspace/install/tiago_pro_bringup:/home/user/exchange/workspace/install/tiago_pro_controller_configuration:/home/user/exchange/workspace/install/tiago_pro_2dnav:/home/user/exchange/workspace/install/pal_sea_arm:/home/user/exchange/workspace/install/pal_sea_arm_bringup:/home/user/exchange/workspace/install/pal_sea_arm_description:/home/user/exchange/workspace/install/pal_sea_arm_controller_configuration:/home/user/exchange/workspace/install/pal_pro_gripper_simulation:/home/user/exchange/workspace/install/pal_pro_gripper_bringup:/home/user/exchange/workspace/install/pal_pro_gripper:/home/user/exchange/workspace/install/pal_pro_gripper_controller_configuration:/home/user/exchange/workspace/install/pal_pro_gripper_description:/home/user/exchange/workspace/install/pal_gazebo_worlds:/opt/ros/humble CMAKE_PREFIX_PATH=/home/user/exchange/workspace/install/pal_sea_arm_controller_configuration:/home/user/exchange/workspace/install/pal_pro_gripper_controller_configuration:/home/user/exchange/workspace/install/tiago_pro_simulation:/home/user/exchange/workspace/install/tiago_pro_robot:/home/user/exchange/workspace/install/tiago_pro_navigation:/home/user/exchange/workspace/install/tiago_pro_gazebo:/home/user/exchange/workspace/install/tiago_pro_rgbd_sensors:/home/user/exchange/workspace/install/tiago_pro_mujoco:/home/user/exchange/workspace/install/tiago_pro_moveit_config:/home/user/exchange/workspace/install/tiago_pro_laser_sensors:/home/user/exchange/workspace/install/tiago_pro_description:/home/user/exchange/workspace/install/tiago_pro_bringup:/home/user/exchange/workspace/install/tiago_pro_controller_configuration:/home/user/exchange/workspace/install/tiago_pro_2dnav:/home/user/exchange/workspace/install/pal_sea_arm:/home/user/exchange/workspace/install/pal_sea_arm_bringup:/home/user/exchange/workspace/install/pal_sea_arm_description:/home/user/exchange/workspace/install/pal_pro_gripper_simulation:/home/user/exchange/workspace/install/pal_pro_gripper_bringup:/home/user/exchange/workspace/install/pal_pro_gripper:/home/user/exchange/workspace/install/pal_pro_gripper_description:/home/user/exchange/workspace/install/pal_gazebo_worlds:/home/user/exchange/workspace/install/pal_pro_gripper_wrapper:/opt/ros/humble PYTHONPATH=/home/user/exchange/workspace/install/pal_pro_gripper_wrapper/lib/python3.10/site-packages:/home/user/exchange/workspace/install/tiago_pro_description/local/lib/python3.10/dist-packages:/home/user/exchange/workspace/install/pal_sea_arm_description/local/lib/python3.10/dist-packages:/home/user/exchange/workspace/install/pal_pro_gripper_description/local/lib/python3.10/dist-packages:/opt/ros/humble/lib/python3.10/site-packages:/opt/ros/humble/local/lib/python3.10/dist-packages /usr/bin/cmake --install /home/user/exchange/workspace/build/tiago_pro_controller_configuration
[0.052s] -- Install configuration: ""
[0.052s] -- Up-to-date: /home/user/exchange/workspace/install/tiago_pro_controller_configuration/share/tiago_pro_controller_configuration/launch
[0.052s] -- Up-to-date: /home/user/exchange/workspace/install/tiago_pro_controller_configuration/share/tiago_pro_controller_configuration/launch/default_controllers.launch.py
[0.052s] -- Up-to-date: /home/user/exchange/workspace/install/tiago_pro_controller_configuration/share/tiago_pro_controller_configuration/launch/impedance_controller.launch.py
[0.052s] -- Up-to-date: /home/user/exchange/workspace/install/tiago_pro_controller_configuration/share/tiago_pro_controller_configuration/launch/tsid_default_controllers.launch.py
[0.052s] -- Up-to-date: /home/user/exchange/workspace/install/tiago_pro_controller_configuration/share/tiago_pro_controller_configuration/launch/velocity_controllers.launch.py
[0.052s] -- Up-to-date: /home/user/exchange/workspace/install/tiago_pro_controller_configuration/share/tiago_pro_controller_configuration/config
[0.052s] -- Up-to-date: /home/user/exchange/workspace/install/tiago_pro_controller_configuration/share/tiago_pro_controller_configuration/config/current_limit_controllers.yaml
[0.052s] -- Up-to-date: /home/user/exchange/workspace/install/tiago_pro_controller_configuration/share/tiago_pro_controller_configuration/config/impedance_controller_arm_jtc.yaml
[0.052s] -- Up-to-date: /home/user/exchange/workspace/install/tiago_pro_controller_configuration/share/tiago_pro_controller_configuration/config/joint_state_broadcaster.yaml
[0.052s] -- Up-to-date: /home/user/exchange/workspace/install/tiago_pro_controller_configuration/share/tiago_pro_controller_configuration/config/local_joint_control
[0.052s] -- Up-to-date: /home/user/exchange/workspace/install/tiago_pro_controller_configuration/share/tiago_pro_controller_configuration/config/local_joint_control/no_control
[0.052s] -- Up-to-date: /home/user/exchange/workspace/install/tiago_pro_controller_configuration/share/tiago_pro_controller_configuration/config/local_joint_control/no_control/arm_left_4_joint_params.yaml
[0.052s] -- Up-to-date: /home/user/exchange/workspace/install/tiago_pro_controller_configuration/share/tiago_pro_controller_configuration/config/local_joint_control/no_control/arm_right_6_joint_params.yaml
[0.052s] -- Up-to-date: /home/user/exchange/workspace/install/tiago_pro_controller_configuration/share/tiago_pro_controller_configuration/config/local_joint_control/no_control/arm_left_6_joint_params.yaml
[0.052s] -- Up-to-date: /home/user/exchange/workspace/install/tiago_pro_controller_configuration/share/tiago_pro_controller_configuration/config/local_joint_control/no_control/arm_left_3_joint_params.yaml
[0.052s] -- Up-to-date: /home/user/exchange/workspace/install/tiago_pro_controller_configuration/share/tiago_pro_controller_configuration/config/local_joint_control/no_control/linear_actuator_right_joint_params.yaml
[0.052s] -- Up-to-date: /home/user/exchange/workspace/install/tiago_pro_controller_configuration/share/tiago_pro_controller_configuration/config/local_joint_control/no_control/torso_lift_joint_params.yaml
[0.052s] -- Up-to-date: /home/user/exchange/workspace/install/tiago_pro_controller_configuration/share/tiago_pro_controller_configuration/config/local_joint_control/no_control/arm_right_7_joint_params.yaml
[0.052s] -- Up-to-date: /home/user/exchange/workspace/install/tiago_pro_controller_configuration/share/tiago_pro_controller_configuration/config/local_joint_control/no_control/arm_left_7_joint_params.yaml
[0.052s] -- Up-to-date: /home/user/exchange/workspace/install/tiago_pro_controller_configuration/share/tiago_pro_controller_configuration/config/local_joint_control/no_control/arm_left_5_joint_params.yaml
[0.052s] -- Up-to-date: /home/user/exchange/workspace/install/tiago_pro_controller_configuration/share/tiago_pro_controller_configuration/config/local_joint_control/no_control/arm_left_2_joint_params.yaml
[0.053s] -- Up-to-date: /home/user/exchange/workspace/install/tiago_pro_controller_configuration/share/tiago_pro_controller_configuration/config/local_joint_control/no_control/arm_right_2_joint_params.yaml
[0.053s] -- Up-to-date: /home/user/exchange/workspace/install/tiago_pro_controller_configuration/share/tiago_pro_controller_configuration/config/local_joint_control/no_control/inner_finger_1_left_joint_params.yaml
[0.053s] -- Up-to-date: /home/user/exchange/workspace/install/tiago_pro_controller_configuration/share/tiago_pro_controller_configuration/config/local_joint_control/no_control/inner_finger_1_right_joint_params.yaml
[0.053s] -- Up-to-date: /home/user/exchange/workspace/install/tiago_pro_controller_configuration/share/tiago_pro_controller_configuration/config/local_joint_control/no_control/arm_right_3_joint_params.yaml
[0.053s] -- Up-to-date: /home/user/exchange/workspace/install/tiago_pro_controller_configuration/share/tiago_pro_controller_configuration/config/local_joint_control/no_control/torso_yaw_joint_params.yaml
[0.053s] -- Up-to-date: /home/user/exchange/workspace/install/tiago_pro_controller_configuration/share/tiago_pro_controller_configuration/config/local_joint_control/no_control/gripper_right_joint_params.yaml
[0.053s] -- Up-to-date: /home/user/exchange/workspace/install/tiago_pro_controller_configuration/share/tiago_pro_controller_configuration/config/local_joint_control/no_control/arm_right_4_joint_params.yaml
[0.053s] -- Up-to-date: /home/user/exchange/workspace/install/tiago_pro_controller_configuration/share/tiago_pro_controller_configuration/config/local_joint_control/no_control/arm_right_1_joint_params.yaml
[0.053s] -- Up-to-date: /home/user/exchange/workspace/install/tiago_pro_controller_configuration/share/tiago_pro_controller_configuration/config/local_joint_control/no_control/linear_actuator_left_joint_params.yaml
[0.053s] -- Up-to-date: /home/user/exchange/workspace/install/tiago_pro_controller_configuration/share/tiago_pro_controller_configuration/config/local_joint_control/no_control/arm_right_5_joint_params.yaml
[0.053s] -- Up-to-date: /home/user/exchange/workspace/install/tiago_pro_controller_configuration/share/tiago_pro_controller_configuration/config/local_joint_control/no_control/gripper_left_joint_params.yaml
[0.053s] -- Up-to-date: /home/user/exchange/workspace/install/tiago_pro_controller_configuration/share/tiago_pro_controller_configuration/config/local_joint_control/no_control/arm_left_1_joint_params.yaml
[0.053s] -- Up-to-date: /home/user/exchange/workspace/install/tiago_pro_controller_configuration/share/tiago_pro_controller_configuration/config/local_joint_control/actuator_parameters
[0.053s] -- Up-to-date: /home/user/exchange/workspace/install/tiago_pro_controller_configuration/share/tiago_pro_controller_configuration/config/local_joint_control/actuator_parameters/arm_right_1_joint_safety.yaml
[0.053s] -- Up-to-date: /home/user/exchange/workspace/install/tiago_pro_controller_configuration/share/tiago_pro_controller_configuration/config/local_joint_control/actuator_parameters/arm_right_3_joint.yaml
[0.053s] -- Up-to-date: /home/user/exchange/workspace/install/tiago_pro_controller_configuration/share/tiago_pro_controller_configuration/config/local_joint_control/actuator_parameters/arm_right_6_joint_safety.yaml
[0.053s] -- Up-to-date: /home/user/exchange/workspace/install/tiago_pro_controller_configuration/share/tiago_pro_controller_configuration/config/local_joint_control/actuator_parameters/arm_right_2_joint_safety.yaml
[0.053s] -- Up-to-date: /home/user/exchange/workspace/install/tiago_pro_controller_configuration/share/tiago_pro_controller_configuration/config/local_joint_control/actuator_parameters/arm_right_4_joint_safety.yaml
[0.053s] -- Up-to-date: /home/user/exchange/workspace/install/tiago_pro_controller_configuration/share/tiago_pro_controller_configuration/config/local_joint_control/actuator_parameters/arm_right_3_joint_safety.yaml
[0.053s] -- Up-to-date: /home/user/exchange/workspace/install/tiago_pro_controller_configuration/share/tiago_pro_controller_configuration/config/local_joint_control/actuator_parameters/arm_left_7_joint_safety.yaml
[0.053s] -- Up-to-date: /home/user/exchange/workspace/install/tiago_pro_controller_configuration/share/tiago_pro_controller_configuration/config/local_joint_control/actuator_parameters/arm_right_4_joint.yaml
[0.053s] -- Up-to-date: /home/user/exchange/workspace/install/tiago_pro_controller_configuration/share/tiago_pro_controller_configuration/config/local_joint_control/actuator_parameters/arm_left_1_joint_safety.yaml
[0.053s] -- Up-to-date: /home/user/exchange/workspace/install/tiago_pro_controller_configuration/share/tiago_pro_controller_configuration/config/local_joint_control/actuator_parameters/arm_left_6_joint_safety.yaml
[0.053s] -- Up-to-date: /home/user/exchange/workspace/install/tiago_pro_controller_configuration/share/tiago_pro_controller_configuration/config/local_joint_control/actuator_parameters/arm_left_4_joint.yaml
[0.054s] -- Up-to-date: /home/user/exchange/workspace/install/tiago_pro_controller_configuration/share/tiago_pro_controller_configuration/config/local_joint_control/actuator_parameters/arm_right_6_joint.yaml
[0.054s] -- Up-to-date: /home/user/exchange/workspace/install/tiago_pro_controller_configuration/share/tiago_pro_controller_configuration/config/local_joint_control/actuator_parameters/arm_left_2_joint.yaml
[0.054s] -- Up-to-date: /home/user/exchange/workspace/install/tiago_pro_controller_configuration/share/tiago_pro_controller_configuration/config/local_joint_control/actuator_parameters/arm_left_3_joint.yaml
[0.054s] -- Up-to-date: /home/user/exchange/workspace/install/tiago_pro_controller_configuration/share/tiago_pro_controller_configuration/config/local_joint_control/actuator_parameters/arm_left_4_joint_safety.yaml
[0.054s] -- Up-to-date: /home/user/exchange/workspace/install/tiago_pro_controller_configuration/share/tiago_pro_controller_configuration/config/local_joint_control/actuator_parameters/arm_left_7_joint.yaml
[0.054s] -- Up-to-date: /home/user/exchange/workspace/install/tiago_pro_controller_configuration/share/tiago_pro_controller_configuration/config/local_joint_control/actuator_parameters/gripper_right_joint.yaml
[0.054s] -- Up-to-date: /home/user/exchange/workspace/install/tiago_pro_controller_configuration/share/tiago_pro_controller_configuration/config/local_joint_control/actuator_parameters/gripper_left_joint.yaml
[0.054s] -- Up-to-date: /home/user/exchange/workspace/install/tiago_pro_controller_configuration/share/tiago_pro_controller_configuration/config/local_joint_control/actuator_parameters/arm_left_5_joint_safety.yaml
[0.054s] -- Up-to-date: /home/user/exchange/workspace/install/tiago_pro_controller_configuration/share/tiago_pro_controller_configuration/config/local_joint_control/actuator_parameters/torso_lift_joint.yaml
[0.054s] -- Up-to-date: /home/user/exchange/workspace/install/tiago_pro_controller_configuration/share/tiago_pro_controller_configuration/config/local_joint_control/actuator_parameters/inner_finger_1_left_joint.yaml
[0.054s] -- Up-to-date: /home/user/exchange/workspace/install/tiago_pro_controller_configuration/share/tiago_pro_controller_configuration/config/local_joint_control/actuator_parameters/arm_left_5_joint.yaml
[0.054s] -- Up-to-date: /home/user/exchange/workspace/install/tiago_pro_controller_configuration/share/tiago_pro_controller_configuration/config/local_joint_control/actuator_parameters/arm_left_1_joint.yaml
[0.054s] -- Up-to-date: /home/user/exchange/workspace/install/tiago_pro_controller_configuration/share/tiago_pro_controller_configuration/config/local_joint_control/actuator_parameters/inner_finger_1_right_joint.yaml
[0.054s] -- Up-to-date: /home/user/exchange/workspace/install/tiago_pro_controller_configuration/share/tiago_pro_controller_configuration/config/local_joint_control/actuator_parameters/arm_right_5_joint_safety.yaml
[0.054s] -- Up-to-date: /home/user/exchange/workspace/install/tiago_pro_controller_configuration/share/tiago_pro_controller_configuration/config/local_joint_control/actuator_parameters/arm_left_2_joint_safety.yaml
[0.054s] -- Up-to-date: /home/user/exchange/workspace/install/tiago_pro_controller_configuration/share/tiago_pro_controller_configuration/config/local_joint_control/actuator_parameters/arm_right_7_joint_safety.yaml
[0.054s] -- Up-to-date: /home/user/exchange/workspace/install/tiago_pro_controller_configuration/share/tiago_pro_controller_configuration/config/local_joint_control/actuator_parameters/arm_left_6_joint.yaml
[0.054s] -- Up-to-date: /home/user/exchange/workspace/install/tiago_pro_controller_configuration/share/tiago_pro_controller_configuration/config/local_joint_control/actuator_parameters/arm_left_3_joint_safety.yaml
[0.054s] -- Up-to-date: /home/user/exchange/workspace/install/tiago_pro_controller_configuration/share/tiago_pro_controller_configuration/config/local_joint_control/actuator_parameters/arm_right_7_joint.yaml
[0.054s] -- Up-to-date: /home/user/exchange/workspace/install/tiago_pro_controller_configuration/share/tiago_pro_controller_configuration/config/local_joint_control/actuator_parameters/actuator_safety_specific_params.yaml
[0.054s] -- Up-to-date: /home/user/exchange/workspace/install/tiago_pro_controller_configuration/share/tiago_pro_controller_configuration/config/local_joint_control/actuator_parameters/arm_right_1_joint.yaml
[0.054s] -- Up-to-date: /home/user/exchange/workspace/install/tiago_pro_controller_configuration/share/tiago_pro_controller_configuration/config/local_joint_control/actuator_parameters/arm_right_2_joint.yaml
[0.054s] -- Up-to-date: /home/user/exchange/workspace/install/tiago_pro_controller_configuration/share/tiago_pro_controller_configuration/config/local_joint_control/actuator_parameters/arm_right_5_joint.yaml
[0.054s] -- Up-to-date: /home/user/exchange/workspace/install/tiago_pro_controller_configuration/share/tiago_pro_controller_configuration/config/local_joint_control/direct_position_control
[0.054s] -- Up-to-date: /home/user/exchange/workspace/install/tiago_pro_controller_configuration/share/tiago_pro_controller_configuration/config/local_joint_control/direct_position_control/arm_left_4_joint_params.yaml
[0.054s] -- Up-to-date: /home/user/exchange/workspace/install/tiago_pro_controller_configuration/share/tiago_pro_controller_configuration/config/local_joint_control/direct_position_control/arm_right_6_joint_params.yaml
[0.054s] -- Up-to-date: /home/user/exchange/workspace/install/tiago_pro_controller_configuration/share/tiago_pro_controller_configuration/config/local_joint_control/direct_position_control/arm_left_6_joint_params.yaml
[0.054s] -- Up-to-date: /home/user/exchange/workspace/install/tiago_pro_controller_configuration/share/tiago_pro_controller_configuration/config/local_joint_control/direct_position_control/arm_left_3_joint_params.yaml
[0.054s] -- Up-to-date: /home/user/exchange/workspace/install/tiago_pro_controller_configuration/share/tiago_pro_controller_configuration/config/local_joint_control/direct_position_control/torso_lift_joint_params.yaml
[0.054s] -- Up-to-date: /home/user/exchange/workspace/install/tiago_pro_controller_configuration/share/tiago_pro_controller_configuration/config/local_joint_control/direct_position_control/arm_right_7_joint_params.yaml
[0.054s] -- Up-to-date: /home/user/exchange/workspace/install/tiago_pro_controller_configuration/share/tiago_pro_controller_configuration/config/local_joint_control/direct_position_control/arm_left_7_joint_params.yaml
[0.054s] -- Up-to-date: /home/user/exchange/workspace/install/tiago_pro_controller_configuration/share/tiago_pro_controller_configuration/config/local_joint_control/direct_position_control/arm_left_5_joint_params.yaml
[0.055s] -- Up-to-date: /home/user/exchange/workspace/install/tiago_pro_controller_configuration/share/tiago_pro_controller_configuration/config/local_joint_control/direct_position_control/arm_left_2_joint_params.yaml
[0.055s] -- Up-to-date: /home/user/exchange/workspace/install/tiago_pro_controller_configuration/share/tiago_pro_controller_configuration/config/local_joint_control/direct_position_control/arm_right_2_joint_params.yaml
[0.055s] -- Up-to-date: /home/user/exchange/workspace/install/tiago_pro_controller_configuration/share/tiago_pro_controller_configuration/config/local_joint_control/direct_position_control/arm_right_3_joint_params.yaml
[0.055s] -- Up-to-date: /home/user/exchange/workspace/install/tiago_pro_controller_configuration/share/tiago_pro_controller_configuration/config/local_joint_control/direct_position_control/arm_right_4_joint_params.yaml
[0.055s] -- Up-to-date: /home/user/exchange/workspace/install/tiago_pro_controller_configuration/share/tiago_pro_controller_configuration/config/local_joint_control/direct_position_control/arm_right_1_joint_params.yaml
[0.055s] -- Up-to-date: /home/user/exchange/workspace/install/tiago_pro_controller_configuration/share/tiago_pro_controller_configuration/config/local_joint_control/direct_position_control/arm_right_5_joint_params.yaml
[0.055s] -- Up-to-date: /home/user/exchange/workspace/install/tiago_pro_controller_configuration/share/tiago_pro_controller_configuration/config/local_joint_control/direct_position_control/arm_left_1_joint_params.yaml
[0.055s] -- Up-to-date: /home/user/exchange/workspace/install/tiago_pro_controller_configuration/share/tiago_pro_controller_configuration/config/joint_torque_state_broadcaster.yaml
[0.055s] -- Up-to-date: /home/user/exchange/workspace/install/tiago_pro_controller_configuration/share/tiago_pro_controller_configuration/config/forward_controller_vel.yaml
[0.055s] -- Up-to-date: /home/user/exchange/workspace/install/tiago_pro_controller_configuration/share/tiago_pro_controller_configuration/config/impedance_controller_arm.yaml
[0.055s] -- Up-to-date: /home/user/exchange/workspace/install/tiago_pro_controller_configuration/share/tiago_pro_controller_configuration/config/tsid
[0.055s] -- Up-to-date: /home/user/exchange/workspace/install/tiago_pro_controller_configuration/share/tiago_pro_controller_configuration/config/tsid/cartesian_space_controller_robot_frame.yaml
[0.055s] -- Up-to-date: /home/user/exchange/workspace/install/tiago_pro_controller_configuration/share/tiago_pro_controller_configuration/config/tsid/cartesian_vel_controller_ee_frame.yaml
[0.055s] -- Up-to-date: /home/user/exchange/workspace/install/tiago_pro_controller_configuration/share/tiago_pro_controller_configuration/config/tsid/cartesian_space_controller_ee_frame.yaml
[0.055s] -- Up-to-date: /home/user/exchange/workspace/install/tiago_pro_controller_configuration/share/tiago_pro_controller_configuration/config/tsid/sin_joint_controller.yaml
[0.055s] -- Up-to-date: /home/user/exchange/workspace/install/tiago_pro_controller_configuration/share/tiago_pro_controller_configuration/config/tsid/gains
[0.055s] -- Up-to-date: /home/user/exchange/workspace/install/tiago_pro_controller_configuration/share/tiago_pro_controller_configuration/config/tsid/gains/joint_space_controller_vel_sim.yaml
[0.055s] -- Up-to-date: /home/user/exchange/workspace/install/tiago_pro_controller_configuration/share/tiago_pro_controller_configuration/config/tsid/gains/cartesian_space_controller_robot_frame.yaml
[0.055s] -- Up-to-date: /home/user/exchange/workspace/install/tiago_pro_controller_configuration/share/tiago_pro_controller_configuration/config/tsid/gains/sin_joint_controller_sim.yaml
[0.055s] -- Up-to-date: /home/user/exchange/workspace/install/tiago_pro_controller_configuration/share/tiago_pro_controller_configuration/config/tsid/gains/cartesian_space_controller_ee_frame_sim.yaml
[0.055s] -- Up-to-date: /home/user/exchange/workspace/install/tiago_pro_controller_configuration/share/tiago_pro_controller_configuration/config/tsid/gains/cartesian_vel_controller_ee_frame.yaml
[0.055s] -- Up-to-date: /home/user/exchange/workspace/install/tiago_pro_controller_configuration/share/tiago_pro_controller_configuration/config/tsid/gains/cartesian_space_controller_ee_frame.yaml
[0.055s] -- Up-to-date: /home/user/exchange/workspace/install/tiago_pro_controller_configuration/share/tiago_pro_controller_configuration/config/tsid/gains/cartesian_vel_controller_ee_frame_sim.yaml
[0.055s] -- Up-to-date: /home/user/exchange/workspace/install/tiago_pro_controller_configuration/share/tiago_pro_controller_configuration/config/tsid/gains/cartesian_vel_controller_robot_frame_sim.yaml
[0.056s] -- Up-to-date: /home/user/exchange/workspace/install/tiago_pro_controller_configuration/share/tiago_pro_controller_configuration/config/tsid/gains/torso_joint_space_controller_sim.yaml
[0.056s] -- Up-to-date: /home/user/exchange/workspace/install/tiago_pro_controller_configuration/share/tiago_pro_controller_configuration/config/tsid/gains/sin_joint_controller.yaml
[0.056s] -- Up-to-date: /home/user/exchange/workspace/install/tiago_pro_controller_configuration/share/tiago_pro_controller_configuration/config/tsid/gains/cartesian_space_controller_robot_frame_sim.yaml
[0.056s] -- Up-to-date: /home/user/exchange/workspace/install/tiago_pro_controller_configuration/share/tiago_pro_controller_configuration/config/tsid/gains/torso_joint_space_vel_controller_sim.yaml
[0.056s] -- Up-to-date: /home/user/exchange/workspace/install/tiago_pro_controller_configuration/share/tiago_pro_controller_configuration/config/tsid/gains/joint_space_controller_sim.yaml
[0.056s] -- Up-to-date: /home/user/exchange/workspace/install/tiago_pro_controller_configuration/share/tiago_pro_controller_configuration/config/tsid/gains/joint_space_controller_vel.yaml
[0.056s] -- Up-to-date: /home/user/exchange/workspace/install/tiago_pro_controller_configuration/share/tiago_pro_controller_configuration/config/tsid/gains/cartesian_vel_controller_robot_frame.yaml
[0.056s] -- Up-to-date: /home/user/exchange/workspace/install/tiago_pro_controller_configuration/share/tiago_pro_controller_configuration/config/tsid/gains/torso_joint_space_controller.yaml
[0.056s] -- Up-to-date: /home/user/exchange/workspace/install/tiago_pro_controller_configuration/share/tiago_pro_controller_configuration/config/tsid/gains/torso_joint_space_vel_controller.yaml
[0.057s] -- Up-to-date: /home/user/exchange/workspace/install/tiago_pro_controller_configuration/share/tiago_pro_controller_configuration/config/tsid/gains/joint_space_controller.yaml
[0.057s] -- Up-to-date: /home/user/exchange/workspace/install/tiago_pro_controller_configuration/share/tiago_pro_controller_configuration/config/tsid/joint_space_controller_vel.yaml
[0.057s] -- Up-to-date: /home/user/exchange/workspace/install/tiago_pro_controller_configuration/share/tiago_pro_controller_configuration/config/tsid/cartesian_vel_controller_robot_frame.yaml
[0.057s] -- Up-to-date: /home/user/exchange/workspace/install/tiago_pro_controller_configuration/share/tiago_pro_controller_configuration/config/tsid/torso_joint_space_controller.yaml
[0.057s] -- Up-to-date: /home/user/exchange/workspace/install/tiago_pro_controller_configuration/share/tiago_pro_controller_configuration/config/tsid/torso_joint_space_vel_controller.yaml
[0.057s] -- Up-to-date: /home/user/exchange/workspace/install/tiago_pro_controller_configuration/share/tiago_pro_controller_configuration/config/tsid/joint_space_controller.yaml
[0.057s] -- Up-to-date: /home/user/exchange/workspace/install/tiago_pro_controller_configuration/share/tiago_pro_controller_configuration/config/torso_controller.yaml
[0.057s] -- Up-to-date: /home/user/exchange/workspace/install/tiago_pro_controller_configuration/share/ament_index/resource_index/package_run_dependencies/tiago_pro_controller_configuration
[0.057s] -- Up-to-date: /home/user/exchange/workspace/install/tiago_pro_controller_configuration/share/ament_index/resource_index/parent_prefix_path/tiago_pro_controller_configuration
[0.057s] -- Up-to-date: /home/user/exchange/workspace/install/tiago_pro_controller_configuration/share/tiago_pro_controller_configuration/environment/ament_prefix_path.sh
[0.057s] -- Up-to-date: /home/user/exchange/workspace/install/tiago_pro_controller_configuration/share/tiago_pro_controller_configuration/environment/ament_prefix_path.dsv
[0.057s] -- Up-to-date: /home/user/exchange/workspace/install/tiago_pro_controller_configuration/share/tiago_pro_controller_configuration/environment/path.sh
[0.057s] -- Up-to-date: /home/user/exchange/workspace/install/tiago_pro_controller_configuration/share/tiago_pro_controller_configuration/environment/path.dsv
[0.057s] -- Up-to-date: /home/user/exchange/workspace/install/tiago_pro_controller_configuration/share/tiago_pro_controller_configuration/local_setup.bash
[0.057s] -- Up-to-date: /home/user/exchange/workspace/install/tiago_pro_controller_configuration/share/tiago_pro_controller_configuration/local_setup.sh
[0.058s] -- Up-to-date: /home/user/exchange/workspace/install/tiago_pro_controller_configuration/share/tiago_pro_controller_configuration/local_setup.zsh
[0.058s] -- Up-to-date: /home/user/exchange/workspace/install/tiago_pro_controller_configuration/share/tiago_pro_controller_configuration/local_setup.dsv
[0.058s] -- Installing: /home/user/exchange/workspace/install/tiago_pro_controller_configuration/share/tiago_pro_controller_configuration/package.dsv
[0.058s] -- Up-to-date: /home/user/exchange/workspace/install/tiago_pro_controller_configuration/share/ament_index/resource_index/packages/tiago_pro_controller_configuration
[0.058s] -- Up-to-date: /home/user/exchange/workspace/install/tiago_pro_controller_configuration/share/tiago_pro_controller_configuration/cmake/tiago_pro_controller_configurationConfig.cmake
[0.058s] -- Up-to-date: /home/user/exchange/workspace/install/tiago_pro_controller_configuration/share/tiago_pro_controller_configuration/cmake/tiago_pro_controller_configurationConfig-version.cmake
[0.058s] -- Up-to-date: /home/user/exchange/workspace/install/tiago_pro_controller_configuration/share/tiago_pro_controller_configuration/package.xml
[0.059s] Invoked command in '/home/user/exchange/workspace/build/tiago_pro_controller_configuration' returned '0': AMENT_PREFIX_PATH=/home/user/exchange/workspace/install/pal_pro_gripper_wrapper:/home/user/exchange/workspace/install/tiago_pro_simulation:/home/user/exchange/workspace/install/tiago_pro_robot:/home/user/exchange/workspace/install/tiago_pro_navigation:/home/user/exchange/workspace/install/tiago_pro_gazebo:/home/user/exchange/workspace/install/tiago_pro_rgbd_sensors:/home/user/exchange/workspace/install/tiago_pro_mujoco:/home/user/exchange/workspace/install/tiago_pro_moveit_config:/home/user/exchange/workspace/install/tiago_pro_laser_sensors:/home/user/exchange/workspace/install/tiago_pro_description:/home/user/exchange/workspace/install/tiago_pro_bringup:/home/user/exchange/workspace/install/tiago_pro_controller_configuration:/home/user/exchange/workspace/install/tiago_pro_2dnav:/home/user/exchange/workspace/install/pal_sea_arm:/home/user/exchange/workspace/install/pal_sea_arm_bringup:/home/user/exchange/workspace/install/pal_sea_arm_description:/home/user/exchange/workspace/install/pal_sea_arm_controller_configuration:/home/user/exchange/workspace/install/pal_pro_gripper_simulation:/home/user/exchange/workspace/install/pal_pro_gripper_bringup:/home/user/exchange/workspace/install/pal_pro_gripper:/home/user/exchange/workspace/install/pal_pro_gripper_controller_configuration:/home/user/exchange/workspace/install/pal_pro_gripper_description:/home/user/exchange/workspace/install/pal_gazebo_worlds:/opt/ros/humble CMAKE_PREFIX_PATH=/home/user/exchange/workspace/install/pal_sea_arm_controller_configuration:/home/user/exchange/workspace/install/pal_pro_gripper_controller_configuration:/home/user/exchange/workspace/install/tiago_pro_simulation:/home/user/exchange/workspace/install/tiago_pro_robot:/home/user/exchange/workspace/install/tiago_pro_navigation:/home/user/exchange/workspace/install/tiago_pro_gazebo:/home/user/exchange/workspace/install/tiago_pro_rgbd_sensors:/home/user/exchange/workspace/install/tiago_pro_mujoco:/home/user/exchange/workspace/install/tiago_pro_moveit_config:/home/user/exchange/workspace/install/tiago_pro_laser_sensors:/home/user/exchange/workspace/install/tiago_pro_description:/home/user/exchange/workspace/install/tiago_pro_bringup:/home/user/exchange/workspace/install/tiago_pro_controller_configuration:/home/user/exchange/workspace/install/tiago_pro_2dnav:/home/user/exchange/workspace/install/pal_sea_arm:/home/user/exchange/workspace/install/pal_sea_arm_bringup:/home/user/exchange/workspace/install/pal_sea_arm_description:/home/user/exchange/workspace/install/pal_pro_gripper_simulation:/home/user/exchange/workspace/install/pal_pro_gripper_bringup:/home/user/exchange/workspace/install/pal_pro_gripper:/home/user/exchange/workspace/install/pal_pro_gripper_description:/home/user/exchange/workspace/install/pal_gazebo_worlds:/home/user/exchange/workspace/install/pal_pro_gripper_wrapper:/opt/ros/humble PYTHONPATH=/home/user/exchange/workspace/install/pal_pro_gripper_wrapper/lib/python3.10/site-packages:/home/user/exchange/workspace/install/tiago_pro_description/local/lib/python3.10/dist-packages:/home/user/exchange/workspace/install/pal_sea_arm_description/local/lib/python3.10/dist-packages:/home/user/exchange/workspace/install/pal_pro_gripper_description/local/lib/python3.10/dist-packages:/opt/ros/humble/lib/python3.10/site-packages:/opt/ros/humble/local/lib/python3.10/dist-packages /usr/bin/cmake --install /home/user/exchange/workspace/build/tiago_pro_controller_configuration
