-- Install configuration: ""
-- Up-to-date: /home/user/exchange/workspace/install/pal_pro_gripper_controller_configuration/share/pal_pro_gripper_controller_configuration/config
-- Up-to-date: /home/user/exchange/workspace/install/pal_pro_gripper_controller_configuration/share/pal_pro_gripper_controller_configuration/config/joint_state_broadcaster.yaml
-- Up-to-date: /home/user/exchange/workspace/install/pal_pro_gripper_controller_configuration/share/pal_pro_gripper_controller_configuration/config/gazebo_controller_manager_cfg.yaml
-- Up-to-date: /home/user/exchange/workspace/install/pal_pro_gripper_controller_configuration/share/pal_pro_gripper_controller_configuration/config/gripper_controller.yaml
-- Up-to-date: /home/user/exchange/workspace/install/pal_pro_gripper_controller_configuration/share/pal_pro_gripper_controller_configuration/launch
-- Up-to-date: /home/user/exchange/workspace/install/pal_pro_gripper_controller_configuration/share/pal_pro_gripper_controller_configuration/launch/pal_pro_gripper_controller_standalone.launch.py
-- Up-to-date: /home/user/exchange/workspace/install/pal_pro_gripper_controller_configuration/share/pal_pro_gripper_controller_configuration/launch/pal_pro_gripper_controller.launch.py
-- Up-to-date: /home/user/exchange/workspace/install/pal_pro_gripper_controller_configuration/share/ament_index/resource_index/package_run_dependencies/pal_pro_gripper_controller_configuration
-- Up-to-date: /home/user/exchange/workspace/install/pal_pro_gripper_controller_configuration/share/ament_index/resource_index/parent_prefix_path/pal_pro_gripper_controller_configuration
-- Up-to-date: /home/user/exchange/workspace/install/pal_pro_gripper_controller_configuration/share/pal_pro_gripper_controller_configuration/environment/ament_prefix_path.sh
-- Up-to-date: /home/user/exchange/workspace/install/pal_pro_gripper_controller_configuration/share/pal_pro_gripper_controller_configuration/environment/ament_prefix_path.dsv
-- Up-to-date: /home/user/exchange/workspace/install/pal_pro_gripper_controller_configuration/share/pal_pro_gripper_controller_configuration/environment/path.sh
-- Up-to-date: /home/user/exchange/workspace/install/pal_pro_gripper_controller_configuration/share/pal_pro_gripper_controller_configuration/environment/path.dsv
-- Up-to-date: /home/user/exchange/workspace/install/pal_pro_gripper_controller_configuration/share/pal_pro_gripper_controller_configuration/local_setup.bash
-- Up-to-date: /home/user/exchange/workspace/install/pal_pro_gripper_controller_configuration/share/pal_pro_gripper_controller_configuration/local_setup.sh
-- Up-to-date: /home/user/exchange/workspace/install/pal_pro_gripper_controller_configuration/share/pal_pro_gripper_controller_configuration/local_setup.zsh
-- Up-to-date: /home/user/exchange/workspace/install/pal_pro_gripper_controller_configuration/share/pal_pro_gripper_controller_configuration/local_setup.dsv
-- Installing: /home/user/exchange/workspace/install/pal_pro_gripper_controller_configuration/share/pal_pro_gripper_controller_configuration/package.dsv
-- Up-to-date: /home/user/exchange/workspace/install/pal_pro_gripper_controller_configuration/share/ament_index/resource_index/packages/pal_pro_gripper_controller_configuration
-- Up-to-date: /home/user/exchange/workspace/install/pal_pro_gripper_controller_configuration/share/pal_pro_gripper_controller_configuration/cmake/pal_pro_gripper_controller_configurationConfig.cmake
-- Up-to-date: /home/user/exchange/workspace/install/pal_pro_gripper_controller_configuration/share/pal_pro_gripper_controller_configuration/cmake/pal_pro_gripper_controller_configurationConfig-version.cmake
-- Up-to-date: /home/user/exchange/workspace/install/pal_pro_gripper_controller_configuration/share/pal_pro_gripper_controller_configuration/package.xml
