[0.154s] Invoking command in '/home/user/exchange/workspace/build/tiago_pro_rgbd_sensors': CMAKE_PREFIX_PATH=/opt/ros/humble /usr/bin/cmake --build /home/user/exchange/workspace/build/tiago_pro_rgbd_sensors -- -j12 -l12
[0.196s] Invoked command in '/home/user/exchange/workspace/build/tiago_pro_rgbd_sensors' returned '0': CMAKE_PREFIX_PATH=/opt/ros/humble /usr/bin/cmake --build /home/user/exchange/workspace/build/tiago_pro_rgbd_sensors -- -j12 -l12
[0.204s] Invoking command in '/home/user/exchange/workspace/build/tiago_pro_rgbd_sensors': CMAKE_PREFIX_PATH=/opt/ros/humble /usr/bin/cmake --install /home/user/exchange/workspace/build/tiago_pro_rgbd_sensors
[0.212s] -- Install configuration: ""
[0.213s] -- Up-to-date: /home/user/exchange/workspace/install/tiago_pro_rgbd_sensors/share/tiago_pro_rgbd_sensors/config
[0.213s] -- Up-to-date: /home/user/exchange/workspace/install/tiago_pro_rgbd_sensors/share/tiago_pro_rgbd_sensors/config/rgbd_analyzers.yaml
[0.213s] -- Up-to-date: /home/user/exchange/workspace/install/tiago_pro_rgbd_sensors/share/tiago_pro_rgbd_sensors/launch
[0.213s] -- Up-to-date: /home/user/exchange/workspace/install/tiago_pro_rgbd_sensors/share/tiago_pro_rgbd_sensors/launch/rgbd_sim.launch.py
[0.213s] -- Up-to-date: /home/user/exchange/workspace/install/tiago_pro_rgbd_sensors/share/tiago_pro_rgbd_sensors/launch/rgbd.launch.py
[0.213s] -- Up-to-date: /home/user/exchange/workspace/install/tiago_pro_rgbd_sensors/share/ament_index/resource_index/package_run_dependencies/tiago_pro_rgbd_sensors
[0.213s] -- Up-to-date: /home/user/exchange/workspace/install/tiago_pro_rgbd_sensors/share/ament_index/resource_index/parent_prefix_path/tiago_pro_rgbd_sensors
[0.213s] -- Up-to-date: /home/user/exchange/workspace/install/tiago_pro_rgbd_sensors/share/tiago_pro_rgbd_sensors/environment/ament_prefix_path.sh
[0.216s] -- Up-to-date: /home/user/exchange/workspace/install/tiago_pro_rgbd_sensors/share/tiago_pro_rgbd_sensors/environment/ament_prefix_path.dsv
[0.217s] -- Up-to-date: /home/user/exchange/workspace/install/tiago_pro_rgbd_sensors/share/tiago_pro_rgbd_sensors/environment/path.sh
[0.217s] -- Up-to-date: /home/user/exchange/workspace/install/tiago_pro_rgbd_sensors/share/tiago_pro_rgbd_sensors/environment/path.dsv
[0.220s] -- Up-to-date: /home/user/exchange/workspace/install/tiago_pro_rgbd_sensors/share/tiago_pro_rgbd_sensors/local_setup.bash
[0.222s] -- Up-to-date: /home/user/exchange/workspace/install/tiago_pro_rgbd_sensors/share/tiago_pro_rgbd_sensors/local_setup.sh
[0.222s] -- Up-to-date: /home/user/exchange/workspace/install/tiago_pro_rgbd_sensors/share/tiago_pro_rgbd_sensors/local_setup.zsh
[0.222s] -- Up-to-date: /home/user/exchange/workspace/install/tiago_pro_rgbd_sensors/share/tiago_pro_rgbd_sensors/local_setup.dsv
[0.222s] -- Installing: /home/user/exchange/workspace/install/tiago_pro_rgbd_sensors/share/tiago_pro_rgbd_sensors/package.dsv
[0.222s] -- Up-to-date: /home/user/exchange/workspace/install/tiago_pro_rgbd_sensors/share/ament_index/resource_index/packages/tiago_pro_rgbd_sensors
[0.223s] -- Up-to-date: /home/user/exchange/workspace/install/tiago_pro_rgbd_sensors/share/tiago_pro_rgbd_sensors/cmake/tiago_pro_rgbd_sensorsConfig.cmake
[0.223s] -- Up-to-date: /home/user/exchange/workspace/install/tiago_pro_rgbd_sensors/share/tiago_pro_rgbd_sensors/cmake/tiago_pro_rgbd_sensorsConfig-version.cmake
[0.223s] -- Up-to-date: /home/user/exchange/workspace/install/tiago_pro_rgbd_sensors/share/tiago_pro_rgbd_sensors/package.xml
[0.235s] Invoked command in '/home/user/exchange/workspace/build/tiago_pro_rgbd_sensors' returned '0': CMAKE_PREFIX_PATH=/opt/ros/humble /usr/bin/cmake --install /home/user/exchange/workspace/build/tiago_pro_rgbd_sensors
