-- Install configuration: ""
-- Up-to-date: /home/user/exchange/workspace/install/pal_sea_arm_moveit_config/share/pal_sea_arm_moveit_config/launch
-- Up-to-date: /home/user/exchange/workspace/install/pal_sea_arm_moveit_config/share/pal_sea_arm_moveit_config/launch/move_group.launch.py
-- Up-to-date: /home/user/exchange/workspace/install/pal_sea_arm_moveit_config/share/pal_sea_arm_moveit_config/launch/moveit_rviz.launch.py
-- Up-to-date: /home/user/exchange/workspace/install/pal_sea_arm_moveit_config/share/pal_sea_arm_moveit_config/config
-- Up-to-date: /home/user/exchange/workspace/install/pal_sea_arm_moveit_config/share/pal_sea_arm_moveit_config/config/pilz_cartesian_limits.yaml
-- Up-to-date: /home/user/exchange/workspace/install/pal_sea_arm_moveit_config/share/pal_sea_arm_moveit_config/config/kinematics_kdl.yaml
-- Up-to-date: /home/user/exchange/workspace/install/pal_sea_arm_moveit_config/share/pal_sea_arm_moveit_config/config/srdf
-- Up-to-date: /home/user/exchange/workspace/install/pal_sea_arm_moveit_config/share/pal_sea_arm_moveit_config/config/srdf/scripts
-- Up-to-date: /home/user/exchange/workspace/install/pal_sea_arm_moveit_config/share/pal_sea_arm_moveit_config/config/srdf/scripts/merge.sh
-- Up-to-date: /home/user/exchange/workspace/install/pal_sea_arm_moveit_config/share/pal_sea_arm_moveit_config/config/srdf/scripts/update.sh
-- Up-to-date: /home/user/exchange/workspace/install/pal_sea_arm_moveit_config/share/pal_sea_arm_moveit_config/config/srdf/disable_collisions
-- Up-to-date: /home/user/exchange/workspace/install/pal_sea_arm_moveit_config/share/pal_sea_arm_moveit_config/config/srdf/disable_collisions/allegro-hand.srdf.xacro
-- Up-to-date: /home/user/exchange/workspace/install/pal_sea_arm_moveit_config/share/pal_sea_arm_moveit_config/config/srdf/disable_collisions/pal-pro-gripper_rokubi.srdf.xacro
-- Up-to-date: /home/user/exchange/workspace/install/pal_sea_arm_moveit_config/share/pal_sea_arm_moveit_config/config/srdf/disable_collisions/no-ee_rokubi.srdf.xacro
-- Up-to-date: /home/user/exchange/workspace/install/pal_sea_arm_moveit_config/share/pal_sea_arm_moveit_config/config/srdf/disable_collisions/pal_sea_arm_no-ee_ati.srdf.xacro
-- Up-to-date: /home/user/exchange/workspace/install/pal_sea_arm_moveit_config/share/pal_sea_arm_moveit_config/config/srdf/disable_collisions/pal_sea_arm_no-ee.srdf.xacro
-- Up-to-date: /home/user/exchange/workspace/install/pal_sea_arm_moveit_config/share/pal_sea_arm_moveit_config/config/srdf/disable_collisions/allegro-hand_rokubi.srdf.xacro
-- Up-to-date: /home/user/exchange/workspace/install/pal_sea_arm_moveit_config/share/pal_sea_arm_moveit_config/config/srdf/disable_collisions/pal_sea_arm_no-ee_rokubi.srdf.xacro
-- Up-to-date: /home/user/exchange/workspace/install/pal_sea_arm_moveit_config/share/pal_sea_arm_moveit_config/config/srdf/disable_collisions/pal_sea_arm_pal-pro-gripper.srdf.xacro
-- Up-to-date: /home/user/exchange/workspace/install/pal_sea_arm_moveit_config/share/pal_sea_arm_moveit_config/config/srdf/disable_collisions/no-ee.srdf.xacro
-- Up-to-date: /home/user/exchange/workspace/install/pal_sea_arm_moveit_config/share/pal_sea_arm_moveit_config/config/srdf/disable_collisions/pal-pro-gripper.srdf.xacro
-- Up-to-date: /home/user/exchange/workspace/install/pal_sea_arm_moveit_config/share/pal_sea_arm_moveit_config/config/srdf/disable_collisions/pal_sea_arm_allegro-hand.srdf.xacro
-- Up-to-date: /home/user/exchange/workspace/install/pal_sea_arm_moveit_config/share/pal_sea_arm_moveit_config/config/srdf/disable_collisions/pal_sea_arm_allegro-hand_rokubi.srdf.xacro
-- Up-to-date: /home/user/exchange/workspace/install/pal_sea_arm_moveit_config/share/pal_sea_arm_moveit_config/config/srdf/disable_collisions/pal_sea_arm_no-arm.srdf.xacro
-- Up-to-date: /home/user/exchange/workspace/install/pal_sea_arm_moveit_config/share/pal_sea_arm_moveit_config/config/srdf/disable_collisions/pal_sea_arm_pal-pro-gripper_rokubi.srdf.xacro
-- Up-to-date: /home/user/exchange/workspace/install/pal_sea_arm_moveit_config/share/pal_sea_arm_moveit_config/config/srdf/pal_sea_arm.srdf.xacro
-- Up-to-date: /home/user/exchange/workspace/install/pal_sea_arm_moveit_config/share/pal_sea_arm_moveit_config/config/srdf/end_effectors
-- Up-to-date: /home/user/exchange/workspace/install/pal_sea_arm_moveit_config/share/pal_sea_arm_moveit_config/config/srdf/end_effectors/allegro-hand.srdf.xacro
-- Up-to-date: /home/user/exchange/workspace/install/pal_sea_arm_moveit_config/share/pal_sea_arm_moveit_config/config/srdf/end_effectors/no-end-effector.srdf.xacro
-- Up-to-date: /home/user/exchange/workspace/install/pal_sea_arm_moveit_config/share/pal_sea_arm_moveit_config/config/srdf/end_effectors/pal-pro-gripper.srdf.xacro
-- Up-to-date: /home/user/exchange/workspace/install/pal_sea_arm_moveit_config/share/pal_sea_arm_moveit_config/config/rviz
-- Up-to-date: /home/user/exchange/workspace/install/pal_sea_arm_moveit_config/share/pal_sea_arm_moveit_config/config/rviz/moveit.rviz
-- Up-to-date: /home/user/exchange/workspace/install/pal_sea_arm_moveit_config/share/pal_sea_arm_moveit_config/config/joint_limits.yaml
-- Up-to-date: /home/user/exchange/workspace/install/pal_sea_arm_moveit_config/share/pal_sea_arm_moveit_config/config/chomp_planning.yaml
-- Up-to-date: /home/user/exchange/workspace/install/pal_sea_arm_moveit_config/share/pal_sea_arm_moveit_config/config/controllers
-- Up-to-date: /home/user/exchange/workspace/install/pal_sea_arm_moveit_config/share/pal_sea_arm_moveit_config/config/controllers/controllers.yaml.em
-- Up-to-date: /home/user/exchange/workspace/install/pal_sea_arm_moveit_config/share/pal_sea_arm_moveit_config/config/controllers/controllers_custom.yaml
-- Up-to-date: /home/user/exchange/workspace/install/pal_sea_arm_moveit_config/share/pal_sea_arm_moveit_config/config/controllers/controllers_no-ee.yaml
-- Up-to-date: /home/user/exchange/workspace/install/pal_sea_arm_moveit_config/share/pal_sea_arm_moveit_config/config/controllers/controllers_no-ee_rokubi.yaml
-- Up-to-date: /home/user/exchange/workspace/install/pal_sea_arm_moveit_config/share/pal_sea_arm_moveit_config/config/controllers/controllers_pal-pro-gripper.yaml
-- Up-to-date: /home/user/exchange/workspace/install/pal_sea_arm_moveit_config/share/pal_sea_arm_moveit_config/config/controllers/controllers_no-ee_ati.yaml
-- Up-to-date: /home/user/exchange/workspace/install/pal_sea_arm_moveit_config/share/pal_sea_arm_moveit_config/config/controllers/controllers_pal-pro-gripper_rokubi.yaml
-- Up-to-date: /home/user/exchange/workspace/install/pal_sea_arm_moveit_config/share/pal_sea_arm_moveit_config/config/controllers/controllers_custom_rokubi.yaml
-- Up-to-date: /home/user/exchange/workspace/install/pal_sea_arm_moveit_config/share/pal_sea_arm_moveit_config/config/ompl_planning.yaml
-- Up-to-date: /home/user/exchange/workspace/install/pal_sea_arm_moveit_config/share/ament_index/resource_index/package_run_dependencies/pal_sea_arm_moveit_config
-- Up-to-date: /home/user/exchange/workspace/install/pal_sea_arm_moveit_config/share/ament_index/resource_index/parent_prefix_path/pal_sea_arm_moveit_config
-- Up-to-date: /home/user/exchange/workspace/install/pal_sea_arm_moveit_config/share/pal_sea_arm_moveit_config/environment/ament_prefix_path.sh
-- Up-to-date: /home/user/exchange/workspace/install/pal_sea_arm_moveit_config/share/pal_sea_arm_moveit_config/environment/ament_prefix_path.dsv
-- Up-to-date: /home/user/exchange/workspace/install/pal_sea_arm_moveit_config/share/pal_sea_arm_moveit_config/environment/path.sh
-- Up-to-date: /home/user/exchange/workspace/install/pal_sea_arm_moveit_config/share/pal_sea_arm_moveit_config/environment/path.dsv
-- Up-to-date: /home/user/exchange/workspace/install/pal_sea_arm_moveit_config/share/pal_sea_arm_moveit_config/local_setup.bash
-- Up-to-date: /home/user/exchange/workspace/install/pal_sea_arm_moveit_config/share/pal_sea_arm_moveit_config/local_setup.sh
-- Up-to-date: /home/user/exchange/workspace/install/pal_sea_arm_moveit_config/share/pal_sea_arm_moveit_config/local_setup.zsh
-- Up-to-date: /home/user/exchange/workspace/install/pal_sea_arm_moveit_config/share/pal_sea_arm_moveit_config/local_setup.dsv
-- Installing: /home/user/exchange/workspace/install/pal_sea_arm_moveit_config/share/pal_sea_arm_moveit_config/package.dsv
-- Up-to-date: /home/user/exchange/workspace/install/pal_sea_arm_moveit_config/share/ament_index/resource_index/packages/pal_sea_arm_moveit_config
-- Up-to-date: /home/user/exchange/workspace/install/pal_sea_arm_moveit_config/share/pal_sea_arm_moveit_config/cmake/pal_sea_arm_moveit_configConfig.cmake
-- Up-to-date: /home/user/exchange/workspace/install/pal_sea_arm_moveit_config/share/pal_sea_arm_moveit_config/cmake/pal_sea_arm_moveit_configConfig-version.cmake
-- Up-to-date: /home/user/exchange/workspace/install/pal_sea_arm_moveit_config/share/pal_sea_arm_moveit_config/package.xml
