[0.010s] Invoking command in '/home/user/exchange/workspace/build/pal_pro_gripper_bringup': AMENT_PREFIX_PATH=/home/user/exchange/workspace/install/pal_pro_gripper_controller_configuration:/home/user/exchange/workspace/install/pal_pro_gripper_wrapper:/home/user/exchange/workspace/install/pal_pro_gripper_description:${AMENT_PREFIX_PATH} CMAKE_PREFIX_PATH=/home/user/exchange/workspace/install/pal_pro_gripper_controller_configuration:/home/user/exchange/workspace/install/pal_pro_gripper_description:/opt/ros/humble PYTHONPATH=/home/user/exchange/workspace/install/pal_pro_gripper_wrapper/lib/python3.10/site-packages:/home/user/exchange/workspace/install/pal_pro_gripper_description/local/lib/python3.10/dist-packages:${PYTHONPATH} /usr/bin/cmake --build /home/user/exchange/workspace/build/pal_pro_gripper_bringup -- -j12 -l12
[0.031s] Invoked command in '/home/user/exchange/workspace/build/pal_pro_gripper_bringup' returned '0': AMENT_PREFIX_PATH=/home/user/exchange/workspace/install/pal_pro_gripper_controller_configuration:/home/user/exchange/workspace/install/pal_pro_gripper_wrapper:/home/user/exchange/workspace/install/pal_pro_gripper_description:${AMENT_PREFIX_PATH} CMAKE_PREFIX_PATH=/home/user/exchange/workspace/install/pal_pro_gripper_controller_configuration:/home/user/exchange/workspace/install/pal_pro_gripper_description:/opt/ros/humble PYTHONPATH=/home/user/exchange/workspace/install/pal_pro_gripper_wrapper/lib/python3.10/site-packages:/home/user/exchange/workspace/install/pal_pro_gripper_description/local/lib/python3.10/dist-packages:${PYTHONPATH} /usr/bin/cmake --build /home/user/exchange/workspace/build/pal_pro_gripper_bringup -- -j12 -l12
[0.033s] Invoking command in '/home/user/exchange/workspace/build/pal_pro_gripper_bringup': AMENT_PREFIX_PATH=/home/user/exchange/workspace/install/pal_pro_gripper_controller_configuration:/home/user/exchange/workspace/install/pal_pro_gripper_wrapper:/home/user/exchange/workspace/install/pal_pro_gripper_description:${AMENT_PREFIX_PATH} CMAKE_PREFIX_PATH=/home/user/exchange/workspace/install/pal_pro_gripper_controller_configuration:/home/user/exchange/workspace/install/pal_pro_gripper_description:/opt/ros/humble PYTHONPATH=/home/user/exchange/workspace/install/pal_pro_gripper_wrapper/lib/python3.10/site-packages:/home/user/exchange/workspace/install/pal_pro_gripper_description/local/lib/python3.10/dist-packages:${PYTHONPATH} /usr/bin/cmake --install /home/user/exchange/workspace/build/pal_pro_gripper_bringup
[0.042s] -- Install configuration: ""
[0.042s] -- Up-to-date: /home/user/exchange/workspace/install/pal_pro_gripper_bringup/share/pal_pro_gripper_bringup/launch
[0.043s] -- Up-to-date: /home/user/exchange/workspace/install/pal_pro_gripper_bringup/share/pal_pro_gripper_bringup/launch/pal_pro_gripper_bringup.launch.py
[0.043s] -- Up-to-date: /home/user/exchange/workspace/install/pal_pro_gripper_bringup/share/ament_index/resource_index/package_run_dependencies/pal_pro_gripper_bringup
[0.043s] -- Up-to-date: /home/user/exchange/workspace/install/pal_pro_gripper_bringup/share/ament_index/resource_index/parent_prefix_path/pal_pro_gripper_bringup
[0.043s] -- Up-to-date: /home/user/exchange/workspace/install/pal_pro_gripper_bringup/share/pal_pro_gripper_bringup/environment/ament_prefix_path.sh
[0.043s] -- Up-to-date: /home/user/exchange/workspace/install/pal_pro_gripper_bringup/share/pal_pro_gripper_bringup/environment/ament_prefix_path.dsv
[0.043s] -- Up-to-date: /home/user/exchange/workspace/install/pal_pro_gripper_bringup/share/pal_pro_gripper_bringup/environment/path.sh
[0.043s] -- Up-to-date: /home/user/exchange/workspace/install/pal_pro_gripper_bringup/share/pal_pro_gripper_bringup/environment/path.dsv
[0.043s] -- Up-to-date: /home/user/exchange/workspace/install/pal_pro_gripper_bringup/share/pal_pro_gripper_bringup/local_setup.bash
[0.044s] -- Up-to-date: /home/user/exchange/workspace/install/pal_pro_gripper_bringup/share/pal_pro_gripper_bringup/local_setup.sh
[0.044s] -- Up-to-date: /home/user/exchange/workspace/install/pal_pro_gripper_bringup/share/pal_pro_gripper_bringup/local_setup.zsh
[0.044s] -- Up-to-date: /home/user/exchange/workspace/install/pal_pro_gripper_bringup/share/pal_pro_gripper_bringup/local_setup.dsv
[0.044s] -- Installing: /home/user/exchange/workspace/install/pal_pro_gripper_bringup/share/pal_pro_gripper_bringup/package.dsv
[0.044s] -- Up-to-date: /home/user/exchange/workspace/install/pal_pro_gripper_bringup/share/ament_index/resource_index/packages/pal_pro_gripper_bringup
[0.044s] -- Up-to-date: /home/user/exchange/workspace/install/pal_pro_gripper_bringup/share/pal_pro_gripper_bringup/cmake/pal_pro_gripper_bringupConfig.cmake
[0.044s] -- Up-to-date: /home/user/exchange/workspace/install/pal_pro_gripper_bringup/share/pal_pro_gripper_bringup/cmake/pal_pro_gripper_bringupConfig-version.cmake
[0.045s] -- Up-to-date: /home/user/exchange/workspace/install/pal_pro_gripper_bringup/share/pal_pro_gripper_bringup/package.xml
[0.061s] Invoked command in '/home/user/exchange/workspace/build/pal_pro_gripper_bringup' returned '0': AMENT_PREFIX_PATH=/home/user/exchange/workspace/install/pal_pro_gripper_controller_configuration:/home/user/exchange/workspace/install/pal_pro_gripper_wrapper:/home/user/exchange/workspace/install/pal_pro_gripper_description:${AMENT_PREFIX_PATH} CMAKE_PREFIX_PATH=/home/user/exchange/workspace/install/pal_pro_gripper_controller_configuration:/home/user/exchange/workspace/install/pal_pro_gripper_description:/opt/ros/humble PYTHONPATH=/home/user/exchange/workspace/install/pal_pro_gripper_wrapper/lib/python3.10/site-packages:/home/user/exchange/workspace/install/pal_pro_gripper_description/local/lib/python3.10/dist-packages:${PYTHONPATH} /usr/bin/cmake --install /home/user/exchange/workspace/build/pal_pro_gripper_bringup
