[ 50%] Built target place_macro_task_node
[ 75%] [32mBuilding CXX object CMakeFiles/pick_macro_task_node.dir/src/pick_macro_task_node.cpp.o[0m
[01m[K/home/user/exchange/workspace/src/tiago_manipulation_tasks/src/pick_macro_task_node.cpp:[m[K In member function ‘[01m[Kbool PickMacroTaskNode::rotateBase(double, int)[m[K’:
[01m[K/home/user/exchange/workspace/src/tiago_manipulation_tasks/src/pick_macro_task_node.cpp:53:3:[m[K [01;35m[Kwarning: [m[Kno return statement in function returning non-void [[01;35m[K]8;;https://gcc.gnu.org/onlinedocs/gcc/Warning-Options.html#index-Wreturn-type-Wreturn-type]8;;[m[K]
   53 |   [01;35m[K}[m[K
      |   [01;35m[K^[m[K
[01m[K/home/user/exchange/workspace/src/tiago_manipulation_tasks/src/pick_macro_task_node.cpp:[m[K In member function ‘[01m[Kvoid PickMacroTaskNode::executeMacroTask()[m[K’:
[01m[K/home/user/exchange/workspace/src/tiago_manipulation_tasks/src/pick_macro_task_node.cpp:61:5:[m[K [01;35m[Kwarning: [m[Kthis ‘[01m[Kwhile[m[K’ clause does not guard... [[01;35m[K]8;;https://gcc.gnu.org/onlinedocs/gcc/Warning-Options.html#index-Wmisleading-indentation-Wmisleading-indentation]8;;[m[K]
   61 |     [01;35m[Kwhile[m[K(!rotateBase(0.3, 3)); // Esempio: ruota in senso antiorario per 3 secondi
      |     [01;35m[K^~~~~[m[K
[01m[K/home/user/exchange/workspace/src/tiago_manipulation_tasks/src/pick_macro_task_node.cpp:62:5:[m[K [01;36m[Knote: [m[K...this statement, but the latter is misleadingly indented as if it were guarded by the ‘[01m[Kwhile[m[K’
   62 |     [01;36m[K{[m[K
      |     [01;36m[K^[m[K
[100%] [32m[1mLinking CXX executable pick_macro_task_node[0m
[100%] Built target pick_macro_task_node
-- Install configuration: ""
-- Installing: /home/user/exchange/workspace/install/tiago_manipulation_tasks/lib/tiago_manipulation_tasks/pick_macro_task_node
-- Set runtime path of "/home/user/exchange/workspace/install/tiago_manipulation_tasks/lib/tiago_manipulation_tasks/pick_macro_task_node" to ""
-- Up-to-date: /home/user/exchange/workspace/install/tiago_manipulation_tasks/lib/tiago_manipulation_tasks/place_macro_task_node
-- Up-to-date: /home/user/exchange/workspace/install/tiago_manipulation_tasks/share/ament_index/resource_index/package_run_dependencies/tiago_manipulation_tasks
-- Up-to-date: /home/user/exchange/workspace/install/tiago_manipulation_tasks/share/ament_index/resource_index/parent_prefix_path/tiago_manipulation_tasks
-- Up-to-date: /home/user/exchange/workspace/install/tiago_manipulation_tasks/share/tiago_manipulation_tasks/environment/ament_prefix_path.sh
-- Up-to-date: /home/user/exchange/workspace/install/tiago_manipulation_tasks/share/tiago_manipulation_tasks/environment/ament_prefix_path.dsv
-- Up-to-date: /home/user/exchange/workspace/install/tiago_manipulation_tasks/share/tiago_manipulation_tasks/environment/path.sh
-- Up-to-date: /home/user/exchange/workspace/install/tiago_manipulation_tasks/share/tiago_manipulation_tasks/environment/path.dsv
-- Up-to-date: /home/user/exchange/workspace/install/tiago_manipulation_tasks/share/tiago_manipulation_tasks/local_setup.bash
-- Up-to-date: /home/user/exchange/workspace/install/tiago_manipulation_tasks/share/tiago_manipulation_tasks/local_setup.sh
-- Up-to-date: /home/user/exchange/workspace/install/tiago_manipulation_tasks/share/tiago_manipulation_tasks/local_setup.zsh
-- Up-to-date: /home/user/exchange/workspace/install/tiago_manipulation_tasks/share/tiago_manipulation_tasks/local_setup.dsv
-- Installing: /home/user/exchange/workspace/install/tiago_manipulation_tasks/share/tiago_manipulation_tasks/package.dsv
-- Up-to-date: /home/user/exchange/workspace/install/tiago_manipulation_tasks/share/ament_index/resource_index/packages/tiago_manipulation_tasks
-- Up-to-date: /home/user/exchange/workspace/install/tiago_manipulation_tasks/share/tiago_manipulation_tasks/cmake/tiago_manipulation_tasksConfig.cmake
-- Up-to-date: /home/user/exchange/workspace/install/tiago_manipulation_tasks/share/tiago_manipulation_tasks/cmake/tiago_manipulation_tasksConfig-version.cmake
-- Up-to-date: /home/user/exchange/workspace/install/tiago_manipulation_tasks/share/tiago_manipulation_tasks/package.xml
