[0.014s] Invoking command in '/home/user/exchange/workspace/build/pal_pro_gripper_bringup': AMENT_PREFIX_PATH=/home/user/exchange/workspace/install/pal_pro_gripper_controller_configuration:/home/user/exchange/workspace/install/pal_pro_gripper_wrapper:/home/user/exchange/workspace/install/pal_pro_gripper_description:${AMENT_PREFIX_PATH} CMAKE_PREFIX_PATH=/home/user/exchange/workspace/install/pal_pro_gripper_controller_configuration:/home/user/exchange/workspace/install/pal_pro_gripper_description:/opt/ros/humble PYTHONPATH=/home/user/exchange/workspace/install/pal_pro_gripper_wrapper/lib/python3.10/site-packages:/home/user/exchange/workspace/install/pal_pro_gripper_description/local/lib/python3.10/dist-packages:${PYTHONPATH} /usr/bin/cmake /home/user/exchange/workspace/src/pal_pro_gripper/pal_pro_gripper_bringup -DCMAKE_INSTALL_PREFIX=/home/user/exchange/workspace/install/pal_pro_gripper_bringup
[0.055s] -- The C compiler identification is GNU 11.4.0
[0.092s] -- The CXX compiler identification is GNU 11.4.0
[0.097s] -- Detecting C compiler ABI info
[0.138s] -- Detecting C compiler ABI info - done
[0.143s] -- Check for working C compiler: /usr/bin/cc - skipped
[0.143s] -- Detecting C compile features
[0.144s] -- Detecting C compile features - done
[0.146s] -- Detecting CXX compiler ABI info
[0.193s] -- Detecting CXX compiler ABI info - done
[0.197s] -- Check for working CXX compiler: /usr/bin/c++ - skipped
[0.198s] -- Detecting CXX compile features
[0.198s] -- Detecting CXX compile features - done
[0.200s] -- Found ament_cmake_auto: 1.3.13 (/opt/ros/humble/share/ament_cmake_auto/cmake)
[0.290s] -- Found Python3: /usr/bin/python3 (found version "3.10.12") found components: Interpreter 
[0.406s] -- Found ament_lint_auto: 0.12.15 (/opt/ros/humble/share/ament_lint_auto/cmake)
[0.425s] -- Added test 'copyright' to check source files copyright and LICENSE
[0.426s] -- Added test 'flake8' to check Python code syntax and style conventions
[0.426s] -- Added test 'lint_cmake' to check CMake code style
[0.426s] -- Added test 'pep257' to check Python code against some of the docstring style conventions in PEP 257
[0.427s] -- Added test 'xmllint' to check XML markup files
[0.427s] -- Configuring done
[0.429s] -- Generating done
[0.430s] -- Build files have been written to: /home/user/exchange/workspace/build/pal_pro_gripper_bringup
[0.433s] Invoked command in '/home/user/exchange/workspace/build/pal_pro_gripper_bringup' returned '0': AMENT_PREFIX_PATH=/home/user/exchange/workspace/install/pal_pro_gripper_controller_configuration:/home/user/exchange/workspace/install/pal_pro_gripper_wrapper:/home/user/exchange/workspace/install/pal_pro_gripper_description:${AMENT_PREFIX_PATH} CMAKE_PREFIX_PATH=/home/user/exchange/workspace/install/pal_pro_gripper_controller_configuration:/home/user/exchange/workspace/install/pal_pro_gripper_description:/opt/ros/humble PYTHONPATH=/home/user/exchange/workspace/install/pal_pro_gripper_wrapper/lib/python3.10/site-packages:/home/user/exchange/workspace/install/pal_pro_gripper_description/local/lib/python3.10/dist-packages:${PYTHONPATH} /usr/bin/cmake /home/user/exchange/workspace/src/pal_pro_gripper/pal_pro_gripper_bringup -DCMAKE_INSTALL_PREFIX=/home/user/exchange/workspace/install/pal_pro_gripper_bringup
[0.434s] Invoking command in '/home/user/exchange/workspace/build/pal_pro_gripper_bringup': AMENT_PREFIX_PATH=/home/user/exchange/workspace/install/pal_pro_gripper_controller_configuration:/home/user/exchange/workspace/install/pal_pro_gripper_wrapper:/home/user/exchange/workspace/install/pal_pro_gripper_description:${AMENT_PREFIX_PATH} CMAKE_PREFIX_PATH=/home/user/exchange/workspace/install/pal_pro_gripper_controller_configuration:/home/user/exchange/workspace/install/pal_pro_gripper_description:/opt/ros/humble PYTHONPATH=/home/user/exchange/workspace/install/pal_pro_gripper_wrapper/lib/python3.10/site-packages:/home/user/exchange/workspace/install/pal_pro_gripper_description/local/lib/python3.10/dist-packages:${PYTHONPATH} /usr/bin/cmake --build /home/user/exchange/workspace/build/pal_pro_gripper_bringup -- -j12 -l12
[0.456s] Invoked command in '/home/user/exchange/workspace/build/pal_pro_gripper_bringup' returned '0': AMENT_PREFIX_PATH=/home/user/exchange/workspace/install/pal_pro_gripper_controller_configuration:/home/user/exchange/workspace/install/pal_pro_gripper_wrapper:/home/user/exchange/workspace/install/pal_pro_gripper_description:${AMENT_PREFIX_PATH} CMAKE_PREFIX_PATH=/home/user/exchange/workspace/install/pal_pro_gripper_controller_configuration:/home/user/exchange/workspace/install/pal_pro_gripper_description:/opt/ros/humble PYTHONPATH=/home/user/exchange/workspace/install/pal_pro_gripper_wrapper/lib/python3.10/site-packages:/home/user/exchange/workspace/install/pal_pro_gripper_description/local/lib/python3.10/dist-packages:${PYTHONPATH} /usr/bin/cmake --build /home/user/exchange/workspace/build/pal_pro_gripper_bringup -- -j12 -l12
[0.456s] Invoking command in '/home/user/exchange/workspace/build/pal_pro_gripper_bringup': AMENT_PREFIX_PATH=/home/user/exchange/workspace/install/pal_pro_gripper_controller_configuration:/home/user/exchange/workspace/install/pal_pro_gripper_wrapper:/home/user/exchange/workspace/install/pal_pro_gripper_description:${AMENT_PREFIX_PATH} CMAKE_PREFIX_PATH=/home/user/exchange/workspace/install/pal_pro_gripper_controller_configuration:/home/user/exchange/workspace/install/pal_pro_gripper_description:/opt/ros/humble PYTHONPATH=/home/user/exchange/workspace/install/pal_pro_gripper_wrapper/lib/python3.10/site-packages:/home/user/exchange/workspace/install/pal_pro_gripper_description/local/lib/python3.10/dist-packages:${PYTHONPATH} /usr/bin/cmake --install /home/user/exchange/workspace/build/pal_pro_gripper_bringup
[0.461s] -- Install configuration: ""
[0.461s] -- Installing: /home/user/exchange/workspace/install/pal_pro_gripper_bringup/share/pal_pro_gripper_bringup/launch
[0.461s] -- Installing: /home/user/exchange/workspace/install/pal_pro_gripper_bringup/share/pal_pro_gripper_bringup/launch/pal_pro_gripper_bringup.launch.py
[0.461s] -- Installing: /home/user/exchange/workspace/install/pal_pro_gripper_bringup/share/ament_index/resource_index/package_run_dependencies/pal_pro_gripper_bringup
[0.461s] -- Installing: /home/user/exchange/workspace/install/pal_pro_gripper_bringup/share/ament_index/resource_index/parent_prefix_path/pal_pro_gripper_bringup
[0.461s] -- Installing: /home/user/exchange/workspace/install/pal_pro_gripper_bringup/share/pal_pro_gripper_bringup/environment/ament_prefix_path.sh
[0.461s] -- Installing: /home/user/exchange/workspace/install/pal_pro_gripper_bringup/share/pal_pro_gripper_bringup/environment/ament_prefix_path.dsv
[0.461s] -- Installing: /home/user/exchange/workspace/install/pal_pro_gripper_bringup/share/pal_pro_gripper_bringup/environment/path.sh
[0.461s] -- Installing: /home/user/exchange/workspace/install/pal_pro_gripper_bringup/share/pal_pro_gripper_bringup/environment/path.dsv
[0.461s] -- Installing: /home/user/exchange/workspace/install/pal_pro_gripper_bringup/share/pal_pro_gripper_bringup/local_setup.bash
[0.461s] -- Installing: /home/user/exchange/workspace/install/pal_pro_gripper_bringup/share/pal_pro_gripper_bringup/local_setup.sh
[0.461s] -- Installing: /home/user/exchange/workspace/install/pal_pro_gripper_bringup/share/pal_pro_gripper_bringup/local_setup.zsh
[0.462s] -- Installing: /home/user/exchange/workspace/install/pal_pro_gripper_bringup/share/pal_pro_gripper_bringup/local_setup.dsv
[0.462s] -- Installing: /home/user/exchange/workspace/install/pal_pro_gripper_bringup/share/pal_pro_gripper_bringup/package.dsv
[0.462s] -- Installing: /home/user/exchange/workspace/install/pal_pro_gripper_bringup/share/ament_index/resource_index/packages/pal_pro_gripper_bringup
[0.462s] -- Installing: /home/user/exchange/workspace/install/pal_pro_gripper_bringup/share/pal_pro_gripper_bringup/cmake/pal_pro_gripper_bringupConfig.cmake
[0.462s] -- Installing: /home/user/exchange/workspace/install/pal_pro_gripper_bringup/share/pal_pro_gripper_bringup/cmake/pal_pro_gripper_bringupConfig-version.cmake
[0.462s] -- Installing: /home/user/exchange/workspace/install/pal_pro_gripper_bringup/share/pal_pro_gripper_bringup/package.xml
[0.463s] Invoked command in '/home/user/exchange/workspace/build/pal_pro_gripper_bringup' returned '0': AMENT_PREFIX_PATH=/home/user/exchange/workspace/install/pal_pro_gripper_controller_configuration:/home/user/exchange/workspace/install/pal_pro_gripper_wrapper:/home/user/exchange/workspace/install/pal_pro_gripper_description:${AMENT_PREFIX_PATH} CMAKE_PREFIX_PATH=/home/user/exchange/workspace/install/pal_pro_gripper_controller_configuration:/home/user/exchange/workspace/install/pal_pro_gripper_description:/opt/ros/humble PYTHONPATH=/home/user/exchange/workspace/install/pal_pro_gripper_wrapper/lib/python3.10/site-packages:/home/user/exchange/workspace/install/pal_pro_gripper_description/local/lib/python3.10/dist-packages:${PYTHONPATH} /usr/bin/cmake --install /home/user/exchange/workspace/build/pal_pro_gripper_bringup
