[0.011s] Invoking command in '/home/user/exchange/workspace/build/pal_sea_arm_moveit_config': AMENT_PREFIX_PATH=/home/user/exchange/workspace/install/pal_sea_arm_description:/home/user/exchange/workspace/install/pal_sea_arm_controller_configuration:/home/user/exchange/workspace/install/pal_pro_gripper_controller_configuration:/home/user/exchange/workspace/install/pal_pro_gripper_wrapper:/home/user/exchange/workspace/install/pal_pro_gripper_description:${AMENT_PREFIX_PATH} CMAKE_PREFIX_PATH=/home/user/exchange/workspace/install/pal_sea_arm_description:/home/user/exchange/workspace/install/pal_sea_arm_controller_configuration:/home/user/exchange/workspace/install/pal_pro_gripper_controller_configuration:/home/user/exchange/workspace/install/pal_pro_gripper_description:/opt/ros/humble PYTHONPATH=/home/user/exchange/workspace/install/pal_sea_arm_description/local/lib/python3.10/dist-packages:/home/user/exchange/workspace/install/pal_pro_gripper_wrapper/lib/python3.10/site-packages:/home/user/exchange/workspace/install/pal_pro_gripper_description/local/lib/python3.10/dist-packages:${PYTHONPATH} /usr/bin/cmake /home/user/exchange/workspace/src/pal_sea_arm_moveit_config -DCMAKE_INSTALL_PREFIX=/home/user/exchange/workspace/install/pal_sea_arm_moveit_config
[0.115s] -- The C compiler identification is GNU 11.4.0
[0.201s] -- The CXX compiler identification is GNU 11.4.0
[0.212s] -- Detecting C compiler ABI info
[0.278s] -- Detecting C compiler ABI info - done
[0.283s] -- Check for working C compiler: /usr/bin/cc - skipped
[0.283s] -- Detecting C compile features
[0.284s] -- Detecting C compile features - done
[0.289s] -- Detecting CXX compiler ABI info
[0.359s] -- Detecting CXX compiler ABI info - done
[0.373s] -- Check for working CXX compiler: /usr/bin/c++ - skipped
[0.373s] -- Detecting CXX compile features
[0.373s] -- Detecting CXX compile features - done
[0.373s] -- Found ament_cmake_auto: 1.3.13 (/opt/ros/humble/share/ament_cmake_auto/cmake)
[0.491s] -- Found Python3: /usr/bin/python3 (found version "3.10.12") found components: Interpreter 
[0.638s] -- Found ament_lint_auto: 0.12.15 (/opt/ros/humble/share/ament_lint_auto/cmake)
[0.660s] -- Added test 'copyright' to check source files copyright and LICENSE
[0.665s] -- Added test 'flake8' to check Python code syntax and style conventions
[0.666s] -- Added test 'lint_cmake' to check CMake code style
[0.667s] -- Added test 'pep257' to check Python code against some of the docstring style conventions in PEP 257
[0.669s] -- Added test 'xmllint' to check XML markup files
[0.671s] -- Configuring done
[0.673s] -- Generating done
[0.674s] -- Build files have been written to: /home/user/exchange/workspace/build/pal_sea_arm_moveit_config
[0.678s] Invoked command in '/home/user/exchange/workspace/build/pal_sea_arm_moveit_config' returned '0': AMENT_PREFIX_PATH=/home/user/exchange/workspace/install/pal_sea_arm_description:/home/user/exchange/workspace/install/pal_sea_arm_controller_configuration:/home/user/exchange/workspace/install/pal_pro_gripper_controller_configuration:/home/user/exchange/workspace/install/pal_pro_gripper_wrapper:/home/user/exchange/workspace/install/pal_pro_gripper_description:${AMENT_PREFIX_PATH} CMAKE_PREFIX_PATH=/home/user/exchange/workspace/install/pal_sea_arm_description:/home/user/exchange/workspace/install/pal_sea_arm_controller_configuration:/home/user/exchange/workspace/install/pal_pro_gripper_controller_configuration:/home/user/exchange/workspace/install/pal_pro_gripper_description:/opt/ros/humble PYTHONPATH=/home/user/exchange/workspace/install/pal_sea_arm_description/local/lib/python3.10/dist-packages:/home/user/exchange/workspace/install/pal_pro_gripper_wrapper/lib/python3.10/site-packages:/home/user/exchange/workspace/install/pal_pro_gripper_description/local/lib/python3.10/dist-packages:${PYTHONPATH} /usr/bin/cmake /home/user/exchange/workspace/src/pal_sea_arm_moveit_config -DCMAKE_INSTALL_PREFIX=/home/user/exchange/workspace/install/pal_sea_arm_moveit_config
[0.679s] Invoking command in '/home/user/exchange/workspace/build/pal_sea_arm_moveit_config': AMENT_PREFIX_PATH=/home/user/exchange/workspace/install/pal_sea_arm_description:/home/user/exchange/workspace/install/pal_sea_arm_controller_configuration:/home/user/exchange/workspace/install/pal_pro_gripper_controller_configuration:/home/user/exchange/workspace/install/pal_pro_gripper_wrapper:/home/user/exchange/workspace/install/pal_pro_gripper_description:${AMENT_PREFIX_PATH} CMAKE_PREFIX_PATH=/home/user/exchange/workspace/install/pal_sea_arm_description:/home/user/exchange/workspace/install/pal_sea_arm_controller_configuration:/home/user/exchange/workspace/install/pal_pro_gripper_controller_configuration:/home/user/exchange/workspace/install/pal_pro_gripper_description:/opt/ros/humble PYTHONPATH=/home/user/exchange/workspace/install/pal_sea_arm_description/local/lib/python3.10/dist-packages:/home/user/exchange/workspace/install/pal_pro_gripper_wrapper/lib/python3.10/site-packages:/home/user/exchange/workspace/install/pal_pro_gripper_description/local/lib/python3.10/dist-packages:${PYTHONPATH} /usr/bin/cmake --build /home/user/exchange/workspace/build/pal_sea_arm_moveit_config -- -j12 -l12
[0.709s] Invoked command in '/home/user/exchange/workspace/build/pal_sea_arm_moveit_config' returned '0': AMENT_PREFIX_PATH=/home/user/exchange/workspace/install/pal_sea_arm_description:/home/user/exchange/workspace/install/pal_sea_arm_controller_configuration:/home/user/exchange/workspace/install/pal_pro_gripper_controller_configuration:/home/user/exchange/workspace/install/pal_pro_gripper_wrapper:/home/user/exchange/workspace/install/pal_pro_gripper_description:${AMENT_PREFIX_PATH} CMAKE_PREFIX_PATH=/home/user/exchange/workspace/install/pal_sea_arm_description:/home/user/exchange/workspace/install/pal_sea_arm_controller_configuration:/home/user/exchange/workspace/install/pal_pro_gripper_controller_configuration:/home/user/exchange/workspace/install/pal_pro_gripper_description:/opt/ros/humble PYTHONPATH=/home/user/exchange/workspace/install/pal_sea_arm_description/local/lib/python3.10/dist-packages:/home/user/exchange/workspace/install/pal_pro_gripper_wrapper/lib/python3.10/site-packages:/home/user/exchange/workspace/install/pal_pro_gripper_description/local/lib/python3.10/dist-packages:${PYTHONPATH} /usr/bin/cmake --build /home/user/exchange/workspace/build/pal_sea_arm_moveit_config -- -j12 -l12
[0.710s] Invoking command in '/home/user/exchange/workspace/build/pal_sea_arm_moveit_config': AMENT_PREFIX_PATH=/home/user/exchange/workspace/install/pal_sea_arm_description:/home/user/exchange/workspace/install/pal_sea_arm_controller_configuration:/home/user/exchange/workspace/install/pal_pro_gripper_controller_configuration:/home/user/exchange/workspace/install/pal_pro_gripper_wrapper:/home/user/exchange/workspace/install/pal_pro_gripper_description:${AMENT_PREFIX_PATH} CMAKE_PREFIX_PATH=/home/user/exchange/workspace/install/pal_sea_arm_description:/home/user/exchange/workspace/install/pal_sea_arm_controller_configuration:/home/user/exchange/workspace/install/pal_pro_gripper_controller_configuration:/home/user/exchange/workspace/install/pal_pro_gripper_description:/opt/ros/humble PYTHONPATH=/home/user/exchange/workspace/install/pal_sea_arm_description/local/lib/python3.10/dist-packages:/home/user/exchange/workspace/install/pal_pro_gripper_wrapper/lib/python3.10/site-packages:/home/user/exchange/workspace/install/pal_pro_gripper_description/local/lib/python3.10/dist-packages:${PYTHONPATH} /usr/bin/cmake --install /home/user/exchange/workspace/build/pal_sea_arm_moveit_config
[0.715s] -- Install configuration: ""
[0.715s] -- Installing: /home/user/exchange/workspace/install/pal_sea_arm_moveit_config/share/pal_sea_arm_moveit_config/launch
[0.715s] -- Installing: /home/user/exchange/workspace/install/pal_sea_arm_moveit_config/share/pal_sea_arm_moveit_config/launch/move_group.launch.py
[0.715s] -- Installing: /home/user/exchange/workspace/install/pal_sea_arm_moveit_config/share/pal_sea_arm_moveit_config/launch/moveit_rviz.launch.py
[0.715s] -- Installing: /home/user/exchange/workspace/install/pal_sea_arm_moveit_config/share/pal_sea_arm_moveit_config/config
[0.715s] -- Installing: /home/user/exchange/workspace/install/pal_sea_arm_moveit_config/share/pal_sea_arm_moveit_config/config/pilz_cartesian_limits.yaml
[0.715s] -- Installing: /home/user/exchange/workspace/install/pal_sea_arm_moveit_config/share/pal_sea_arm_moveit_config/config/kinematics_kdl.yaml
[0.716s] -- Installing: /home/user/exchange/workspace/install/pal_sea_arm_moveit_config/share/pal_sea_arm_moveit_config/config/srdf
[0.716s] -- Installing: /home/user/exchange/workspace/install/pal_sea_arm_moveit_config/share/pal_sea_arm_moveit_config/config/srdf/scripts
[0.716s] -- Installing: /home/user/exchange/workspace/install/pal_sea_arm_moveit_config/share/pal_sea_arm_moveit_config/config/srdf/scripts/merge.sh
[0.716s] -- Installing: /home/user/exchange/workspace/install/pal_sea_arm_moveit_config/share/pal_sea_arm_moveit_config/config/srdf/scripts/update.sh
[0.716s] -- Installing: /home/user/exchange/workspace/install/pal_sea_arm_moveit_config/share/pal_sea_arm_moveit_config/config/srdf/disable_collisions
[0.716s] -- Installing: /home/user/exchange/workspace/install/pal_sea_arm_moveit_config/share/pal_sea_arm_moveit_config/config/srdf/disable_collisions/allegro-hand.srdf.xacro
[0.716s] -- Installing: /home/user/exchange/workspace/install/pal_sea_arm_moveit_config/share/pal_sea_arm_moveit_config/config/srdf/disable_collisions/pal-pro-gripper_rokubi.srdf.xacro
[0.716s] -- Installing: /home/user/exchange/workspace/install/pal_sea_arm_moveit_config/share/pal_sea_arm_moveit_config/config/srdf/disable_collisions/no-ee_rokubi.srdf.xacro
[0.716s] -- Installing: /home/user/exchange/workspace/install/pal_sea_arm_moveit_config/share/pal_sea_arm_moveit_config/config/srdf/disable_collisions/pal_sea_arm_no-ee_ati.srdf.xacro
[0.716s] -- Installing: /home/user/exchange/workspace/install/pal_sea_arm_moveit_config/share/pal_sea_arm_moveit_config/config/srdf/disable_collisions/pal_sea_arm_no-ee.srdf.xacro
[0.716s] -- Installing: /home/user/exchange/workspace/install/pal_sea_arm_moveit_config/share/pal_sea_arm_moveit_config/config/srdf/disable_collisions/allegro-hand_rokubi.srdf.xacro
[0.717s] -- Installing: /home/user/exchange/workspace/install/pal_sea_arm_moveit_config/share/pal_sea_arm_moveit_config/config/srdf/disable_collisions/pal_sea_arm_no-ee_rokubi.srdf.xacro
[0.717s] -- Installing: /home/user/exchange/workspace/install/pal_sea_arm_moveit_config/share/pal_sea_arm_moveit_config/config/srdf/disable_collisions/pal_sea_arm_pal-pro-gripper.srdf.xacro
[0.717s] -- Installing: /home/user/exchange/workspace/install/pal_sea_arm_moveit_config/share/pal_sea_arm_moveit_config/config/srdf/disable_collisions/no-ee.srdf.xacro
[0.717s] -- Installing: /home/user/exchange/workspace/install/pal_sea_arm_moveit_config/share/pal_sea_arm_moveit_config/config/srdf/disable_collisions/pal-pro-gripper.srdf.xacro
[0.717s] -- Installing: /home/user/exchange/workspace/install/pal_sea_arm_moveit_config/share/pal_sea_arm_moveit_config/config/srdf/disable_collisions/pal_sea_arm_allegro-hand.srdf.xacro
[0.717s] -- Installing: /home/user/exchange/workspace/install/pal_sea_arm_moveit_config/share/pal_sea_arm_moveit_config/config/srdf/disable_collisions/pal_sea_arm_allegro-hand_rokubi.srdf.xacro
[0.717s] -- Installing: /home/user/exchange/workspace/install/pal_sea_arm_moveit_config/share/pal_sea_arm_moveit_config/config/srdf/disable_collisions/pal_sea_arm_no-arm.srdf.xacro
[0.717s] -- Installing: /home/user/exchange/workspace/install/pal_sea_arm_moveit_config/share/pal_sea_arm_moveit_config/config/srdf/disable_collisions/pal_sea_arm_pal-pro-gripper_rokubi.srdf.xacro
[0.717s] -- Installing: /home/user/exchange/workspace/install/pal_sea_arm_moveit_config/share/pal_sea_arm_moveit_config/config/srdf/pal_sea_arm.srdf.xacro
[0.717s] -- Installing: /home/user/exchange/workspace/install/pal_sea_arm_moveit_config/share/pal_sea_arm_moveit_config/config/srdf/end_effectors
[0.717s] -- Installing: /home/user/exchange/workspace/install/pal_sea_arm_moveit_config/share/pal_sea_arm_moveit_config/config/srdf/end_effectors/allegro-hand.srdf.xacro
[0.717s] -- Installing: /home/user/exchange/workspace/install/pal_sea_arm_moveit_config/share/pal_sea_arm_moveit_config/config/srdf/end_effectors/no-end-effector.srdf.xacro
[0.717s] -- Installing: /home/user/exchange/workspace/install/pal_sea_arm_moveit_config/share/pal_sea_arm_moveit_config/config/srdf/end_effectors/pal-pro-gripper.srdf.xacro
[0.717s] -- Installing: /home/user/exchange/workspace/install/pal_sea_arm_moveit_config/share/pal_sea_arm_moveit_config/config/rviz
[0.717s] -- Installing: /home/user/exchange/workspace/install/pal_sea_arm_moveit_config/share/pal_sea_arm_moveit_config/config/rviz/moveit.rviz
[0.717s] -- Installing: /home/user/exchange/workspace/install/pal_sea_arm_moveit_config/share/pal_sea_arm_moveit_config/config/joint_limits.yaml
[0.717s] -- Installing: /home/user/exchange/workspace/install/pal_sea_arm_moveit_config/share/pal_sea_arm_moveit_config/config/chomp_planning.yaml
[0.717s] -- Installing: /home/user/exchange/workspace/install/pal_sea_arm_moveit_config/share/pal_sea_arm_moveit_config/config/controllers
[0.717s] -- Installing: /home/user/exchange/workspace/install/pal_sea_arm_moveit_config/share/pal_sea_arm_moveit_config/config/controllers/controllers.yaml.em
[0.718s] -- Installing: /home/user/exchange/workspace/install/pal_sea_arm_moveit_config/share/pal_sea_arm_moveit_config/config/controllers/controllers_custom.yaml
[0.718s] -- Installing: /home/user/exchange/workspace/install/pal_sea_arm_moveit_config/share/pal_sea_arm_moveit_config/config/controllers/controllers_no-ee.yaml
[0.718s] -- Installing: /home/user/exchange/workspace/install/pal_sea_arm_moveit_config/share/pal_sea_arm_moveit_config/config/controllers/controllers_no-ee_rokubi.yaml
[0.718s] -- Installing: /home/user/exchange/workspace/install/pal_sea_arm_moveit_config/share/pal_sea_arm_moveit_config/config/controllers/controllers_pal-pro-gripper.yaml
[0.718s] -- Installing: /home/user/exchange/workspace/install/pal_sea_arm_moveit_config/share/pal_sea_arm_moveit_config/config/controllers/controllers_no-ee_ati.yaml
[0.718s] -- Installing: /home/user/exchange/workspace/install/pal_sea_arm_moveit_config/share/pal_sea_arm_moveit_config/config/controllers/controllers_pal-pro-gripper_rokubi.yaml
[0.718s] -- Installing: /home/user/exchange/workspace/install/pal_sea_arm_moveit_config/share/pal_sea_arm_moveit_config/config/controllers/controllers_custom_rokubi.yaml
[0.718s] -- Installing: /home/user/exchange/workspace/install/pal_sea_arm_moveit_config/share/pal_sea_arm_moveit_config/config/ompl_planning.yaml
[0.718s] -- Installing: /home/user/exchange/workspace/install/pal_sea_arm_moveit_config/share/ament_index/resource_index/package_run_dependencies/pal_sea_arm_moveit_config
[0.718s] -- Installing: /home/user/exchange/workspace/install/pal_sea_arm_moveit_config/share/ament_index/resource_index/parent_prefix_path/pal_sea_arm_moveit_config
[0.718s] -- Installing: /home/user/exchange/workspace/install/pal_sea_arm_moveit_config/share/pal_sea_arm_moveit_config/environment/ament_prefix_path.sh
[0.718s] -- Installing: /home/user/exchange/workspace/install/pal_sea_arm_moveit_config/share/pal_sea_arm_moveit_config/environment/ament_prefix_path.dsv
[0.718s] -- Installing: /home/user/exchange/workspace/install/pal_sea_arm_moveit_config/share/pal_sea_arm_moveit_config/environment/path.sh
[0.718s] -- Installing: /home/user/exchange/workspace/install/pal_sea_arm_moveit_config/share/pal_sea_arm_moveit_config/environment/path.dsv
[0.718s] -- Installing: /home/user/exchange/workspace/install/pal_sea_arm_moveit_config/share/pal_sea_arm_moveit_config/local_setup.bash
[0.718s] -- Installing: /home/user/exchange/workspace/install/pal_sea_arm_moveit_config/share/pal_sea_arm_moveit_config/local_setup.sh
[0.718s] -- Installing: /home/user/exchange/workspace/install/pal_sea_arm_moveit_config/share/pal_sea_arm_moveit_config/local_setup.zsh
[0.719s] -- Installing: /home/user/exchange/workspace/install/pal_sea_arm_moveit_config/share/pal_sea_arm_moveit_config/local_setup.dsv
[0.719s] -- Installing: /home/user/exchange/workspace/install/pal_sea_arm_moveit_config/share/pal_sea_arm_moveit_config/package.dsv
[0.719s] -- Installing: /home/user/exchange/workspace/install/pal_sea_arm_moveit_config/share/ament_index/resource_index/packages/pal_sea_arm_moveit_config
[0.719s] -- Installing: /home/user/exchange/workspace/install/pal_sea_arm_moveit_config/share/pal_sea_arm_moveit_config/cmake/pal_sea_arm_moveit_configConfig.cmake
[0.719s] -- Installing: /home/user/exchange/workspace/install/pal_sea_arm_moveit_config/share/pal_sea_arm_moveit_config/cmake/pal_sea_arm_moveit_configConfig-version.cmake
[0.719s] -- Installing: /home/user/exchange/workspace/install/pal_sea_arm_moveit_config/share/pal_sea_arm_moveit_config/package.xml
[0.721s] Invoked command in '/home/user/exchange/workspace/build/pal_sea_arm_moveit_config' returned '0': AMENT_PREFIX_PATH=/home/user/exchange/workspace/install/pal_sea_arm_description:/home/user/exchange/workspace/install/pal_sea_arm_controller_configuration:/home/user/exchange/workspace/install/pal_pro_gripper_controller_configuration:/home/user/exchange/workspace/install/pal_pro_gripper_wrapper:/home/user/exchange/workspace/install/pal_pro_gripper_description:${AMENT_PREFIX_PATH} CMAKE_PREFIX_PATH=/home/user/exchange/workspace/install/pal_sea_arm_description:/home/user/exchange/workspace/install/pal_sea_arm_controller_configuration:/home/user/exchange/workspace/install/pal_pro_gripper_controller_configuration:/home/user/exchange/workspace/install/pal_pro_gripper_description:/opt/ros/humble PYTHONPATH=/home/user/exchange/workspace/install/pal_sea_arm_description/local/lib/python3.10/dist-packages:/home/user/exchange/workspace/install/pal_pro_gripper_wrapper/lib/python3.10/site-packages:/home/user/exchange/workspace/install/pal_pro_gripper_description/local/lib/python3.10/dist-packages:${PYTHONPATH} /usr/bin/cmake --install /home/user/exchange/workspace/build/pal_sea_arm_moveit_config
