[0.005s] Invoking command in '/home/user/exchange/workspace/build/tiago_pro_navigation': AMENT_PREFIX_PATH=/home/user/exchange/workspace/install/tiago_pro_rgbd_sensors:/home/user/exchange/workspace/install/tiago_pro_laser_sensors:/home/user/exchange/workspace/install/tiago_pro_2dnav:${AMENT_PREFIX_PATH} CMAKE_PREFIX_PATH=/home/user/exchange/workspace/install/tiago_pro_rgbd_sensors:/home/user/exchange/workspace/install/tiago_pro_laser_sensors:/home/user/exchange/workspace/install/tiago_pro_2dnav:/opt/ros/humble /usr/bin/cmake --build /home/user/exchange/workspace/build/tiago_pro_navigation -- -j12 -l12
[0.026s] Invoked command in '/home/user/exchange/workspace/build/tiago_pro_navigation' returned '0': AMENT_PREFIX_PATH=/home/user/exchange/workspace/install/tiago_pro_rgbd_sensors:/home/user/exchange/workspace/install/tiago_pro_laser_sensors:/home/user/exchange/workspace/install/tiago_pro_2dnav:${AMENT_PREFIX_PATH} CMAKE_PREFIX_PATH=/home/user/exchange/workspace/install/tiago_pro_rgbd_sensors:/home/user/exchange/workspace/install/tiago_pro_laser_sensors:/home/user/exchange/workspace/install/tiago_pro_2dnav:/opt/ros/humble /usr/bin/cmake --build /home/user/exchange/workspace/build/tiago_pro_navigation -- -j12 -l12
[0.027s] Invoking command in '/home/user/exchange/workspace/build/tiago_pro_navigation': AMENT_PREFIX_PATH=/home/user/exchange/workspace/install/tiago_pro_rgbd_sensors:/home/user/exchange/workspace/install/tiago_pro_laser_sensors:/home/user/exchange/workspace/install/tiago_pro_2dnav:${AMENT_PREFIX_PATH} CMAKE_PREFIX_PATH=/home/user/exchange/workspace/install/tiago_pro_rgbd_sensors:/home/user/exchange/workspace/install/tiago_pro_laser_sensors:/home/user/exchange/workspace/install/tiago_pro_2dnav:/opt/ros/humble /usr/bin/cmake --install /home/user/exchange/workspace/build/tiago_pro_navigation
[0.031s] -- Install configuration: ""
[0.031s] -- Up-to-date: /home/user/exchange/workspace/install/tiago_pro_navigation/share/ament_index/resource_index/package_run_dependencies/tiago_pro_navigation
[0.031s] -- Up-to-date: /home/user/exchange/workspace/install/tiago_pro_navigation/share/ament_index/resource_index/parent_prefix_path/tiago_pro_navigation
[0.031s] -- Up-to-date: /home/user/exchange/workspace/install/tiago_pro_navigation/share/tiago_pro_navigation/environment/ament_prefix_path.sh
[0.031s] -- Up-to-date: /home/user/exchange/workspace/install/tiago_pro_navigation/share/tiago_pro_navigation/environment/ament_prefix_path.dsv
[0.031s] -- Up-to-date: /home/user/exchange/workspace/install/tiago_pro_navigation/share/tiago_pro_navigation/environment/path.sh
[0.031s] -- Up-to-date: /home/user/exchange/workspace/install/tiago_pro_navigation/share/tiago_pro_navigation/environment/path.dsv
[0.031s] -- Up-to-date: /home/user/exchange/workspace/install/tiago_pro_navigation/share/tiago_pro_navigation/local_setup.bash
[0.031s] -- Up-to-date: /home/user/exchange/workspace/install/tiago_pro_navigation/share/tiago_pro_navigation/local_setup.sh
[0.031s] -- Up-to-date: /home/user/exchange/workspace/install/tiago_pro_navigation/share/tiago_pro_navigation/local_setup.zsh
[0.031s] -- Up-to-date: /home/user/exchange/workspace/install/tiago_pro_navigation/share/tiago_pro_navigation/local_setup.dsv
[0.032s] -- Installing: /home/user/exchange/workspace/install/tiago_pro_navigation/share/tiago_pro_navigation/package.dsv
[0.032s] -- Up-to-date: /home/user/exchange/workspace/install/tiago_pro_navigation/share/ament_index/resource_index/packages/tiago_pro_navigation
[0.032s] -- Up-to-date: /home/user/exchange/workspace/install/tiago_pro_navigation/share/tiago_pro_navigation/cmake/tiago_pro_navigationConfig.cmake
[0.032s] -- Up-to-date: /home/user/exchange/workspace/install/tiago_pro_navigation/share/tiago_pro_navigation/cmake/tiago_pro_navigationConfig-version.cmake
[0.032s] -- Up-to-date: /home/user/exchange/workspace/install/tiago_pro_navigation/share/tiago_pro_navigation/package.xml
[0.033s] Invoked command in '/home/user/exchange/workspace/build/tiago_pro_navigation' returned '0': AMENT_PREFIX_PATH=/home/user/exchange/workspace/install/tiago_pro_rgbd_sensors:/home/user/exchange/workspace/install/tiago_pro_laser_sensors:/home/user/exchange/workspace/install/tiago_pro_2dnav:${AMENT_PREFIX_PATH} CMAKE_PREFIX_PATH=/home/user/exchange/workspace/install/tiago_pro_rgbd_sensors:/home/user/exchange/workspace/install/tiago_pro_laser_sensors:/home/user/exchange/workspace/install/tiago_pro_2dnav:/opt/ros/humble /usr/bin/cmake --install /home/user/exchange/workspace/build/tiago_pro_navigation
