[35m[1mConsolidate compiler generated dependencies of target pick_macro_task_node[0m
[ 25%] [32mBuilding CXX object CMakeFiles/pick_macro_task_node.dir/src/pick_macro_task_node.cpp.o[0m
[ 75%] Built target place_macro_task_node
[100%] [32m[1mLinking CXX executable pick_macro_task_node[0m
[100%] Built target pick_macro_task_node
-- Install configuration: ""
-- Installing: /home/user/exchange/workspace/install/tiago_manipulation_tasks/lib/tiago_manipulation_tasks/pick_macro_task_node
-- Set runtime path of "/home/user/exchange/workspace/install/tiago_manipulation_tasks/lib/tiago_manipulation_tasks/pick_macro_task_node" to ""
-- Up-to-date: /home/user/exchange/workspace/install/tiago_manipulation_tasks/lib/tiago_manipulation_tasks/place_macro_task_node
-- Up-to-date: /home/user/exchange/workspace/install/tiago_manipulation_tasks/share/ament_index/resource_index/package_run_dependencies/tiago_manipulation_tasks
-- Up-to-date: /home/user/exchange/workspace/install/tiago_manipulation_tasks/share/ament_index/resource_index/parent_prefix_path/tiago_manipulation_tasks
-- Up-to-date: /home/user/exchange/workspace/install/tiago_manipulation_tasks/share/tiago_manipulation_tasks/environment/ament_prefix_path.sh
-- Up-to-date: /home/user/exchange/workspace/install/tiago_manipulation_tasks/share/tiago_manipulation_tasks/environment/ament_prefix_path.dsv
-- Up-to-date: /home/user/exchange/workspace/install/tiago_manipulation_tasks/share/tiago_manipulation_tasks/environment/path.sh
-- Up-to-date: /home/user/exchange/workspace/install/tiago_manipulation_tasks/share/tiago_manipulation_tasks/environment/path.dsv
-- Up-to-date: /home/user/exchange/workspace/install/tiago_manipulation_tasks/share/tiago_manipulation_tasks/local_setup.bash
-- Up-to-date: /home/user/exchange/workspace/install/tiago_manipulation_tasks/share/tiago_manipulation_tasks/local_setup.sh
-- Up-to-date: /home/user/exchange/workspace/install/tiago_manipulation_tasks/share/tiago_manipulation_tasks/local_setup.zsh
-- Up-to-date: /home/user/exchange/workspace/install/tiago_manipulation_tasks/share/tiago_manipulation_tasks/local_setup.dsv
-- Installing: /home/user/exchange/workspace/install/tiago_manipulation_tasks/share/tiago_manipulation_tasks/package.dsv
-- Up-to-date: /home/user/exchange/workspace/install/tiago_manipulation_tasks/share/ament_index/resource_index/packages/tiago_manipulation_tasks
-- Up-to-date: /home/user/exchange/workspace/install/tiago_manipulation_tasks/share/tiago_manipulation_tasks/cmake/tiago_manipulation_tasksConfig.cmake
-- Up-to-date: /home/user/exchange/workspace/install/tiago_manipulation_tasks/share/tiago_manipulation_tasks/cmake/tiago_manipulation_tasksConfig-version.cmake
-- Up-to-date: /home/user/exchange/workspace/install/tiago_manipulation_tasks/share/tiago_manipulation_tasks/package.xml
