[0.043s] Invoking command in '/home/user/exchange/workspace/build/pal_sea_arm_description': AMENT_PREFIX_PATH=/home/user/exchange/workspace/install/pal_pro_gripper_wrapper:/home/user/exchange/workspace/install/tiago_manipulation_tasks:/home/user/exchange/workspace/install/pick_task:/home/user/exchange/workspace/install/tiago_pro_simulation:/home/user/exchange/workspace/install/tiago_pro_robot:/home/user/exchange/workspace/install/tiago_pro_navigation:/home/user/exchange/workspace/install/tiago_pro_gazebo:/home/user/exchange/workspace/install/tiago_pro_rgbd_sensors:/home/user/exchange/workspace/install/tiago_pro_mujoco:/home/user/exchange/workspace/install/tiago_pro_moveit_config:/home/user/exchange/workspace/install/tiago_pro_laser_sensors:/home/user/exchange/workspace/install/tiago_pro_description:/home/user/exchange/workspace/install/tiago_pro_bringup:/home/user/exchange/workspace/install/tiago_pro_controller_configuration:/home/user/exchange/workspace/install/tiago_pro_2dnav:/home/user/exchange/workspace/install/ros2_linkattacher:/home/user/exchange/workspace/install/pal_sea_arm_moveit_config:/home/user/exchange/workspace/install/pal_sea_arm:/home/user/exchange/workspace/install/pal_sea_arm_bringup:/home/user/exchange/workspace/install/pal_sea_arm_description:/home/user/exchange/workspace/install/pal_sea_arm_controller_configuration:/home/user/exchange/workspace/install/pal_pro_gripper_simulation:/home/user/exchange/workspace/install/pal_pro_gripper_bringup:/home/user/exchange/workspace/install/pal_pro_gripper:/home/user/exchange/workspace/install/pal_pro_gripper_controller_configuration:/home/user/exchange/workspace/install/pal_pro_gripper_description:/home/user/exchange/workspace/install/pal_gazebo_worlds:/home/user/exchange/workspace/install/linkattacher_msgs:/opt/ros/humble CMAKE_PREFIX_PATH=/home/user/exchange/workspace/install/pal_sea_arm_controller_configuration:/home/user/exchange/workspace/install/pal_pro_gripper_controller_configuration:/home/user/exchange/workspace/install/pal_pro_gripper_description:/home/user/exchange/workspace/install/tiago_manipulation_tasks:/home/user/exchange/workspace/install/tiago_pro_simulation:/home/user/exchange/workspace/install/tiago_pro_robot:/home/user/exchange/workspace/install/tiago_pro_navigation:/home/user/exchange/workspace/install/tiago_pro_gazebo:/home/user/exchange/workspace/install/tiago_pro_rgbd_sensors:/home/user/exchange/workspace/install/tiago_pro_mujoco:/home/user/exchange/workspace/install/tiago_pro_moveit_config:/home/user/exchange/workspace/install/tiago_pro_laser_sensors:/home/user/exchange/workspace/install/tiago_pro_description:/home/user/exchange/workspace/install/tiago_pro_bringup:/home/user/exchange/workspace/install/tiago_pro_controller_configuration:/home/user/exchange/workspace/install/tiago_pro_2dnav:/home/user/exchange/workspace/install/ros2_linkattacher:/home/user/exchange/workspace/install/pal_sea_arm_moveit_config:/home/user/exchange/workspace/install/pal_sea_arm:/home/user/exchange/workspace/install/pal_sea_arm_bringup:/home/user/exchange/workspace/install/pal_sea_arm_description:/home/user/exchange/workspace/install/pal_pro_gripper_simulation:/home/user/exchange/workspace/install/pal_pro_gripper_bringup:/home/user/exchange/workspace/install/pal_pro_gripper:/home/user/exchange/workspace/install/pal_gazebo_worlds:/home/user/exchange/workspace/install/linkattacher_msgs:/home/user/exchange/workspace/install/pick_task:/home/user/exchange/workspace/install/pal_pro_gripper_wrapper:/opt/ros/humble PYTHONPATH=/home/user/exchange/workspace/install/pal_pro_gripper_wrapper/lib/python3.10/site-packages:/home/user/exchange/workspace/install/pick_task/lib/python3.10/site-packages:/home/user/exchange/workspace/install/tiago_pro_description/local/lib/python3.10/dist-packages:/home/user/exchange/workspace/install/pal_sea_arm_description/local/lib/python3.10/dist-packages:/home/user/exchange/workspace/install/pal_pro_gripper_description/local/lib/python3.10/dist-packages:/home/user/exchange/workspace/install/linkattacher_msgs/local/lib/python3.10/dist-packages:/opt/ros/humble/lib/python3.10/site-packages:/opt/ros/humble/local/lib/python3.10/dist-packages /usr/bin/cmake --build /home/user/exchange/workspace/build/pal_sea_arm_description -- -j12 -l12
[0.091s] Built target ament_cmake_python_copy_pal_sea_arm_description
[0.255s] running egg_info
[0.256s] writing pal_sea_arm_description.egg-info/PKG-INFO
[0.256s] writing dependency_links to pal_sea_arm_description.egg-info/dependency_links.txt
[0.256s] writing top-level names to pal_sea_arm_description.egg-info/top_level.txt
[0.258s] reading manifest file 'pal_sea_arm_description.egg-info/SOURCES.txt'
[0.258s] writing manifest file 'pal_sea_arm_description.egg-info/SOURCES.txt'
[0.279s] Built target ament_cmake_python_build_pal_sea_arm_description_egg
[0.287s] Invoked command in '/home/user/exchange/workspace/build/pal_sea_arm_description' returned '0': AMENT_PREFIX_PATH=/home/user/exchange/workspace/install/pal_pro_gripper_wrapper:/home/user/exchange/workspace/install/tiago_manipulation_tasks:/home/user/exchange/workspace/install/pick_task:/home/user/exchange/workspace/install/tiago_pro_simulation:/home/user/exchange/workspace/install/tiago_pro_robot:/home/user/exchange/workspace/install/tiago_pro_navigation:/home/user/exchange/workspace/install/tiago_pro_gazebo:/home/user/exchange/workspace/install/tiago_pro_rgbd_sensors:/home/user/exchange/workspace/install/tiago_pro_mujoco:/home/user/exchange/workspace/install/tiago_pro_moveit_config:/home/user/exchange/workspace/install/tiago_pro_laser_sensors:/home/user/exchange/workspace/install/tiago_pro_description:/home/user/exchange/workspace/install/tiago_pro_bringup:/home/user/exchange/workspace/install/tiago_pro_controller_configuration:/home/user/exchange/workspace/install/tiago_pro_2dnav:/home/user/exchange/workspace/install/ros2_linkattacher:/home/user/exchange/workspace/install/pal_sea_arm_moveit_config:/home/user/exchange/workspace/install/pal_sea_arm:/home/user/exchange/workspace/install/pal_sea_arm_bringup:/home/user/exchange/workspace/install/pal_sea_arm_description:/home/user/exchange/workspace/install/pal_sea_arm_controller_configuration:/home/user/exchange/workspace/install/pal_pro_gripper_simulation:/home/user/exchange/workspace/install/pal_pro_gripper_bringup:/home/user/exchange/workspace/install/pal_pro_gripper:/home/user/exchange/workspace/install/pal_pro_gripper_controller_configuration:/home/user/exchange/workspace/install/pal_pro_gripper_description:/home/user/exchange/workspace/install/pal_gazebo_worlds:/home/user/exchange/workspace/install/linkattacher_msgs:/opt/ros/humble CMAKE_PREFIX_PATH=/home/user/exchange/workspace/install/pal_sea_arm_controller_configuration:/home/user/exchange/workspace/install/pal_pro_gripper_controller_configuration:/home/user/exchange/workspace/install/pal_pro_gripper_description:/home/user/exchange/workspace/install/tiago_manipulation_tasks:/home/user/exchange/workspace/install/tiago_pro_simulation:/home/user/exchange/workspace/install/tiago_pro_robot:/home/user/exchange/workspace/install/tiago_pro_navigation:/home/user/exchange/workspace/install/tiago_pro_gazebo:/home/user/exchange/workspace/install/tiago_pro_rgbd_sensors:/home/user/exchange/workspace/install/tiago_pro_mujoco:/home/user/exchange/workspace/install/tiago_pro_moveit_config:/home/user/exchange/workspace/install/tiago_pro_laser_sensors:/home/user/exchange/workspace/install/tiago_pro_description:/home/user/exchange/workspace/install/tiago_pro_bringup:/home/user/exchange/workspace/install/tiago_pro_controller_configuration:/home/user/exchange/workspace/install/tiago_pro_2dnav:/home/user/exchange/workspace/install/ros2_linkattacher:/home/user/exchange/workspace/install/pal_sea_arm_moveit_config:/home/user/exchange/workspace/install/pal_sea_arm:/home/user/exchange/workspace/install/pal_sea_arm_bringup:/home/user/exchange/workspace/install/pal_sea_arm_description:/home/user/exchange/workspace/install/pal_pro_gripper_simulation:/home/user/exchange/workspace/install/pal_pro_gripper_bringup:/home/user/exchange/workspace/install/pal_pro_gripper:/home/user/exchange/workspace/install/pal_gazebo_worlds:/home/user/exchange/workspace/install/linkattacher_msgs:/home/user/exchange/workspace/install/pick_task:/home/user/exchange/workspace/install/pal_pro_gripper_wrapper:/opt/ros/humble PYTHONPATH=/home/user/exchange/workspace/install/pal_pro_gripper_wrapper/lib/python3.10/site-packages:/home/user/exchange/workspace/install/pick_task/lib/python3.10/site-packages:/home/user/exchange/workspace/install/tiago_pro_description/local/lib/python3.10/dist-packages:/home/user/exchange/workspace/install/pal_sea_arm_description/local/lib/python3.10/dist-packages:/home/user/exchange/workspace/install/pal_pro_gripper_description/local/lib/python3.10/dist-packages:/home/user/exchange/workspace/install/linkattacher_msgs/local/lib/python3.10/dist-packages:/opt/ros/humble/lib/python3.10/site-packages:/opt/ros/humble/local/lib/python3.10/dist-packages /usr/bin/cmake --build /home/user/exchange/workspace/build/pal_sea_arm_description -- -j12 -l12
[0.288s] Invoking command in '/home/user/exchange/workspace/build/pal_sea_arm_description': AMENT_PREFIX_PATH=/home/user/exchange/workspace/install/pal_pro_gripper_wrapper:/home/user/exchange/workspace/install/tiago_manipulation_tasks:/home/user/exchange/workspace/install/pick_task:/home/user/exchange/workspace/install/tiago_pro_simulation:/home/user/exchange/workspace/install/tiago_pro_robot:/home/user/exchange/workspace/install/tiago_pro_navigation:/home/user/exchange/workspace/install/tiago_pro_gazebo:/home/user/exchange/workspace/install/tiago_pro_rgbd_sensors:/home/user/exchange/workspace/install/tiago_pro_mujoco:/home/user/exchange/workspace/install/tiago_pro_moveit_config:/home/user/exchange/workspace/install/tiago_pro_laser_sensors:/home/user/exchange/workspace/install/tiago_pro_description:/home/user/exchange/workspace/install/tiago_pro_bringup:/home/user/exchange/workspace/install/tiago_pro_controller_configuration:/home/user/exchange/workspace/install/tiago_pro_2dnav:/home/user/exchange/workspace/install/ros2_linkattacher:/home/user/exchange/workspace/install/pal_sea_arm_moveit_config:/home/user/exchange/workspace/install/pal_sea_arm:/home/user/exchange/workspace/install/pal_sea_arm_bringup:/home/user/exchange/workspace/install/pal_sea_arm_description:/home/user/exchange/workspace/install/pal_sea_arm_controller_configuration:/home/user/exchange/workspace/install/pal_pro_gripper_simulation:/home/user/exchange/workspace/install/pal_pro_gripper_bringup:/home/user/exchange/workspace/install/pal_pro_gripper:/home/user/exchange/workspace/install/pal_pro_gripper_controller_configuration:/home/user/exchange/workspace/install/pal_pro_gripper_description:/home/user/exchange/workspace/install/pal_gazebo_worlds:/home/user/exchange/workspace/install/linkattacher_msgs:/opt/ros/humble CMAKE_PREFIX_PATH=/home/user/exchange/workspace/install/pal_sea_arm_controller_configuration:/home/user/exchange/workspace/install/pal_pro_gripper_controller_configuration:/home/user/exchange/workspace/install/pal_pro_gripper_description:/home/user/exchange/workspace/install/tiago_manipulation_tasks:/home/user/exchange/workspace/install/tiago_pro_simulation:/home/user/exchange/workspace/install/tiago_pro_robot:/home/user/exchange/workspace/install/tiago_pro_navigation:/home/user/exchange/workspace/install/tiago_pro_gazebo:/home/user/exchange/workspace/install/tiago_pro_rgbd_sensors:/home/user/exchange/workspace/install/tiago_pro_mujoco:/home/user/exchange/workspace/install/tiago_pro_moveit_config:/home/user/exchange/workspace/install/tiago_pro_laser_sensors:/home/user/exchange/workspace/install/tiago_pro_description:/home/user/exchange/workspace/install/tiago_pro_bringup:/home/user/exchange/workspace/install/tiago_pro_controller_configuration:/home/user/exchange/workspace/install/tiago_pro_2dnav:/home/user/exchange/workspace/install/ros2_linkattacher:/home/user/exchange/workspace/install/pal_sea_arm_moveit_config:/home/user/exchange/workspace/install/pal_sea_arm:/home/user/exchange/workspace/install/pal_sea_arm_bringup:/home/user/exchange/workspace/install/pal_sea_arm_description:/home/user/exchange/workspace/install/pal_pro_gripper_simulation:/home/user/exchange/workspace/install/pal_pro_gripper_bringup:/home/user/exchange/workspace/install/pal_pro_gripper:/home/user/exchange/workspace/install/pal_gazebo_worlds:/home/user/exchange/workspace/install/linkattacher_msgs:/home/user/exchange/workspace/install/pick_task:/home/user/exchange/workspace/install/pal_pro_gripper_wrapper:/opt/ros/humble PYTHONPATH=/home/user/exchange/workspace/install/pal_pro_gripper_wrapper/lib/python3.10/site-packages:/home/user/exchange/workspace/install/pick_task/lib/python3.10/site-packages:/home/user/exchange/workspace/install/tiago_pro_description/local/lib/python3.10/dist-packages:/home/user/exchange/workspace/install/pal_sea_arm_description/local/lib/python3.10/dist-packages:/home/user/exchange/workspace/install/pal_pro_gripper_description/local/lib/python3.10/dist-packages:/home/user/exchange/workspace/install/linkattacher_msgs/local/lib/python3.10/dist-packages:/opt/ros/humble/lib/python3.10/site-packages:/opt/ros/humble/local/lib/python3.10/dist-packages /usr/bin/cmake --install /home/user/exchange/workspace/build/pal_sea_arm_description
[0.293s] -- Install configuration: ""
[0.293s] -- Up-to-date: /home/user/exchange/workspace/install/pal_sea_arm_description/share/pal_sea_arm_description/environment/pythonpath.sh
[0.293s] -- Up-to-date: /home/user/exchange/workspace/install/pal_sea_arm_description/share/pal_sea_arm_description/environment/pythonpath.dsv
[0.293s] -- Up-to-date: /home/user/exchange/workspace/install/pal_sea_arm_description/local/lib/python3.10/dist-packages/pal_sea_arm_description-2.8.1-py3.10.egg-info
[0.294s] -- Installing: /home/user/exchange/workspace/install/pal_sea_arm_description/local/lib/python3.10/dist-packages/pal_sea_arm_description-2.8.1-py3.10.egg-info/SOURCES.txt
[0.294s] -- Installing: /home/user/exchange/workspace/install/pal_sea_arm_description/local/lib/python3.10/dist-packages/pal_sea_arm_description-2.8.1-py3.10.egg-info/dependency_links.txt
[0.294s] -- Installing: /home/user/exchange/workspace/install/pal_sea_arm_description/local/lib/python3.10/dist-packages/pal_sea_arm_description-2.8.1-py3.10.egg-info/top_level.txt
[0.294s] -- Installing: /home/user/exchange/workspace/install/pal_sea_arm_description/local/lib/python3.10/dist-packages/pal_sea_arm_description-2.8.1-py3.10.egg-info/PKG-INFO
[0.294s] -- Up-to-date: /home/user/exchange/workspace/install/pal_sea_arm_description/local/lib/python3.10/dist-packages/pal_sea_arm_description
[0.294s] -- Up-to-date: /home/user/exchange/workspace/install/pal_sea_arm_description/local/lib/python3.10/dist-packages/pal_sea_arm_description/launch_arguments.py
[0.294s] -- Up-to-date: /home/user/exchange/workspace/install/pal_sea_arm_description/local/lib/python3.10/dist-packages/pal_sea_arm_description/__init__.py
[0.294s] -- Up-to-date: /home/user/exchange/workspace/install/pal_sea_arm_description/local/lib/python3.10/dist-packages/pal_sea_arm_description/pal_sea_arm_utils.py
[0.318s] Listing '/home/user/exchange/workspace/install/pal_sea_arm_description/local/lib/python3.10/dist-packages/pal_sea_arm_description'...
[0.321s] -- Up-to-date: /home/user/exchange/workspace/install/pal_sea_arm_description/share/pal_sea_arm_description/config
[0.321s] -- Up-to-date: /home/user/exchange/workspace/install/pal_sea_arm_description/share/pal_sea_arm_description/config/pal_sea_arm_configuration.yaml
[0.321s] -- Up-to-date: /home/user/exchange/workspace/install/pal_sea_arm_description/share/pal_sea_arm_description/config/show.rviz
[0.321s] -- Up-to-date: /home/user/exchange/workspace/install/pal_sea_arm_description/share/pal_sea_arm_description/gazebo
[0.321s] -- Up-to-date: /home/user/exchange/workspace/install/pal_sea_arm_description/share/pal_sea_arm_description/gazebo/gazebo.urdf.xacro
[0.321s] -- Up-to-date: /home/user/exchange/workspace/install/pal_sea_arm_description/share/pal_sea_arm_description/launch
[0.321s] -- Up-to-date: /home/user/exchange/workspace/install/pal_sea_arm_description/share/pal_sea_arm_description/launch/robot_state_publisher.launch.py
[0.322s] -- Up-to-date: /home/user/exchange/workspace/install/pal_sea_arm_description/share/pal_sea_arm_description/launch/show.launch.py
[0.322s] -- Up-to-date: /home/user/exchange/workspace/install/pal_sea_arm_description/share/pal_sea_arm_description/meshes
[0.322s] -- Up-to-date: /home/user/exchange/workspace/install/pal_sea_arm_description/share/pal_sea_arm_description/meshes/arm_tiago_sea
[0.322s] -- Up-to-date: /home/user/exchange/workspace/install/pal_sea_arm_description/share/pal_sea_arm_description/meshes/arm_tiago_sea/arm_2_link_collision.stl
[0.322s] -- Up-to-date: /home/user/exchange/workspace/install/pal_sea_arm_description/share/pal_sea_arm_description/meshes/arm_tiago_sea/straight-wrist
[0.322s] -- Up-to-date: /home/user/exchange/workspace/install/pal_sea_arm_description/share/pal_sea_arm_description/meshes/arm_tiago_sea/straight-wrist/arm_5_link_collision.stl
[0.322s] -- Up-to-date: /home/user/exchange/workspace/install/pal_sea_arm_description/share/pal_sea_arm_description/meshes/arm_tiago_sea/straight-wrist/arm_7_link.stl
[0.322s] -- Up-to-date: /home/user/exchange/workspace/install/pal_sea_arm_description/share/pal_sea_arm_description/meshes/arm_tiago_sea/straight-wrist/arm_6_link_collision.stl
[0.322s] -- Up-to-date: /home/user/exchange/workspace/install/pal_sea_arm_description/share/pal_sea_arm_description/meshes/arm_tiago_sea/straight-wrist/arm_7_link_collision.stl
[0.322s] -- Up-to-date: /home/user/exchange/workspace/install/pal_sea_arm_description/share/pal_sea_arm_description/meshes/arm_tiago_sea/straight-wrist/arm_5_link.stl
[0.322s] -- Up-to-date: /home/user/exchange/workspace/install/pal_sea_arm_description/share/pal_sea_arm_description/meshes/arm_tiago_sea/straight-wrist/arm_6_link.stl
[0.322s] -- Up-to-date: /home/user/exchange/workspace/install/pal_sea_arm_description/share/pal_sea_arm_description/meshes/arm_tiago_sea/arm_3_link_collision.stl
[0.322s] -- Up-to-date: /home/user/exchange/workspace/install/pal_sea_arm_description/share/pal_sea_arm_description/meshes/arm_tiago_sea/arm_3_link.stl
[0.322s] -- Up-to-date: /home/user/exchange/workspace/install/pal_sea_arm_description/share/pal_sea_arm_description/meshes/arm_tiago_sea/tool_changer_link_original.stl
[0.323s] -- Up-to-date: /home/user/exchange/workspace/install/pal_sea_arm_description/share/pal_sea_arm_description/meshes/arm_tiago_sea/tool_changer_link.stl
[0.323s] -- Up-to-date: /home/user/exchange/workspace/install/pal_sea_arm_description/share/pal_sea_arm_description/meshes/arm_tiago_sea/arm_2_link.stl
[0.323s] -- Up-to-date: /home/user/exchange/workspace/install/pal_sea_arm_description/share/pal_sea_arm_description/meshes/arm_tiago_sea/arm_4_link_collision.stl
[0.323s] -- Up-to-date: /home/user/exchange/workspace/install/pal_sea_arm_description/share/pal_sea_arm_description/meshes/arm_tiago_sea/arm_4_link.stl
[0.323s] -- Up-to-date: /home/user/exchange/workspace/install/pal_sea_arm_description/share/pal_sea_arm_description/meshes/arm_tiago_sea/arm_1_link_collision.stl
[0.323s] -- Up-to-date: /home/user/exchange/workspace/install/pal_sea_arm_description/share/pal_sea_arm_description/meshes/arm_tiago_sea/tool_changer_link_collision.stl
[0.323s] -- Up-to-date: /home/user/exchange/workspace/install/pal_sea_arm_description/share/pal_sea_arm_description/meshes/arm_tiago_sea/arm_1_link.stl
[0.323s] -- Up-to-date: /home/user/exchange/workspace/install/pal_sea_arm_description/share/pal_sea_arm_description/meshes/pal_sea_arm_standalone
[0.323s] -- Up-to-date: /home/user/exchange/workspace/install/pal_sea_arm_description/share/pal_sea_arm_description/meshes/pal_sea_arm_standalone/arm_2_link_collision.stl
[0.323s] -- Up-to-date: /home/user/exchange/workspace/install/pal_sea_arm_description/share/pal_sea_arm_description/meshes/pal_sea_arm_standalone/straight-wrist
[0.323s] -- Up-to-date: /home/user/exchange/workspace/install/pal_sea_arm_description/share/pal_sea_arm_description/meshes/pal_sea_arm_standalone/straight-wrist/arm_5_link_collision.stl
[0.323s] -- Up-to-date: /home/user/exchange/workspace/install/pal_sea_arm_description/share/pal_sea_arm_description/meshes/pal_sea_arm_standalone/straight-wrist/arm_7_link.stl
[0.323s] -- Up-to-date: /home/user/exchange/workspace/install/pal_sea_arm_description/share/pal_sea_arm_description/meshes/pal_sea_arm_standalone/straight-wrist/arm_6_link_collision.stl
[0.323s] -- Up-to-date: /home/user/exchange/workspace/install/pal_sea_arm_description/share/pal_sea_arm_description/meshes/pal_sea_arm_standalone/straight-wrist/arm_7_link_collision.stl
[0.324s] -- Up-to-date: /home/user/exchange/workspace/install/pal_sea_arm_description/share/pal_sea_arm_description/meshes/pal_sea_arm_standalone/straight-wrist/arm_5_link.stl
[0.324s] -- Up-to-date: /home/user/exchange/workspace/install/pal_sea_arm_description/share/pal_sea_arm_description/meshes/pal_sea_arm_standalone/straight-wrist/arm_6_link.stl
[0.324s] -- Up-to-date: /home/user/exchange/workspace/install/pal_sea_arm_description/share/pal_sea_arm_description/meshes/pal_sea_arm_standalone/arm_3_link_collision.stl
[0.324s] -- Up-to-date: /home/user/exchange/workspace/install/pal_sea_arm_description/share/pal_sea_arm_description/meshes/pal_sea_arm_standalone/arm_3_link.stl
[0.324s] -- Up-to-date: /home/user/exchange/workspace/install/pal_sea_arm_description/share/pal_sea_arm_description/meshes/pal_sea_arm_standalone/tool_changer_link_original.stl
[0.324s] -- Up-to-date: /home/user/exchange/workspace/install/pal_sea_arm_description/share/pal_sea_arm_description/meshes/pal_sea_arm_standalone/tool_changer_link.stl
[0.324s] -- Up-to-date: /home/user/exchange/workspace/install/pal_sea_arm_description/share/pal_sea_arm_description/meshes/pal_sea_arm_standalone/arm_2_link.stl
[0.324s] -- Up-to-date: /home/user/exchange/workspace/install/pal_sea_arm_description/share/pal_sea_arm_description/meshes/pal_sea_arm_standalone/arm_4_link_collision.stl
[0.324s] -- Up-to-date: /home/user/exchange/workspace/install/pal_sea_arm_description/share/pal_sea_arm_description/meshes/pal_sea_arm_standalone/arm_4_link.stl
[0.324s] -- Up-to-date: /home/user/exchange/workspace/install/pal_sea_arm_description/share/pal_sea_arm_description/meshes/pal_sea_arm_standalone/spherical-wrist
[0.324s] -- Up-to-date: /home/user/exchange/workspace/install/pal_sea_arm_description/share/pal_sea_arm_description/meshes/pal_sea_arm_standalone/spherical-wrist/arm_5_link_collision.stl
[0.324s] -- Up-to-date: /home/user/exchange/workspace/install/pal_sea_arm_description/share/pal_sea_arm_description/meshes/pal_sea_arm_standalone/spherical-wrist/arm_7_link.stl
[0.324s] -- Up-to-date: /home/user/exchange/workspace/install/pal_sea_arm_description/share/pal_sea_arm_description/meshes/pal_sea_arm_standalone/spherical-wrist/arm_6_link_collision.stl
[0.324s] -- Up-to-date: /home/user/exchange/workspace/install/pal_sea_arm_description/share/pal_sea_arm_description/meshes/pal_sea_arm_standalone/spherical-wrist/arm_7_link_collision.stl
[0.324s] -- Up-to-date: /home/user/exchange/workspace/install/pal_sea_arm_description/share/pal_sea_arm_description/meshes/pal_sea_arm_standalone/spherical-wrist/arm_5_link.stl
[0.324s] -- Up-to-date: /home/user/exchange/workspace/install/pal_sea_arm_description/share/pal_sea_arm_description/meshes/pal_sea_arm_standalone/spherical-wrist/arm_6_link.stl
[0.325s] -- Up-to-date: /home/user/exchange/workspace/install/pal_sea_arm_description/share/pal_sea_arm_description/meshes/pal_sea_arm_standalone/arm_1_link_collision.stl
[0.325s] -- Up-to-date: /home/user/exchange/workspace/install/pal_sea_arm_description/share/pal_sea_arm_description/meshes/pal_sea_arm_standalone/tool_changer_link_collision.stl
[0.325s] -- Up-to-date: /home/user/exchange/workspace/install/pal_sea_arm_description/share/pal_sea_arm_description/meshes/pal_sea_arm_standalone/arm_1_link.stl
[0.325s] -- Up-to-date: /home/user/exchange/workspace/install/pal_sea_arm_description/share/pal_sea_arm_description/meshes/pal_sea_arm_standalone/base_link.stl
[0.325s] -- Up-to-date: /home/user/exchange/workspace/install/pal_sea_arm_description/share/pal_sea_arm_description/meshes/humanoid
[0.325s] -- Up-to-date: /home/user/exchange/workspace/install/pal_sea_arm_description/share/pal_sea_arm_description/meshes/humanoid/arm_cover
[0.325s] -- Up-to-date: /home/user/exchange/workspace/install/pal_sea_arm_description/share/pal_sea_arm_description/meshes/humanoid/arm_cover/arm_cover_link.stl
[0.325s] -- Up-to-date: /home/user/exchange/workspace/install/pal_sea_arm_description/share/pal_sea_arm_description/meshes/humanoid/arm_cover/arm_cover_link_collision.stl
[0.325s] -- Up-to-date: /home/user/exchange/workspace/install/pal_sea_arm_description/share/pal_sea_arm_description/meshes/humanoid/arm
[0.325s] -- Up-to-date: /home/user/exchange/workspace/install/pal_sea_arm_description/share/pal_sea_arm_description/meshes/humanoid/arm/arm3_link.STL
[0.325s] -- Up-to-date: /home/user/exchange/workspace/install/pal_sea_arm_description/share/pal_sea_arm_description/meshes/humanoid/arm/fake_forearm_left_link.stl
[0.325s] -- Up-to-date: /home/user/exchange/workspace/install/pal_sea_arm_description/share/pal_sea_arm_description/meshes/humanoid/arm/fake_forearm_right_link.stl
[0.325s] -- Up-to-date: /home/user/exchange/workspace/install/pal_sea_arm_description/share/pal_sea_arm_description/meshes/humanoid/arm/arm1_link.STL
[0.325s] -- Up-to-date: /home/user/exchange/workspace/install/pal_sea_arm_description/share/pal_sea_arm_description/meshes/humanoid/arm/arm4_link.STL
[0.325s] -- Up-to-date: /home/user/exchange/workspace/install/pal_sea_arm_description/share/pal_sea_arm_description/meshes/humanoid/arm/arm_base_link.STL
[0.325s] -- Up-to-date: /home/user/exchange/workspace/install/pal_sea_arm_description/share/pal_sea_arm_description/meshes/humanoid/arm/arm2_link.STL
[0.326s] -- Up-to-date: /home/user/exchange/workspace/install/pal_sea_arm_description/share/pal_sea_arm_description/meshes/arm_tiago_pro
[0.326s] -- Up-to-date: /home/user/exchange/workspace/install/pal_sea_arm_description/share/pal_sea_arm_description/meshes/arm_tiago_pro/arm_2_link_collision.stl
[0.326s] -- Up-to-date: /home/user/exchange/workspace/install/pal_sea_arm_description/share/pal_sea_arm_description/meshes/arm_tiago_pro/end_effector_camera_realsense_d405.stl
[0.326s] -- Up-to-date: /home/user/exchange/workspace/install/pal_sea_arm_description/share/pal_sea_arm_description/meshes/arm_tiago_pro/straight-wrist
[0.326s] -- Up-to-date: /home/user/exchange/workspace/install/pal_sea_arm_description/share/pal_sea_arm_description/meshes/arm_tiago_pro/straight-wrist/arm_5_link_collision.stl
[0.326s] -- Up-to-date: /home/user/exchange/workspace/install/pal_sea_arm_description/share/pal_sea_arm_description/meshes/arm_tiago_pro/straight-wrist/arm_7_link.stl
[0.326s] -- Up-to-date: /home/user/exchange/workspace/install/pal_sea_arm_description/share/pal_sea_arm_description/meshes/arm_tiago_pro/straight-wrist/arm_6_link_collision.stl
[0.326s] -- Up-to-date: /home/user/exchange/workspace/install/pal_sea_arm_description/share/pal_sea_arm_description/meshes/arm_tiago_pro/straight-wrist/arm_7_link_collision.stl
[0.326s] -- Up-to-date: /home/user/exchange/workspace/install/pal_sea_arm_description/share/pal_sea_arm_description/meshes/arm_tiago_pro/straight-wrist/arm_5_link.stl
[0.326s] -- Up-to-date: /home/user/exchange/workspace/install/pal_sea_arm_description/share/pal_sea_arm_description/meshes/arm_tiago_pro/straight-wrist/arm_6_link.stl
[0.326s] -- Up-to-date: /home/user/exchange/workspace/install/pal_sea_arm_description/share/pal_sea_arm_description/meshes/arm_tiago_pro/arm_base_link.stl
[0.326s] -- Up-to-date: /home/user/exchange/workspace/install/pal_sea_arm_description/share/pal_sea_arm_description/meshes/arm_tiago_pro/arm_3_link_collision.stl
[0.326s] -- Up-to-date: /home/user/exchange/workspace/install/pal_sea_arm_description/share/pal_sea_arm_description/meshes/arm_tiago_pro/arm_3_link.stl
[0.326s] -- Up-to-date: /home/user/exchange/workspace/install/pal_sea_arm_description/share/pal_sea_arm_description/meshes/arm_tiago_pro/tool_changer_link.stl
[0.326s] -- Up-to-date: /home/user/exchange/workspace/install/pal_sea_arm_description/share/pal_sea_arm_description/meshes/arm_tiago_pro/arm_2_link.stl
[0.326s] -- Up-to-date: /home/user/exchange/workspace/install/pal_sea_arm_description/share/pal_sea_arm_description/meshes/arm_tiago_pro/arm_4_link_collision.stl
[0.326s] -- Up-to-date: /home/user/exchange/workspace/install/pal_sea_arm_description/share/pal_sea_arm_description/meshes/arm_tiago_pro/allegro_tc_out_link.STL
[0.326s] -- Up-to-date: /home/user/exchange/workspace/install/pal_sea_arm_description/share/pal_sea_arm_description/meshes/arm_tiago_pro/end_effector_camera_realsense_d435.stl
[0.326s] -- Up-to-date: /home/user/exchange/workspace/install/pal_sea_arm_description/share/pal_sea_arm_description/meshes/arm_tiago_pro/short-wrist
[0.327s] -- Up-to-date: /home/user/exchange/workspace/install/pal_sea_arm_description/share/pal_sea_arm_description/meshes/arm_tiago_pro/short-wrist/arm_5_link_collision.stl
[0.327s] -- Up-to-date: /home/user/exchange/workspace/install/pal_sea_arm_description/share/pal_sea_arm_description/meshes/arm_tiago_pro/short-wrist/arm_5_link.stl
[0.327s] -- Up-to-date: /home/user/exchange/workspace/install/pal_sea_arm_description/share/pal_sea_arm_description/meshes/arm_tiago_pro/arm_4_link.stl
[0.327s] -- Up-to-date: /home/user/exchange/workspace/install/pal_sea_arm_description/share/pal_sea_arm_description/meshes/arm_tiago_pro/spherical-wrist
[0.327s] -- Up-to-date: /home/user/exchange/workspace/install/pal_sea_arm_description/share/pal_sea_arm_description/meshes/arm_tiago_pro/spherical-wrist/arm_5_link_collision.stl
[0.327s] -- Up-to-date: /home/user/exchange/workspace/install/pal_sea_arm_description/share/pal_sea_arm_description/meshes/arm_tiago_pro/spherical-wrist/arm_7_link.stl
[0.327s] -- Up-to-date: /home/user/exchange/workspace/install/pal_sea_arm_description/share/pal_sea_arm_description/meshes/arm_tiago_pro/spherical-wrist/arm_6_link_collision.stl
[0.327s] -- Up-to-date: /home/user/exchange/workspace/install/pal_sea_arm_description/share/pal_sea_arm_description/meshes/arm_tiago_pro/spherical-wrist/arm_7_link_collision.stl
[0.328s] -- Up-to-date: /home/user/exchange/workspace/install/pal_sea_arm_description/share/pal_sea_arm_description/meshes/arm_tiago_pro/spherical-wrist/arm_5_link.stl
[0.328s] -- Up-to-date: /home/user/exchange/workspace/install/pal_sea_arm_description/share/pal_sea_arm_description/meshes/arm_tiago_pro/spherical-wrist/arm_6_link.stl
[0.328s] -- Up-to-date: /home/user/exchange/workspace/install/pal_sea_arm_description/share/pal_sea_arm_description/meshes/arm_tiago_pro/arm_1_link_collision.stl
[0.328s] -- Up-to-date: /home/user/exchange/workspace/install/pal_sea_arm_description/share/pal_sea_arm_description/meshes/arm_tiago_pro/tool_changer_link_collision.stl
[0.328s] -- Up-to-date: /home/user/exchange/workspace/install/pal_sea_arm_description/share/pal_sea_arm_description/meshes/arm_tiago_pro/arm_1_link.stl
[0.328s] -- Up-to-date: /home/user/exchange/workspace/install/pal_sea_arm_description/share/pal_sea_arm_description/meshes/arm_tiago_pro/allegro_coupler_link.STL
[0.328s] -- Up-to-date: /home/user/exchange/workspace/install/pal_sea_arm_description/share/pal_sea_arm_description/robots
[0.328s] -- Up-to-date: /home/user/exchange/workspace/install/pal_sea_arm_description/share/pal_sea_arm_description/robots/pal_sea_arm.urdf.xacro
[0.328s] -- Up-to-date: /home/user/exchange/workspace/install/pal_sea_arm_description/share/pal_sea_arm_description/ros2_control
[0.328s] -- Up-to-date: /home/user/exchange/workspace/install/pal_sea_arm_description/share/pal_sea_arm_description/ros2_control/ros2_control.urdf.xacro
[0.328s] -- Up-to-date: /home/user/exchange/workspace/install/pal_sea_arm_description/share/pal_sea_arm_description/ros2_control/transmissions.urdf.xacro
[0.328s] -- Up-to-date: /home/user/exchange/workspace/install/pal_sea_arm_description/share/pal_sea_arm_description/ros2_control/gazebo_controller_manager_cfg.yaml
[0.328s] -- Up-to-date: /home/user/exchange/workspace/install/pal_sea_arm_description/share/pal_sea_arm_description/mujoco
[0.328s] -- Up-to-date: /home/user/exchange/workspace/install/pal_sea_arm_description/share/pal_sea_arm_description/mujoco/mj_tags.xacro
[0.328s] -- Up-to-date: /home/user/exchange/workspace/install/pal_sea_arm_description/share/pal_sea_arm_description/urdf
[0.328s] -- Up-to-date: /home/user/exchange/workspace/install/pal_sea_arm_description/share/pal_sea_arm_description/urdf/end_effector_camera
[0.329s] -- Up-to-date: /home/user/exchange/workspace/install/pal_sea_arm_description/share/pal_sea_arm_description/urdf/end_effector_camera/end_effector_camera.urdf.xacro
[0.329s] -- Up-to-date: /home/user/exchange/workspace/install/pal_sea_arm_description/share/pal_sea_arm_description/urdf/calibration_constants.urdf.xacro
[0.329s] -- Up-to-date: /home/user/exchange/workspace/install/pal_sea_arm_description/share/pal_sea_arm_description/urdf/end_effector
[0.329s] -- Up-to-date: /home/user/exchange/workspace/install/pal_sea_arm_description/share/pal_sea_arm_description/urdf/end_effector/end_effector.urdf.xacro
[0.329s] -- Up-to-date: /home/user/exchange/workspace/install/pal_sea_arm_description/share/pal_sea_arm_description/urdf/end_effector/humanoid
[0.330s] -- Up-to-date: /home/user/exchange/workspace/install/pal_sea_arm_description/share/pal_sea_arm_description/urdf/end_effector/humanoid/pal_pro_gripper.urdf.xacro
[0.330s] -- Up-to-date: /home/user/exchange/workspace/install/pal_sea_arm_description/share/pal_sea_arm_description/urdf/end_effector/humanoid/ros2_control.urdf.xacro
[0.330s] -- Up-to-date: /home/user/exchange/workspace/install/pal_sea_arm_description/share/pal_sea_arm_description/urdf/end_effector/humanoid/rh8d_hand.urdf.xacro
[0.330s] -- Up-to-date: /home/user/exchange/workspace/install/pal_sea_arm_description/share/pal_sea_arm_description/urdf/end_effector/grasping_frames.xacro
[0.330s] -- Up-to-date: /home/user/exchange/workspace/install/pal_sea_arm_description/share/pal_sea_arm_description/urdf/arm
[0.330s] -- Up-to-date: /home/user/exchange/workspace/install/pal_sea_arm_description/share/pal_sea_arm_description/urdf/arm/arm.urdf.xacro
[0.330s] -- Up-to-date: /home/user/exchange/workspace/install/pal_sea_arm_description/share/pal_sea_arm_description/urdf/arm/arm.ros2_control.xacro
[0.330s] -- Up-to-date: /home/user/exchange/workspace/install/pal_sea_arm_description/share/pal_sea_arm_description/urdf/arm/arm_properties
[0.330s] -- Up-to-date: /home/user/exchange/workspace/install/pal_sea_arm_description/share/pal_sea_arm_description/urdf/arm/arm_properties/tiago-sea-dual
[0.330s] -- Up-to-date: /home/user/exchange/workspace/install/pal_sea_arm_description/share/pal_sea_arm_description/urdf/arm/arm_properties/tiago-sea-dual/arm.properties.xacro
[0.330s] -- Up-to-date: /home/user/exchange/workspace/install/pal_sea_arm_description/share/pal_sea_arm_description/urdf/arm/arm_properties/tiago-sea-dual/straight-wrist.properties.xacro
[0.330s] -- Up-to-date: /home/user/exchange/workspace/install/pal_sea_arm_description/share/pal_sea_arm_description/urdf/arm/arm_properties/pal-sea-arm-standalone
[0.330s] -- Up-to-date: /home/user/exchange/workspace/install/pal_sea_arm_description/share/pal_sea_arm_description/urdf/arm/arm_properties/pal-sea-arm-standalone/arm.properties.xacro
[0.330s] -- Up-to-date: /home/user/exchange/workspace/install/pal_sea_arm_description/share/pal_sea_arm_description/urdf/arm/arm_properties/pal-sea-arm-standalone/straight-wrist.properties.xacro
[0.330s] -- Up-to-date: /home/user/exchange/workspace/install/pal_sea_arm_description/share/pal_sea_arm_description/urdf/arm/arm_properties/pal-sea-arm-standalone/spherical-wrist.properties.xacro
[0.330s] -- Up-to-date: /home/user/exchange/workspace/install/pal_sea_arm_description/share/pal_sea_arm_description/urdf/arm/arm_properties/pal-sea-arm-standalone/short-wrist.properties.xacro
[0.331s] -- Up-to-date: /home/user/exchange/workspace/install/pal_sea_arm_description/share/pal_sea_arm_description/urdf/arm/arm_properties/humanoid
[0.331s] -- Up-to-date: /home/user/exchange/workspace/install/pal_sea_arm_description/share/pal_sea_arm_description/urdf/arm/arm_properties/humanoid/arm.urdf.xacro
[0.331s] -- Up-to-date: /home/user/exchange/workspace/install/pal_sea_arm_description/share/pal_sea_arm_description/urdf/arm/arm_properties/humanoid/arm_cover.urdf.xacro
[0.332s] -- Up-to-date: /home/user/exchange/workspace/install/pal_sea_arm_description/share/pal_sea_arm_description/urdf/arm/arm_properties/humanoid/5dof_arm.urdf.xacro
[0.332s] -- Up-to-date: /home/user/exchange/workspace/install/pal_sea_arm_description/share/pal_sea_arm_description/urdf/arm/arm_properties/humanoid/ros2_control.urdf.xacro
[0.332s] -- Up-to-date: /home/user/exchange/workspace/install/pal_sea_arm_description/share/pal_sea_arm_description/urdf/arm/arm_properties/humanoid/7dof_arm.urdf.xacro
[0.332s] -- Up-to-date: /home/user/exchange/workspace/install/pal_sea_arm_description/share/pal_sea_arm_description/urdf/arm/arm_properties/humanoid/4dof_arm.urdf.xacro
[0.332s] -- Up-to-date: /home/user/exchange/workspace/install/pal_sea_arm_description/share/pal_sea_arm_description/urdf/arm/arm_properties/tiago-pro
[0.332s] -- Up-to-date: /home/user/exchange/workspace/install/pal_sea_arm_description/share/pal_sea_arm_description/urdf/arm/arm_properties/tiago-pro/arm.properties.xacro
[0.332s] -- Up-to-date: /home/user/exchange/workspace/install/pal_sea_arm_description/share/pal_sea_arm_description/urdf/arm/arm_properties/tiago-pro/straight-wrist.properties.xacro
[0.332s] -- Up-to-date: /home/user/exchange/workspace/install/pal_sea_arm_description/share/pal_sea_arm_description/urdf/arm/arm_properties/tiago-pro/spherical-wrist.properties.xacro
[0.333s] -- Up-to-date: /home/user/exchange/workspace/install/pal_sea_arm_description/share/pal_sea_arm_description/urdf/arm/arm_properties/tiago-pro/short-wrist.properties.xacro
[0.333s] -- Up-to-date: /home/user/exchange/workspace/install/pal_sea_arm_description/share/pal_sea_arm_description/urdf/arm/arm_properties/tiago-sea
[0.333s] -- Up-to-date: /home/user/exchange/workspace/install/pal_sea_arm_description/share/pal_sea_arm_description/urdf/arm/arm_properties/tiago-sea/arm.properties.xacro
[0.333s] -- Up-to-date: /home/user/exchange/workspace/install/pal_sea_arm_description/share/pal_sea_arm_description/urdf/arm/arm_properties/tiago-sea/straight-wrist.properties.xacro
[0.333s] -- Up-to-date: /home/user/exchange/workspace/install/pal_sea_arm_description/share/pal_sea_arm_description/urdf/arm/arm_limits
[0.333s] -- Up-to-date: /home/user/exchange/workspace/install/pal_sea_arm_description/share/pal_sea_arm_description/urdf/arm/arm_limits/tiago-sea-dual
[0.333s] -- Up-to-date: /home/user/exchange/workspace/install/pal_sea_arm_description/share/pal_sea_arm_description/urdf/arm/arm_limits/tiago-sea-dual/arm.limits.xacro
[0.334s] -- Up-to-date: /home/user/exchange/workspace/install/pal_sea_arm_description/share/pal_sea_arm_description/urdf/arm/arm_limits/tiago-sea-dual/straight-wrist.limits.xacro
[0.334s] -- Up-to-date: /home/user/exchange/workspace/install/pal_sea_arm_description/share/pal_sea_arm_description/urdf/arm/arm_limits/pal-sea-arm-standalone
[0.334s] -- Up-to-date: /home/user/exchange/workspace/install/pal_sea_arm_description/share/pal_sea_arm_description/urdf/arm/arm_limits/pal-sea-arm-standalone/short-wrist.limits.xacro
[0.334s] -- Up-to-date: /home/user/exchange/workspace/install/pal_sea_arm_description/share/pal_sea_arm_description/urdf/arm/arm_limits/pal-sea-arm-standalone/spherical-wrist.limits.xacro
[0.334s] -- Up-to-date: /home/user/exchange/workspace/install/pal_sea_arm_description/share/pal_sea_arm_description/urdf/arm/arm_limits/pal-sea-arm-standalone/arm.limits.xacro
[0.334s] -- Up-to-date: /home/user/exchange/workspace/install/pal_sea_arm_description/share/pal_sea_arm_description/urdf/arm/arm_limits/pal-sea-arm-standalone/straight-wrist.limits.xacro
[0.334s] -- Up-to-date: /home/user/exchange/workspace/install/pal_sea_arm_description/share/pal_sea_arm_description/urdf/arm/arm_limits/tiago-pro
[0.334s] -- Up-to-date: /home/user/exchange/workspace/install/pal_sea_arm_description/share/pal_sea_arm_description/urdf/arm/arm_limits/tiago-pro/short-wrist.limits.xacro
[0.334s] -- Up-to-date: /home/user/exchange/workspace/install/pal_sea_arm_description/share/pal_sea_arm_description/urdf/arm/arm_limits/tiago-pro/spherical-wrist.limits.xacro
[0.334s] -- Up-to-date: /home/user/exchange/workspace/install/pal_sea_arm_description/share/pal_sea_arm_description/urdf/arm/arm_limits/tiago-pro/arm.limits.xacro
[0.335s] -- Up-to-date: /home/user/exchange/workspace/install/pal_sea_arm_description/share/pal_sea_arm_description/urdf/arm/arm_limits/tiago-pro/straight-wrist.limits.xacro
[0.335s] -- Up-to-date: /home/user/exchange/workspace/install/pal_sea_arm_description/share/pal_sea_arm_description/urdf/arm/arm_limits/tiago-sea
[0.335s] -- Up-to-date: /home/user/exchange/workspace/install/pal_sea_arm_description/share/pal_sea_arm_description/urdf/arm/arm_limits/tiago-sea/arm.limits.xacro
[0.335s] -- Up-to-date: /home/user/exchange/workspace/install/pal_sea_arm_description/share/pal_sea_arm_description/urdf/arm/arm_limits/tiago-sea/straight-wrist.limits.xacro
[0.335s] -- Up-to-date: /home/user/exchange/workspace/install/pal_sea_arm_description/share/ament_index/resource_index/package_run_dependencies/pal_sea_arm_description
[0.335s] -- Up-to-date: /home/user/exchange/workspace/install/pal_sea_arm_description/share/ament_index/resource_index/parent_prefix_path/pal_sea_arm_description
[0.335s] -- Up-to-date: /home/user/exchange/workspace/install/pal_sea_arm_description/share/pal_sea_arm_description/environment/ament_prefix_path.sh
[0.336s] -- Up-to-date: /home/user/exchange/workspace/install/pal_sea_arm_description/share/pal_sea_arm_description/environment/ament_prefix_path.dsv
[0.337s] -- Up-to-date: /home/user/exchange/workspace/install/pal_sea_arm_description/share/pal_sea_arm_description/environment/path.sh
[0.337s] -- Up-to-date: /home/user/exchange/workspace/install/pal_sea_arm_description/share/pal_sea_arm_description/environment/path.dsv
[0.337s] -- Up-to-date: /home/user/exchange/workspace/install/pal_sea_arm_description/share/pal_sea_arm_description/local_setup.bash
[0.337s] -- Up-to-date: /home/user/exchange/workspace/install/pal_sea_arm_description/share/pal_sea_arm_description/local_setup.sh
[0.337s] -- Up-to-date: /home/user/exchange/workspace/install/pal_sea_arm_description/share/pal_sea_arm_description/local_setup.zsh
[0.337s] -- Up-to-date: /home/user/exchange/workspace/install/pal_sea_arm_description/share/pal_sea_arm_description/local_setup.dsv
[0.337s] -- Installing: /home/user/exchange/workspace/install/pal_sea_arm_description/share/pal_sea_arm_description/package.dsv
[0.337s] -- Up-to-date: /home/user/exchange/workspace/install/pal_sea_arm_description/share/ament_index/resource_index/packages/pal_sea_arm_description
[0.337s] -- Up-to-date: /home/user/exchange/workspace/install/pal_sea_arm_description/share/pal_sea_arm_description/cmake/pal_sea_arm_descriptionConfig.cmake
[0.337s] -- Up-to-date: /home/user/exchange/workspace/install/pal_sea_arm_description/share/pal_sea_arm_description/cmake/pal_sea_arm_descriptionConfig-version.cmake
[0.337s] -- Up-to-date: /home/user/exchange/workspace/install/pal_sea_arm_description/share/pal_sea_arm_description/package.xml
[0.338s] Invoked command in '/home/user/exchange/workspace/build/pal_sea_arm_description' returned '0': AMENT_PREFIX_PATH=/home/user/exchange/workspace/install/pal_pro_gripper_wrapper:/home/user/exchange/workspace/install/tiago_manipulation_tasks:/home/user/exchange/workspace/install/pick_task:/home/user/exchange/workspace/install/tiago_pro_simulation:/home/user/exchange/workspace/install/tiago_pro_robot:/home/user/exchange/workspace/install/tiago_pro_navigation:/home/user/exchange/workspace/install/tiago_pro_gazebo:/home/user/exchange/workspace/install/tiago_pro_rgbd_sensors:/home/user/exchange/workspace/install/tiago_pro_mujoco:/home/user/exchange/workspace/install/tiago_pro_moveit_config:/home/user/exchange/workspace/install/tiago_pro_laser_sensors:/home/user/exchange/workspace/install/tiago_pro_description:/home/user/exchange/workspace/install/tiago_pro_bringup:/home/user/exchange/workspace/install/tiago_pro_controller_configuration:/home/user/exchange/workspace/install/tiago_pro_2dnav:/home/user/exchange/workspace/install/ros2_linkattacher:/home/user/exchange/workspace/install/pal_sea_arm_moveit_config:/home/user/exchange/workspace/install/pal_sea_arm:/home/user/exchange/workspace/install/pal_sea_arm_bringup:/home/user/exchange/workspace/install/pal_sea_arm_description:/home/user/exchange/workspace/install/pal_sea_arm_controller_configuration:/home/user/exchange/workspace/install/pal_pro_gripper_simulation:/home/user/exchange/workspace/install/pal_pro_gripper_bringup:/home/user/exchange/workspace/install/pal_pro_gripper:/home/user/exchange/workspace/install/pal_pro_gripper_controller_configuration:/home/user/exchange/workspace/install/pal_pro_gripper_description:/home/user/exchange/workspace/install/pal_gazebo_worlds:/home/user/exchange/workspace/install/linkattacher_msgs:/opt/ros/humble CMAKE_PREFIX_PATH=/home/user/exchange/workspace/install/pal_sea_arm_controller_configuration:/home/user/exchange/workspace/install/pal_pro_gripper_controller_configuration:/home/user/exchange/workspace/install/pal_pro_gripper_description:/home/user/exchange/workspace/install/tiago_manipulation_tasks:/home/user/exchange/workspace/install/tiago_pro_simulation:/home/user/exchange/workspace/install/tiago_pro_robot:/home/user/exchange/workspace/install/tiago_pro_navigation:/home/user/exchange/workspace/install/tiago_pro_gazebo:/home/user/exchange/workspace/install/tiago_pro_rgbd_sensors:/home/user/exchange/workspace/install/tiago_pro_mujoco:/home/user/exchange/workspace/install/tiago_pro_moveit_config:/home/user/exchange/workspace/install/tiago_pro_laser_sensors:/home/user/exchange/workspace/install/tiago_pro_description:/home/user/exchange/workspace/install/tiago_pro_bringup:/home/user/exchange/workspace/install/tiago_pro_controller_configuration:/home/user/exchange/workspace/install/tiago_pro_2dnav:/home/user/exchange/workspace/install/ros2_linkattacher:/home/user/exchange/workspace/install/pal_sea_arm_moveit_config:/home/user/exchange/workspace/install/pal_sea_arm:/home/user/exchange/workspace/install/pal_sea_arm_bringup:/home/user/exchange/workspace/install/pal_sea_arm_description:/home/user/exchange/workspace/install/pal_pro_gripper_simulation:/home/user/exchange/workspace/install/pal_pro_gripper_bringup:/home/user/exchange/workspace/install/pal_pro_gripper:/home/user/exchange/workspace/install/pal_gazebo_worlds:/home/user/exchange/workspace/install/linkattacher_msgs:/home/user/exchange/workspace/install/pick_task:/home/user/exchange/workspace/install/pal_pro_gripper_wrapper:/opt/ros/humble PYTHONPATH=/home/user/exchange/workspace/install/pal_pro_gripper_wrapper/lib/python3.10/site-packages:/home/user/exchange/workspace/install/pick_task/lib/python3.10/site-packages:/home/user/exchange/workspace/install/tiago_pro_description/local/lib/python3.10/dist-packages:/home/user/exchange/workspace/install/pal_sea_arm_description/local/lib/python3.10/dist-packages:/home/user/exchange/workspace/install/pal_pro_gripper_description/local/lib/python3.10/dist-packages:/home/user/exchange/workspace/install/linkattacher_msgs/local/lib/python3.10/dist-packages:/opt/ros/humble/lib/python3.10/site-packages:/opt/ros/humble/local/lib/python3.10/dist-packages /usr/bin/cmake --install /home/user/exchange/workspace/build/pal_sea_arm_description
