[35m[1mConsolidate compiler generated dependencies of target place_macro_task_node[0m
[35m[1mConsolidate compiler generated dependencies of target pick_macro_task_node[0m
[ 25%] [32mBuilding CXX object CMakeFiles/place_macro_task_node.dir/src/place_macro_task_node.cpp.o[0m
[ 75%] Built target pick_macro_task_node
[100%] [32m[1mLinking CXX executable place_macro_task_node[0m
[100%] Built target place_macro_task_node
-- Install configuration: ""
-- Installing: /home/user/exchange/workspace/install/tiago_manipulation_tasks/lib/tiago_manipulation_tasks/pick_macro_task_node
-- Set runtime path of "/home/user/exchange/workspace/install/tiago_manipulation_tasks/lib/tiago_manipulation_tasks/pick_macro_task_node" to ""
-- Installing: /home/user/exchange/workspace/install/tiago_manipulation_tasks/lib/tiago_manipulation_tasks/place_macro_task_node
-- Set runtime path of "/home/user/exchange/workspace/install/tiago_manipulation_tasks/lib/tiago_manipulation_tasks/place_macro_task_node" to ""
-- Installing: /home/user/exchange/workspace/install/tiago_manipulation_tasks/share/ament_index/resource_index/package_run_dependencies/tiago_manipulation_tasks
-- Installing: /home/user/exchange/workspace/install/tiago_manipulation_tasks/share/ament_index/resource_index/parent_prefix_path/tiago_manipulation_tasks
-- Installing: /home/user/exchange/workspace/install/tiago_manipulation_tasks/share/tiago_manipulation_tasks/environment/ament_prefix_path.sh
-- Installing: /home/user/exchange/workspace/install/tiago_manipulation_tasks/share/tiago_manipulation_tasks/environment/ament_prefix_path.dsv
-- Installing: /home/user/exchange/workspace/install/tiago_manipulation_tasks/share/tiago_manipulation_tasks/environment/path.sh
-- Installing: /home/user/exchange/workspace/install/tiago_manipulation_tasks/share/tiago_manipulation_tasks/environment/path.dsv
-- Installing: /home/user/exchange/workspace/install/tiago_manipulation_tasks/share/tiago_manipulation_tasks/local_setup.bash
-- Installing: /home/user/exchange/workspace/install/tiago_manipulation_tasks/share/tiago_manipulation_tasks/local_setup.sh
-- Installing: /home/user/exchange/workspace/install/tiago_manipulation_tasks/share/tiago_manipulation_tasks/local_setup.zsh
-- Installing: /home/user/exchange/workspace/install/tiago_manipulation_tasks/share/tiago_manipulation_tasks/local_setup.dsv
-- Installing: /home/user/exchange/workspace/install/tiago_manipulation_tasks/share/tiago_manipulation_tasks/package.dsv
-- Installing: /home/user/exchange/workspace/install/tiago_manipulation_tasks/share/ament_index/resource_index/packages/tiago_manipulation_tasks
-- Installing: /home/user/exchange/workspace/install/tiago_manipulation_tasks/share/tiago_manipulation_tasks/cmake/tiago_manipulation_tasksConfig.cmake
-- Installing: /home/user/exchange/workspace/install/tiago_manipulation_tasks/share/tiago_manipulation_tasks/cmake/tiago_manipulation_tasksConfig-version.cmake
-- Installing: /home/user/exchange/workspace/install/tiago_manipulation_tasks/share/tiago_manipulation_tasks/package.xml
