[0.010s] Invoking command in '/home/user/exchange/workspace/build/pal_sea_arm_bringup': AMENT_PREFIX_PATH=/home/user/exchange/workspace/install/pal_sea_arm_description:/home/user/exchange/workspace/install/pal_sea_arm_controller_configuration:/home/user/exchange/workspace/install/pal_pro_gripper_controller_configuration:/home/user/exchange/workspace/install/pal_pro_gripper_wrapper:/home/user/exchange/workspace/install/pal_pro_gripper_description:${AMENT_PREFIX_PATH} CMAKE_PREFIX_PATH=/home/user/exchange/workspace/install/pal_sea_arm_description:/home/user/exchange/workspace/install/pal_sea_arm_controller_configuration:/home/user/exchange/workspace/install/pal_pro_gripper_controller_configuration:/home/user/exchange/workspace/install/pal_pro_gripper_description:/opt/ros/humble PYTHONPATH=/home/user/exchange/workspace/install/pal_sea_arm_description/local/lib/python3.10/dist-packages:/home/user/exchange/workspace/install/pal_pro_gripper_wrapper/lib/python3.10/site-packages:/home/user/exchange/workspace/install/pal_pro_gripper_description/local/lib/python3.10/dist-packages:${PYTHONPATH} /usr/bin/cmake --build /home/user/exchange/workspace/build/pal_sea_arm_bringup -- -j12 -l12
[0.039s] Invoked command in '/home/user/exchange/workspace/build/pal_sea_arm_bringup' returned '0': AMENT_PREFIX_PATH=/home/user/exchange/workspace/install/pal_sea_arm_description:/home/user/exchange/workspace/install/pal_sea_arm_controller_configuration:/home/user/exchange/workspace/install/pal_pro_gripper_controller_configuration:/home/user/exchange/workspace/install/pal_pro_gripper_wrapper:/home/user/exchange/workspace/install/pal_pro_gripper_description:${AMENT_PREFIX_PATH} CMAKE_PREFIX_PATH=/home/user/exchange/workspace/install/pal_sea_arm_description:/home/user/exchange/workspace/install/pal_sea_arm_controller_configuration:/home/user/exchange/workspace/install/pal_pro_gripper_controller_configuration:/home/user/exchange/workspace/install/pal_pro_gripper_description:/opt/ros/humble PYTHONPATH=/home/user/exchange/workspace/install/pal_sea_arm_description/local/lib/python3.10/dist-packages:/home/user/exchange/workspace/install/pal_pro_gripper_wrapper/lib/python3.10/site-packages:/home/user/exchange/workspace/install/pal_pro_gripper_description/local/lib/python3.10/dist-packages:${PYTHONPATH} /usr/bin/cmake --build /home/user/exchange/workspace/build/pal_sea_arm_bringup -- -j12 -l12
[0.040s] Invoking command in '/home/user/exchange/workspace/build/pal_sea_arm_bringup': AMENT_PREFIX_PATH=/home/user/exchange/workspace/install/pal_sea_arm_description:/home/user/exchange/workspace/install/pal_sea_arm_controller_configuration:/home/user/exchange/workspace/install/pal_pro_gripper_controller_configuration:/home/user/exchange/workspace/install/pal_pro_gripper_wrapper:/home/user/exchange/workspace/install/pal_pro_gripper_description:${AMENT_PREFIX_PATH} CMAKE_PREFIX_PATH=/home/user/exchange/workspace/install/pal_sea_arm_description:/home/user/exchange/workspace/install/pal_sea_arm_controller_configuration:/home/user/exchange/workspace/install/pal_pro_gripper_controller_configuration:/home/user/exchange/workspace/install/pal_pro_gripper_description:/opt/ros/humble PYTHONPATH=/home/user/exchange/workspace/install/pal_sea_arm_description/local/lib/python3.10/dist-packages:/home/user/exchange/workspace/install/pal_pro_gripper_wrapper/lib/python3.10/site-packages:/home/user/exchange/workspace/install/pal_pro_gripper_description/local/lib/python3.10/dist-packages:${PYTHONPATH} /usr/bin/cmake --install /home/user/exchange/workspace/build/pal_sea_arm_bringup
[0.042s] -- Install configuration: ""
[0.043s] -- Up-to-date: /home/user/exchange/workspace/install/pal_sea_arm_bringup/lib/pal_sea_arm_bringup/regen_em_file.py
[0.043s] -- Up-to-date: /home/user/exchange/workspace/install/pal_sea_arm_bringup/lib/pal_sea_arm_bringup/calibrate_ft_sensor.sh
[0.043s] -- Up-to-date: /home/user/exchange/workspace/install/pal_sea_arm_bringup/share/pal_sea_arm_bringup/config
[0.043s] -- Up-to-date: /home/user/exchange/workspace/install/pal_sea_arm_bringup/share/pal_sea_arm_bringup/config/motion_planner
[0.043s] -- Up-to-date: /home/user/exchange/workspace/install/pal_sea_arm_bringup/share/pal_sea_arm_bringup/config/motion_planner/motion_planner.yaml
[0.043s] -- Up-to-date: /home/user/exchange/workspace/install/pal_sea_arm_bringup/share/pal_sea_arm_bringup/config/motions
[0.043s] -- Up-to-date: /home/user/exchange/workspace/install/pal_sea_arm_bringup/share/pal_sea_arm_bringup/config/motions/arm_standalone_motions.yaml
[0.043s] -- Up-to-date: /home/user/exchange/workspace/install/pal_sea_arm_bringup/share/pal_sea_arm_bringup/launch
[0.044s] -- Up-to-date: /home/user/exchange/workspace/install/pal_sea_arm_bringup/share/pal_sea_arm_bringup/launch/pal_sea_arm_bringup.launch.py
[0.044s] -- Up-to-date: /home/user/exchange/workspace/install/pal_sea_arm_bringup/share/pal_sea_arm_bringup/launch/arm_standalone_play_motion2.launch.py
[0.044s] -- Up-to-date: /home/user/exchange/workspace/install/pal_sea_arm_bringup/share/ament_index/resource_index/package_run_dependencies/pal_sea_arm_bringup
[0.044s] -- Up-to-date: /home/user/exchange/workspace/install/pal_sea_arm_bringup/share/ament_index/resource_index/parent_prefix_path/pal_sea_arm_bringup
[0.044s] -- Up-to-date: /home/user/exchange/workspace/install/pal_sea_arm_bringup/share/pal_sea_arm_bringup/environment/ament_prefix_path.sh
[0.044s] -- Up-to-date: /home/user/exchange/workspace/install/pal_sea_arm_bringup/share/pal_sea_arm_bringup/environment/ament_prefix_path.dsv
[0.044s] -- Up-to-date: /home/user/exchange/workspace/install/pal_sea_arm_bringup/share/pal_sea_arm_bringup/environment/path.sh
[0.044s] -- Up-to-date: /home/user/exchange/workspace/install/pal_sea_arm_bringup/share/pal_sea_arm_bringup/environment/path.dsv
[0.044s] -- Up-to-date: /home/user/exchange/workspace/install/pal_sea_arm_bringup/share/pal_sea_arm_bringup/local_setup.bash
[0.045s] -- Up-to-date: /home/user/exchange/workspace/install/pal_sea_arm_bringup/share/pal_sea_arm_bringup/local_setup.sh
[0.045s] -- Up-to-date: /home/user/exchange/workspace/install/pal_sea_arm_bringup/share/pal_sea_arm_bringup/local_setup.zsh
[0.045s] -- Up-to-date: /home/user/exchange/workspace/install/pal_sea_arm_bringup/share/pal_sea_arm_bringup/local_setup.dsv
[0.045s] -- Installing: /home/user/exchange/workspace/install/pal_sea_arm_bringup/share/pal_sea_arm_bringup/package.dsv
[0.045s] -- Up-to-date: /home/user/exchange/workspace/install/pal_sea_arm_bringup/share/ament_index/resource_index/packages/pal_sea_arm_bringup
[0.045s] -- Up-to-date: /home/user/exchange/workspace/install/pal_sea_arm_bringup/share/pal_sea_arm_bringup/cmake/pal_sea_arm_bringupConfig.cmake
[0.046s] -- Up-to-date: /home/user/exchange/workspace/install/pal_sea_arm_bringup/share/pal_sea_arm_bringup/cmake/pal_sea_arm_bringupConfig-version.cmake
[0.046s] -- Up-to-date: /home/user/exchange/workspace/install/pal_sea_arm_bringup/share/pal_sea_arm_bringup/package.xml
[0.050s] Invoked command in '/home/user/exchange/workspace/build/pal_sea_arm_bringup' returned '0': AMENT_PREFIX_PATH=/home/user/exchange/workspace/install/pal_sea_arm_description:/home/user/exchange/workspace/install/pal_sea_arm_controller_configuration:/home/user/exchange/workspace/install/pal_pro_gripper_controller_configuration:/home/user/exchange/workspace/install/pal_pro_gripper_wrapper:/home/user/exchange/workspace/install/pal_pro_gripper_description:${AMENT_PREFIX_PATH} CMAKE_PREFIX_PATH=/home/user/exchange/workspace/install/pal_sea_arm_description:/home/user/exchange/workspace/install/pal_sea_arm_controller_configuration:/home/user/exchange/workspace/install/pal_pro_gripper_controller_configuration:/home/user/exchange/workspace/install/pal_pro_gripper_description:/opt/ros/humble PYTHONPATH=/home/user/exchange/workspace/install/pal_sea_arm_description/local/lib/python3.10/dist-packages:/home/user/exchange/workspace/install/pal_pro_gripper_wrapper/lib/python3.10/site-packages:/home/user/exchange/workspace/install/pal_pro_gripper_description/local/lib/python3.10/dist-packages:${PYTHONPATH} /usr/bin/cmake --install /home/user/exchange/workspace/build/pal_sea_arm_bringup
