[0.018s] Invoking command in '/home/user/exchange/workspace/build/pal_sea_arm_controller_configuration': AMENT_PREFIX_PATH=/home/user/exchange/workspace/install/pal_pro_gripper_controller_configuration:/home/user/exchange/workspace/install/pal_pro_gripper_wrapper:${AMENT_PREFIX_PATH} CMAKE_PREFIX_PATH=/home/user/exchange/workspace/install/pal_pro_gripper_controller_configuration:/opt/ros/humble PYTHONPATH=/home/user/exchange/workspace/install/pal_pro_gripper_wrapper/lib/python3.10/site-packages:${PYTHONPATH} /usr/bin/cmake /home/user/exchange/workspace/src/pal_sea_arm/pal_sea_arm_controller_configuration -DCMAKE_INSTALL_PREFIX=/home/user/exchange/workspace/install/pal_sea_arm_controller_configuration
[0.063s] -- The C compiler identification is GNU 11.4.0
[0.102s] -- The CXX compiler identification is GNU 11.4.0
[0.106s] -- Detecting C compiler ABI info
[0.146s] -- Detecting C compiler ABI info - done
[0.151s] -- Check for working C compiler: /usr/bin/cc - skipped
[0.151s] -- Detecting C compile features
[0.152s] -- Detecting C compile features - done
[0.154s] -- Detecting CXX compiler ABI info
[0.200s] -- Detecting CXX compiler ABI info - done
[0.205s] -- Check for working CXX compiler: /usr/bin/c++ - skipped
[0.205s] -- Detecting CXX compile features
[0.206s] -- Detecting CXX compile features - done
[0.207s] -- Found ament_cmake_auto: 1.3.13 (/opt/ros/humble/share/ament_cmake_auto/cmake)
[0.296s] -- Found Python3: /usr/bin/python3 (found version "3.10.12") found components: Interpreter 
[0.424s] -- Found ament_lint_auto: 0.12.15 (/opt/ros/humble/share/ament_lint_auto/cmake)
[0.442s] -- Added test 'copyright' to check source files copyright and LICENSE
[0.444s] -- Added test 'flake8' to check Python code syntax and style conventions
[0.444s] -- Added test 'lint_cmake' to check CMake code style
[0.444s] -- Added test 'pep257' to check Python code against some of the docstring style conventions in PEP 257
[0.446s] -- Added test 'xmllint' to check XML markup files
[0.447s] -- Configuring done
[0.448s] -- Generating done
[0.449s] -- Build files have been written to: /home/user/exchange/workspace/build/pal_sea_arm_controller_configuration
[0.452s] Invoked command in '/home/user/exchange/workspace/build/pal_sea_arm_controller_configuration' returned '0': AMENT_PREFIX_PATH=/home/user/exchange/workspace/install/pal_pro_gripper_controller_configuration:/home/user/exchange/workspace/install/pal_pro_gripper_wrapper:${AMENT_PREFIX_PATH} CMAKE_PREFIX_PATH=/home/user/exchange/workspace/install/pal_pro_gripper_controller_configuration:/opt/ros/humble PYTHONPATH=/home/user/exchange/workspace/install/pal_pro_gripper_wrapper/lib/python3.10/site-packages:${PYTHONPATH} /usr/bin/cmake /home/user/exchange/workspace/src/pal_sea_arm/pal_sea_arm_controller_configuration -DCMAKE_INSTALL_PREFIX=/home/user/exchange/workspace/install/pal_sea_arm_controller_configuration
[0.453s] Invoking command in '/home/user/exchange/workspace/build/pal_sea_arm_controller_configuration': AMENT_PREFIX_PATH=/home/user/exchange/workspace/install/pal_pro_gripper_controller_configuration:/home/user/exchange/workspace/install/pal_pro_gripper_wrapper:${AMENT_PREFIX_PATH} CMAKE_PREFIX_PATH=/home/user/exchange/workspace/install/pal_pro_gripper_controller_configuration:/opt/ros/humble PYTHONPATH=/home/user/exchange/workspace/install/pal_pro_gripper_wrapper/lib/python3.10/site-packages:${PYTHONPATH} /usr/bin/cmake --build /home/user/exchange/workspace/build/pal_sea_arm_controller_configuration -- -j12 -l12
[0.488s] Invoked command in '/home/user/exchange/workspace/build/pal_sea_arm_controller_configuration' returned '0': AMENT_PREFIX_PATH=/home/user/exchange/workspace/install/pal_pro_gripper_controller_configuration:/home/user/exchange/workspace/install/pal_pro_gripper_wrapper:${AMENT_PREFIX_PATH} CMAKE_PREFIX_PATH=/home/user/exchange/workspace/install/pal_pro_gripper_controller_configuration:/opt/ros/humble PYTHONPATH=/home/user/exchange/workspace/install/pal_pro_gripper_wrapper/lib/python3.10/site-packages:${PYTHONPATH} /usr/bin/cmake --build /home/user/exchange/workspace/build/pal_sea_arm_controller_configuration -- -j12 -l12
[0.488s] Invoking command in '/home/user/exchange/workspace/build/pal_sea_arm_controller_configuration': AMENT_PREFIX_PATH=/home/user/exchange/workspace/install/pal_pro_gripper_controller_configuration:/home/user/exchange/workspace/install/pal_pro_gripper_wrapper:${AMENT_PREFIX_PATH} CMAKE_PREFIX_PATH=/home/user/exchange/workspace/install/pal_pro_gripper_controller_configuration:/opt/ros/humble PYTHONPATH=/home/user/exchange/workspace/install/pal_pro_gripper_wrapper/lib/python3.10/site-packages:${PYTHONPATH} /usr/bin/cmake --install /home/user/exchange/workspace/build/pal_sea_arm_controller_configuration
[0.493s] -- Install configuration: ""
[0.493s] -- Installing: /home/user/exchange/workspace/install/pal_sea_arm_controller_configuration/share/pal_sea_arm_controller_configuration/config
[0.493s] -- Installing: /home/user/exchange/workspace/install/pal_sea_arm_controller_configuration/share/pal_sea_arm_controller_configuration/config/sea_state_broadcaster.yaml
[0.493s] -- Installing: /home/user/exchange/workspace/install/pal_sea_arm_controller_configuration/share/pal_sea_arm_controller_configuration/config/inertia_shaping_controller
[0.493s] -- Installing: /home/user/exchange/workspace/install/pal_sea_arm_controller_configuration/share/pal_sea_arm_controller_configuration/config/inertia_shaping_controller/S_plus_params.yaml
[0.493s] -- Installing: /home/user/exchange/workspace/install/pal_sea_arm_controller_configuration/share/pal_sea_arm_controller_configuration/config/inertia_shaping_controller/XS_analytic_params.yaml
[0.493s] -- Installing: /home/user/exchange/workspace/install/pal_sea_arm_controller_configuration/share/pal_sea_arm_controller_configuration/config/inertia_shaping_controller/S_minus_analytic_params.yaml
[0.493s] -- Installing: /home/user/exchange/workspace/install/pal_sea_arm_controller_configuration/share/pal_sea_arm_controller_configuration/config/inertia_shaping_controller/XS_params.yaml
[0.493s] -- Installing: /home/user/exchange/workspace/install/pal_sea_arm_controller_configuration/share/pal_sea_arm_controller_configuration/config/inertia_shaping_controller/S_plus_analytic_params.yaml
[0.493s] -- Installing: /home/user/exchange/workspace/install/pal_sea_arm_controller_configuration/share/pal_sea_arm_controller_configuration/config/inertia_shaping_controller/S_minus_params.yaml
[0.493s] -- Installing: /home/user/exchange/workspace/install/pal_sea_arm_controller_configuration/share/pal_sea_arm_controller_configuration/config/ati_controller.yaml
[0.493s] -- Installing: /home/user/exchange/workspace/install/pal_sea_arm_controller_configuration/share/pal_sea_arm_controller_configuration/config/arm_controller.yaml
[0.493s] -- Installing: /home/user/exchange/workspace/install/pal_sea_arm_controller_configuration/share/pal_sea_arm_controller_configuration/config/arm_gravity_compensation_controller_effort_short_wrist.yaml
[0.494s] -- Installing: /home/user/exchange/workspace/install/pal_sea_arm_controller_configuration/share/pal_sea_arm_controller_configuration/config/rokubi_controller.yaml
[0.494s] -- Installing: /home/user/exchange/workspace/install/pal_sea_arm_controller_configuration/share/pal_sea_arm_controller_configuration/config/ft_broadcaster.yaml
[0.494s] -- Installing: /home/user/exchange/workspace/install/pal_sea_arm_controller_configuration/share/pal_sea_arm_controller_configuration/config/arm_controller_short_wrist.yaml
[0.494s] -- Installing: /home/user/exchange/workspace/install/pal_sea_arm_controller_configuration/share/pal_sea_arm_controller_configuration/config/joint_state_broadcaster.yaml
[0.494s] -- Installing: /home/user/exchange/workspace/install/pal_sea_arm_controller_configuration/share/pal_sea_arm_controller_configuration/config/joint_torque_state_broadcaster.yaml
[0.494s] -- Installing: /home/user/exchange/workspace/install/pal_sea_arm_controller_configuration/share/pal_sea_arm_controller_configuration/config/arm_gravity_compensation_controller_effort.yaml
[0.494s] -- Installing: /home/user/exchange/workspace/install/pal_sea_arm_controller_configuration/share/pal_sea_arm_controller_configuration/config/gazebo_controller_manager_cfg.yaml
[0.494s] -- Installing: /home/user/exchange/workspace/install/pal_sea_arm_controller_configuration/share/pal_sea_arm_controller_configuration/config/mujoco_controller_manager_cfg.yaml
[0.494s] -- Installing: /home/user/exchange/workspace/install/pal_sea_arm_controller_configuration/share/pal_sea_arm_controller_configuration/config/arm_gravity_compensation_controller_torque.yaml
[0.494s] -- Installing: /home/user/exchange/workspace/install/pal_sea_arm_controller_configuration/share/pal_sea_arm_controller_configuration/launch
[0.494s] -- Installing: /home/user/exchange/workspace/install/pal_sea_arm_controller_configuration/share/pal_sea_arm_controller_configuration/launch/ft_sensor_broadcaster.launch.py
[0.494s] -- Installing: /home/user/exchange/workspace/install/pal_sea_arm_controller_configuration/share/pal_sea_arm_controller_configuration/launch/default_controllers.launch.py
[0.494s] -- Installing: /home/user/exchange/workspace/install/pal_sea_arm_controller_configuration/share/pal_sea_arm_controller_configuration/launch/inertia_shaping_controllers.launch.py
[0.494s] -- Installing: /home/user/exchange/workspace/install/pal_sea_arm_controller_configuration/share/pal_sea_arm_controller_configuration/launch/sea_state_broadcaster_controller.launch.py
[0.494s] -- Installing: /home/user/exchange/workspace/install/pal_sea_arm_controller_configuration/share/pal_sea_arm_controller_configuration/launch/ft_sensor_controller.launch.py
[0.494s] -- Installing: /home/user/exchange/workspace/install/pal_sea_arm_controller_configuration/share/pal_sea_arm_controller_configuration/launch/gravity_compensation_controller.launch.py
[0.494s] -- Installing: /home/user/exchange/workspace/install/pal_sea_arm_controller_configuration/share/pal_sea_arm_controller_configuration/launch/arm_controller.launch.py
[0.494s] -- Installing: /home/user/exchange/workspace/install/pal_sea_arm_controller_configuration/share/ament_index/resource_index/package_run_dependencies/pal_sea_arm_controller_configuration
[0.494s] -- Installing: /home/user/exchange/workspace/install/pal_sea_arm_controller_configuration/share/ament_index/resource_index/parent_prefix_path/pal_sea_arm_controller_configuration
[0.494s] -- Installing: /home/user/exchange/workspace/install/pal_sea_arm_controller_configuration/share/pal_sea_arm_controller_configuration/environment/ament_prefix_path.sh
[0.494s] -- Installing: /home/user/exchange/workspace/install/pal_sea_arm_controller_configuration/share/pal_sea_arm_controller_configuration/environment/ament_prefix_path.dsv
[0.494s] -- Installing: /home/user/exchange/workspace/install/pal_sea_arm_controller_configuration/share/pal_sea_arm_controller_configuration/environment/path.sh
[0.494s] -- Installing: /home/user/exchange/workspace/install/pal_sea_arm_controller_configuration/share/pal_sea_arm_controller_configuration/environment/path.dsv
[0.494s] -- Installing: /home/user/exchange/workspace/install/pal_sea_arm_controller_configuration/share/pal_sea_arm_controller_configuration/local_setup.bash
[0.494s] -- Installing: /home/user/exchange/workspace/install/pal_sea_arm_controller_configuration/share/pal_sea_arm_controller_configuration/local_setup.sh
[0.494s] -- Installing: /home/user/exchange/workspace/install/pal_sea_arm_controller_configuration/share/pal_sea_arm_controller_configuration/local_setup.zsh
[0.495s] -- Installing: /home/user/exchange/workspace/install/pal_sea_arm_controller_configuration/share/pal_sea_arm_controller_configuration/local_setup.dsv
[0.495s] -- Installing: /home/user/exchange/workspace/install/pal_sea_arm_controller_configuration/share/pal_sea_arm_controller_configuration/package.dsv
[0.495s] -- Installing: /home/user/exchange/workspace/install/pal_sea_arm_controller_configuration/share/ament_index/resource_index/packages/pal_sea_arm_controller_configuration
[0.495s] -- Installing: /home/user/exchange/workspace/install/pal_sea_arm_controller_configuration/share/pal_sea_arm_controller_configuration/cmake/pal_sea_arm_controller_configurationConfig.cmake
[0.495s] -- Installing: /home/user/exchange/workspace/install/pal_sea_arm_controller_configuration/share/pal_sea_arm_controller_configuration/cmake/pal_sea_arm_controller_configurationConfig-version.cmake
[0.495s] -- Installing: /home/user/exchange/workspace/install/pal_sea_arm_controller_configuration/share/pal_sea_arm_controller_configuration/package.xml
[0.499s] Invoked command in '/home/user/exchange/workspace/build/pal_sea_arm_controller_configuration' returned '0': AMENT_PREFIX_PATH=/home/user/exchange/workspace/install/pal_pro_gripper_controller_configuration:/home/user/exchange/workspace/install/pal_pro_gripper_wrapper:${AMENT_PREFIX_PATH} CMAKE_PREFIX_PATH=/home/user/exchange/workspace/install/pal_pro_gripper_controller_configuration:/opt/ros/humble PYTHONPATH=/home/user/exchange/workspace/install/pal_pro_gripper_wrapper/lib/python3.10/site-packages:${PYTHONPATH} /usr/bin/cmake --install /home/user/exchange/workspace/build/pal_sea_arm_controller_configuration
