[0.145s] Invoking command in '/home/user/exchange/workspace/build/tiago_pro_2dnav': CMAKE_PREFIX_PATH=${CMAKE_PREFIX_PATH}:/home/user/exchange/workspace/install/pick_task:/home/user/exchange/workspace/install/pal_pro_gripper_wrapper:/opt/ros/humble /usr/bin/cmake --build /home/user/exchange/workspace/build/tiago_pro_2dnav -- -j12 -l12
[0.169s] Invoked command in '/home/user/exchange/workspace/build/tiago_pro_2dnav' returned '0': CMAKE_PREFIX_PATH=${CMAKE_PREFIX_PATH}:/home/user/exchange/workspace/install/pick_task:/home/user/exchange/workspace/install/pal_pro_gripper_wrapper:/opt/ros/humble /usr/bin/cmake --build /home/user/exchange/workspace/build/tiago_pro_2dnav -- -j12 -l12
[0.170s] Invoking command in '/home/user/exchange/workspace/build/tiago_pro_2dnav': CMAKE_PREFIX_PATH=${CMAKE_PREFIX_PATH}:/home/user/exchange/workspace/install/pick_task:/home/user/exchange/workspace/install/pal_pro_gripper_wrapper:/opt/ros/humble /usr/bin/cmake --install /home/user/exchange/workspace/build/tiago_pro_2dnav
[0.217s] -- Install configuration: ""
[0.220s] -- Up-to-date: /home/user/exchange/workspace/install/tiago_pro_2dnav/share/ament_index/resource_index/package_run_dependencies/tiago_pro_2dnav
[0.220s] -- Up-to-date: /home/user/exchange/workspace/install/tiago_pro_2dnav/share/ament_index/resource_index/parent_prefix_path/tiago_pro_2dnav
[0.224s] -- Up-to-date: /home/user/exchange/workspace/install/tiago_pro_2dnav/share/tiago_pro_2dnav/environment/ament_prefix_path.sh
[0.225s] -- Up-to-date: /home/user/exchange/workspace/install/tiago_pro_2dnav/share/tiago_pro_2dnav/environment/ament_prefix_path.dsv
[0.225s] -- Up-to-date: /home/user/exchange/workspace/install/tiago_pro_2dnav/share/tiago_pro_2dnav/environment/path.sh
[0.225s] -- Up-to-date: /home/user/exchange/workspace/install/tiago_pro_2dnav/share/tiago_pro_2dnav/environment/path.dsv
[0.225s] -- Up-to-date: /home/user/exchange/workspace/install/tiago_pro_2dnav/share/tiago_pro_2dnav/local_setup.bash
[0.225s] -- Up-to-date: /home/user/exchange/workspace/install/tiago_pro_2dnav/share/tiago_pro_2dnav/local_setup.sh
[0.225s] -- Up-to-date: /home/user/exchange/workspace/install/tiago_pro_2dnav/share/tiago_pro_2dnav/local_setup.zsh
[0.225s] -- Up-to-date: /home/user/exchange/workspace/install/tiago_pro_2dnav/share/tiago_pro_2dnav/local_setup.dsv
[0.225s] -- Installing: /home/user/exchange/workspace/install/tiago_pro_2dnav/share/tiago_pro_2dnav/package.dsv
[0.226s] -- Up-to-date: /home/user/exchange/workspace/install/tiago_pro_2dnav/share/ament_index/resource_index/packages/tiago_pro_2dnav
[0.226s] -- Up-to-date: /home/user/exchange/workspace/install/tiago_pro_2dnav/share/tiago_pro_2dnav/cmake/tiago_pro_2dnavConfig.cmake
[0.226s] -- Up-to-date: /home/user/exchange/workspace/install/tiago_pro_2dnav/share/tiago_pro_2dnav/cmake/tiago_pro_2dnavConfig-version.cmake
[0.226s] -- Up-to-date: /home/user/exchange/workspace/install/tiago_pro_2dnav/share/tiago_pro_2dnav/package.xml
[0.244s] Invoked command in '/home/user/exchange/workspace/build/tiago_pro_2dnav' returned '0': CMAKE_PREFIX_PATH=${CMAKE_PREFIX_PATH}:/home/user/exchange/workspace/install/pick_task:/home/user/exchange/workspace/install/pal_pro_gripper_wrapper:/opt/ros/humble /usr/bin/cmake --install /home/user/exchange/workspace/build/tiago_pro_2dnav
