running egg_info
writing ../../build/pick_task/pick_task.egg-info/PKG-INFO
writing dependency_links to ../../build/pick_task/pick_task.egg-info/dependency_links.txt
writing entry points to ../../build/pick_task/pick_task.egg-info/entry_points.txt
writing requirements to ../../build/pick_task/pick_task.egg-info/requires.txt
writing top-level names to ../../build/pick_task/pick_task.egg-info/top_level.txt
reading manifest file '../../build/pick_task/pick_task.egg-info/SOURCES.txt'
writing manifest file '../../build/pick_task/pick_task.egg-info/SOURCES.txt'
running build
running build_py
copying pick_task/main_task_node.py -> /home/user/exchange/workspace/build/pick_task/build/lib/pick_task
running install
running install_lib
copying /home/user/exchange/workspace/build/pick_task/build/lib/pick_task/main_task_node.py -> /home/user/exchange/workspace/install/pick_task/lib/python3.10/site-packages/pick_task
byte-compiling /home/user/exchange/workspace/install/pick_task/lib/python3.10/site-packages/pick_task/main_task_node.py to main_task_node.cpython-310.pyc
running install_data
running install_egg_info
removing '/home/user/exchange/workspace/install/pick_task/lib/python3.10/site-packages/pick_task-0.0.0-py3.10.egg-info' (and everything under it)
Copying ../../build/pick_task/pick_task.egg-info to /home/user/exchange/workspace/install/pick_task/lib/python3.10/site-packages/pick_task-0.0.0-py3.10.egg-info
running install_scripts
Installing gazebo_tf_bridge script to /home/user/exchange/workspace/install/pick_task/lib/pick_task
Installing main_task_node script to /home/user/exchange/workspace/install/pick_task/lib/pick_task
Installing scene_spawner script to /home/user/exchange/workspace/install/pick_task/lib/pick_task
writing list of installed files to '/home/user/exchange/workspace/build/pick_task/install.log'
