running egg_info
creating ../../build/pick_task/pick_task.egg-info
writing ../../build/pick_task/pick_task.egg-info/PKG-INFO
writing dependency_links to ../../build/pick_task/pick_task.egg-info/dependency_links.txt
writing entry points to ../../build/pick_task/pick_task.egg-info/entry_points.txt
writing requirements to ../../build/pick_task/pick_task.egg-info/requires.txt
writing top-level names to ../../build/pick_task/pick_task.egg-info/top_level.txt
writing manifest file '../../build/pick_task/pick_task.egg-info/SOURCES.txt'
reading manifest file '../../build/pick_task/pick_task.egg-info/SOURCES.txt'
writing manifest file '../../build/pick_task/pick_task.egg-info/SOURCES.txt'
running build
running build_py
creating /home/user/exchange/workspace/build/pick_task/build
creating /home/user/exchange/workspace/build/pick_task/build/lib
creating /home/user/exchange/workspace/build/pick_task/build/lib/pick_task
copying pick_task/__init__.py -> /home/user/exchange/workspace/build/pick_task/build/lib/pick_task
running install
running install_lib
creating /home/user/exchange/workspace/install/pick_task/lib/python3.10/site-packages/pick_task
copying /home/user/exchange/workspace/build/pick_task/build/lib/pick_task/__init__.py -> /home/user/exchange/workspace/install/pick_task/lib/python3.10/site-packages/pick_task
byte-compiling /home/user/exchange/workspace/install/pick_task/lib/python3.10/site-packages/pick_task/__init__.py to __init__.cpython-310.pyc
running install_data
creating /home/user/exchange/workspace/install/pick_task/share/ament_index
creating /home/user/exchange/workspace/install/pick_task/share/ament_index/resource_index
creating /home/user/exchange/workspace/install/pick_task/share/ament_index/resource_index/packages
copying resource/pick_task -> /home/user/exchange/workspace/install/pick_task/share/ament_index/resource_index/packages
copying package.xml -> /home/user/exchange/workspace/install/pick_task/share/pick_task
running install_egg_info
Copying ../../build/pick_task/pick_task.egg-info to /home/user/exchange/workspace/install/pick_task/lib/python3.10/site-packages/pick_task-0.0.0-py3.10.egg-info
running install_scripts
writing list of installed files to '/home/user/exchange/workspace/build/pick_task/install.log'
