[0.374s] Invoking command in '/home/user/exchange/workspace/src/pal_pro_gripper/pal_pro_gripper_wrapper': PYTHONPATH=/home/user/exchange/workspace/build/pal_pro_gripper_wrapper/prefix_override:/usr/lib/python3/dist-packages/colcon_core/task/python/colcon_distutils_commands:/home/user/exchange/workspace/install/pal_pro_gripper_wrapper/lib/python3.10/site-packages:${PYTHONPATH} /usr/bin/python3 -W ignore:setup.py install is deprecated -W ignore:easy_install command is deprecated setup.py egg_info --egg-base ../../../build/pal_pro_gripper_wrapper build --build-base /home/user/exchange/workspace/build/pal_pro_gripper_wrapper/build install --record /home/user/exchange/workspace/build/pal_pro_gripper_wrapper/install.log --single-version-externally-managed install_data
[0.511s] running egg_info
[0.512s] creating ../../../build/pal_pro_gripper_wrapper/pal_pro_gripper_wrapper.egg-info
[0.512s] writing ../../../build/pal_pro_gripper_wrapper/pal_pro_gripper_wrapper.egg-info/PKG-INFO
[0.512s] writing dependency_links to ../../../build/pal_pro_gripper_wrapper/pal_pro_gripper_wrapper.egg-info/dependency_links.txt
[0.512s] writing entry points to ../../../build/pal_pro_gripper_wrapper/pal_pro_gripper_wrapper.egg-info/entry_points.txt
[0.512s] writing requirements to ../../../build/pal_pro_gripper_wrapper/pal_pro_gripper_wrapper.egg-info/requires.txt
[0.512s] writing top-level names to ../../../build/pal_pro_gripper_wrapper/pal_pro_gripper_wrapper.egg-info/top_level.txt
[0.513s] writing manifest file '../../../build/pal_pro_gripper_wrapper/pal_pro_gripper_wrapper.egg-info/SOURCES.txt'
[0.513s] reading manifest file '../../../build/pal_pro_gripper_wrapper/pal_pro_gripper_wrapper.egg-info/SOURCES.txt'
[0.514s] writing manifest file '../../../build/pal_pro_gripper_wrapper/pal_pro_gripper_wrapper.egg-info/SOURCES.txt'
[0.514s] running build
[0.514s] running build_py
[0.514s] creating /home/user/exchange/workspace/build/pal_pro_gripper_wrapper/build
[0.514s] creating /home/user/exchange/workspace/build/pal_pro_gripper_wrapper/build/lib
[0.514s] creating /home/user/exchange/workspace/build/pal_pro_gripper_wrapper/build/lib/pal_pro_gripper_wrapper
[0.514s] copying pal_pro_gripper_wrapper/__init__.py -> /home/user/exchange/workspace/build/pal_pro_gripper_wrapper/build/lib/pal_pro_gripper_wrapper
[0.515s] copying pal_pro_gripper_wrapper/gripper_grasper_srv.py -> /home/user/exchange/workspace/build/pal_pro_gripper_wrapper/build/lib/pal_pro_gripper_wrapper
[0.515s] running install
[0.515s] running install_lib
[0.515s] creating /home/user/exchange/workspace/install/pal_pro_gripper_wrapper/lib/python3.10/site-packages/pal_pro_gripper_wrapper
[0.515s] copying /home/user/exchange/workspace/build/pal_pro_gripper_wrapper/build/lib/pal_pro_gripper_wrapper/__init__.py -> /home/user/exchange/workspace/install/pal_pro_gripper_wrapper/lib/python3.10/site-packages/pal_pro_gripper_wrapper
[0.515s] copying /home/user/exchange/workspace/build/pal_pro_gripper_wrapper/build/lib/pal_pro_gripper_wrapper/gripper_grasper_srv.py -> /home/user/exchange/workspace/install/pal_pro_gripper_wrapper/lib/python3.10/site-packages/pal_pro_gripper_wrapper
[0.516s] byte-compiling /home/user/exchange/workspace/install/pal_pro_gripper_wrapper/lib/python3.10/site-packages/pal_pro_gripper_wrapper/__init__.py to __init__.cpython-310.pyc
[0.516s] byte-compiling /home/user/exchange/workspace/install/pal_pro_gripper_wrapper/lib/python3.10/site-packages/pal_pro_gripper_wrapper/gripper_grasper_srv.py to gripper_grasper_srv.cpython-310.pyc
[0.517s] running install_data
[0.517s] creating /home/user/exchange/workspace/install/pal_pro_gripper_wrapper/share/ament_index
[0.517s] creating /home/user/exchange/workspace/install/pal_pro_gripper_wrapper/share/ament_index/resource_index
[0.517s] creating /home/user/exchange/workspace/install/pal_pro_gripper_wrapper/share/ament_index/resource_index/packages
[0.517s] copying resource/pal_pro_gripper_wrapper -> /home/user/exchange/workspace/install/pal_pro_gripper_wrapper/share/ament_index/resource_index/packages
[0.517s] copying package.xml -> /home/user/exchange/workspace/install/pal_pro_gripper_wrapper/share/pal_pro_gripper_wrapper
[0.517s] creating /home/user/exchange/workspace/install/pal_pro_gripper_wrapper/share/pal_pro_gripper_wrapper/config
[0.517s] copying config/gripper.yaml -> /home/user/exchange/workspace/install/pal_pro_gripper_wrapper/share/pal_pro_gripper_wrapper/config
[0.517s] creating /home/user/exchange/workspace/install/pal_pro_gripper_wrapper/share/pal_pro_gripper_wrapper/launch
[0.517s] copying launch/pal_pro_gripper_wrapper.launch.py -> /home/user/exchange/workspace/install/pal_pro_gripper_wrapper/share/pal_pro_gripper_wrapper/launch
[0.517s] running install_egg_info
[0.518s] Copying ../../../build/pal_pro_gripper_wrapper/pal_pro_gripper_wrapper.egg-info to /home/user/exchange/workspace/install/pal_pro_gripper_wrapper/lib/python3.10/site-packages/pal_pro_gripper_wrapper-1.12.5-py3.10.egg-info
[0.519s] running install_scripts
[0.532s] Installing gripper_grasper_srv script to /home/user/exchange/workspace/install/pal_pro_gripper_wrapper/lib/pal_pro_gripper_wrapper
[0.532s] writing list of installed files to '/home/user/exchange/workspace/build/pal_pro_gripper_wrapper/install.log'
[0.549s] Invoked command in '/home/user/exchange/workspace/src/pal_pro_gripper/pal_pro_gripper_wrapper' returned '0': PYTHONPATH=/home/user/exchange/workspace/build/pal_pro_gripper_wrapper/prefix_override:/usr/lib/python3/dist-packages/colcon_core/task/python/colcon_distutils_commands:/home/user/exchange/workspace/install/pal_pro_gripper_wrapper/lib/python3.10/site-packages:${PYTHONPATH} /usr/bin/python3 -W ignore:setup.py install is deprecated -W ignore:easy_install command is deprecated setup.py egg_info --egg-base ../../../build/pal_pro_gripper_wrapper build --build-base /home/user/exchange/workspace/build/pal_pro_gripper_wrapper/build install --record /home/user/exchange/workspace/build/pal_pro_gripper_wrapper/install.log --single-version-externally-managed install_data
