[0.146s] Invoking command in '/home/user/exchange/workspace/build/linkattacher_msgs': CMAKE_PREFIX_PATH=${CMAKE_PREFIX_PATH}:/home/user/exchange/workspace/install/pick_task:/home/user/exchange/workspace/install/pal_pro_gripper_wrapper:/opt/ros/humble /usr/bin/cmake /home/user/exchange/workspace/src/IFRA_LinkAttacher/linkattacher_msgs -DCMAKE_INSTALL_PREFIX=/home/user/exchange/workspace/install/linkattacher_msgs
[0.223s] -- The C compiler identification is GNU 11.4.0
[0.262s] -- The CXX compiler identification is GNU 11.4.0
[0.268s] -- Detecting C compiler ABI info
[0.310s] -- Detecting C compiler ABI info - done
[0.319s] -- Check for working C compiler: /usr/bin/cc - skipped
[0.319s] -- Detecting C compile features
[0.320s] -- Detecting C compile features - done
[0.323s] -- Detecting CXX compiler ABI info
[0.373s] -- Detecting CXX compiler ABI info - done
[0.378s] -- Check for working CXX compiler: /usr/bin/c++ - skipped
[0.378s] -- Detecting CXX compile features
[0.378s] -- Detecting CXX compile features - done
[0.382s] -- Found ament_cmake: 1.3.13 (/opt/ros/humble/share/ament_cmake/cmake)
[0.471s] -- Found Python3: /usr/bin/python3 (found version "3.10.12") found components: Interpreter 
[0.549s] -- Found ament_lint_auto: 0.12.15 (/opt/ros/humble/share/ament_lint_auto/cmake)
[0.615s] -- Found rosidl_default_generators: 1.2.0 (/opt/ros/humble/share/rosidl_default_generators/cmake)
[0.626s] -- Using all available rosidl_typesupport_c: rosidl_typesupport_fastrtps_c;rosidl_typesupport_introspection_c
[0.629s] -- Found rosidl_adapter: 3.1.8 (/opt/ros/humble/share/rosidl_adapter/cmake)
[0.667s] -- Using all available rosidl_typesupport_cpp: rosidl_typesupport_fastrtps_cpp;rosidl_typesupport_introspection_cpp
[0.841s] -- Found ament_cmake_ros: 0.10.0 (/opt/ros/humble/share/ament_cmake_ros/cmake)
[0.958s] -- Using all available rosidl_typesupport_c: rosidl_typesupport_fastrtps_c;rosidl_typesupport_introspection_c
[1.107s] -- Using all available rosidl_typesupport_cpp: rosidl_typesupport_fastrtps_cpp;rosidl_typesupport_introspection_cpp
[1.120s] -- Found PythonInterp: /usr/bin/python3 (found suitable version "3.10.12", minimum required is "3.6") 
[1.122s] -- Found python_cmake_module: 0.10.0 (/opt/ros/humble/share/python_cmake_module/cmake)
[1.138s] -- Found PythonLibs: /usr/lib/x86_64-linux-gnu/libpython3.10.so (found suitable version "3.10.12", minimum required is "3.5") 
[1.138s] -- Using PYTHON_EXECUTABLE: /usr/bin/python3
[1.138s] -- Using PYTHON_INCLUDE_DIRS: /usr/include/python3.10
[1.138s] -- Using PYTHON_LIBRARIES: /usr/lib/x86_64-linux-gnu/libpython3.10.so
[1.149s] -- Found PythonExtra: .so  
[1.175s] -- Added test 'copyright' to check source files copyright and LICENSE
[1.176s] -- Added test 'lint_cmake' to check CMake code style
[1.177s] -- Added test 'xmllint' to check XML markup files
[1.182s] -- Configuring done
[1.200s] -- Generating done
[1.207s] -- Build files have been written to: /home/user/exchange/workspace/build/linkattacher_msgs
[1.212s] Invoked command in '/home/user/exchange/workspace/build/linkattacher_msgs' returned '0': CMAKE_PREFIX_PATH=${CMAKE_PREFIX_PATH}:/home/user/exchange/workspace/install/pick_task:/home/user/exchange/workspace/install/pal_pro_gripper_wrapper:/opt/ros/humble /usr/bin/cmake /home/user/exchange/workspace/src/IFRA_LinkAttacher/linkattacher_msgs -DCMAKE_INSTALL_PREFIX=/home/user/exchange/workspace/install/linkattacher_msgs
[1.214s] Invoking command in '/home/user/exchange/workspace/build/linkattacher_msgs': CMAKE_PREFIX_PATH=${CMAKE_PREFIX_PATH}:/home/user/exchange/workspace/install/pick_task:/home/user/exchange/workspace/install/pal_pro_gripper_wrapper:/opt/ros/humble /usr/bin/cmake --build /home/user/exchange/workspace/build/linkattacher_msgs -- -j12 -l12
[1.239s] [  2%] [34m[1mGenerating C code for ROS interfaces[0m
[1.247s] [  5%] [34m[1mGenerating C++ code for ROS interfaces[0m
[1.251s] [  5%] Built target ament_cmake_python_copy_linkattacher_msgs
[1.389s] running egg_info
[1.390s] creating linkattacher_msgs.egg-info
[1.390s] writing linkattacher_msgs.egg-info/PKG-INFO
[1.391s] writing dependency_links to linkattacher_msgs.egg-info/dependency_links.txt
[1.391s] writing top-level names to linkattacher_msgs.egg-info/top_level.txt
[1.391s] writing manifest file 'linkattacher_msgs.egg-info/SOURCES.txt'
[1.391s] reading manifest file 'linkattacher_msgs.egg-info/SOURCES.txt'
[1.392s] writing manifest file 'linkattacher_msgs.egg-info/SOURCES.txt'
[1.408s] [  5%] Built target ament_cmake_python_build_linkattacher_msgs_egg
[1.563s] [ 10%] [32mBuilding C object CMakeFiles/linkattacher_msgs__rosidl_generator_c.dir/rosidl_generator_c/linkattacher_msgs/srv/detail/detach_link__functions.c.o[0m
[1.563s] [ 10%] [32mBuilding C object CMakeFiles/linkattacher_msgs__rosidl_generator_c.dir/rosidl_generator_c/linkattacher_msgs/srv/detail/attach_link__functions.c.o[0m
[1.608s] [ 10%] Built target linkattacher_msgs__cpp
[1.617s] [ 12%] [34m[1mGenerating C++ introspection for ROS interfaces[0m
[1.619s] [ 15%] [34m[1mGenerating C++ type support for eProsima Fast-RTPS[0m
[1.619s] [ 17%] [34m[1mGenerating C++ type support dispatch for ROS interfaces[0m
[1.627s] [ 20%] [32m[1mLinking C shared library liblinkattacher_msgs__rosidl_generator_c.so[0m
[1.652s] [ 20%] Built target linkattacher_msgs__rosidl_generator_c
[1.659s] [ 25%] [34m[1mGenerating C type support for eProsima Fast-RTPS[0m
[1.659s] [ 25%] [34m[1mGenerating C introspection for ROS interfaces[0m
[1.660s] [ 28%] [34m[1mGenerating C type support dispatch for ROS interfaces[0m
[1.952s] [ 33%] [32mBuilding CXX object CMakeFiles/linkattacher_msgs__rosidl_typesupport_cpp.dir/rosidl_typesupport_cpp/linkattacher_msgs/srv/attach_link__type_support.cpp.o[0m
[1.952s] [ 33%] [32mBuilding CXX object CMakeFiles/linkattacher_msgs__rosidl_typesupport_cpp.dir/rosidl_typesupport_cpp/linkattacher_msgs/srv/detach_link__type_support.cpp.o[0m
[2.000s] [ 38%] [32mBuilding CXX object CMakeFiles/linkattacher_msgs__rosidl_typesupport_fastrtps_cpp.dir/rosidl_typesupport_fastrtps_cpp/linkattacher_msgs/srv/detail/dds_fastrtps/attach_link__type_support.cpp.o[0m
[2.000s] [ 38%] [32mBuilding CXX object CMakeFiles/linkattacher_msgs__rosidl_typesupport_fastrtps_cpp.dir/rosidl_typesupport_fastrtps_cpp/linkattacher_msgs/srv/detail/dds_fastrtps/detach_link__type_support.cpp.o[0m
[2.020s] [ 41%] [32mBuilding CXX object CMakeFiles/linkattacher_msgs__rosidl_typesupport_c.dir/rosidl_typesupport_c/linkattacher_msgs/srv/attach_link__type_support.cpp.o[0m
[2.020s] [ 43%] [32mBuilding CXX object CMakeFiles/linkattacher_msgs__rosidl_typesupport_c.dir/rosidl_typesupport_c/linkattacher_msgs/srv/detach_link__type_support.cpp.o[0m
[2.049s] [ 46%] [32m[1mLinking CXX shared library liblinkattacher_msgs__rosidl_typesupport_c.so[0m
[2.086s] [ 48%] [32mBuilding CXX object CMakeFiles/linkattacher_msgs__rosidl_typesupport_introspection_cpp.dir/rosidl_typesupport_introspection_cpp/linkattacher_msgs/srv/detail/attach_link__type_support.cpp.o[0m
[2.087s] [ 51%] [32mBuilding CXX object CMakeFiles/linkattacher_msgs__rosidl_typesupport_introspection_cpp.dir/rosidl_typesupport_introspection_cpp/linkattacher_msgs/srv/detail/detach_link__type_support.cpp.o[0m
[2.113s] [ 51%] Built target linkattacher_msgs__rosidl_typesupport_c
[2.174s] [ 53%] [32mBuilding C object CMakeFiles/linkattacher_msgs__rosidl_typesupport_introspection_c.dir/rosidl_typesupport_introspection_c/linkattacher_msgs/srv/detail/attach_link__type_support.c.o[0m
[2.178s] [ 56%] [32mBuilding C object CMakeFiles/linkattacher_msgs__rosidl_typesupport_introspection_c.dir/rosidl_typesupport_introspection_c/linkattacher_msgs/srv/detail/detach_link__type_support.c.o[0m
[2.225s] [ 58%] [32mBuilding CXX object CMakeFiles/linkattacher_msgs__rosidl_typesupport_fastrtps_c.dir/rosidl_typesupport_fastrtps_c/linkattacher_msgs/srv/detail/attach_link__type_support_c.cpp.o[0m
[2.234s] [ 61%] [32mBuilding CXX object CMakeFiles/linkattacher_msgs__rosidl_typesupport_fastrtps_c.dir/rosidl_typesupport_fastrtps_c/linkattacher_msgs/srv/detail/detach_link__type_support_c.cpp.o[0m
[2.238s] [ 64%] [32m[1mLinking C shared library liblinkattacher_msgs__rosidl_typesupport_introspection_c.so[0m
[2.245s] [ 66%] [32m[1mLinking CXX shared library liblinkattacher_msgs__rosidl_typesupport_cpp.so[0m
[2.266s] [ 66%] Built target linkattacher_msgs__rosidl_typesupport_introspection_c
[2.289s] [ 66%] Built target linkattacher_msgs__rosidl_typesupport_cpp
[2.422s] [ 69%] [32m[1mLinking CXX shared library liblinkattacher_msgs__rosidl_typesupport_fastrtps_cpp.so[0m
[2.459s] [ 71%] [32m[1mLinking CXX shared library liblinkattacher_msgs__rosidl_typesupport_introspection_cpp.so[0m
[2.479s] [ 71%] Built target linkattacher_msgs__rosidl_typesupport_fastrtps_cpp
[2.492s] [ 74%] [32m[1mLinking CXX shared library liblinkattacher_msgs__rosidl_typesupport_fastrtps_c.so[0m
[2.500s] [ 74%] Built target linkattacher_msgs__rosidl_typesupport_introspection_cpp
[2.537s] [ 74%] Built target linkattacher_msgs__rosidl_typesupport_fastrtps_c
[2.548s] [ 74%] Built target linkattacher_msgs
[2.559s] [ 76%] [34m[1mGenerating Python code for ROS interfaces[0m
[3.038s] [ 76%] Built target linkattacher_msgs__py
[3.049s] [ 82%] [32mBuilding C object CMakeFiles/linkattacher_msgs__rosidl_generator_py.dir/rosidl_generator_py/linkattacher_msgs/srv/_attach_link_s.c.o[0m
[3.049s] [ 82%] [32mBuilding C object CMakeFiles/linkattacher_msgs__rosidl_generator_py.dir/rosidl_generator_py/linkattacher_msgs/srv/_detach_link_s.c.o[0m
[3.137s] [ 84%] [32m[1mLinking C shared library rosidl_generator_py/linkattacher_msgs/liblinkattacher_msgs__rosidl_generator_py.so[0m
[3.162s] [ 84%] Built target linkattacher_msgs__rosidl_generator_py
[3.174s] [ 92%] [32mBuilding C object CMakeFiles/linkattacher_msgs__rosidl_typesupport_introspection_c__pyext.dir/rosidl_generator_py/linkattacher_msgs/_linkattacher_msgs_s.ep.rosidl_typesupport_introspection_c.c.o[0m
[3.174s] [ 92%] [32mBuilding C object CMakeFiles/linkattacher_msgs__rosidl_typesupport_c__pyext.dir/rosidl_generator_py/linkattacher_msgs/_linkattacher_msgs_s.ep.rosidl_typesupport_c.c.o[0m
[3.174s] [ 92%] [32mBuilding C object CMakeFiles/linkattacher_msgs__rosidl_typesupport_fastrtps_c__pyext.dir/rosidl_generator_py/linkattacher_msgs/_linkattacher_msgs_s.ep.rosidl_typesupport_fastrtps_c.c.o[0m
[3.234s] [ 94%] [32m[1mLinking C shared library rosidl_generator_py/linkattacher_msgs/linkattacher_msgs_s__rosidl_typesupport_c.cpython-310-x86_64-linux-gnu.so[0m
[3.235s] [ 97%] [32m[1mLinking C shared library rosidl_generator_py/linkattacher_msgs/linkattacher_msgs_s__rosidl_typesupport_fastrtps_c.cpython-310-x86_64-linux-gnu.so[0m
[3.235s] [100%] [32m[1mLinking C shared library rosidl_generator_py/linkattacher_msgs/linkattacher_msgs_s__rosidl_typesupport_introspection_c.cpython-310-x86_64-linux-gnu.so[0m
[3.253s] [100%] Built target linkattacher_msgs__rosidl_typesupport_c__pyext
[3.253s] [100%] Built target linkattacher_msgs__rosidl_typesupport_introspection_c__pyext
[3.253s] [100%] Built target linkattacher_msgs__rosidl_typesupport_fastrtps_c__pyext
[3.260s] Invoked command in '/home/user/exchange/workspace/build/linkattacher_msgs' returned '0': CMAKE_PREFIX_PATH=${CMAKE_PREFIX_PATH}:/home/user/exchange/workspace/install/pick_task:/home/user/exchange/workspace/install/pal_pro_gripper_wrapper:/opt/ros/humble /usr/bin/cmake --build /home/user/exchange/workspace/build/linkattacher_msgs -- -j12 -l12
[3.260s] Invoking command in '/home/user/exchange/workspace/build/linkattacher_msgs': CMAKE_PREFIX_PATH=${CMAKE_PREFIX_PATH}:/home/user/exchange/workspace/install/pick_task:/home/user/exchange/workspace/install/pal_pro_gripper_wrapper:/opt/ros/humble /usr/bin/cmake --install /home/user/exchange/workspace/build/linkattacher_msgs
[3.265s] -- Install configuration: ""
[3.265s] -- Installing: /home/user/exchange/workspace/install/linkattacher_msgs/share/linkattacher_msgs/srv
[3.265s] -- Installing: /home/user/exchange/workspace/install/linkattacher_msgs/share/linkattacher_msgs/srv/AttachLink.srv
[3.265s] -- Installing: /home/user/exchange/workspace/install/linkattacher_msgs/share/linkattacher_msgs/srv/DetachLink.srv
[3.265s] -- Installing: /home/user/exchange/workspace/install/linkattacher_msgs/share/ament_index/resource_index/rosidl_interfaces/linkattacher_msgs
[3.265s] -- Installing: /home/user/exchange/workspace/install/linkattacher_msgs/include/linkattacher_msgs/linkattacher_msgs
[3.265s] -- Installing: /home/user/exchange/workspace/install/linkattacher_msgs/include/linkattacher_msgs/linkattacher_msgs/msg
[3.266s] -- Installing: /home/user/exchange/workspace/install/linkattacher_msgs/include/linkattacher_msgs/linkattacher_msgs/msg/rosidl_generator_c__visibility_control.h
[3.266s] -- Installing: /home/user/exchange/workspace/install/linkattacher_msgs/include/linkattacher_msgs/linkattacher_msgs/srv
[3.266s] -- Installing: /home/user/exchange/workspace/install/linkattacher_msgs/include/linkattacher_msgs/linkattacher_msgs/srv/attach_link.h
[3.266s] -- Installing: /home/user/exchange/workspace/install/linkattacher_msgs/include/linkattacher_msgs/linkattacher_msgs/srv/detail
[3.266s] -- Installing: /home/user/exchange/workspace/install/linkattacher_msgs/include/linkattacher_msgs/linkattacher_msgs/srv/detail/detach_link__type_support.h
[3.266s] -- Installing: /home/user/exchange/workspace/install/linkattacher_msgs/include/linkattacher_msgs/linkattacher_msgs/srv/detail/attach_link__struct.h
[3.266s] -- Installing: /home/user/exchange/workspace/install/linkattacher_msgs/include/linkattacher_msgs/linkattacher_msgs/srv/detail/detach_link__struct.h
[3.266s] -- Installing: /home/user/exchange/workspace/install/linkattacher_msgs/include/linkattacher_msgs/linkattacher_msgs/srv/detail/detach_link__functions.h
[3.266s] -- Installing: /home/user/exchange/workspace/install/linkattacher_msgs/include/linkattacher_msgs/linkattacher_msgs/srv/detail/attach_link__functions.h
[3.266s] -- Installing: /home/user/exchange/workspace/install/linkattacher_msgs/include/linkattacher_msgs/linkattacher_msgs/srv/detail/attach_link__functions.c
[3.266s] -- Installing: /home/user/exchange/workspace/install/linkattacher_msgs/include/linkattacher_msgs/linkattacher_msgs/srv/detail/detach_link__functions.c
[3.266s] -- Installing: /home/user/exchange/workspace/install/linkattacher_msgs/include/linkattacher_msgs/linkattacher_msgs/srv/detail/attach_link__type_support.h
[3.266s] -- Installing: /home/user/exchange/workspace/install/linkattacher_msgs/include/linkattacher_msgs/linkattacher_msgs/srv/detach_link.h
[3.266s] -- Installing: /home/user/exchange/workspace/install/linkattacher_msgs/share/linkattacher_msgs/environment/library_path.sh
[3.266s] -- Installing: /home/user/exchange/workspace/install/linkattacher_msgs/share/linkattacher_msgs/environment/library_path.dsv
[3.266s] -- Installing: /home/user/exchange/workspace/install/linkattacher_msgs/lib/liblinkattacher_msgs__rosidl_generator_c.so
[3.266s] -- Set runtime path of "/home/user/exchange/workspace/install/linkattacher_msgs/lib/liblinkattacher_msgs__rosidl_generator_c.so" to ""
[3.266s] -- Up-to-date: /home/user/exchange/workspace/install/linkattacher_msgs/include/linkattacher_msgs/linkattacher_msgs
[3.266s] -- Up-to-date: /home/user/exchange/workspace/install/linkattacher_msgs/include/linkattacher_msgs/linkattacher_msgs/msg
[3.266s] -- Installing: /home/user/exchange/workspace/install/linkattacher_msgs/include/linkattacher_msgs/linkattacher_msgs/msg/rosidl_typesupport_fastrtps_c__visibility_control.h
[3.267s] -- Up-to-date: /home/user/exchange/workspace/install/linkattacher_msgs/include/linkattacher_msgs/linkattacher_msgs/srv
[3.267s] -- Up-to-date: /home/user/exchange/workspace/install/linkattacher_msgs/include/linkattacher_msgs/linkattacher_msgs/srv/detail
[3.267s] -- Installing: /home/user/exchange/workspace/install/linkattacher_msgs/include/linkattacher_msgs/linkattacher_msgs/srv/detail/detach_link__rosidl_typesupport_fastrtps_c.h
[3.267s] -- Installing: /home/user/exchange/workspace/install/linkattacher_msgs/include/linkattacher_msgs/linkattacher_msgs/srv/detail/attach_link__rosidl_typesupport_fastrtps_c.h
[3.267s] -- Installing: /home/user/exchange/workspace/install/linkattacher_msgs/lib/liblinkattacher_msgs__rosidl_typesupport_fastrtps_c.so
[3.267s] -- Set runtime path of "/home/user/exchange/workspace/install/linkattacher_msgs/lib/liblinkattacher_msgs__rosidl_typesupport_fastrtps_c.so" to ""
[3.267s] -- Up-to-date: /home/user/exchange/workspace/install/linkattacher_msgs/include/linkattacher_msgs/linkattacher_msgs
[3.267s] -- Up-to-date: /home/user/exchange/workspace/install/linkattacher_msgs/include/linkattacher_msgs/linkattacher_msgs/msg
[3.267s] -- Installing: /home/user/exchange/workspace/install/linkattacher_msgs/include/linkattacher_msgs/linkattacher_msgs/msg/rosidl_typesupport_introspection_c__visibility_control.h
[3.267s] -- Up-to-date: /home/user/exchange/workspace/install/linkattacher_msgs/include/linkattacher_msgs/linkattacher_msgs/srv
[3.267s] -- Up-to-date: /home/user/exchange/workspace/install/linkattacher_msgs/include/linkattacher_msgs/linkattacher_msgs/srv/detail
[3.267s] -- Installing: /home/user/exchange/workspace/install/linkattacher_msgs/include/linkattacher_msgs/linkattacher_msgs/srv/detail/detach_link__type_support.c
[3.267s] -- Installing: /home/user/exchange/workspace/install/linkattacher_msgs/include/linkattacher_msgs/linkattacher_msgs/srv/detail/attach_link__type_support.c
[3.267s] -- Installing: /home/user/exchange/workspace/install/linkattacher_msgs/include/linkattacher_msgs/linkattacher_msgs/srv/detail/attach_link__rosidl_typesupport_introspection_c.h
[3.267s] -- Installing: /home/user/exchange/workspace/install/linkattacher_msgs/include/linkattacher_msgs/linkattacher_msgs/srv/detail/detach_link__rosidl_typesupport_introspection_c.h
[3.267s] -- Installing: /home/user/exchange/workspace/install/linkattacher_msgs/lib/liblinkattacher_msgs__rosidl_typesupport_introspection_c.so
[3.267s] -- Set runtime path of "/home/user/exchange/workspace/install/linkattacher_msgs/lib/liblinkattacher_msgs__rosidl_typesupport_introspection_c.so" to ""
[3.267s] -- Installing: /home/user/exchange/workspace/install/linkattacher_msgs/lib/liblinkattacher_msgs__rosidl_typesupport_c.so
[3.267s] -- Set runtime path of "/home/user/exchange/workspace/install/linkattacher_msgs/lib/liblinkattacher_msgs__rosidl_typesupport_c.so" to ""
[3.267s] -- Up-to-date: /home/user/exchange/workspace/install/linkattacher_msgs/include/linkattacher_msgs/linkattacher_msgs
[3.267s] -- Up-to-date: /home/user/exchange/workspace/install/linkattacher_msgs/include/linkattacher_msgs/linkattacher_msgs/msg
[3.268s] -- Installing: /home/user/exchange/workspace/install/linkattacher_msgs/include/linkattacher_msgs/linkattacher_msgs/msg/rosidl_generator_cpp__visibility_control.hpp
[3.268s] -- Up-to-date: /home/user/exchange/workspace/install/linkattacher_msgs/include/linkattacher_msgs/linkattacher_msgs/srv
[3.268s] -- Installing: /home/user/exchange/workspace/install/linkattacher_msgs/include/linkattacher_msgs/linkattacher_msgs/srv/detach_link.hpp
[3.268s] -- Installing: /home/user/exchange/workspace/install/linkattacher_msgs/include/linkattacher_msgs/linkattacher_msgs/srv/attach_link.hpp
[3.268s] -- Up-to-date: /home/user/exchange/workspace/install/linkattacher_msgs/include/linkattacher_msgs/linkattacher_msgs/srv/detail
[3.268s] -- Installing: /home/user/exchange/workspace/install/linkattacher_msgs/include/linkattacher_msgs/linkattacher_msgs/srv/detail/detach_link__builder.hpp
[3.268s] -- Installing: /home/user/exchange/workspace/install/linkattacher_msgs/include/linkattacher_msgs/linkattacher_msgs/srv/detail/detach_link__type_support.hpp
[3.268s] -- Installing: /home/user/exchange/workspace/install/linkattacher_msgs/include/linkattacher_msgs/linkattacher_msgs/srv/detail/attach_link__type_support.hpp
[3.268s] -- Installing: /home/user/exchange/workspace/install/linkattacher_msgs/include/linkattacher_msgs/linkattacher_msgs/srv/detail/detach_link__traits.hpp
[3.268s] -- Installing: /home/user/exchange/workspace/install/linkattacher_msgs/include/linkattacher_msgs/linkattacher_msgs/srv/detail/attach_link__struct.hpp
[3.268s] -- Installing: /home/user/exchange/workspace/install/linkattacher_msgs/include/linkattacher_msgs/linkattacher_msgs/srv/detail/attach_link__traits.hpp
[3.268s] -- Installing: /home/user/exchange/workspace/install/linkattacher_msgs/include/linkattacher_msgs/linkattacher_msgs/srv/detail/detach_link__struct.hpp
[3.268s] -- Installing: /home/user/exchange/workspace/install/linkattacher_msgs/include/linkattacher_msgs/linkattacher_msgs/srv/detail/attach_link__builder.hpp
[3.268s] -- Up-to-date: /home/user/exchange/workspace/install/linkattacher_msgs/include/linkattacher_msgs/linkattacher_msgs
[3.268s] -- Up-to-date: /home/user/exchange/workspace/install/linkattacher_msgs/include/linkattacher_msgs/linkattacher_msgs/msg
[3.268s] -- Installing: /home/user/exchange/workspace/install/linkattacher_msgs/include/linkattacher_msgs/linkattacher_msgs/msg/rosidl_typesupport_fastrtps_cpp__visibility_control.h
[3.268s] -- Up-to-date: /home/user/exchange/workspace/install/linkattacher_msgs/include/linkattacher_msgs/linkattacher_msgs/srv
[3.268s] -- Up-to-date: /home/user/exchange/workspace/install/linkattacher_msgs/include/linkattacher_msgs/linkattacher_msgs/srv/detail
[3.268s] -- Installing: /home/user/exchange/workspace/install/linkattacher_msgs/include/linkattacher_msgs/linkattacher_msgs/srv/detail/dds_fastrtps
[3.268s] -- Installing: /home/user/exchange/workspace/install/linkattacher_msgs/include/linkattacher_msgs/linkattacher_msgs/srv/detail/attach_link__rosidl_typesupport_fastrtps_cpp.hpp
[3.268s] -- Installing: /home/user/exchange/workspace/install/linkattacher_msgs/include/linkattacher_msgs/linkattacher_msgs/srv/detail/detach_link__rosidl_typesupport_fastrtps_cpp.hpp
[3.268s] -- Installing: /home/user/exchange/workspace/install/linkattacher_msgs/lib/liblinkattacher_msgs__rosidl_typesupport_fastrtps_cpp.so
[3.268s] -- Set runtime path of "/home/user/exchange/workspace/install/linkattacher_msgs/lib/liblinkattacher_msgs__rosidl_typesupport_fastrtps_cpp.so" to ""
[3.268s] -- Up-to-date: /home/user/exchange/workspace/install/linkattacher_msgs/include/linkattacher_msgs/linkattacher_msgs
[3.269s] -- Up-to-date: /home/user/exchange/workspace/install/linkattacher_msgs/include/linkattacher_msgs/linkattacher_msgs/srv
[3.269s] -- Up-to-date: /home/user/exchange/workspace/install/linkattacher_msgs/include/linkattacher_msgs/linkattacher_msgs/srv/detail
[3.269s] -- Installing: /home/user/exchange/workspace/install/linkattacher_msgs/include/linkattacher_msgs/linkattacher_msgs/srv/detail/attach_link__type_support.cpp
[3.269s] -- Installing: /home/user/exchange/workspace/install/linkattacher_msgs/include/linkattacher_msgs/linkattacher_msgs/srv/detail/detach_link__rosidl_typesupport_introspection_cpp.hpp
[3.269s] -- Installing: /home/user/exchange/workspace/install/linkattacher_msgs/include/linkattacher_msgs/linkattacher_msgs/srv/detail/attach_link__rosidl_typesupport_introspection_cpp.hpp
[3.269s] -- Installing: /home/user/exchange/workspace/install/linkattacher_msgs/include/linkattacher_msgs/linkattacher_msgs/srv/detail/detach_link__type_support.cpp
[3.269s] -- Installing: /home/user/exchange/workspace/install/linkattacher_msgs/lib/liblinkattacher_msgs__rosidl_typesupport_introspection_cpp.so
[3.269s] -- Set runtime path of "/home/user/exchange/workspace/install/linkattacher_msgs/lib/liblinkattacher_msgs__rosidl_typesupport_introspection_cpp.so" to ""
[3.269s] -- Installing: /home/user/exchange/workspace/install/linkattacher_msgs/lib/liblinkattacher_msgs__rosidl_typesupport_cpp.so
[3.269s] -- Set runtime path of "/home/user/exchange/workspace/install/linkattacher_msgs/lib/liblinkattacher_msgs__rosidl_typesupport_cpp.so" to ""
[3.269s] -- Installing: /home/user/exchange/workspace/install/linkattacher_msgs/share/linkattacher_msgs/environment/pythonpath.sh
[3.269s] -- Installing: /home/user/exchange/workspace/install/linkattacher_msgs/share/linkattacher_msgs/environment/pythonpath.dsv
[3.269s] -- Installing: /home/user/exchange/workspace/install/linkattacher_msgs/local/lib/python3.10/dist-packages/linkattacher_msgs-0.0.0-py3.10.egg-info
[3.269s] -- Installing: /home/user/exchange/workspace/install/linkattacher_msgs/local/lib/python3.10/dist-packages/linkattacher_msgs-0.0.0-py3.10.egg-info/SOURCES.txt
[3.269s] -- Installing: /home/user/exchange/workspace/install/linkattacher_msgs/local/lib/python3.10/dist-packages/linkattacher_msgs-0.0.0-py3.10.egg-info/dependency_links.txt
[3.269s] -- Installing: /home/user/exchange/workspace/install/linkattacher_msgs/local/lib/python3.10/dist-packages/linkattacher_msgs-0.0.0-py3.10.egg-info/top_level.txt
[3.269s] -- Installing: /home/user/exchange/workspace/install/linkattacher_msgs/local/lib/python3.10/dist-packages/linkattacher_msgs-0.0.0-py3.10.egg-info/PKG-INFO
[3.269s] -- Installing: /home/user/exchange/workspace/install/linkattacher_msgs/local/lib/python3.10/dist-packages/linkattacher_msgs
[3.269s] -- Installing: /home/user/exchange/workspace/install/linkattacher_msgs/local/lib/python3.10/dist-packages/linkattacher_msgs/_linkattacher_msgs_s.ep.rosidl_typesupport_c.c
[3.269s] -- Installing: /home/user/exchange/workspace/install/linkattacher_msgs/local/lib/python3.10/dist-packages/linkattacher_msgs/linkattacher_msgs_s__rosidl_typesupport_introspection_c.cpython-310-x86_64-linux-gnu.so
[3.269s] -- Installing: /home/user/exchange/workspace/install/linkattacher_msgs/local/lib/python3.10/dist-packages/linkattacher_msgs/__init__.py
[3.269s] -- Installing: /home/user/exchange/workspace/install/linkattacher_msgs/local/lib/python3.10/dist-packages/linkattacher_msgs/linkattacher_msgs_s__rosidl_typesupport_fastrtps_c.cpython-310-x86_64-linux-gnu.so
[3.270s] -- Installing: /home/user/exchange/workspace/install/linkattacher_msgs/local/lib/python3.10/dist-packages/linkattacher_msgs/_linkattacher_msgs_s.ep.rosidl_typesupport_fastrtps_c.c
[3.270s] -- Installing: /home/user/exchange/workspace/install/linkattacher_msgs/local/lib/python3.10/dist-packages/linkattacher_msgs/liblinkattacher_msgs__rosidl_generator_py.so
[3.270s] -- Installing: /home/user/exchange/workspace/install/linkattacher_msgs/local/lib/python3.10/dist-packages/linkattacher_msgs/_linkattacher_msgs_s.ep.rosidl_typesupport_introspection_c.c
[3.270s] -- Installing: /home/user/exchange/workspace/install/linkattacher_msgs/local/lib/python3.10/dist-packages/linkattacher_msgs/srv
[3.270s] -- Installing: /home/user/exchange/workspace/install/linkattacher_msgs/local/lib/python3.10/dist-packages/linkattacher_msgs/srv/_detach_link_s.c
[3.270s] -- Installing: /home/user/exchange/workspace/install/linkattacher_msgs/local/lib/python3.10/dist-packages/linkattacher_msgs/srv/_detach_link.py
[3.270s] -- Installing: /home/user/exchange/workspace/install/linkattacher_msgs/local/lib/python3.10/dist-packages/linkattacher_msgs/srv/__init__.py
[3.270s] -- Installing: /home/user/exchange/workspace/install/linkattacher_msgs/local/lib/python3.10/dist-packages/linkattacher_msgs/srv/_attach_link_s.c
[3.270s] -- Installing: /home/user/exchange/workspace/install/linkattacher_msgs/local/lib/python3.10/dist-packages/linkattacher_msgs/srv/_attach_link.py
[3.270s] -- Installing: /home/user/exchange/workspace/install/linkattacher_msgs/local/lib/python3.10/dist-packages/linkattacher_msgs/linkattacher_msgs_s__rosidl_typesupport_c.cpython-310-x86_64-linux-gnu.so
[3.294s] Listing '/home/user/exchange/workspace/install/linkattacher_msgs/local/lib/python3.10/dist-packages/linkattacher_msgs'...
[3.295s] Compiling '/home/user/exchange/workspace/install/linkattacher_msgs/local/lib/python3.10/dist-packages/linkattacher_msgs/__init__.py'...
[3.295s] Listing '/home/user/exchange/workspace/install/linkattacher_msgs/local/lib/python3.10/dist-packages/linkattacher_msgs/srv'...
[3.295s] Compiling '/home/user/exchange/workspace/install/linkattacher_msgs/local/lib/python3.10/dist-packages/linkattacher_msgs/srv/__init__.py'...
[3.295s] Compiling '/home/user/exchange/workspace/install/linkattacher_msgs/local/lib/python3.10/dist-packages/linkattacher_msgs/srv/_attach_link.py'...
[3.295s] Compiling '/home/user/exchange/workspace/install/linkattacher_msgs/local/lib/python3.10/dist-packages/linkattacher_msgs/srv/_detach_link.py'...
[3.298s] -- Installing: /home/user/exchange/workspace/install/linkattacher_msgs/local/lib/python3.10/dist-packages/linkattacher_msgs/linkattacher_msgs_s__rosidl_typesupport_fastrtps_c.cpython-310-x86_64-linux-gnu.so
[3.298s] -- Set runtime path of "/home/user/exchange/workspace/install/linkattacher_msgs/local/lib/python3.10/dist-packages/linkattacher_msgs/linkattacher_msgs_s__rosidl_typesupport_fastrtps_c.cpython-310-x86_64-linux-gnu.so" to ""
[3.298s] -- Installing: /home/user/exchange/workspace/install/linkattacher_msgs/local/lib/python3.10/dist-packages/linkattacher_msgs/linkattacher_msgs_s__rosidl_typesupport_introspection_c.cpython-310-x86_64-linux-gnu.so
[3.298s] -- Set runtime path of "/home/user/exchange/workspace/install/linkattacher_msgs/local/lib/python3.10/dist-packages/linkattacher_msgs/linkattacher_msgs_s__rosidl_typesupport_introspection_c.cpython-310-x86_64-linux-gnu.so" to ""
[3.298s] -- Installing: /home/user/exchange/workspace/install/linkattacher_msgs/local/lib/python3.10/dist-packages/linkattacher_msgs/linkattacher_msgs_s__rosidl_typesupport_c.cpython-310-x86_64-linux-gnu.so
[3.298s] -- Set runtime path of "/home/user/exchange/workspace/install/linkattacher_msgs/local/lib/python3.10/dist-packages/linkattacher_msgs/linkattacher_msgs_s__rosidl_typesupport_c.cpython-310-x86_64-linux-gnu.so" to ""
[3.298s] -- Installing: /home/user/exchange/workspace/install/linkattacher_msgs/lib/liblinkattacher_msgs__rosidl_generator_py.so
[3.299s] -- Set runtime path of "/home/user/exchange/workspace/install/linkattacher_msgs/lib/liblinkattacher_msgs__rosidl_generator_py.so" to ""
[3.299s] -- Installing: /home/user/exchange/workspace/install/linkattacher_msgs/share/linkattacher_msgs/srv/AttachLink.idl
[3.299s] -- Installing: /home/user/exchange/workspace/install/linkattacher_msgs/share/linkattacher_msgs/srv/DetachLink.idl
[3.299s] -- Up-to-date: /home/user/exchange/workspace/install/linkattacher_msgs/share/linkattacher_msgs/srv/AttachLink.srv
[3.299s] -- Installing: /home/user/exchange/workspace/install/linkattacher_msgs/share/linkattacher_msgs/srv/AttachLink_Request.msg
[3.299s] -- Installing: /home/user/exchange/workspace/install/linkattacher_msgs/share/linkattacher_msgs/srv/AttachLink_Response.msg
[3.299s] -- Up-to-date: /home/user/exchange/workspace/install/linkattacher_msgs/share/linkattacher_msgs/srv/DetachLink.srv
[3.299s] -- Installing: /home/user/exchange/workspace/install/linkattacher_msgs/share/linkattacher_msgs/srv/DetachLink_Request.msg
[3.299s] -- Installing: /home/user/exchange/workspace/install/linkattacher_msgs/share/linkattacher_msgs/srv/DetachLink_Response.msg
[3.299s] -- Installing: /home/user/exchange/workspace/install/linkattacher_msgs/share/ament_index/resource_index/package_run_dependencies/linkattacher_msgs
[3.299s] -- Installing: /home/user/exchange/workspace/install/linkattacher_msgs/share/ament_index/resource_index/parent_prefix_path/linkattacher_msgs
[3.299s] -- Installing: /home/user/exchange/workspace/install/linkattacher_msgs/share/linkattacher_msgs/environment/ament_prefix_path.sh
[3.299s] -- Installing: /home/user/exchange/workspace/install/linkattacher_msgs/share/linkattacher_msgs/environment/ament_prefix_path.dsv
[3.299s] -- Installing: /home/user/exchange/workspace/install/linkattacher_msgs/share/linkattacher_msgs/environment/path.sh
[3.299s] -- Installing: /home/user/exchange/workspace/install/linkattacher_msgs/share/linkattacher_msgs/environment/path.dsv
[3.300s] -- Installing: /home/user/exchange/workspace/install/linkattacher_msgs/share/linkattacher_msgs/local_setup.bash
[3.300s] -- Installing: /home/user/exchange/workspace/install/linkattacher_msgs/share/linkattacher_msgs/local_setup.sh
[3.300s] -- Installing: /home/user/exchange/workspace/install/linkattacher_msgs/share/linkattacher_msgs/local_setup.zsh
[3.300s] -- Installing: /home/user/exchange/workspace/install/linkattacher_msgs/share/linkattacher_msgs/local_setup.dsv
[3.300s] -- Installing: /home/user/exchange/workspace/install/linkattacher_msgs/share/linkattacher_msgs/package.dsv
[3.300s] -- Installing: /home/user/exchange/workspace/install/linkattacher_msgs/share/ament_index/resource_index/packages/linkattacher_msgs
[3.300s] -- Installing: /home/user/exchange/workspace/install/linkattacher_msgs/share/linkattacher_msgs/cmake/export_linkattacher_msgs__rosidl_generator_cExport.cmake
[3.300s] -- Installing: /home/user/exchange/workspace/install/linkattacher_msgs/share/linkattacher_msgs/cmake/export_linkattacher_msgs__rosidl_generator_cExport-noconfig.cmake
[3.300s] -- Installing: /home/user/exchange/workspace/install/linkattacher_msgs/share/linkattacher_msgs/cmake/export_linkattacher_msgs__rosidl_typesupport_fastrtps_cExport.cmake
[3.300s] -- Installing: /home/user/exchange/workspace/install/linkattacher_msgs/share/linkattacher_msgs/cmake/export_linkattacher_msgs__rosidl_typesupport_fastrtps_cExport-noconfig.cmake
[3.300s] -- Installing: /home/user/exchange/workspace/install/linkattacher_msgs/share/linkattacher_msgs/cmake/linkattacher_msgs__rosidl_typesupport_introspection_cExport.cmake
[3.300s] -- Installing: /home/user/exchange/workspace/install/linkattacher_msgs/share/linkattacher_msgs/cmake/linkattacher_msgs__rosidl_typesupport_introspection_cExport-noconfig.cmake
[3.300s] -- Installing: /home/user/exchange/workspace/install/linkattacher_msgs/share/linkattacher_msgs/cmake/linkattacher_msgs__rosidl_typesupport_cExport.cmake
[3.301s] -- Installing: /home/user/exchange/workspace/install/linkattacher_msgs/share/linkattacher_msgs/cmake/linkattacher_msgs__rosidl_typesupport_cExport-noconfig.cmake
[3.301s] -- Installing: /home/user/exchange/workspace/install/linkattacher_msgs/share/linkattacher_msgs/cmake/export_linkattacher_msgs__rosidl_generator_cppExport.cmake
[3.301s] -- Installing: /home/user/exchange/workspace/install/linkattacher_msgs/share/linkattacher_msgs/cmake/export_linkattacher_msgs__rosidl_typesupport_fastrtps_cppExport.cmake
[3.301s] -- Installing: /home/user/exchange/workspace/install/linkattacher_msgs/share/linkattacher_msgs/cmake/export_linkattacher_msgs__rosidl_typesupport_fastrtps_cppExport-noconfig.cmake
[3.301s] -- Installing: /home/user/exchange/workspace/install/linkattacher_msgs/share/linkattacher_msgs/cmake/linkattacher_msgs__rosidl_typesupport_introspection_cppExport.cmake
[3.301s] -- Installing: /home/user/exchange/workspace/install/linkattacher_msgs/share/linkattacher_msgs/cmake/linkattacher_msgs__rosidl_typesupport_introspection_cppExport-noconfig.cmake
[3.301s] -- Installing: /home/user/exchange/workspace/install/linkattacher_msgs/share/linkattacher_msgs/cmake/linkattacher_msgs__rosidl_typesupport_cppExport.cmake
[3.301s] -- Installing: /home/user/exchange/workspace/install/linkattacher_msgs/share/linkattacher_msgs/cmake/linkattacher_msgs__rosidl_typesupport_cppExport-noconfig.cmake
[3.301s] -- Installing: /home/user/exchange/workspace/install/linkattacher_msgs/share/linkattacher_msgs/cmake/export_linkattacher_msgs__rosidl_generator_pyExport.cmake
[3.301s] -- Installing: /home/user/exchange/workspace/install/linkattacher_msgs/share/linkattacher_msgs/cmake/export_linkattacher_msgs__rosidl_generator_pyExport-noconfig.cmake
[3.301s] -- Installing: /home/user/exchange/workspace/install/linkattacher_msgs/share/linkattacher_msgs/cmake/rosidl_cmake-extras.cmake
[3.301s] -- Installing: /home/user/exchange/workspace/install/linkattacher_msgs/share/linkattacher_msgs/cmake/ament_cmake_export_include_directories-extras.cmake
[3.302s] -- Installing: /home/user/exchange/workspace/install/linkattacher_msgs/share/linkattacher_msgs/cmake/ament_cmake_export_libraries-extras.cmake
[3.302s] -- Installing: /home/user/exchange/workspace/install/linkattacher_msgs/share/linkattacher_msgs/cmake/ament_cmake_export_targets-extras.cmake
[3.302s] -- Installing: /home/user/exchange/workspace/install/linkattacher_msgs/share/linkattacher_msgs/cmake/rosidl_cmake_export_typesupport_targets-extras.cmake
[3.302s] -- Installing: /home/user/exchange/workspace/install/linkattacher_msgs/share/linkattacher_msgs/cmake/ament_cmake_export_dependencies-extras.cmake
[3.302s] -- Installing: /home/user/exchange/workspace/install/linkattacher_msgs/share/linkattacher_msgs/cmake/rosidl_cmake_export_typesupport_libraries-extras.cmake
[3.302s] -- Installing: /home/user/exchange/workspace/install/linkattacher_msgs/share/linkattacher_msgs/cmake/linkattacher_msgsConfig.cmake
[3.302s] -- Installing: /home/user/exchange/workspace/install/linkattacher_msgs/share/linkattacher_msgs/cmake/linkattacher_msgsConfig-version.cmake
[3.302s] -- Installing: /home/user/exchange/workspace/install/linkattacher_msgs/share/linkattacher_msgs/package.xml
[3.304s] Invoked command in '/home/user/exchange/workspace/build/linkattacher_msgs' returned '0': CMAKE_PREFIX_PATH=${CMAKE_PREFIX_PATH}:/home/user/exchange/workspace/install/pick_task:/home/user/exchange/workspace/install/pal_pro_gripper_wrapper:/opt/ros/humble /usr/bin/cmake --install /home/user/exchange/workspace/build/linkattacher_msgs
