-- Install configuration: ""
-- Up-to-date: /home/user/exchange/workspace/install/pal_sea_arm_bringup/lib/pal_sea_arm_bringup/regen_em_file.py
-- Up-to-date: /home/user/exchange/workspace/install/pal_sea_arm_bringup/lib/pal_sea_arm_bringup/calibrate_ft_sensor.sh
-- Up-to-date: /home/user/exchange/workspace/install/pal_sea_arm_bringup/share/pal_sea_arm_bringup/config
-- Up-to-date: /home/user/exchange/workspace/install/pal_sea_arm_bringup/share/pal_sea_arm_bringup/config/motion_planner
-- Up-to-date: /home/user/exchange/workspace/install/pal_sea_arm_bringup/share/pal_sea_arm_bringup/config/motion_planner/motion_planner.yaml
-- Up-to-date: /home/user/exchange/workspace/install/pal_sea_arm_bringup/share/pal_sea_arm_bringup/config/motions
-- Up-to-date: /home/user/exchange/workspace/install/pal_sea_arm_bringup/share/pal_sea_arm_bringup/config/motions/arm_standalone_motions.yaml
-- Up-to-date: /home/user/exchange/workspace/install/pal_sea_arm_bringup/share/pal_sea_arm_bringup/launch
-- Up-to-date: /home/user/exchange/workspace/install/pal_sea_arm_bringup/share/pal_sea_arm_bringup/launch/pal_sea_arm_bringup.launch.py
-- Up-to-date: /home/user/exchange/workspace/install/pal_sea_arm_bringup/share/pal_sea_arm_bringup/launch/arm_standalone_play_motion2.launch.py
-- Up-to-date: /home/user/exchange/workspace/install/pal_sea_arm_bringup/share/ament_index/resource_index/package_run_dependencies/pal_sea_arm_bringup
-- Up-to-date: /home/user/exchange/workspace/install/pal_sea_arm_bringup/share/ament_index/resource_index/parent_prefix_path/pal_sea_arm_bringup
-- Up-to-date: /home/user/exchange/workspace/install/pal_sea_arm_bringup/share/pal_sea_arm_bringup/environment/ament_prefix_path.sh
-- Up-to-date: /home/user/exchange/workspace/install/pal_sea_arm_bringup/share/pal_sea_arm_bringup/environment/ament_prefix_path.dsv
-- Up-to-date: /home/user/exchange/workspace/install/pal_sea_arm_bringup/share/pal_sea_arm_bringup/environment/path.sh
-- Up-to-date: /home/user/exchange/workspace/install/pal_sea_arm_bringup/share/pal_sea_arm_bringup/environment/path.dsv
-- Up-to-date: /home/user/exchange/workspace/install/pal_sea_arm_bringup/share/pal_sea_arm_bringup/local_setup.bash
-- Up-to-date: /home/user/exchange/workspace/install/pal_sea_arm_bringup/share/pal_sea_arm_bringup/local_setup.sh
-- Up-to-date: /home/user/exchange/workspace/install/pal_sea_arm_bringup/share/pal_sea_arm_bringup/local_setup.zsh
-- Up-to-date: /home/user/exchange/workspace/install/pal_sea_arm_bringup/share/pal_sea_arm_bringup/local_setup.dsv
-- Installing: /home/user/exchange/workspace/install/pal_sea_arm_bringup/share/pal_sea_arm_bringup/package.dsv
-- Up-to-date: /home/user/exchange/workspace/install/pal_sea_arm_bringup/share/ament_index/resource_index/packages/pal_sea_arm_bringup
-- Up-to-date: /home/user/exchange/workspace/install/pal_sea_arm_bringup/share/pal_sea_arm_bringup/cmake/pal_sea_arm_bringupConfig.cmake
-- Up-to-date: /home/user/exchange/workspace/install/pal_sea_arm_bringup/share/pal_sea_arm_bringup/cmake/pal_sea_arm_bringupConfig-version.cmake
-- Up-to-date: /home/user/exchange/workspace/install/pal_sea_arm_bringup/share/pal_sea_arm_bringup/package.xml
