/home/user/exchange/workspace/install/pick_task/lib/python3.10/site-packages/pick_task/pick_task_node.py
/home/user/exchange/workspace/install/pick_task/lib/python3.10/site-packages/pick_task/__init__.py
/home/user/exchange/workspace/install/pick_task/lib/python3.10/site-packages/pick_task/main_task_node.py
/home/user/exchange/workspace/install/pick_task/lib/python3.10/site-packages/pick_task/scene_spawner.py
/home/user/exchange/workspace/install/pick_task/lib/python3.10/site-packages/pick_task/kinematics_metrics.py
/home/user/exchange/workspace/install/pick_task/lib/python3.10/site-packages/pick_task/__pycache__/pick_task_node.cpython-310.pyc
/home/user/exchange/workspace/install/pick_task/lib/python3.10/site-packages/pick_task/__pycache__/__init__.cpython-310.pyc
/home/user/exchange/workspace/install/pick_task/lib/python3.10/site-packages/pick_task/__pycache__/main_task_node.cpython-310.pyc
/home/user/exchange/workspace/install/pick_task/lib/python3.10/site-packages/pick_task/__pycache__/scene_spawner.cpython-310.pyc
/home/user/exchange/workspace/install/pick_task/lib/python3.10/site-packages/pick_task/__pycache__/kinematics_metrics.cpython-310.pyc
/home/user/exchange/workspace/install/pick_task/share/ament_index/resource_index/packages/pick_task
/home/user/exchange/workspace/install/pick_task/share/pick_task/package.xml
/home/user/exchange/workspace/install/pick_task/lib/python3.10/site-packages/pick_task-0.0.0-py3.10.egg-info/requires.txt
/home/user/exchange/workspace/install/pick_task/lib/python3.10/site-packages/pick_task-0.0.0-py3.10.egg-info/SOURCES.txt
/home/user/exchange/workspace/install/pick_task/lib/python3.10/site-packages/pick_task-0.0.0-py3.10.egg-info/dependency_links.txt
/home/user/exchange/workspace/install/pick_task/lib/python3.10/site-packages/pick_task-0.0.0-py3.10.egg-info/top_level.txt
/home/user/exchange/workspace/install/pick_task/lib/python3.10/site-packages/pick_task-0.0.0-py3.10.egg-info/zip-safe
/home/user/exchange/workspace/install/pick_task/lib/python3.10/site-packages/pick_task-0.0.0-py3.10.egg-info/entry_points.txt
/home/user/exchange/workspace/install/pick_task/lib/python3.10/site-packages/pick_task-0.0.0-py3.10.egg-info/PKG-INFO
/home/user/exchange/workspace/install/pick_task/lib/pick_task/main_task_node
/home/user/exchange/workspace/install/pick_task/lib/pick_task/pick_task_node
/home/user/exchange/workspace/install/pick_task/lib/pick_task/scene_spawner
