Built target ament_cmake_python_copy_pal_sea_arm_description
running egg_info
writing pal_sea_arm_description.egg-info/PKG-INFO
writing dependency_links to pal_sea_arm_description.egg-info/dependency_links.txt
writing top-level names to pal_sea_arm_description.egg-info/top_level.txt
reading manifest file 'pal_sea_arm_description.egg-info/SOURCES.txt'
writing manifest file 'pal_sea_arm_description.egg-info/SOURCES.txt'
Built target ament_cmake_python_build_pal_sea_arm_description_egg
-- Install configuration: ""
-- Up-to-date: /home/user/exchange/workspace/install/pal_sea_arm_description/share/pal_sea_arm_description/environment/pythonpath.sh
-- Up-to-date: /home/user/exchange/workspace/install/pal_sea_arm_description/share/pal_sea_arm_description/environment/pythonpath.dsv
-- Up-to-date: /home/user/exchange/workspace/install/pal_sea_arm_description/local/lib/python3.10/dist-packages/pal_sea_arm_description-2.8.1-py3.10.egg-info
-- Installing: /home/user/exchange/workspace/install/pal_sea_arm_description/local/lib/python3.10/dist-packages/pal_sea_arm_description-2.8.1-py3.10.egg-info/SOURCES.txt
-- Installing: /home/user/exchange/workspace/install/pal_sea_arm_description/local/lib/python3.10/dist-packages/pal_sea_arm_description-2.8.1-py3.10.egg-info/dependency_links.txt
-- Installing: /home/user/exchange/workspace/install/pal_sea_arm_description/local/lib/python3.10/dist-packages/pal_sea_arm_description-2.8.1-py3.10.egg-info/top_level.txt
-- Installing: /home/user/exchange/workspace/install/pal_sea_arm_description/local/lib/python3.10/dist-packages/pal_sea_arm_description-2.8.1-py3.10.egg-info/PKG-INFO
-- Up-to-date: /home/user/exchange/workspace/install/pal_sea_arm_description/local/lib/python3.10/dist-packages/pal_sea_arm_description
-- Up-to-date: /home/user/exchange/workspace/install/pal_sea_arm_description/local/lib/python3.10/dist-packages/pal_sea_arm_description/launch_arguments.py
-- Up-to-date: /home/user/exchange/workspace/install/pal_sea_arm_description/local/lib/python3.10/dist-packages/pal_sea_arm_description/__init__.py
-- Up-to-date: /home/user/exchange/workspace/install/pal_sea_arm_description/local/lib/python3.10/dist-packages/pal_sea_arm_description/pal_sea_arm_utils.py
Listing '/home/user/exchange/workspace/install/pal_sea_arm_description/local/lib/python3.10/dist-packages/pal_sea_arm_description'...
-- Up-to-date: /home/user/exchange/workspace/install/pal_sea_arm_description/share/pal_sea_arm_description/config
-- Up-to-date: /home/user/exchange/workspace/install/pal_sea_arm_description/share/pal_sea_arm_description/config/pal_sea_arm_configuration.yaml
-- Up-to-date: /home/user/exchange/workspace/install/pal_sea_arm_description/share/pal_sea_arm_description/config/show.rviz
-- Up-to-date: /home/user/exchange/workspace/install/pal_sea_arm_description/share/pal_sea_arm_description/gazebo
-- Up-to-date: /home/user/exchange/workspace/install/pal_sea_arm_description/share/pal_sea_arm_description/gazebo/gazebo.urdf.xacro
-- Up-to-date: /home/user/exchange/workspace/install/pal_sea_arm_description/share/pal_sea_arm_description/launch
-- Up-to-date: /home/user/exchange/workspace/install/pal_sea_arm_description/share/pal_sea_arm_description/launch/robot_state_publisher.launch.py
-- Up-to-date: /home/user/exchange/workspace/install/pal_sea_arm_description/share/pal_sea_arm_description/launch/show.launch.py
-- Up-to-date: /home/user/exchange/workspace/install/pal_sea_arm_description/share/pal_sea_arm_description/meshes
-- Up-to-date: /home/user/exchange/workspace/install/pal_sea_arm_description/share/pal_sea_arm_description/meshes/arm_tiago_sea
-- Up-to-date: /home/user/exchange/workspace/install/pal_sea_arm_description/share/pal_sea_arm_description/meshes/arm_tiago_sea/arm_2_link_collision.stl
-- Up-to-date: /home/user/exchange/workspace/install/pal_sea_arm_description/share/pal_sea_arm_description/meshes/arm_tiago_sea/straight-wrist
-- Up-to-date: /home/user/exchange/workspace/install/pal_sea_arm_description/share/pal_sea_arm_description/meshes/arm_tiago_sea/straight-wrist/arm_5_link_collision.stl
-- Up-to-date: /home/user/exchange/workspace/install/pal_sea_arm_description/share/pal_sea_arm_description/meshes/arm_tiago_sea/straight-wrist/arm_7_link.stl
-- Up-to-date: /home/user/exchange/workspace/install/pal_sea_arm_description/share/pal_sea_arm_description/meshes/arm_tiago_sea/straight-wrist/arm_6_link_collision.stl
-- Up-to-date: /home/user/exchange/workspace/install/pal_sea_arm_description/share/pal_sea_arm_description/meshes/arm_tiago_sea/straight-wrist/arm_7_link_collision.stl
-- Up-to-date: /home/user/exchange/workspace/install/pal_sea_arm_description/share/pal_sea_arm_description/meshes/arm_tiago_sea/straight-wrist/arm_5_link.stl
-- Up-to-date: /home/user/exchange/workspace/install/pal_sea_arm_description/share/pal_sea_arm_description/meshes/arm_tiago_sea/straight-wrist/arm_6_link.stl
-- Up-to-date: /home/user/exchange/workspace/install/pal_sea_arm_description/share/pal_sea_arm_description/meshes/arm_tiago_sea/arm_3_link_collision.stl
-- Up-to-date: /home/user/exchange/workspace/install/pal_sea_arm_description/share/pal_sea_arm_description/meshes/arm_tiago_sea/arm_3_link.stl
-- Up-to-date: /home/user/exchange/workspace/install/pal_sea_arm_description/share/pal_sea_arm_description/meshes/arm_tiago_sea/tool_changer_link_original.stl
-- Up-to-date: /home/user/exchange/workspace/install/pal_sea_arm_description/share/pal_sea_arm_description/meshes/arm_tiago_sea/tool_changer_link.stl
-- Up-to-date: /home/user/exchange/workspace/install/pal_sea_arm_description/share/pal_sea_arm_description/meshes/arm_tiago_sea/arm_2_link.stl
-- Up-to-date: /home/user/exchange/workspace/install/pal_sea_arm_description/share/pal_sea_arm_description/meshes/arm_tiago_sea/arm_4_link_collision.stl
-- Up-to-date: /home/user/exchange/workspace/install/pal_sea_arm_description/share/pal_sea_arm_description/meshes/arm_tiago_sea/arm_4_link.stl
-- Up-to-date: /home/user/exchange/workspace/install/pal_sea_arm_description/share/pal_sea_arm_description/meshes/arm_tiago_sea/arm_1_link_collision.stl
-- Up-to-date: /home/user/exchange/workspace/install/pal_sea_arm_description/share/pal_sea_arm_description/meshes/arm_tiago_sea/tool_changer_link_collision.stl
-- Up-to-date: /home/user/exchange/workspace/install/pal_sea_arm_description/share/pal_sea_arm_description/meshes/arm_tiago_sea/arm_1_link.stl
-- Up-to-date: /home/user/exchange/workspace/install/pal_sea_arm_description/share/pal_sea_arm_description/meshes/pal_sea_arm_standalone
-- Up-to-date: /home/user/exchange/workspace/install/pal_sea_arm_description/share/pal_sea_arm_description/meshes/pal_sea_arm_standalone/arm_2_link_collision.stl
-- Up-to-date: /home/user/exchange/workspace/install/pal_sea_arm_description/share/pal_sea_arm_description/meshes/pal_sea_arm_standalone/straight-wrist
-- Up-to-date: /home/user/exchange/workspace/install/pal_sea_arm_description/share/pal_sea_arm_description/meshes/pal_sea_arm_standalone/straight-wrist/arm_5_link_collision.stl
-- Up-to-date: /home/user/exchange/workspace/install/pal_sea_arm_description/share/pal_sea_arm_description/meshes/pal_sea_arm_standalone/straight-wrist/arm_7_link.stl
-- Up-to-date: /home/user/exchange/workspace/install/pal_sea_arm_description/share/pal_sea_arm_description/meshes/pal_sea_arm_standalone/straight-wrist/arm_6_link_collision.stl
-- Up-to-date: /home/user/exchange/workspace/install/pal_sea_arm_description/share/pal_sea_arm_description/meshes/pal_sea_arm_standalone/straight-wrist/arm_7_link_collision.stl
-- Up-to-date: /home/user/exchange/workspace/install/pal_sea_arm_description/share/pal_sea_arm_description/meshes/pal_sea_arm_standalone/straight-wrist/arm_5_link.stl
-- Up-to-date: /home/user/exchange/workspace/install/pal_sea_arm_description/share/pal_sea_arm_description/meshes/pal_sea_arm_standalone/straight-wrist/arm_6_link.stl
-- Up-to-date: /home/user/exchange/workspace/install/pal_sea_arm_description/share/pal_sea_arm_description/meshes/pal_sea_arm_standalone/arm_3_link_collision.stl
-- Up-to-date: /home/user/exchange/workspace/install/pal_sea_arm_description/share/pal_sea_arm_description/meshes/pal_sea_arm_standalone/arm_3_link.stl
-- Up-to-date: /home/user/exchange/workspace/install/pal_sea_arm_description/share/pal_sea_arm_description/meshes/pal_sea_arm_standalone/tool_changer_link_original.stl
-- Up-to-date: /home/user/exchange/workspace/install/pal_sea_arm_description/share/pal_sea_arm_description/meshes/pal_sea_arm_standalone/tool_changer_link.stl
-- Up-to-date: /home/user/exchange/workspace/install/pal_sea_arm_description/share/pal_sea_arm_description/meshes/pal_sea_arm_standalone/arm_2_link.stl
-- Up-to-date: /home/user/exchange/workspace/install/pal_sea_arm_description/share/pal_sea_arm_description/meshes/pal_sea_arm_standalone/arm_4_link_collision.stl
-- Up-to-date: /home/user/exchange/workspace/install/pal_sea_arm_description/share/pal_sea_arm_description/meshes/pal_sea_arm_standalone/arm_4_link.stl
-- Up-to-date: /home/user/exchange/workspace/install/pal_sea_arm_description/share/pal_sea_arm_description/meshes/pal_sea_arm_standalone/spherical-wrist
-- Up-to-date: /home/user/exchange/workspace/install/pal_sea_arm_description/share/pal_sea_arm_description/meshes/pal_sea_arm_standalone/spherical-wrist/arm_5_link_collision.stl
-- Up-to-date: /home/user/exchange/workspace/install/pal_sea_arm_description/share/pal_sea_arm_description/meshes/pal_sea_arm_standalone/spherical-wrist/arm_7_link.stl
-- Up-to-date: /home/user/exchange/workspace/install/pal_sea_arm_description/share/pal_sea_arm_description/meshes/pal_sea_arm_standalone/spherical-wrist/arm_6_link_collision.stl
-- Up-to-date: /home/user/exchange/workspace/install/pal_sea_arm_description/share/pal_sea_arm_description/meshes/pal_sea_arm_standalone/spherical-wrist/arm_7_link_collision.stl
-- Up-to-date: /home/user/exchange/workspace/install/pal_sea_arm_description/share/pal_sea_arm_description/meshes/pal_sea_arm_standalone/spherical-wrist/arm_5_link.stl
-- Up-to-date: /home/user/exchange/workspace/install/pal_sea_arm_description/share/pal_sea_arm_description/meshes/pal_sea_arm_standalone/spherical-wrist/arm_6_link.stl
-- Up-to-date: /home/user/exchange/workspace/install/pal_sea_arm_description/share/pal_sea_arm_description/meshes/pal_sea_arm_standalone/arm_1_link_collision.stl
-- Up-to-date: /home/user/exchange/workspace/install/pal_sea_arm_description/share/pal_sea_arm_description/meshes/pal_sea_arm_standalone/tool_changer_link_collision.stl
-- Up-to-date: /home/user/exchange/workspace/install/pal_sea_arm_description/share/pal_sea_arm_description/meshes/pal_sea_arm_standalone/arm_1_link.stl
-- Up-to-date: /home/user/exchange/workspace/install/pal_sea_arm_description/share/pal_sea_arm_description/meshes/pal_sea_arm_standalone/base_link.stl
-- Up-to-date: /home/user/exchange/workspace/install/pal_sea_arm_description/share/pal_sea_arm_description/meshes/humanoid
-- Up-to-date: /home/user/exchange/workspace/install/pal_sea_arm_description/share/pal_sea_arm_description/meshes/humanoid/arm_cover
-- Up-to-date: /home/user/exchange/workspace/install/pal_sea_arm_description/share/pal_sea_arm_description/meshes/humanoid/arm_cover/arm_cover_link.stl
-- Up-to-date: /home/user/exchange/workspace/install/pal_sea_arm_description/share/pal_sea_arm_description/meshes/humanoid/arm_cover/arm_cover_link_collision.stl
-- Up-to-date: /home/user/exchange/workspace/install/pal_sea_arm_description/share/pal_sea_arm_description/meshes/humanoid/arm
-- Up-to-date: /home/user/exchange/workspace/install/pal_sea_arm_description/share/pal_sea_arm_description/meshes/humanoid/arm/arm3_link.STL
-- Up-to-date: /home/user/exchange/workspace/install/pal_sea_arm_description/share/pal_sea_arm_description/meshes/humanoid/arm/fake_forearm_left_link.stl
-- Up-to-date: /home/user/exchange/workspace/install/pal_sea_arm_description/share/pal_sea_arm_description/meshes/humanoid/arm/fake_forearm_right_link.stl
-- Up-to-date: /home/user/exchange/workspace/install/pal_sea_arm_description/share/pal_sea_arm_description/meshes/humanoid/arm/arm1_link.STL
-- Up-to-date: /home/user/exchange/workspace/install/pal_sea_arm_description/share/pal_sea_arm_description/meshes/humanoid/arm/arm4_link.STL
-- Up-to-date: /home/user/exchange/workspace/install/pal_sea_arm_description/share/pal_sea_arm_description/meshes/humanoid/arm/arm_base_link.STL
-- Up-to-date: /home/user/exchange/workspace/install/pal_sea_arm_description/share/pal_sea_arm_description/meshes/humanoid/arm/arm2_link.STL
-- Up-to-date: /home/user/exchange/workspace/install/pal_sea_arm_description/share/pal_sea_arm_description/meshes/arm_tiago_pro
-- Up-to-date: /home/user/exchange/workspace/install/pal_sea_arm_description/share/pal_sea_arm_description/meshes/arm_tiago_pro/arm_2_link_collision.stl
-- Up-to-date: /home/user/exchange/workspace/install/pal_sea_arm_description/share/pal_sea_arm_description/meshes/arm_tiago_pro/end_effector_camera_realsense_d405.stl
-- Up-to-date: /home/user/exchange/workspace/install/pal_sea_arm_description/share/pal_sea_arm_description/meshes/arm_tiago_pro/straight-wrist
-- Up-to-date: /home/user/exchange/workspace/install/pal_sea_arm_description/share/pal_sea_arm_description/meshes/arm_tiago_pro/straight-wrist/arm_5_link_collision.stl
-- Up-to-date: /home/user/exchange/workspace/install/pal_sea_arm_description/share/pal_sea_arm_description/meshes/arm_tiago_pro/straight-wrist/arm_7_link.stl
-- Up-to-date: /home/user/exchange/workspace/install/pal_sea_arm_description/share/pal_sea_arm_description/meshes/arm_tiago_pro/straight-wrist/arm_6_link_collision.stl
-- Up-to-date: /home/user/exchange/workspace/install/pal_sea_arm_description/share/pal_sea_arm_description/meshes/arm_tiago_pro/straight-wrist/arm_7_link_collision.stl
-- Up-to-date: /home/user/exchange/workspace/install/pal_sea_arm_description/share/pal_sea_arm_description/meshes/arm_tiago_pro/straight-wrist/arm_5_link.stl
-- Up-to-date: /home/user/exchange/workspace/install/pal_sea_arm_description/share/pal_sea_arm_description/meshes/arm_tiago_pro/straight-wrist/arm_6_link.stl
-- Up-to-date: /home/user/exchange/workspace/install/pal_sea_arm_description/share/pal_sea_arm_description/meshes/arm_tiago_pro/arm_base_link.stl
-- Up-to-date: /home/user/exchange/workspace/install/pal_sea_arm_description/share/pal_sea_arm_description/meshes/arm_tiago_pro/arm_3_link_collision.stl
-- Up-to-date: /home/user/exchange/workspace/install/pal_sea_arm_description/share/pal_sea_arm_description/meshes/arm_tiago_pro/arm_3_link.stl
-- Up-to-date: /home/user/exchange/workspace/install/pal_sea_arm_description/share/pal_sea_arm_description/meshes/arm_tiago_pro/tool_changer_link.stl
-- Up-to-date: /home/user/exchange/workspace/install/pal_sea_arm_description/share/pal_sea_arm_description/meshes/arm_tiago_pro/arm_2_link.stl
-- Up-to-date: /home/user/exchange/workspace/install/pal_sea_arm_description/share/pal_sea_arm_description/meshes/arm_tiago_pro/arm_4_link_collision.stl
-- Up-to-date: /home/user/exchange/workspace/install/pal_sea_arm_description/share/pal_sea_arm_description/meshes/arm_tiago_pro/allegro_tc_out_link.STL
-- Up-to-date: /home/user/exchange/workspace/install/pal_sea_arm_description/share/pal_sea_arm_description/meshes/arm_tiago_pro/end_effector_camera_realsense_d435.stl
-- Up-to-date: /home/user/exchange/workspace/install/pal_sea_arm_description/share/pal_sea_arm_description/meshes/arm_tiago_pro/short-wrist
-- Up-to-date: /home/user/exchange/workspace/install/pal_sea_arm_description/share/pal_sea_arm_description/meshes/arm_tiago_pro/short-wrist/arm_5_link_collision.stl
-- Up-to-date: /home/user/exchange/workspace/install/pal_sea_arm_description/share/pal_sea_arm_description/meshes/arm_tiago_pro/short-wrist/arm_5_link.stl
-- Up-to-date: /home/user/exchange/workspace/install/pal_sea_arm_description/share/pal_sea_arm_description/meshes/arm_tiago_pro/arm_4_link.stl
-- Up-to-date: /home/user/exchange/workspace/install/pal_sea_arm_description/share/pal_sea_arm_description/meshes/arm_tiago_pro/spherical-wrist
-- Up-to-date: /home/user/exchange/workspace/install/pal_sea_arm_description/share/pal_sea_arm_description/meshes/arm_tiago_pro/spherical-wrist/arm_5_link_collision.stl
-- Up-to-date: /home/user/exchange/workspace/install/pal_sea_arm_description/share/pal_sea_arm_description/meshes/arm_tiago_pro/spherical-wrist/arm_7_link.stl
-- Up-to-date: /home/user/exchange/workspace/install/pal_sea_arm_description/share/pal_sea_arm_description/meshes/arm_tiago_pro/spherical-wrist/arm_6_link_collision.stl
-- Up-to-date: /home/user/exchange/workspace/install/pal_sea_arm_description/share/pal_sea_arm_description/meshes/arm_tiago_pro/spherical-wrist/arm_7_link_collision.stl
-- Up-to-date: /home/user/exchange/workspace/install/pal_sea_arm_description/share/pal_sea_arm_description/meshes/arm_tiago_pro/spherical-wrist/arm_5_link.stl
-- Up-to-date: /home/user/exchange/workspace/install/pal_sea_arm_description/share/pal_sea_arm_description/meshes/arm_tiago_pro/spherical-wrist/arm_6_link.stl
-- Up-to-date: /home/user/exchange/workspace/install/pal_sea_arm_description/share/pal_sea_arm_description/meshes/arm_tiago_pro/arm_1_link_collision.stl
-- Up-to-date: /home/user/exchange/workspace/install/pal_sea_arm_description/share/pal_sea_arm_description/meshes/arm_tiago_pro/tool_changer_link_collision.stl
-- Up-to-date: /home/user/exchange/workspace/install/pal_sea_arm_description/share/pal_sea_arm_description/meshes/arm_tiago_pro/arm_1_link.stl
-- Up-to-date: /home/user/exchange/workspace/install/pal_sea_arm_description/share/pal_sea_arm_description/meshes/arm_tiago_pro/allegro_coupler_link.STL
-- Up-to-date: /home/user/exchange/workspace/install/pal_sea_arm_description/share/pal_sea_arm_description/robots
-- Up-to-date: /home/user/exchange/workspace/install/pal_sea_arm_description/share/pal_sea_arm_description/robots/pal_sea_arm.urdf.xacro
-- Up-to-date: /home/user/exchange/workspace/install/pal_sea_arm_description/share/pal_sea_arm_description/ros2_control
-- Up-to-date: /home/user/exchange/workspace/install/pal_sea_arm_description/share/pal_sea_arm_description/ros2_control/ros2_control.urdf.xacro
-- Up-to-date: /home/user/exchange/workspace/install/pal_sea_arm_description/share/pal_sea_arm_description/ros2_control/transmissions.urdf.xacro
-- Up-to-date: /home/user/exchange/workspace/install/pal_sea_arm_description/share/pal_sea_arm_description/ros2_control/gazebo_controller_manager_cfg.yaml
-- Up-to-date: /home/user/exchange/workspace/install/pal_sea_arm_description/share/pal_sea_arm_description/mujoco
-- Up-to-date: /home/user/exchange/workspace/install/pal_sea_arm_description/share/pal_sea_arm_description/mujoco/mj_tags.xacro
-- Up-to-date: /home/user/exchange/workspace/install/pal_sea_arm_description/share/pal_sea_arm_description/urdf
-- Up-to-date: /home/user/exchange/workspace/install/pal_sea_arm_description/share/pal_sea_arm_description/urdf/end_effector_camera
-- Up-to-date: /home/user/exchange/workspace/install/pal_sea_arm_description/share/pal_sea_arm_description/urdf/end_effector_camera/end_effector_camera.urdf.xacro
-- Up-to-date: /home/user/exchange/workspace/install/pal_sea_arm_description/share/pal_sea_arm_description/urdf/calibration_constants.urdf.xacro
-- Up-to-date: /home/user/exchange/workspace/install/pal_sea_arm_description/share/pal_sea_arm_description/urdf/end_effector
-- Up-to-date: /home/user/exchange/workspace/install/pal_sea_arm_description/share/pal_sea_arm_description/urdf/end_effector/end_effector.urdf.xacro
-- Up-to-date: /home/user/exchange/workspace/install/pal_sea_arm_description/share/pal_sea_arm_description/urdf/end_effector/humanoid
-- Up-to-date: /home/user/exchange/workspace/install/pal_sea_arm_description/share/pal_sea_arm_description/urdf/end_effector/humanoid/pal_pro_gripper.urdf.xacro
-- Up-to-date: /home/user/exchange/workspace/install/pal_sea_arm_description/share/pal_sea_arm_description/urdf/end_effector/humanoid/ros2_control.urdf.xacro
-- Up-to-date: /home/user/exchange/workspace/install/pal_sea_arm_description/share/pal_sea_arm_description/urdf/end_effector/humanoid/rh8d_hand.urdf.xacro
-- Up-to-date: /home/user/exchange/workspace/install/pal_sea_arm_description/share/pal_sea_arm_description/urdf/end_effector/grasping_frames.xacro
-- Up-to-date: /home/user/exchange/workspace/install/pal_sea_arm_description/share/pal_sea_arm_description/urdf/arm
-- Up-to-date: /home/user/exchange/workspace/install/pal_sea_arm_description/share/pal_sea_arm_description/urdf/arm/arm.urdf.xacro
-- Up-to-date: /home/user/exchange/workspace/install/pal_sea_arm_description/share/pal_sea_arm_description/urdf/arm/arm.ros2_control.xacro
-- Up-to-date: /home/user/exchange/workspace/install/pal_sea_arm_description/share/pal_sea_arm_description/urdf/arm/arm_properties
-- Up-to-date: /home/user/exchange/workspace/install/pal_sea_arm_description/share/pal_sea_arm_description/urdf/arm/arm_properties/tiago-sea-dual
-- Up-to-date: /home/user/exchange/workspace/install/pal_sea_arm_description/share/pal_sea_arm_description/urdf/arm/arm_properties/tiago-sea-dual/arm.properties.xacro
-- Up-to-date: /home/user/exchange/workspace/install/pal_sea_arm_description/share/pal_sea_arm_description/urdf/arm/arm_properties/tiago-sea-dual/straight-wrist.properties.xacro
-- Up-to-date: /home/user/exchange/workspace/install/pal_sea_arm_description/share/pal_sea_arm_description/urdf/arm/arm_properties/pal-sea-arm-standalone
-- Up-to-date: /home/user/exchange/workspace/install/pal_sea_arm_description/share/pal_sea_arm_description/urdf/arm/arm_properties/pal-sea-arm-standalone/arm.properties.xacro
-- Up-to-date: /home/user/exchange/workspace/install/pal_sea_arm_description/share/pal_sea_arm_description/urdf/arm/arm_properties/pal-sea-arm-standalone/straight-wrist.properties.xacro
-- Up-to-date: /home/user/exchange/workspace/install/pal_sea_arm_description/share/pal_sea_arm_description/urdf/arm/arm_properties/pal-sea-arm-standalone/spherical-wrist.properties.xacro
-- Up-to-date: /home/user/exchange/workspace/install/pal_sea_arm_description/share/pal_sea_arm_description/urdf/arm/arm_properties/pal-sea-arm-standalone/short-wrist.properties.xacro
-- Up-to-date: /home/user/exchange/workspace/install/pal_sea_arm_description/share/pal_sea_arm_description/urdf/arm/arm_properties/humanoid
-- Up-to-date: /home/user/exchange/workspace/install/pal_sea_arm_description/share/pal_sea_arm_description/urdf/arm/arm_properties/humanoid/arm.urdf.xacro
-- Up-to-date: /home/user/exchange/workspace/install/pal_sea_arm_description/share/pal_sea_arm_description/urdf/arm/arm_properties/humanoid/arm_cover.urdf.xacro
-- Up-to-date: /home/user/exchange/workspace/install/pal_sea_arm_description/share/pal_sea_arm_description/urdf/arm/arm_properties/humanoid/5dof_arm.urdf.xacro
-- Up-to-date: /home/user/exchange/workspace/install/pal_sea_arm_description/share/pal_sea_arm_description/urdf/arm/arm_properties/humanoid/ros2_control.urdf.xacro
-- Up-to-date: /home/user/exchange/workspace/install/pal_sea_arm_description/share/pal_sea_arm_description/urdf/arm/arm_properties/humanoid/7dof_arm.urdf.xacro
-- Up-to-date: /home/user/exchange/workspace/install/pal_sea_arm_description/share/pal_sea_arm_description/urdf/arm/arm_properties/humanoid/4dof_arm.urdf.xacro
-- Up-to-date: /home/user/exchange/workspace/install/pal_sea_arm_description/share/pal_sea_arm_description/urdf/arm/arm_properties/tiago-pro
-- Up-to-date: /home/user/exchange/workspace/install/pal_sea_arm_description/share/pal_sea_arm_description/urdf/arm/arm_properties/tiago-pro/arm.properties.xacro
-- Up-to-date: /home/user/exchange/workspace/install/pal_sea_arm_description/share/pal_sea_arm_description/urdf/arm/arm_properties/tiago-pro/straight-wrist.properties.xacro
-- Up-to-date: /home/user/exchange/workspace/install/pal_sea_arm_description/share/pal_sea_arm_description/urdf/arm/arm_properties/tiago-pro/spherical-wrist.properties.xacro
-- Up-to-date: /home/user/exchange/workspace/install/pal_sea_arm_description/share/pal_sea_arm_description/urdf/arm/arm_properties/tiago-pro/short-wrist.properties.xacro
-- Up-to-date: /home/user/exchange/workspace/install/pal_sea_arm_description/share/pal_sea_arm_description/urdf/arm/arm_properties/tiago-sea
-- Up-to-date: /home/user/exchange/workspace/install/pal_sea_arm_description/share/pal_sea_arm_description/urdf/arm/arm_properties/tiago-sea/arm.properties.xacro
-- Up-to-date: /home/user/exchange/workspace/install/pal_sea_arm_description/share/pal_sea_arm_description/urdf/arm/arm_properties/tiago-sea/straight-wrist.properties.xacro
-- Up-to-date: /home/user/exchange/workspace/install/pal_sea_arm_description/share/pal_sea_arm_description/urdf/arm/arm_limits
-- Up-to-date: /home/user/exchange/workspace/install/pal_sea_arm_description/share/pal_sea_arm_description/urdf/arm/arm_limits/tiago-sea-dual
-- Up-to-date: /home/user/exchange/workspace/install/pal_sea_arm_description/share/pal_sea_arm_description/urdf/arm/arm_limits/tiago-sea-dual/arm.limits.xacro
-- Up-to-date: /home/user/exchange/workspace/install/pal_sea_arm_description/share/pal_sea_arm_description/urdf/arm/arm_limits/tiago-sea-dual/straight-wrist.limits.xacro
-- Up-to-date: /home/user/exchange/workspace/install/pal_sea_arm_description/share/pal_sea_arm_description/urdf/arm/arm_limits/pal-sea-arm-standalone
-- Up-to-date: /home/user/exchange/workspace/install/pal_sea_arm_description/share/pal_sea_arm_description/urdf/arm/arm_limits/pal-sea-arm-standalone/short-wrist.limits.xacro
-- Up-to-date: /home/user/exchange/workspace/install/pal_sea_arm_description/share/pal_sea_arm_description/urdf/arm/arm_limits/pal-sea-arm-standalone/spherical-wrist.limits.xacro
-- Up-to-date: /home/user/exchange/workspace/install/pal_sea_arm_description/share/pal_sea_arm_description/urdf/arm/arm_limits/pal-sea-arm-standalone/arm.limits.xacro
-- Up-to-date: /home/user/exchange/workspace/install/pal_sea_arm_description/share/pal_sea_arm_description/urdf/arm/arm_limits/pal-sea-arm-standalone/straight-wrist.limits.xacro
-- Up-to-date: /home/user/exchange/workspace/install/pal_sea_arm_description/share/pal_sea_arm_description/urdf/arm/arm_limits/tiago-pro
-- Up-to-date: /home/user/exchange/workspace/install/pal_sea_arm_description/share/pal_sea_arm_description/urdf/arm/arm_limits/tiago-pro/short-wrist.limits.xacro
-- Up-to-date: /home/user/exchange/workspace/install/pal_sea_arm_description/share/pal_sea_arm_description/urdf/arm/arm_limits/tiago-pro/spherical-wrist.limits.xacro
-- Up-to-date: /home/user/exchange/workspace/install/pal_sea_arm_description/share/pal_sea_arm_description/urdf/arm/arm_limits/tiago-pro/arm.limits.xacro
-- Up-to-date: /home/user/exchange/workspace/install/pal_sea_arm_description/share/pal_sea_arm_description/urdf/arm/arm_limits/tiago-pro/straight-wrist.limits.xacro
-- Up-to-date: /home/user/exchange/workspace/install/pal_sea_arm_description/share/pal_sea_arm_description/urdf/arm/arm_limits/tiago-sea
-- Up-to-date: /home/user/exchange/workspace/install/pal_sea_arm_description/share/pal_sea_arm_description/urdf/arm/arm_limits/tiago-sea/arm.limits.xacro
-- Up-to-date: /home/user/exchange/workspace/install/pal_sea_arm_description/share/pal_sea_arm_description/urdf/arm/arm_limits/tiago-sea/straight-wrist.limits.xacro
-- Up-to-date: /home/user/exchange/workspace/install/pal_sea_arm_description/share/ament_index/resource_index/package_run_dependencies/pal_sea_arm_description
-- Up-to-date: /home/user/exchange/workspace/install/pal_sea_arm_description/share/ament_index/resource_index/parent_prefix_path/pal_sea_arm_description
-- Up-to-date: /home/user/exchange/workspace/install/pal_sea_arm_description/share/pal_sea_arm_description/environment/ament_prefix_path.sh
-- Up-to-date: /home/user/exchange/workspace/install/pal_sea_arm_description/share/pal_sea_arm_description/environment/ament_prefix_path.dsv
-- Up-to-date: /home/user/exchange/workspace/install/pal_sea_arm_description/share/pal_sea_arm_description/environment/path.sh
-- Up-to-date: /home/user/exchange/workspace/install/pal_sea_arm_description/share/pal_sea_arm_description/environment/path.dsv
-- Up-to-date: /home/user/exchange/workspace/install/pal_sea_arm_description/share/pal_sea_arm_description/local_setup.bash
-- Up-to-date: /home/user/exchange/workspace/install/pal_sea_arm_description/share/pal_sea_arm_description/local_setup.sh
-- Up-to-date: /home/user/exchange/workspace/install/pal_sea_arm_description/share/pal_sea_arm_description/local_setup.zsh
-- Up-to-date: /home/user/exchange/workspace/install/pal_sea_arm_description/share/pal_sea_arm_description/local_setup.dsv
-- Installing: /home/user/exchange/workspace/install/pal_sea_arm_description/share/pal_sea_arm_description/package.dsv
-- Up-to-date: /home/user/exchange/workspace/install/pal_sea_arm_description/share/ament_index/resource_index/packages/pal_sea_arm_description
-- Up-to-date: /home/user/exchange/workspace/install/pal_sea_arm_description/share/pal_sea_arm_description/cmake/pal_sea_arm_descriptionConfig.cmake
-- Up-to-date: /home/user/exchange/workspace/install/pal_sea_arm_description/share/pal_sea_arm_description/cmake/pal_sea_arm_descriptionConfig-version.cmake
-- Up-to-date: /home/user/exchange/workspace/install/pal_sea_arm_description/share/pal_sea_arm_description/package.xml
