-- The C compiler identification is GNU 11.4.0
-- The CXX compiler identification is GNU 11.4.0
-- Detecting C compiler ABI info
-- Detecting C compiler ABI info - done
-- Check for working C compiler: /usr/bin/cc - skipped
-- Detecting C compile features
-- Detecting C compile features - done
-- Detecting CXX compiler ABI info
-- Detecting CXX compiler ABI info - done
-- Check for working CXX compiler: /usr/bin/c++ - skipped
-- Detecting CXX compile features
-- Detecting CXX compile features - done
-- Found ament_cmake: 1.3.13 (/opt/ros/humble/share/ament_cmake/cmake)
-- Found Python3: /usr/bin/python3 (found version "3.10.12") found components: Interpreter 
-- Configuring done
-- Generating done
-- Build files have been written to: /home/user/exchange/workspace/build/pal_pro_gripper
-- Install configuration: ""
-- Installing: /home/user/exchange/workspace/install/pal_pro_gripper/share/ament_index/resource_index/package_run_dependencies/pal_pro_gripper
-- Installing: /home/user/exchange/workspace/install/pal_pro_gripper/share/ament_index/resource_index/parent_prefix_path/pal_pro_gripper
-- Installing: /home/user/exchange/workspace/install/pal_pro_gripper/share/pal_pro_gripper/environment/ament_prefix_path.sh
-- Installing: /home/user/exchange/workspace/install/pal_pro_gripper/share/pal_pro_gripper/environment/ament_prefix_path.dsv
-- Installing: /home/user/exchange/workspace/install/pal_pro_gripper/share/pal_pro_gripper/environment/path.sh
-- Installing: /home/user/exchange/workspace/install/pal_pro_gripper/share/pal_pro_gripper/environment/path.dsv
-- Installing: /home/user/exchange/workspace/install/pal_pro_gripper/share/pal_pro_gripper/local_setup.bash
-- Installing: /home/user/exchange/workspace/install/pal_pro_gripper/share/pal_pro_gripper/local_setup.sh
-- Installing: /home/user/exchange/workspace/install/pal_pro_gripper/share/pal_pro_gripper/local_setup.zsh
-- Installing: /home/user/exchange/workspace/install/pal_pro_gripper/share/pal_pro_gripper/local_setup.dsv
-- Installing: /home/user/exchange/workspace/install/pal_pro_gripper/share/pal_pro_gripper/package.dsv
-- Installing: /home/user/exchange/workspace/install/pal_pro_gripper/share/ament_index/resource_index/packages/pal_pro_gripper
-- Installing: /home/user/exchange/workspace/install/pal_pro_gripper/share/pal_pro_gripper/cmake/pal_pro_gripperConfig.cmake
-- Installing: /home/user/exchange/workspace/install/pal_pro_gripper/share/pal_pro_gripper/cmake/pal_pro_gripperConfig-version.cmake
-- Installing: /home/user/exchange/workspace/install/pal_pro_gripper/share/pal_pro_gripper/package.xml
