[0.018s] Invoking command in '/home/user/exchange/workspace/build/pal_pro_gripper': AMENT_PREFIX_PATH=/home/user/exchange/workspace/install/pal_pro_gripper_controller_configuration:/home/user/exchange/workspace/install/pal_pro_gripper_wrapper:/home/user/exchange/workspace/install/pal_pro_gripper_description:${AMENT_PREFIX_PATH} CMAKE_PREFIX_PATH=/home/user/exchange/workspace/install/pal_pro_gripper_controller_configuration:/home/user/exchange/workspace/install/pal_pro_gripper_description:/opt/ros/humble PYTHONPATH=/home/user/exchange/workspace/install/pal_pro_gripper_wrapper/lib/python3.10/site-packages:/home/user/exchange/workspace/install/pal_pro_gripper_description/local/lib/python3.10/dist-packages:${PYTHONPATH} /usr/bin/cmake /home/user/exchange/workspace/src/pal_pro_gripper/pal_pro_gripper -DCMAKE_INSTALL_PREFIX=/home/user/exchange/workspace/install/pal_pro_gripper
[0.064s] -- The C compiler identification is GNU 11.4.0
[0.104s] -- The CXX compiler identification is GNU 11.4.0
[0.109s] -- Detecting C compiler ABI info
[0.147s] -- Detecting C compiler ABI info - done
[0.152s] -- Check for working C compiler: /usr/bin/cc - skipped
[0.152s] -- Detecting C compile features
[0.152s] -- Detecting C compile features - done
[0.154s] -- Detecting CXX compiler ABI info
[0.198s] -- Detecting CXX compiler ABI info - done
[0.207s] -- Check for working CXX compiler: /usr/bin/c++ - skipped
[0.207s] -- Detecting CXX compile features
[0.208s] -- Detecting CXX compile features - done
[0.210s] -- Found ament_cmake: 1.3.13 (/opt/ros/humble/share/ament_cmake/cmake)
[0.301s] -- Found Python3: /usr/bin/python3 (found version "3.10.12") found components: Interpreter 
[0.439s] -- Configuring done
[0.440s] -- Generating done
[0.441s] -- Build files have been written to: /home/user/exchange/workspace/build/pal_pro_gripper
[0.443s] Invoked command in '/home/user/exchange/workspace/build/pal_pro_gripper' returned '0': AMENT_PREFIX_PATH=/home/user/exchange/workspace/install/pal_pro_gripper_controller_configuration:/home/user/exchange/workspace/install/pal_pro_gripper_wrapper:/home/user/exchange/workspace/install/pal_pro_gripper_description:${AMENT_PREFIX_PATH} CMAKE_PREFIX_PATH=/home/user/exchange/workspace/install/pal_pro_gripper_controller_configuration:/home/user/exchange/workspace/install/pal_pro_gripper_description:/opt/ros/humble PYTHONPATH=/home/user/exchange/workspace/install/pal_pro_gripper_wrapper/lib/python3.10/site-packages:/home/user/exchange/workspace/install/pal_pro_gripper_description/local/lib/python3.10/dist-packages:${PYTHONPATH} /usr/bin/cmake /home/user/exchange/workspace/src/pal_pro_gripper/pal_pro_gripper -DCMAKE_INSTALL_PREFIX=/home/user/exchange/workspace/install/pal_pro_gripper
[0.444s] Invoking command in '/home/user/exchange/workspace/build/pal_pro_gripper': AMENT_PREFIX_PATH=/home/user/exchange/workspace/install/pal_pro_gripper_controller_configuration:/home/user/exchange/workspace/install/pal_pro_gripper_wrapper:/home/user/exchange/workspace/install/pal_pro_gripper_description:${AMENT_PREFIX_PATH} CMAKE_PREFIX_PATH=/home/user/exchange/workspace/install/pal_pro_gripper_controller_configuration:/home/user/exchange/workspace/install/pal_pro_gripper_description:/opt/ros/humble PYTHONPATH=/home/user/exchange/workspace/install/pal_pro_gripper_wrapper/lib/python3.10/site-packages:/home/user/exchange/workspace/install/pal_pro_gripper_description/local/lib/python3.10/dist-packages:${PYTHONPATH} /usr/bin/cmake --build /home/user/exchange/workspace/build/pal_pro_gripper -- -j12 -l12
[0.466s] Invoked command in '/home/user/exchange/workspace/build/pal_pro_gripper' returned '0': AMENT_PREFIX_PATH=/home/user/exchange/workspace/install/pal_pro_gripper_controller_configuration:/home/user/exchange/workspace/install/pal_pro_gripper_wrapper:/home/user/exchange/workspace/install/pal_pro_gripper_description:${AMENT_PREFIX_PATH} CMAKE_PREFIX_PATH=/home/user/exchange/workspace/install/pal_pro_gripper_controller_configuration:/home/user/exchange/workspace/install/pal_pro_gripper_description:/opt/ros/humble PYTHONPATH=/home/user/exchange/workspace/install/pal_pro_gripper_wrapper/lib/python3.10/site-packages:/home/user/exchange/workspace/install/pal_pro_gripper_description/local/lib/python3.10/dist-packages:${PYTHONPATH} /usr/bin/cmake --build /home/user/exchange/workspace/build/pal_pro_gripper -- -j12 -l12
[0.467s] Invoking command in '/home/user/exchange/workspace/build/pal_pro_gripper': AMENT_PREFIX_PATH=/home/user/exchange/workspace/install/pal_pro_gripper_controller_configuration:/home/user/exchange/workspace/install/pal_pro_gripper_wrapper:/home/user/exchange/workspace/install/pal_pro_gripper_description:${AMENT_PREFIX_PATH} CMAKE_PREFIX_PATH=/home/user/exchange/workspace/install/pal_pro_gripper_controller_configuration:/home/user/exchange/workspace/install/pal_pro_gripper_description:/opt/ros/humble PYTHONPATH=/home/user/exchange/workspace/install/pal_pro_gripper_wrapper/lib/python3.10/site-packages:/home/user/exchange/workspace/install/pal_pro_gripper_description/local/lib/python3.10/dist-packages:${PYTHONPATH} /usr/bin/cmake --install /home/user/exchange/workspace/build/pal_pro_gripper
[0.470s] -- Install configuration: ""
[0.471s] -- Installing: /home/user/exchange/workspace/install/pal_pro_gripper/share/ament_index/resource_index/package_run_dependencies/pal_pro_gripper
[0.471s] -- Installing: /home/user/exchange/workspace/install/pal_pro_gripper/share/ament_index/resource_index/parent_prefix_path/pal_pro_gripper
[0.471s] -- Installing: /home/user/exchange/workspace/install/pal_pro_gripper/share/pal_pro_gripper/environment/ament_prefix_path.sh
[0.471s] -- Installing: /home/user/exchange/workspace/install/pal_pro_gripper/share/pal_pro_gripper/environment/ament_prefix_path.dsv
[0.471s] -- Installing: /home/user/exchange/workspace/install/pal_pro_gripper/share/pal_pro_gripper/environment/path.sh
[0.471s] -- Installing: /home/user/exchange/workspace/install/pal_pro_gripper/share/pal_pro_gripper/environment/path.dsv
[0.471s] -- Installing: /home/user/exchange/workspace/install/pal_pro_gripper/share/pal_pro_gripper/local_setup.bash
[0.471s] -- Installing: /home/user/exchange/workspace/install/pal_pro_gripper/share/pal_pro_gripper/local_setup.sh
[0.471s] -- Installing: /home/user/exchange/workspace/install/pal_pro_gripper/share/pal_pro_gripper/local_setup.zsh
[0.471s] -- Installing: /home/user/exchange/workspace/install/pal_pro_gripper/share/pal_pro_gripper/local_setup.dsv
[0.471s] -- Installing: /home/user/exchange/workspace/install/pal_pro_gripper/share/pal_pro_gripper/package.dsv
[0.471s] -- Installing: /home/user/exchange/workspace/install/pal_pro_gripper/share/ament_index/resource_index/packages/pal_pro_gripper
[0.471s] -- Installing: /home/user/exchange/workspace/install/pal_pro_gripper/share/pal_pro_gripper/cmake/pal_pro_gripperConfig.cmake
[0.471s] -- Installing: /home/user/exchange/workspace/install/pal_pro_gripper/share/pal_pro_gripper/cmake/pal_pro_gripperConfig-version.cmake
[0.471s] -- Installing: /home/user/exchange/workspace/install/pal_pro_gripper/share/pal_pro_gripper/package.xml
[0.478s] Invoked command in '/home/user/exchange/workspace/build/pal_pro_gripper' returned '0': AMENT_PREFIX_PATH=/home/user/exchange/workspace/install/pal_pro_gripper_controller_configuration:/home/user/exchange/workspace/install/pal_pro_gripper_wrapper:/home/user/exchange/workspace/install/pal_pro_gripper_description:${AMENT_PREFIX_PATH} CMAKE_PREFIX_PATH=/home/user/exchange/workspace/install/pal_pro_gripper_controller_configuration:/home/user/exchange/workspace/install/pal_pro_gripper_description:/opt/ros/humble PYTHONPATH=/home/user/exchange/workspace/install/pal_pro_gripper_wrapper/lib/python3.10/site-packages:/home/user/exchange/workspace/install/pal_pro_gripper_description/local/lib/python3.10/dist-packages:${PYTHONPATH} /usr/bin/cmake --install /home/user/exchange/workspace/build/pal_pro_gripper
