[35m[1mConsolidate compiler generated dependencies of target place_macro_task_node[0m
[ 50%] Built target pick_macro_task_node
[ 75%] [32mBuilding CXX object CMakeFiles/place_macro_task_node.dir/src/place_macro_task_node.cpp.o[0m
[01m[K/home/user/exchange/workspace/src/tiago_manipulation_tasks/src/place_macro_task_node.cpp:[m[K In member function ‘[01m[Kvoid PlaceMacroTaskNode::executeMacroTask()[m[K’:
[01m[K/home/user/exchange/workspace/src/tiago_manipulation_tasks/src/place_macro_task_node.cpp:174:13:[m[K [01;35m[Kwarning: [m[Kunused variable ‘[01m[Kcell_id[m[K’ [[01;35m[K]8;;https://gcc.gnu.org/onlinedocs/gcc/Warning-Options.html#index-Wunused-variable-Wunused-variable]8;;[m[K]
  174 |         int [01;35m[Kcell_id[m[K = std::stoi(cell_id_str);
      |             [01;35m[K^~~~~~~[m[K
[100%] [32m[1mLinking CXX executable place_macro_task_node[0m
[100%] Built target place_macro_task_node
-- Install configuration: ""
-- Up-to-date: /home/user/exchange/workspace/install/tiago_manipulation_tasks/lib/tiago_manipulation_tasks/pick_macro_task_node
-- Installing: /home/user/exchange/workspace/install/tiago_manipulation_tasks/lib/tiago_manipulation_tasks/place_macro_task_node
-- Set runtime path of "/home/user/exchange/workspace/install/tiago_manipulation_tasks/lib/tiago_manipulation_tasks/place_macro_task_node" to ""
-- Up-to-date: /home/user/exchange/workspace/install/tiago_manipulation_tasks/share/ament_index/resource_index/package_run_dependencies/tiago_manipulation_tasks
-- Up-to-date: /home/user/exchange/workspace/install/tiago_manipulation_tasks/share/ament_index/resource_index/parent_prefix_path/tiago_manipulation_tasks
-- Up-to-date: /home/user/exchange/workspace/install/tiago_manipulation_tasks/share/tiago_manipulation_tasks/environment/ament_prefix_path.sh
-- Up-to-date: /home/user/exchange/workspace/install/tiago_manipulation_tasks/share/tiago_manipulation_tasks/environment/ament_prefix_path.dsv
-- Up-to-date: /home/user/exchange/workspace/install/tiago_manipulation_tasks/share/tiago_manipulation_tasks/environment/path.sh
-- Up-to-date: /home/user/exchange/workspace/install/tiago_manipulation_tasks/share/tiago_manipulation_tasks/environment/path.dsv
-- Up-to-date: /home/user/exchange/workspace/install/tiago_manipulation_tasks/share/tiago_manipulation_tasks/local_setup.bash
-- Up-to-date: /home/user/exchange/workspace/install/tiago_manipulation_tasks/share/tiago_manipulation_tasks/local_setup.sh
-- Up-to-date: /home/user/exchange/workspace/install/tiago_manipulation_tasks/share/tiago_manipulation_tasks/local_setup.zsh
-- Up-to-date: /home/user/exchange/workspace/install/tiago_manipulation_tasks/share/tiago_manipulation_tasks/local_setup.dsv
-- Installing: /home/user/exchange/workspace/install/tiago_manipulation_tasks/share/tiago_manipulation_tasks/package.dsv
-- Up-to-date: /home/user/exchange/workspace/install/tiago_manipulation_tasks/share/ament_index/resource_index/packages/tiago_manipulation_tasks
-- Up-to-date: /home/user/exchange/workspace/install/tiago_manipulation_tasks/share/tiago_manipulation_tasks/cmake/tiago_manipulation_tasksConfig.cmake
-- Up-to-date: /home/user/exchange/workspace/install/tiago_manipulation_tasks/share/tiago_manipulation_tasks/cmake/tiago_manipulation_tasksConfig-version.cmake
-- Up-to-date: /home/user/exchange/workspace/install/tiago_manipulation_tasks/share/tiago_manipulation_tasks/package.xml
