[0.011s] Invoking command in '/home/user/exchange/workspace/build/pal_pro_gripper': AMENT_PREFIX_PATH=/home/user/exchange/workspace/install/pal_pro_gripper_controller_configuration:/home/user/exchange/workspace/install/pal_pro_gripper_wrapper:/home/user/exchange/workspace/install/pal_pro_gripper_description:${AMENT_PREFIX_PATH} CMAKE_PREFIX_PATH=/home/user/exchange/workspace/install/pal_pro_gripper_controller_configuration:/home/user/exchange/workspace/install/pal_pro_gripper_description:/opt/ros/humble PYTHONPATH=/home/user/exchange/workspace/install/pal_pro_gripper_wrapper/lib/python3.10/site-packages:/home/user/exchange/workspace/install/pal_pro_gripper_description/local/lib/python3.10/dist-packages:${PYTHONPATH} /usr/bin/cmake --build /home/user/exchange/workspace/build/pal_pro_gripper -- -j12 -l12
[0.032s] Invoked command in '/home/user/exchange/workspace/build/pal_pro_gripper' returned '0': AMENT_PREFIX_PATH=/home/user/exchange/workspace/install/pal_pro_gripper_controller_configuration:/home/user/exchange/workspace/install/pal_pro_gripper_wrapper:/home/user/exchange/workspace/install/pal_pro_gripper_description:${AMENT_PREFIX_PATH} CMAKE_PREFIX_PATH=/home/user/exchange/workspace/install/pal_pro_gripper_controller_configuration:/home/user/exchange/workspace/install/pal_pro_gripper_description:/opt/ros/humble PYTHONPATH=/home/user/exchange/workspace/install/pal_pro_gripper_wrapper/lib/python3.10/site-packages:/home/user/exchange/workspace/install/pal_pro_gripper_description/local/lib/python3.10/dist-packages:${PYTHONPATH} /usr/bin/cmake --build /home/user/exchange/workspace/build/pal_pro_gripper -- -j12 -l12
[0.033s] Invoking command in '/home/user/exchange/workspace/build/pal_pro_gripper': AMENT_PREFIX_PATH=/home/user/exchange/workspace/install/pal_pro_gripper_controller_configuration:/home/user/exchange/workspace/install/pal_pro_gripper_wrapper:/home/user/exchange/workspace/install/pal_pro_gripper_description:${AMENT_PREFIX_PATH} CMAKE_PREFIX_PATH=/home/user/exchange/workspace/install/pal_pro_gripper_controller_configuration:/home/user/exchange/workspace/install/pal_pro_gripper_description:/opt/ros/humble PYTHONPATH=/home/user/exchange/workspace/install/pal_pro_gripper_wrapper/lib/python3.10/site-packages:/home/user/exchange/workspace/install/pal_pro_gripper_description/local/lib/python3.10/dist-packages:${PYTHONPATH} /usr/bin/cmake --install /home/user/exchange/workspace/build/pal_pro_gripper
[0.039s] -- Install configuration: ""
[0.039s] -- Up-to-date: /home/user/exchange/workspace/install/pal_pro_gripper/share/ament_index/resource_index/package_run_dependencies/pal_pro_gripper
[0.039s] -- Up-to-date: /home/user/exchange/workspace/install/pal_pro_gripper/share/ament_index/resource_index/parent_prefix_path/pal_pro_gripper
[0.040s] -- Up-to-date: /home/user/exchange/workspace/install/pal_pro_gripper/share/pal_pro_gripper/environment/ament_prefix_path.sh
[0.040s] -- Up-to-date: /home/user/exchange/workspace/install/pal_pro_gripper/share/pal_pro_gripper/environment/ament_prefix_path.dsv
[0.040s] -- Up-to-date: /home/user/exchange/workspace/install/pal_pro_gripper/share/pal_pro_gripper/environment/path.sh
[0.040s] -- Up-to-date: /home/user/exchange/workspace/install/pal_pro_gripper/share/pal_pro_gripper/environment/path.dsv
[0.040s] -- Up-to-date: /home/user/exchange/workspace/install/pal_pro_gripper/share/pal_pro_gripper/local_setup.bash
[0.040s] -- Up-to-date: /home/user/exchange/workspace/install/pal_pro_gripper/share/pal_pro_gripper/local_setup.sh
[0.040s] -- Up-to-date: /home/user/exchange/workspace/install/pal_pro_gripper/share/pal_pro_gripper/local_setup.zsh
[0.040s] -- Up-to-date: /home/user/exchange/workspace/install/pal_pro_gripper/share/pal_pro_gripper/local_setup.dsv
[0.040s] -- Installing: /home/user/exchange/workspace/install/pal_pro_gripper/share/pal_pro_gripper/package.dsv
[0.040s] -- Up-to-date: /home/user/exchange/workspace/install/pal_pro_gripper/share/ament_index/resource_index/packages/pal_pro_gripper
[0.040s] -- Up-to-date: /home/user/exchange/workspace/install/pal_pro_gripper/share/pal_pro_gripper/cmake/pal_pro_gripperConfig.cmake
[0.040s] -- Up-to-date: /home/user/exchange/workspace/install/pal_pro_gripper/share/pal_pro_gripper/cmake/pal_pro_gripperConfig-version.cmake
[0.041s] -- Up-to-date: /home/user/exchange/workspace/install/pal_pro_gripper/share/pal_pro_gripper/package.xml
[0.054s] Invoked command in '/home/user/exchange/workspace/build/pal_pro_gripper' returned '0': AMENT_PREFIX_PATH=/home/user/exchange/workspace/install/pal_pro_gripper_controller_configuration:/home/user/exchange/workspace/install/pal_pro_gripper_wrapper:/home/user/exchange/workspace/install/pal_pro_gripper_description:${AMENT_PREFIX_PATH} CMAKE_PREFIX_PATH=/home/user/exchange/workspace/install/pal_pro_gripper_controller_configuration:/home/user/exchange/workspace/install/pal_pro_gripper_description:/opt/ros/humble PYTHONPATH=/home/user/exchange/workspace/install/pal_pro_gripper_wrapper/lib/python3.10/site-packages:/home/user/exchange/workspace/install/pal_pro_gripper_description/local/lib/python3.10/dist-packages:${PYTHONPATH} /usr/bin/cmake --install /home/user/exchange/workspace/build/pal_pro_gripper
