[0.006s] Invoking command in '/home/user/exchange/workspace/build/pal_sea_arm': AMENT_PREFIX_PATH=/home/user/exchange/workspace/install/pal_sea_arm_bringup:/home/user/exchange/workspace/install/pal_sea_arm_description:/home/user/exchange/workspace/install/pal_sea_arm_controller_configuration:/home/user/exchange/workspace/install/pal_pro_gripper_controller_configuration:/home/user/exchange/workspace/install/pal_pro_gripper_wrapper:/home/user/exchange/workspace/install/pal_pro_gripper_description:${AMENT_PREFIX_PATH} CMAKE_PREFIX_PATH=/home/user/exchange/workspace/install/pal_sea_arm_bringup:/home/user/exchange/workspace/install/pal_sea_arm_description:/home/user/exchange/workspace/install/pal_sea_arm_controller_configuration:/home/user/exchange/workspace/install/pal_pro_gripper_controller_configuration:/home/user/exchange/workspace/install/pal_pro_gripper_description:/opt/ros/humble PYTHONPATH=/home/user/exchange/workspace/install/pal_sea_arm_description/local/lib/python3.10/dist-packages:/home/user/exchange/workspace/install/pal_pro_gripper_wrapper/lib/python3.10/site-packages:/home/user/exchange/workspace/install/pal_pro_gripper_description/local/lib/python3.10/dist-packages:${PYTHONPATH} /usr/bin/cmake /home/user/exchange/workspace/src/pal_sea_arm/pal_sea_arm -DCMAKE_INSTALL_PREFIX=/home/user/exchange/workspace/install/pal_sea_arm
[0.037s] -- The C compiler identification is GNU 11.4.0
[0.070s] -- The CXX compiler identification is GNU 11.4.0
[0.075s] -- Detecting C compiler ABI info
[0.113s] -- Detecting C compiler ABI info - done
[0.117s] -- Check for working C compiler: /usr/bin/cc - skipped
[0.117s] -- Detecting C compile features
[0.118s] -- Detecting C compile features - done
[0.120s] -- Detecting CXX compiler ABI info
[0.169s] -- Detecting CXX compiler ABI info - done
[0.174s] -- Check for working CXX compiler: /usr/bin/c++ - skipped
[0.174s] -- Detecting CXX compile features
[0.174s] -- Detecting CXX compile features - done
[0.177s] -- Found ament_cmake: 1.3.13 (/opt/ros/humble/share/ament_cmake/cmake)
[0.265s] -- Found Python3: /usr/bin/python3 (found version "3.10.12") found components: Interpreter 
[0.377s] -- Configuring done
[0.379s] -- Generating done
[0.380s] -- Build files have been written to: /home/user/exchange/workspace/build/pal_sea_arm
[0.383s] Invoked command in '/home/user/exchange/workspace/build/pal_sea_arm' returned '0': AMENT_PREFIX_PATH=/home/user/exchange/workspace/install/pal_sea_arm_bringup:/home/user/exchange/workspace/install/pal_sea_arm_description:/home/user/exchange/workspace/install/pal_sea_arm_controller_configuration:/home/user/exchange/workspace/install/pal_pro_gripper_controller_configuration:/home/user/exchange/workspace/install/pal_pro_gripper_wrapper:/home/user/exchange/workspace/install/pal_pro_gripper_description:${AMENT_PREFIX_PATH} CMAKE_PREFIX_PATH=/home/user/exchange/workspace/install/pal_sea_arm_bringup:/home/user/exchange/workspace/install/pal_sea_arm_description:/home/user/exchange/workspace/install/pal_sea_arm_controller_configuration:/home/user/exchange/workspace/install/pal_pro_gripper_controller_configuration:/home/user/exchange/workspace/install/pal_pro_gripper_description:/opt/ros/humble PYTHONPATH=/home/user/exchange/workspace/install/pal_sea_arm_description/local/lib/python3.10/dist-packages:/home/user/exchange/workspace/install/pal_pro_gripper_wrapper/lib/python3.10/site-packages:/home/user/exchange/workspace/install/pal_pro_gripper_description/local/lib/python3.10/dist-packages:${PYTHONPATH} /usr/bin/cmake /home/user/exchange/workspace/src/pal_sea_arm/pal_sea_arm -DCMAKE_INSTALL_PREFIX=/home/user/exchange/workspace/install/pal_sea_arm
[0.383s] Invoking command in '/home/user/exchange/workspace/build/pal_sea_arm': AMENT_PREFIX_PATH=/home/user/exchange/workspace/install/pal_sea_arm_bringup:/home/user/exchange/workspace/install/pal_sea_arm_description:/home/user/exchange/workspace/install/pal_sea_arm_controller_configuration:/home/user/exchange/workspace/install/pal_pro_gripper_controller_configuration:/home/user/exchange/workspace/install/pal_pro_gripper_wrapper:/home/user/exchange/workspace/install/pal_pro_gripper_description:${AMENT_PREFIX_PATH} CMAKE_PREFIX_PATH=/home/user/exchange/workspace/install/pal_sea_arm_bringup:/home/user/exchange/workspace/install/pal_sea_arm_description:/home/user/exchange/workspace/install/pal_sea_arm_controller_configuration:/home/user/exchange/workspace/install/pal_pro_gripper_controller_configuration:/home/user/exchange/workspace/install/pal_pro_gripper_description:/opt/ros/humble PYTHONPATH=/home/user/exchange/workspace/install/pal_sea_arm_description/local/lib/python3.10/dist-packages:/home/user/exchange/workspace/install/pal_pro_gripper_wrapper/lib/python3.10/site-packages:/home/user/exchange/workspace/install/pal_pro_gripper_description/local/lib/python3.10/dist-packages:${PYTHONPATH} /usr/bin/cmake --build /home/user/exchange/workspace/build/pal_sea_arm -- -j12 -l12
[0.403s] Invoked command in '/home/user/exchange/workspace/build/pal_sea_arm' returned '0': AMENT_PREFIX_PATH=/home/user/exchange/workspace/install/pal_sea_arm_bringup:/home/user/exchange/workspace/install/pal_sea_arm_description:/home/user/exchange/workspace/install/pal_sea_arm_controller_configuration:/home/user/exchange/workspace/install/pal_pro_gripper_controller_configuration:/home/user/exchange/workspace/install/pal_pro_gripper_wrapper:/home/user/exchange/workspace/install/pal_pro_gripper_description:${AMENT_PREFIX_PATH} CMAKE_PREFIX_PATH=/home/user/exchange/workspace/install/pal_sea_arm_bringup:/home/user/exchange/workspace/install/pal_sea_arm_description:/home/user/exchange/workspace/install/pal_sea_arm_controller_configuration:/home/user/exchange/workspace/install/pal_pro_gripper_controller_configuration:/home/user/exchange/workspace/install/pal_pro_gripper_description:/opt/ros/humble PYTHONPATH=/home/user/exchange/workspace/install/pal_sea_arm_description/local/lib/python3.10/dist-packages:/home/user/exchange/workspace/install/pal_pro_gripper_wrapper/lib/python3.10/site-packages:/home/user/exchange/workspace/install/pal_pro_gripper_description/local/lib/python3.10/dist-packages:${PYTHONPATH} /usr/bin/cmake --build /home/user/exchange/workspace/build/pal_sea_arm -- -j12 -l12
[0.404s] Invoking command in '/home/user/exchange/workspace/build/pal_sea_arm': AMENT_PREFIX_PATH=/home/user/exchange/workspace/install/pal_sea_arm_bringup:/home/user/exchange/workspace/install/pal_sea_arm_description:/home/user/exchange/workspace/install/pal_sea_arm_controller_configuration:/home/user/exchange/workspace/install/pal_pro_gripper_controller_configuration:/home/user/exchange/workspace/install/pal_pro_gripper_wrapper:/home/user/exchange/workspace/install/pal_pro_gripper_description:${AMENT_PREFIX_PATH} CMAKE_PREFIX_PATH=/home/user/exchange/workspace/install/pal_sea_arm_bringup:/home/user/exchange/workspace/install/pal_sea_arm_description:/home/user/exchange/workspace/install/pal_sea_arm_controller_configuration:/home/user/exchange/workspace/install/pal_pro_gripper_controller_configuration:/home/user/exchange/workspace/install/pal_pro_gripper_description:/opt/ros/humble PYTHONPATH=/home/user/exchange/workspace/install/pal_sea_arm_description/local/lib/python3.10/dist-packages:/home/user/exchange/workspace/install/pal_pro_gripper_wrapper/lib/python3.10/site-packages:/home/user/exchange/workspace/install/pal_pro_gripper_description/local/lib/python3.10/dist-packages:${PYTHONPATH} /usr/bin/cmake --install /home/user/exchange/workspace/build/pal_sea_arm
[0.409s] -- Install configuration: ""
[0.409s] -- Installing: /home/user/exchange/workspace/install/pal_sea_arm/share/ament_index/resource_index/package_run_dependencies/pal_sea_arm
[0.409s] -- Installing: /home/user/exchange/workspace/install/pal_sea_arm/share/ament_index/resource_index/parent_prefix_path/pal_sea_arm
[0.409s] -- Installing: /home/user/exchange/workspace/install/pal_sea_arm/share/pal_sea_arm/environment/ament_prefix_path.sh
[0.409s] -- Installing: /home/user/exchange/workspace/install/pal_sea_arm/share/pal_sea_arm/environment/ament_prefix_path.dsv
[0.409s] -- Installing: /home/user/exchange/workspace/install/pal_sea_arm/share/pal_sea_arm/environment/path.sh
[0.409s] -- Installing: /home/user/exchange/workspace/install/pal_sea_arm/share/pal_sea_arm/environment/path.dsv
[0.409s] -- Installing: /home/user/exchange/workspace/install/pal_sea_arm/share/pal_sea_arm/local_setup.bash
[0.409s] -- Installing: /home/user/exchange/workspace/install/pal_sea_arm/share/pal_sea_arm/local_setup.sh
[0.409s] -- Installing: /home/user/exchange/workspace/install/pal_sea_arm/share/pal_sea_arm/local_setup.zsh
[0.409s] -- Installing: /home/user/exchange/workspace/install/pal_sea_arm/share/pal_sea_arm/local_setup.dsv
[0.409s] -- Installing: /home/user/exchange/workspace/install/pal_sea_arm/share/pal_sea_arm/package.dsv
[0.409s] -- Installing: /home/user/exchange/workspace/install/pal_sea_arm/share/ament_index/resource_index/packages/pal_sea_arm
[0.409s] -- Installing: /home/user/exchange/workspace/install/pal_sea_arm/share/pal_sea_arm/cmake/pal_sea_armConfig.cmake
[0.410s] -- Installing: /home/user/exchange/workspace/install/pal_sea_arm/share/pal_sea_arm/cmake/pal_sea_armConfig-version.cmake
[0.410s] -- Installing: /home/user/exchange/workspace/install/pal_sea_arm/share/pal_sea_arm/package.xml
[0.411s] Invoked command in '/home/user/exchange/workspace/build/pal_sea_arm' returned '0': AMENT_PREFIX_PATH=/home/user/exchange/workspace/install/pal_sea_arm_bringup:/home/user/exchange/workspace/install/pal_sea_arm_description:/home/user/exchange/workspace/install/pal_sea_arm_controller_configuration:/home/user/exchange/workspace/install/pal_pro_gripper_controller_configuration:/home/user/exchange/workspace/install/pal_pro_gripper_wrapper:/home/user/exchange/workspace/install/pal_pro_gripper_description:${AMENT_PREFIX_PATH} CMAKE_PREFIX_PATH=/home/user/exchange/workspace/install/pal_sea_arm_bringup:/home/user/exchange/workspace/install/pal_sea_arm_description:/home/user/exchange/workspace/install/pal_sea_arm_controller_configuration:/home/user/exchange/workspace/install/pal_pro_gripper_controller_configuration:/home/user/exchange/workspace/install/pal_pro_gripper_description:/opt/ros/humble PYTHONPATH=/home/user/exchange/workspace/install/pal_sea_arm_description/local/lib/python3.10/dist-packages:/home/user/exchange/workspace/install/pal_pro_gripper_wrapper/lib/python3.10/site-packages:/home/user/exchange/workspace/install/pal_pro_gripper_description/local/lib/python3.10/dist-packages:${PYTHONPATH} /usr/bin/cmake --install /home/user/exchange/workspace/build/pal_sea_arm
