[0.008s] Invoking command in '/home/user/exchange/workspace/build/pal_sea_arm_moveit_config': AMENT_PREFIX_PATH=/home/user/exchange/workspace/install/pal_sea_arm_description:/home/user/exchange/workspace/install/pal_sea_arm_controller_configuration:/home/user/exchange/workspace/install/pal_pro_gripper_controller_configuration:/home/user/exchange/workspace/install/pal_pro_gripper_wrapper:/home/user/exchange/workspace/install/pal_pro_gripper_description:${AMENT_PREFIX_PATH} CMAKE_PREFIX_PATH=/home/user/exchange/workspace/install/pal_sea_arm_description:/home/user/exchange/workspace/install/pal_sea_arm_controller_configuration:/home/user/exchange/workspace/install/pal_pro_gripper_controller_configuration:/home/user/exchange/workspace/install/pal_pro_gripper_description:/opt/ros/humble PYTHONPATH=/home/user/exchange/workspace/install/pal_sea_arm_description/local/lib/python3.10/dist-packages:/home/user/exchange/workspace/install/pal_pro_gripper_wrapper/lib/python3.10/site-packages:/home/user/exchange/workspace/install/pal_pro_gripper_description/local/lib/python3.10/dist-packages:${PYTHONPATH} /usr/bin/cmake --build /home/user/exchange/workspace/build/pal_sea_arm_moveit_config -- -j12 -l12
[0.029s] Invoked command in '/home/user/exchange/workspace/build/pal_sea_arm_moveit_config' returned '0': AMENT_PREFIX_PATH=/home/user/exchange/workspace/install/pal_sea_arm_description:/home/user/exchange/workspace/install/pal_sea_arm_controller_configuration:/home/user/exchange/workspace/install/pal_pro_gripper_controller_configuration:/home/user/exchange/workspace/install/pal_pro_gripper_wrapper:/home/user/exchange/workspace/install/pal_pro_gripper_description:${AMENT_PREFIX_PATH} CMAKE_PREFIX_PATH=/home/user/exchange/workspace/install/pal_sea_arm_description:/home/user/exchange/workspace/install/pal_sea_arm_controller_configuration:/home/user/exchange/workspace/install/pal_pro_gripper_controller_configuration:/home/user/exchange/workspace/install/pal_pro_gripper_description:/opt/ros/humble PYTHONPATH=/home/user/exchange/workspace/install/pal_sea_arm_description/local/lib/python3.10/dist-packages:/home/user/exchange/workspace/install/pal_pro_gripper_wrapper/lib/python3.10/site-packages:/home/user/exchange/workspace/install/pal_pro_gripper_description/local/lib/python3.10/dist-packages:${PYTHONPATH} /usr/bin/cmake --build /home/user/exchange/workspace/build/pal_sea_arm_moveit_config -- -j12 -l12
[0.030s] Invoking command in '/home/user/exchange/workspace/build/pal_sea_arm_moveit_config': AMENT_PREFIX_PATH=/home/user/exchange/workspace/install/pal_sea_arm_description:/home/user/exchange/workspace/install/pal_sea_arm_controller_configuration:/home/user/exchange/workspace/install/pal_pro_gripper_controller_configuration:/home/user/exchange/workspace/install/pal_pro_gripper_wrapper:/home/user/exchange/workspace/install/pal_pro_gripper_description:${AMENT_PREFIX_PATH} CMAKE_PREFIX_PATH=/home/user/exchange/workspace/install/pal_sea_arm_description:/home/user/exchange/workspace/install/pal_sea_arm_controller_configuration:/home/user/exchange/workspace/install/pal_pro_gripper_controller_configuration:/home/user/exchange/workspace/install/pal_pro_gripper_description:/opt/ros/humble PYTHONPATH=/home/user/exchange/workspace/install/pal_sea_arm_description/local/lib/python3.10/dist-packages:/home/user/exchange/workspace/install/pal_pro_gripper_wrapper/lib/python3.10/site-packages:/home/user/exchange/workspace/install/pal_pro_gripper_description/local/lib/python3.10/dist-packages:${PYTHONPATH} /usr/bin/cmake --install /home/user/exchange/workspace/build/pal_sea_arm_moveit_config
[0.034s] -- Install configuration: ""
[0.034s] -- Up-to-date: /home/user/exchange/workspace/install/pal_sea_arm_moveit_config/share/pal_sea_arm_moveit_config/launch
[0.034s] -- Up-to-date: /home/user/exchange/workspace/install/pal_sea_arm_moveit_config/share/pal_sea_arm_moveit_config/launch/move_group.launch.py
[0.034s] -- Up-to-date: /home/user/exchange/workspace/install/pal_sea_arm_moveit_config/share/pal_sea_arm_moveit_config/launch/moveit_rviz.launch.py
[0.034s] -- Up-to-date: /home/user/exchange/workspace/install/pal_sea_arm_moveit_config/share/pal_sea_arm_moveit_config/config
[0.035s] -- Up-to-date: /home/user/exchange/workspace/install/pal_sea_arm_moveit_config/share/pal_sea_arm_moveit_config/config/pilz_cartesian_limits.yaml
[0.035s] -- Up-to-date: /home/user/exchange/workspace/install/pal_sea_arm_moveit_config/share/pal_sea_arm_moveit_config/config/kinematics_kdl.yaml
[0.035s] -- Up-to-date: /home/user/exchange/workspace/install/pal_sea_arm_moveit_config/share/pal_sea_arm_moveit_config/config/srdf
[0.035s] -- Up-to-date: /home/user/exchange/workspace/install/pal_sea_arm_moveit_config/share/pal_sea_arm_moveit_config/config/srdf/scripts
[0.035s] -- Up-to-date: /home/user/exchange/workspace/install/pal_sea_arm_moveit_config/share/pal_sea_arm_moveit_config/config/srdf/scripts/merge.sh
[0.035s] -- Up-to-date: /home/user/exchange/workspace/install/pal_sea_arm_moveit_config/share/pal_sea_arm_moveit_config/config/srdf/scripts/update.sh
[0.035s] -- Up-to-date: /home/user/exchange/workspace/install/pal_sea_arm_moveit_config/share/pal_sea_arm_moveit_config/config/srdf/disable_collisions
[0.035s] -- Up-to-date: /home/user/exchange/workspace/install/pal_sea_arm_moveit_config/share/pal_sea_arm_moveit_config/config/srdf/disable_collisions/allegro-hand.srdf.xacro
[0.035s] -- Up-to-date: /home/user/exchange/workspace/install/pal_sea_arm_moveit_config/share/pal_sea_arm_moveit_config/config/srdf/disable_collisions/pal-pro-gripper_rokubi.srdf.xacro
[0.035s] -- Up-to-date: /home/user/exchange/workspace/install/pal_sea_arm_moveit_config/share/pal_sea_arm_moveit_config/config/srdf/disable_collisions/no-ee_rokubi.srdf.xacro
[0.035s] -- Up-to-date: /home/user/exchange/workspace/install/pal_sea_arm_moveit_config/share/pal_sea_arm_moveit_config/config/srdf/disable_collisions/pal_sea_arm_no-ee_ati.srdf.xacro
[0.035s] -- Up-to-date: /home/user/exchange/workspace/install/pal_sea_arm_moveit_config/share/pal_sea_arm_moveit_config/config/srdf/disable_collisions/pal_sea_arm_no-ee.srdf.xacro
[0.035s] -- Up-to-date: /home/user/exchange/workspace/install/pal_sea_arm_moveit_config/share/pal_sea_arm_moveit_config/config/srdf/disable_collisions/allegro-hand_rokubi.srdf.xacro
[0.035s] -- Up-to-date: /home/user/exchange/workspace/install/pal_sea_arm_moveit_config/share/pal_sea_arm_moveit_config/config/srdf/disable_collisions/pal_sea_arm_no-ee_rokubi.srdf.xacro
[0.035s] -- Up-to-date: /home/user/exchange/workspace/install/pal_sea_arm_moveit_config/share/pal_sea_arm_moveit_config/config/srdf/disable_collisions/pal_sea_arm_pal-pro-gripper.srdf.xacro
[0.035s] -- Up-to-date: /home/user/exchange/workspace/install/pal_sea_arm_moveit_config/share/pal_sea_arm_moveit_config/config/srdf/disable_collisions/no-ee.srdf.xacro
[0.035s] -- Up-to-date: /home/user/exchange/workspace/install/pal_sea_arm_moveit_config/share/pal_sea_arm_moveit_config/config/srdf/disable_collisions/pal-pro-gripper.srdf.xacro
[0.035s] -- Up-to-date: /home/user/exchange/workspace/install/pal_sea_arm_moveit_config/share/pal_sea_arm_moveit_config/config/srdf/disable_collisions/pal_sea_arm_allegro-hand.srdf.xacro
[0.035s] -- Up-to-date: /home/user/exchange/workspace/install/pal_sea_arm_moveit_config/share/pal_sea_arm_moveit_config/config/srdf/disable_collisions/pal_sea_arm_allegro-hand_rokubi.srdf.xacro
[0.035s] -- Up-to-date: /home/user/exchange/workspace/install/pal_sea_arm_moveit_config/share/pal_sea_arm_moveit_config/config/srdf/disable_collisions/pal_sea_arm_no-arm.srdf.xacro
[0.035s] -- Up-to-date: /home/user/exchange/workspace/install/pal_sea_arm_moveit_config/share/pal_sea_arm_moveit_config/config/srdf/disable_collisions/pal_sea_arm_pal-pro-gripper_rokubi.srdf.xacro
[0.035s] -- Up-to-date: /home/user/exchange/workspace/install/pal_sea_arm_moveit_config/share/pal_sea_arm_moveit_config/config/srdf/pal_sea_arm.srdf.xacro
[0.035s] -- Up-to-date: /home/user/exchange/workspace/install/pal_sea_arm_moveit_config/share/pal_sea_arm_moveit_config/config/srdf/end_effectors
[0.036s] -- Up-to-date: /home/user/exchange/workspace/install/pal_sea_arm_moveit_config/share/pal_sea_arm_moveit_config/config/srdf/end_effectors/allegro-hand.srdf.xacro
[0.036s] -- Up-to-date: /home/user/exchange/workspace/install/pal_sea_arm_moveit_config/share/pal_sea_arm_moveit_config/config/srdf/end_effectors/no-end-effector.srdf.xacro
[0.036s] -- Up-to-date: /home/user/exchange/workspace/install/pal_sea_arm_moveit_config/share/pal_sea_arm_moveit_config/config/srdf/end_effectors/pal-pro-gripper.srdf.xacro
[0.036s] -- Up-to-date: /home/user/exchange/workspace/install/pal_sea_arm_moveit_config/share/pal_sea_arm_moveit_config/config/rviz
[0.036s] -- Up-to-date: /home/user/exchange/workspace/install/pal_sea_arm_moveit_config/share/pal_sea_arm_moveit_config/config/rviz/moveit.rviz
[0.036s] -- Up-to-date: /home/user/exchange/workspace/install/pal_sea_arm_moveit_config/share/pal_sea_arm_moveit_config/config/joint_limits.yaml
[0.036s] -- Up-to-date: /home/user/exchange/workspace/install/pal_sea_arm_moveit_config/share/pal_sea_arm_moveit_config/config/chomp_planning.yaml
[0.036s] -- Up-to-date: /home/user/exchange/workspace/install/pal_sea_arm_moveit_config/share/pal_sea_arm_moveit_config/config/controllers
[0.036s] -- Up-to-date: /home/user/exchange/workspace/install/pal_sea_arm_moveit_config/share/pal_sea_arm_moveit_config/config/controllers/controllers.yaml.em
[0.036s] -- Up-to-date: /home/user/exchange/workspace/install/pal_sea_arm_moveit_config/share/pal_sea_arm_moveit_config/config/controllers/controllers_custom.yaml
[0.036s] -- Up-to-date: /home/user/exchange/workspace/install/pal_sea_arm_moveit_config/share/pal_sea_arm_moveit_config/config/controllers/controllers_no-ee.yaml
[0.036s] -- Up-to-date: /home/user/exchange/workspace/install/pal_sea_arm_moveit_config/share/pal_sea_arm_moveit_config/config/controllers/controllers_no-ee_rokubi.yaml
[0.037s] -- Up-to-date: /home/user/exchange/workspace/install/pal_sea_arm_moveit_config/share/pal_sea_arm_moveit_config/config/controllers/controllers_pal-pro-gripper.yaml
[0.037s] -- Up-to-date: /home/user/exchange/workspace/install/pal_sea_arm_moveit_config/share/pal_sea_arm_moveit_config/config/controllers/controllers_no-ee_ati.yaml
[0.037s] -- Up-to-date: /home/user/exchange/workspace/install/pal_sea_arm_moveit_config/share/pal_sea_arm_moveit_config/config/controllers/controllers_pal-pro-gripper_rokubi.yaml
[0.037s] -- Up-to-date: /home/user/exchange/workspace/install/pal_sea_arm_moveit_config/share/pal_sea_arm_moveit_config/config/controllers/controllers_custom_rokubi.yaml
[0.037s] -- Up-to-date: /home/user/exchange/workspace/install/pal_sea_arm_moveit_config/share/pal_sea_arm_moveit_config/config/ompl_planning.yaml
[0.037s] -- Up-to-date: /home/user/exchange/workspace/install/pal_sea_arm_moveit_config/share/ament_index/resource_index/package_run_dependencies/pal_sea_arm_moveit_config
[0.037s] -- Up-to-date: /home/user/exchange/workspace/install/pal_sea_arm_moveit_config/share/ament_index/resource_index/parent_prefix_path/pal_sea_arm_moveit_config
[0.037s] -- Up-to-date: /home/user/exchange/workspace/install/pal_sea_arm_moveit_config/share/pal_sea_arm_moveit_config/environment/ament_prefix_path.sh
[0.038s] -- Up-to-date: /home/user/exchange/workspace/install/pal_sea_arm_moveit_config/share/pal_sea_arm_moveit_config/environment/ament_prefix_path.dsv
[0.038s] -- Up-to-date: /home/user/exchange/workspace/install/pal_sea_arm_moveit_config/share/pal_sea_arm_moveit_config/environment/path.sh
[0.038s] -- Up-to-date: /home/user/exchange/workspace/install/pal_sea_arm_moveit_config/share/pal_sea_arm_moveit_config/environment/path.dsv
[0.038s] -- Up-to-date: /home/user/exchange/workspace/install/pal_sea_arm_moveit_config/share/pal_sea_arm_moveit_config/local_setup.bash
[0.038s] -- Up-to-date: /home/user/exchange/workspace/install/pal_sea_arm_moveit_config/share/pal_sea_arm_moveit_config/local_setup.sh
[0.038s] -- Up-to-date: /home/user/exchange/workspace/install/pal_sea_arm_moveit_config/share/pal_sea_arm_moveit_config/local_setup.zsh
[0.038s] -- Up-to-date: /home/user/exchange/workspace/install/pal_sea_arm_moveit_config/share/pal_sea_arm_moveit_config/local_setup.dsv
[0.038s] -- Installing: /home/user/exchange/workspace/install/pal_sea_arm_moveit_config/share/pal_sea_arm_moveit_config/package.dsv
[0.038s] -- Up-to-date: /home/user/exchange/workspace/install/pal_sea_arm_moveit_config/share/ament_index/resource_index/packages/pal_sea_arm_moveit_config
[0.038s] -- Up-to-date: /home/user/exchange/workspace/install/pal_sea_arm_moveit_config/share/pal_sea_arm_moveit_config/cmake/pal_sea_arm_moveit_configConfig.cmake
[0.038s] -- Up-to-date: /home/user/exchange/workspace/install/pal_sea_arm_moveit_config/share/pal_sea_arm_moveit_config/cmake/pal_sea_arm_moveit_configConfig-version.cmake
[0.038s] -- Up-to-date: /home/user/exchange/workspace/install/pal_sea_arm_moveit_config/share/pal_sea_arm_moveit_config/package.xml
[0.039s] Invoked command in '/home/user/exchange/workspace/build/pal_sea_arm_moveit_config' returned '0': AMENT_PREFIX_PATH=/home/user/exchange/workspace/install/pal_sea_arm_description:/home/user/exchange/workspace/install/pal_sea_arm_controller_configuration:/home/user/exchange/workspace/install/pal_pro_gripper_controller_configuration:/home/user/exchange/workspace/install/pal_pro_gripper_wrapper:/home/user/exchange/workspace/install/pal_pro_gripper_description:${AMENT_PREFIX_PATH} CMAKE_PREFIX_PATH=/home/user/exchange/workspace/install/pal_sea_arm_description:/home/user/exchange/workspace/install/pal_sea_arm_controller_configuration:/home/user/exchange/workspace/install/pal_pro_gripper_controller_configuration:/home/user/exchange/workspace/install/pal_pro_gripper_description:/opt/ros/humble PYTHONPATH=/home/user/exchange/workspace/install/pal_sea_arm_description/local/lib/python3.10/dist-packages:/home/user/exchange/workspace/install/pal_pro_gripper_wrapper/lib/python3.10/site-packages:/home/user/exchange/workspace/install/pal_pro_gripper_description/local/lib/python3.10/dist-packages:${PYTHONPATH} /usr/bin/cmake --install /home/user/exchange/workspace/build/pal_sea_arm_moveit_config
