Built target ament_cmake_python_copy_tiago_pro_description
running egg_info
writing tiago_pro_description.egg-info/PKG-INFO
writing dependency_links to tiago_pro_description.egg-info/dependency_links.txt
writing top-level names to tiago_pro_description.egg-info/top_level.txt
reading manifest file 'tiago_pro_description.egg-info/SOURCES.txt'
writing manifest file 'tiago_pro_description.egg-info/SOURCES.txt'
Built target ament_cmake_python_build_tiago_pro_description_egg
-- Install configuration: ""
-- Up-to-date: /home/user/exchange/workspace/install/tiago_pro_description/share/tiago_pro_description/environment/pythonpath.sh
-- Up-to-date: /home/user/exchange/workspace/install/tiago_pro_description/share/tiago_pro_description/environment/pythonpath.dsv
-- Up-to-date: /home/user/exchange/workspace/install/tiago_pro_description/local/lib/python3.10/dist-packages/tiago_pro_description-2.4.1-py3.10.egg-info
-- Installing: /home/user/exchange/workspace/install/tiago_pro_description/local/lib/python3.10/dist-packages/tiago_pro_description-2.4.1-py3.10.egg-info/SOURCES.txt
-- Installing: /home/user/exchange/workspace/install/tiago_pro_description/local/lib/python3.10/dist-packages/tiago_pro_description-2.4.1-py3.10.egg-info/dependency_links.txt
-- Installing: /home/user/exchange/workspace/install/tiago_pro_description/local/lib/python3.10/dist-packages/tiago_pro_description-2.4.1-py3.10.egg-info/top_level.txt
-- Installing: /home/user/exchange/workspace/install/tiago_pro_description/local/lib/python3.10/dist-packages/tiago_pro_description-2.4.1-py3.10.egg-info/PKG-INFO
-- Up-to-date: /home/user/exchange/workspace/install/tiago_pro_description/local/lib/python3.10/dist-packages/tiago_pro_description
-- Up-to-date: /home/user/exchange/workspace/install/tiago_pro_description/local/lib/python3.10/dist-packages/tiago_pro_description/launch_arguments.py
-- Up-to-date: /home/user/exchange/workspace/install/tiago_pro_description/local/lib/python3.10/dist-packages/tiago_pro_description/tiago_pro_launch_utils.py
-- Up-to-date: /home/user/exchange/workspace/install/tiago_pro_description/local/lib/python3.10/dist-packages/tiago_pro_description/__init__.py
Listing '/home/user/exchange/workspace/install/tiago_pro_description/local/lib/python3.10/dist-packages/tiago_pro_description'...
-- Up-to-date: /home/user/exchange/workspace/install/tiago_pro_description/share/tiago_pro_description/config
-- Up-to-date: /home/user/exchange/workspace/install/tiago_pro_description/share/tiago_pro_description/config/tiago_pro_configuration.yaml
-- Up-to-date: /home/user/exchange/workspace/install/tiago_pro_description/share/tiago_pro_description/config/show_front.rviz
-- Up-to-date: /home/user/exchange/workspace/install/tiago_pro_description/share/tiago_pro_description/config/show.rviz
-- Up-to-date: /home/user/exchange/workspace/install/tiago_pro_description/share/tiago_pro_description/launch
-- Up-to-date: /home/user/exchange/workspace/install/tiago_pro_description/share/tiago_pro_description/launch/robot_state_publisher.launch.py
-- Up-to-date: /home/user/exchange/workspace/install/tiago_pro_description/share/tiago_pro_description/launch/show.launch.py
-- Up-to-date: /home/user/exchange/workspace/install/tiago_pro_description/share/tiago_pro_description/robots
-- Up-to-date: /home/user/exchange/workspace/install/tiago_pro_description/share/tiago_pro_description/robots/tiago_pro.urdf.xacro
-- Up-to-date: /home/user/exchange/workspace/install/tiago_pro_description/share/tiago_pro_description/meshes
-- Up-to-date: /home/user/exchange/workspace/install/tiago_pro_description/share/tiago_pro_description/meshes/pilot_station
-- Up-to-date: /home/user/exchange/workspace/install/tiago_pro_description/share/tiago_pro_description/meshes/pilot_station/fixed_sit_station.stl
-- Up-to-date: /home/user/exchange/workspace/install/tiago_pro_description/share/tiago_pro_description/meshes/pilot_station/teleop_handle.stl
-- Up-to-date: /home/user/exchange/workspace/install/tiago_pro_description/share/tiago_pro_description/meshes/torso
-- Up-to-date: /home/user/exchange/workspace/install/tiago_pro_description/share/tiago_pro_description/meshes/torso/torso_fixed.stl
-- Up-to-date: /home/user/exchange/workspace/install/tiago_pro_description/share/tiago_pro_description/meshes/torso/torso_lift_link_collision.stl
-- Up-to-date: /home/user/exchange/workspace/install/tiago_pro_description/share/tiago_pro_description/meshes/torso/laptop_tray_collision.stl
-- Up-to-date: /home/user/exchange/workspace/install/tiago_pro_description/share/tiago_pro_description/meshes/torso/torso_fixed_collision.stl
-- Up-to-date: /home/user/exchange/workspace/install/tiago_pro_description/share/tiago_pro_description/meshes/torso/torso_lift_link.stl
-- Up-to-date: /home/user/exchange/workspace/install/tiago_pro_description/share/tiago_pro_description/ros2_control
-- Up-to-date: /home/user/exchange/workspace/install/tiago_pro_description/share/tiago_pro_description/ros2_control/ros2_control.urdf.xacro
-- Up-to-date: /home/user/exchange/workspace/install/tiago_pro_description/share/tiago_pro_description/ros2_control/gazebo_controller_manager_cfg.yaml
-- Up-to-date: /home/user/exchange/workspace/install/tiago_pro_description/share/tiago_pro_description/urdf
-- Up-to-date: /home/user/exchange/workspace/install/tiago_pro_description/share/tiago_pro_description/urdf/pilot_station
-- Up-to-date: /home/user/exchange/workspace/install/tiago_pro_description/share/tiago_pro_description/urdf/pilot_station/basestation.urdf.xacro
-- Up-to-date: /home/user/exchange/workspace/install/tiago_pro_description/share/tiago_pro_description/urdf/pilot_station/teleop_handle.urdf.xacro
-- Up-to-date: /home/user/exchange/workspace/install/tiago_pro_description/share/tiago_pro_description/urdf/arm.mounting.xacro
-- Up-to-date: /home/user/exchange/workspace/install/tiago_pro_description/share/tiago_pro_description/urdf/torso
-- Up-to-date: /home/user/exchange/workspace/install/tiago_pro_description/share/tiago_pro_description/urdf/torso/torso.ros2_control.xacro
-- Up-to-date: /home/user/exchange/workspace/install/tiago_pro_description/share/tiago_pro_description/urdf/torso/torso.transmission.urdf.xacro
-- Up-to-date: /home/user/exchange/workspace/install/tiago_pro_description/share/tiago_pro_description/urdf/torso/torso.urdf.xacro
-- Up-to-date: /home/user/exchange/workspace/install/tiago_pro_description/share/tiago_pro_description/urdf/calibration
-- Up-to-date: /home/user/exchange/workspace/install/tiago_pro_description/share/tiago_pro_description/urdf/calibration/calibration_offset.urdf.xacro
-- Up-to-date: /home/user/exchange/workspace/install/tiago_pro_description/share/tiago_pro_description/urdf/calibration/calibration_offset.urdf.xacro.j2
-- Up-to-date: /home/user/exchange/workspace/install/tiago_pro_description/share/ament_index/resource_index/package_run_dependencies/tiago_pro_description
-- Up-to-date: /home/user/exchange/workspace/install/tiago_pro_description/share/ament_index/resource_index/parent_prefix_path/tiago_pro_description
-- Up-to-date: /home/user/exchange/workspace/install/tiago_pro_description/share/tiago_pro_description/environment/ament_prefix_path.sh
-- Up-to-date: /home/user/exchange/workspace/install/tiago_pro_description/share/tiago_pro_description/environment/ament_prefix_path.dsv
-- Up-to-date: /home/user/exchange/workspace/install/tiago_pro_description/share/tiago_pro_description/environment/path.sh
-- Up-to-date: /home/user/exchange/workspace/install/tiago_pro_description/share/tiago_pro_description/environment/path.dsv
-- Up-to-date: /home/user/exchange/workspace/install/tiago_pro_description/share/tiago_pro_description/local_setup.bash
-- Up-to-date: /home/user/exchange/workspace/install/tiago_pro_description/share/tiago_pro_description/local_setup.sh
-- Up-to-date: /home/user/exchange/workspace/install/tiago_pro_description/share/tiago_pro_description/local_setup.zsh
-- Up-to-date: /home/user/exchange/workspace/install/tiago_pro_description/share/tiago_pro_description/local_setup.dsv
-- Up-to-date: /home/user/exchange/workspace/install/tiago_pro_description/share/tiago_pro_description/package.dsv
-- Up-to-date: /home/user/exchange/workspace/install/tiago_pro_description/share/ament_index/resource_index/packages/tiago_pro_description
-- Up-to-date: /home/user/exchange/workspace/install/tiago_pro_description/share/tiago_pro_description/cmake/tiago_pro_descriptionConfig.cmake
-- Up-to-date: /home/user/exchange/workspace/install/tiago_pro_description/share/tiago_pro_description/cmake/tiago_pro_descriptionConfig-version.cmake
-- Up-to-date: /home/user/exchange/workspace/install/tiago_pro_description/share/tiago_pro_description/package.xml
