[0.132s] Invoking command in '/home/user/exchange/workspace/build/tiago_pro_rgbd_sensors': CMAKE_PREFIX_PATH=/opt/ros/humble /usr/bin/cmake /home/user/exchange/workspace/src/tiago_pro_navigation/tiago_pro_rgbd_sensors -DCMAKE_INSTALL_PREFIX=/home/user/exchange/workspace/install/tiago_pro_rgbd_sensors
[0.175s] -- The C compiler identification is GNU 11.4.0
[0.210s] -- The CXX compiler identification is GNU 11.4.0
[0.215s] -- Detecting C compiler ABI info
[0.255s] -- Detecting C compiler ABI info - done
[0.260s] -- Check for working C compiler: /usr/bin/cc - skipped
[0.260s] -- Detecting C compile features
[0.261s] -- Detecting C compile features - done
[0.263s] -- Detecting CXX compiler ABI info
[0.313s] -- Detecting CXX compiler ABI info - done
[0.318s] -- Check for working CXX compiler: /usr/bin/c++ - skipped
[0.318s] -- Detecting CXX compile features
[0.319s] -- Detecting CXX compile features - done
[0.320s] -- Found ament_cmake_auto: 1.3.13 (/opt/ros/humble/share/ament_cmake_auto/cmake)
[0.408s] -- Found Python3: /usr/bin/python3 (found version "3.10.12") found components: Interpreter 
[0.550s] -- Added test 'copyright' to check source files copyright and LICENSE
[0.551s] -- Added test 'flake8' to check Python code syntax and style conventions
[0.551s] -- Added test 'lint_cmake' to check CMake code style
[0.552s] -- Added test 'pep257' to check Python code against some of the docstring style conventions in PEP 257
[0.552s] -- Added test 'xmllint' to check XML markup files
[0.553s] -- Configuring done
[0.555s] -- Generating done
[0.556s] -- Build files have been written to: /home/user/exchange/workspace/build/tiago_pro_rgbd_sensors
[0.560s] Invoked command in '/home/user/exchange/workspace/build/tiago_pro_rgbd_sensors' returned '0': CMAKE_PREFIX_PATH=/opt/ros/humble /usr/bin/cmake /home/user/exchange/workspace/src/tiago_pro_navigation/tiago_pro_rgbd_sensors -DCMAKE_INSTALL_PREFIX=/home/user/exchange/workspace/install/tiago_pro_rgbd_sensors
[0.560s] Invoking command in '/home/user/exchange/workspace/build/tiago_pro_rgbd_sensors': CMAKE_PREFIX_PATH=/opt/ros/humble /usr/bin/cmake --build /home/user/exchange/workspace/build/tiago_pro_rgbd_sensors -- -j12 -l12
[0.589s] Invoked command in '/home/user/exchange/workspace/build/tiago_pro_rgbd_sensors' returned '0': CMAKE_PREFIX_PATH=/opt/ros/humble /usr/bin/cmake --build /home/user/exchange/workspace/build/tiago_pro_rgbd_sensors -- -j12 -l12
[0.590s] Invoking command in '/home/user/exchange/workspace/build/tiago_pro_rgbd_sensors': CMAKE_PREFIX_PATH=/opt/ros/humble /usr/bin/cmake --install /home/user/exchange/workspace/build/tiago_pro_rgbd_sensors
[0.594s] -- Install configuration: ""
[0.594s] -- Installing: /home/user/exchange/workspace/install/tiago_pro_rgbd_sensors/share/tiago_pro_rgbd_sensors/config
[0.595s] -- Installing: /home/user/exchange/workspace/install/tiago_pro_rgbd_sensors/share/tiago_pro_rgbd_sensors/config/rgbd_analyzers.yaml
[0.595s] -- Installing: /home/user/exchange/workspace/install/tiago_pro_rgbd_sensors/share/tiago_pro_rgbd_sensors/launch
[0.595s] -- Installing: /home/user/exchange/workspace/install/tiago_pro_rgbd_sensors/share/tiago_pro_rgbd_sensors/launch/rgbd_sim.launch.py
[0.595s] -- Installing: /home/user/exchange/workspace/install/tiago_pro_rgbd_sensors/share/tiago_pro_rgbd_sensors/launch/rgbd.launch.py
[0.595s] -- Installing: /home/user/exchange/workspace/install/tiago_pro_rgbd_sensors/share/ament_index/resource_index/package_run_dependencies/tiago_pro_rgbd_sensors
[0.596s] -- Installing: /home/user/exchange/workspace/install/tiago_pro_rgbd_sensors/share/ament_index/resource_index/parent_prefix_path/tiago_pro_rgbd_sensors
[0.596s] -- Installing: /home/user/exchange/workspace/install/tiago_pro_rgbd_sensors/share/tiago_pro_rgbd_sensors/environment/ament_prefix_path.sh
[0.596s] -- Installing: /home/user/exchange/workspace/install/tiago_pro_rgbd_sensors/share/tiago_pro_rgbd_sensors/environment/ament_prefix_path.dsv
[0.596s] -- Installing: /home/user/exchange/workspace/install/tiago_pro_rgbd_sensors/share/tiago_pro_rgbd_sensors/environment/path.sh
[0.596s] -- Installing: /home/user/exchange/workspace/install/tiago_pro_rgbd_sensors/share/tiago_pro_rgbd_sensors/environment/path.dsv
[0.596s] -- Installing: /home/user/exchange/workspace/install/tiago_pro_rgbd_sensors/share/tiago_pro_rgbd_sensors/local_setup.bash
[0.596s] -- Installing: /home/user/exchange/workspace/install/tiago_pro_rgbd_sensors/share/tiago_pro_rgbd_sensors/local_setup.sh
[0.596s] -- Installing: /home/user/exchange/workspace/install/tiago_pro_rgbd_sensors/share/tiago_pro_rgbd_sensors/local_setup.zsh
[0.596s] -- Installing: /home/user/exchange/workspace/install/tiago_pro_rgbd_sensors/share/tiago_pro_rgbd_sensors/local_setup.dsv
[0.596s] -- Installing: /home/user/exchange/workspace/install/tiago_pro_rgbd_sensors/share/tiago_pro_rgbd_sensors/package.dsv
[0.597s] -- Installing: /home/user/exchange/workspace/install/tiago_pro_rgbd_sensors/share/ament_index/resource_index/packages/tiago_pro_rgbd_sensors
[0.597s] -- Installing: /home/user/exchange/workspace/install/tiago_pro_rgbd_sensors/share/tiago_pro_rgbd_sensors/cmake/tiago_pro_rgbd_sensorsConfig.cmake
[0.597s] -- Installing: /home/user/exchange/workspace/install/tiago_pro_rgbd_sensors/share/tiago_pro_rgbd_sensors/cmake/tiago_pro_rgbd_sensorsConfig-version.cmake
[0.597s] -- Installing: /home/user/exchange/workspace/install/tiago_pro_rgbd_sensors/share/tiago_pro_rgbd_sensors/package.xml
[0.598s] Invoked command in '/home/user/exchange/workspace/build/tiago_pro_rgbd_sensors' returned '0': CMAKE_PREFIX_PATH=/opt/ros/humble /usr/bin/cmake --install /home/user/exchange/workspace/build/tiago_pro_rgbd_sensors
