[0.014s] Invoking command in '/home/user/exchange/workspace/build/tiago_pro_moveit_config': AMENT_PREFIX_PATH=/home/user/exchange/workspace/install/pal_pro_gripper_wrapper:/home/user/exchange/workspace/install/tiago_manipulation_tasks:/home/user/exchange/workspace/install/pick_task:/home/user/exchange/workspace/install/tiago_pro_simulation:/home/user/exchange/workspace/install/tiago_pro_robot:/home/user/exchange/workspace/install/tiago_pro_navigation:/home/user/exchange/workspace/install/tiago_pro_gazebo:/home/user/exchange/workspace/install/tiago_pro_rgbd_sensors:/home/user/exchange/workspace/install/tiago_pro_mujoco:/home/user/exchange/workspace/install/tiago_pro_moveit_config:/home/user/exchange/workspace/install/tiago_pro_laser_sensors:/home/user/exchange/workspace/install/tiago_pro_description:/home/user/exchange/workspace/install/tiago_pro_bringup:/home/user/exchange/workspace/install/tiago_pro_controller_configuration:/home/user/exchange/workspace/install/tiago_pro_2dnav:/home/user/exchange/workspace/install/ros2_linkattacher:/home/user/exchange/workspace/install/pal_sea_arm_moveit_config:/home/user/exchange/workspace/install/pal_sea_arm:/home/user/exchange/workspace/install/pal_sea_arm_bringup:/home/user/exchange/workspace/install/pal_sea_arm_description:/home/user/exchange/workspace/install/pal_sea_arm_controller_configuration:/home/user/exchange/workspace/install/pal_pro_gripper_simulation:/home/user/exchange/workspace/install/pal_pro_gripper_bringup:/home/user/exchange/workspace/install/pal_pro_gripper:/home/user/exchange/workspace/install/pal_pro_gripper_controller_configuration:/home/user/exchange/workspace/install/pal_pro_gripper_description:/home/user/exchange/workspace/install/pal_gazebo_worlds:/home/user/exchange/workspace/install/linkattacher_msgs:/opt/ros/humble CMAKE_PREFIX_PATH=/home/user/exchange/workspace/install/tiago_pro_description:/home/user/exchange/workspace/install/pal_sea_arm_moveit_config:/home/user/exchange/workspace/install/pal_sea_arm_description:/home/user/exchange/workspace/install/pal_sea_arm_controller_configuration:/home/user/exchange/workspace/install/pal_pro_gripper_controller_configuration:/home/user/exchange/workspace/install/pal_pro_gripper_description:/home/user/exchange/workspace/install/tiago_manipulation_tasks:/home/user/exchange/workspace/install/tiago_pro_simulation:/home/user/exchange/workspace/install/tiago_pro_robot:/home/user/exchange/workspace/install/tiago_pro_navigation:/home/user/exchange/workspace/install/tiago_pro_gazebo:/home/user/exchange/workspace/install/tiago_pro_rgbd_sensors:/home/user/exchange/workspace/install/tiago_pro_mujoco:/home/user/exchange/workspace/install/tiago_pro_moveit_config:/home/user/exchange/workspace/install/tiago_pro_laser_sensors:/home/user/exchange/workspace/install/tiago_pro_bringup:/home/user/exchange/workspace/install/tiago_pro_controller_configuration:/home/user/exchange/workspace/install/tiago_pro_2dnav:/home/user/exchange/workspace/install/ros2_linkattacher:/home/user/exchange/workspace/install/pal_sea_arm:/home/user/exchange/workspace/install/pal_sea_arm_bringup:/home/user/exchange/workspace/install/pal_pro_gripper_simulation:/home/user/exchange/workspace/install/pal_pro_gripper_bringup:/home/user/exchange/workspace/install/pal_pro_gripper:/home/user/exchange/workspace/install/pal_gazebo_worlds:/home/user/exchange/workspace/install/linkattacher_msgs:/home/user/exchange/workspace/install/pick_task:/home/user/exchange/workspace/install/pal_pro_gripper_wrapper:/opt/ros/humble PYTHONPATH=/home/user/exchange/workspace/install/pal_pro_gripper_wrapper/lib/python3.10/site-packages:/home/user/exchange/workspace/install/pick_task/lib/python3.10/site-packages:/home/user/exchange/workspace/install/tiago_pro_description/local/lib/python3.10/dist-packages:/home/user/exchange/workspace/install/pal_sea_arm_description/local/lib/python3.10/dist-packages:/home/user/exchange/workspace/install/pal_pro_gripper_description/local/lib/python3.10/dist-packages:/home/user/exchange/workspace/install/linkattacher_msgs/local/lib/python3.10/dist-packages:/opt/ros/humble/lib/python3.10/site-packages:/opt/ros/humble/local/lib/python3.10/dist-packages /usr/bin/cmake --build /home/user/exchange/workspace/build/tiago_pro_moveit_config -- -j12 -l12
[0.051s] Invoked command in '/home/user/exchange/workspace/build/tiago_pro_moveit_config' returned '0': AMENT_PREFIX_PATH=/home/user/exchange/workspace/install/pal_pro_gripper_wrapper:/home/user/exchange/workspace/install/tiago_manipulation_tasks:/home/user/exchange/workspace/install/pick_task:/home/user/exchange/workspace/install/tiago_pro_simulation:/home/user/exchange/workspace/install/tiago_pro_robot:/home/user/exchange/workspace/install/tiago_pro_navigation:/home/user/exchange/workspace/install/tiago_pro_gazebo:/home/user/exchange/workspace/install/tiago_pro_rgbd_sensors:/home/user/exchange/workspace/install/tiago_pro_mujoco:/home/user/exchange/workspace/install/tiago_pro_moveit_config:/home/user/exchange/workspace/install/tiago_pro_laser_sensors:/home/user/exchange/workspace/install/tiago_pro_description:/home/user/exchange/workspace/install/tiago_pro_bringup:/home/user/exchange/workspace/install/tiago_pro_controller_configuration:/home/user/exchange/workspace/install/tiago_pro_2dnav:/home/user/exchange/workspace/install/ros2_linkattacher:/home/user/exchange/workspace/install/pal_sea_arm_moveit_config:/home/user/exchange/workspace/install/pal_sea_arm:/home/user/exchange/workspace/install/pal_sea_arm_bringup:/home/user/exchange/workspace/install/pal_sea_arm_description:/home/user/exchange/workspace/install/pal_sea_arm_controller_configuration:/home/user/exchange/workspace/install/pal_pro_gripper_simulation:/home/user/exchange/workspace/install/pal_pro_gripper_bringup:/home/user/exchange/workspace/install/pal_pro_gripper:/home/user/exchange/workspace/install/pal_pro_gripper_controller_configuration:/home/user/exchange/workspace/install/pal_pro_gripper_description:/home/user/exchange/workspace/install/pal_gazebo_worlds:/home/user/exchange/workspace/install/linkattacher_msgs:/opt/ros/humble CMAKE_PREFIX_PATH=/home/user/exchange/workspace/install/tiago_pro_description:/home/user/exchange/workspace/install/pal_sea_arm_moveit_config:/home/user/exchange/workspace/install/pal_sea_arm_description:/home/user/exchange/workspace/install/pal_sea_arm_controller_configuration:/home/user/exchange/workspace/install/pal_pro_gripper_controller_configuration:/home/user/exchange/workspace/install/pal_pro_gripper_description:/home/user/exchange/workspace/install/tiago_manipulation_tasks:/home/user/exchange/workspace/install/tiago_pro_simulation:/home/user/exchange/workspace/install/tiago_pro_robot:/home/user/exchange/workspace/install/tiago_pro_navigation:/home/user/exchange/workspace/install/tiago_pro_gazebo:/home/user/exchange/workspace/install/tiago_pro_rgbd_sensors:/home/user/exchange/workspace/install/tiago_pro_mujoco:/home/user/exchange/workspace/install/tiago_pro_moveit_config:/home/user/exchange/workspace/install/tiago_pro_laser_sensors:/home/user/exchange/workspace/install/tiago_pro_bringup:/home/user/exchange/workspace/install/tiago_pro_controller_configuration:/home/user/exchange/workspace/install/tiago_pro_2dnav:/home/user/exchange/workspace/install/ros2_linkattacher:/home/user/exchange/workspace/install/pal_sea_arm:/home/user/exchange/workspace/install/pal_sea_arm_bringup:/home/user/exchange/workspace/install/pal_pro_gripper_simulation:/home/user/exchange/workspace/install/pal_pro_gripper_bringup:/home/user/exchange/workspace/install/pal_pro_gripper:/home/user/exchange/workspace/install/pal_gazebo_worlds:/home/user/exchange/workspace/install/linkattacher_msgs:/home/user/exchange/workspace/install/pick_task:/home/user/exchange/workspace/install/pal_pro_gripper_wrapper:/opt/ros/humble PYTHONPATH=/home/user/exchange/workspace/install/pal_pro_gripper_wrapper/lib/python3.10/site-packages:/home/user/exchange/workspace/install/pick_task/lib/python3.10/site-packages:/home/user/exchange/workspace/install/tiago_pro_description/local/lib/python3.10/dist-packages:/home/user/exchange/workspace/install/pal_sea_arm_description/local/lib/python3.10/dist-packages:/home/user/exchange/workspace/install/pal_pro_gripper_description/local/lib/python3.10/dist-packages:/home/user/exchange/workspace/install/linkattacher_msgs/local/lib/python3.10/dist-packages:/opt/ros/humble/lib/python3.10/site-packages:/opt/ros/humble/local/lib/python3.10/dist-packages /usr/bin/cmake --build /home/user/exchange/workspace/build/tiago_pro_moveit_config -- -j12 -l12
[0.053s] Invoking command in '/home/user/exchange/workspace/build/tiago_pro_moveit_config': AMENT_PREFIX_PATH=/home/user/exchange/workspace/install/pal_pro_gripper_wrapper:/home/user/exchange/workspace/install/tiago_manipulation_tasks:/home/user/exchange/workspace/install/pick_task:/home/user/exchange/workspace/install/tiago_pro_simulation:/home/user/exchange/workspace/install/tiago_pro_robot:/home/user/exchange/workspace/install/tiago_pro_navigation:/home/user/exchange/workspace/install/tiago_pro_gazebo:/home/user/exchange/workspace/install/tiago_pro_rgbd_sensors:/home/user/exchange/workspace/install/tiago_pro_mujoco:/home/user/exchange/workspace/install/tiago_pro_moveit_config:/home/user/exchange/workspace/install/tiago_pro_laser_sensors:/home/user/exchange/workspace/install/tiago_pro_description:/home/user/exchange/workspace/install/tiago_pro_bringup:/home/user/exchange/workspace/install/tiago_pro_controller_configuration:/home/user/exchange/workspace/install/tiago_pro_2dnav:/home/user/exchange/workspace/install/ros2_linkattacher:/home/user/exchange/workspace/install/pal_sea_arm_moveit_config:/home/user/exchange/workspace/install/pal_sea_arm:/home/user/exchange/workspace/install/pal_sea_arm_bringup:/home/user/exchange/workspace/install/pal_sea_arm_description:/home/user/exchange/workspace/install/pal_sea_arm_controller_configuration:/home/user/exchange/workspace/install/pal_pro_gripper_simulation:/home/user/exchange/workspace/install/pal_pro_gripper_bringup:/home/user/exchange/workspace/install/pal_pro_gripper:/home/user/exchange/workspace/install/pal_pro_gripper_controller_configuration:/home/user/exchange/workspace/install/pal_pro_gripper_description:/home/user/exchange/workspace/install/pal_gazebo_worlds:/home/user/exchange/workspace/install/linkattacher_msgs:/opt/ros/humble CMAKE_PREFIX_PATH=/home/user/exchange/workspace/install/tiago_pro_description:/home/user/exchange/workspace/install/pal_sea_arm_moveit_config:/home/user/exchange/workspace/install/pal_sea_arm_description:/home/user/exchange/workspace/install/pal_sea_arm_controller_configuration:/home/user/exchange/workspace/install/pal_pro_gripper_controller_configuration:/home/user/exchange/workspace/install/pal_pro_gripper_description:/home/user/exchange/workspace/install/tiago_manipulation_tasks:/home/user/exchange/workspace/install/tiago_pro_simulation:/home/user/exchange/workspace/install/tiago_pro_robot:/home/user/exchange/workspace/install/tiago_pro_navigation:/home/user/exchange/workspace/install/tiago_pro_gazebo:/home/user/exchange/workspace/install/tiago_pro_rgbd_sensors:/home/user/exchange/workspace/install/tiago_pro_mujoco:/home/user/exchange/workspace/install/tiago_pro_moveit_config:/home/user/exchange/workspace/install/tiago_pro_laser_sensors:/home/user/exchange/workspace/install/tiago_pro_bringup:/home/user/exchange/workspace/install/tiago_pro_controller_configuration:/home/user/exchange/workspace/install/tiago_pro_2dnav:/home/user/exchange/workspace/install/ros2_linkattacher:/home/user/exchange/workspace/install/pal_sea_arm:/home/user/exchange/workspace/install/pal_sea_arm_bringup:/home/user/exchange/workspace/install/pal_pro_gripper_simulation:/home/user/exchange/workspace/install/pal_pro_gripper_bringup:/home/user/exchange/workspace/install/pal_pro_gripper:/home/user/exchange/workspace/install/pal_gazebo_worlds:/home/user/exchange/workspace/install/linkattacher_msgs:/home/user/exchange/workspace/install/pick_task:/home/user/exchange/workspace/install/pal_pro_gripper_wrapper:/opt/ros/humble PYTHONPATH=/home/user/exchange/workspace/install/pal_pro_gripper_wrapper/lib/python3.10/site-packages:/home/user/exchange/workspace/install/pick_task/lib/python3.10/site-packages:/home/user/exchange/workspace/install/tiago_pro_description/local/lib/python3.10/dist-packages:/home/user/exchange/workspace/install/pal_sea_arm_description/local/lib/python3.10/dist-packages:/home/user/exchange/workspace/install/pal_pro_gripper_description/local/lib/python3.10/dist-packages:/home/user/exchange/workspace/install/linkattacher_msgs/local/lib/python3.10/dist-packages:/opt/ros/humble/lib/python3.10/site-packages:/opt/ros/humble/local/lib/python3.10/dist-packages /usr/bin/cmake --install /home/user/exchange/workspace/build/tiago_pro_moveit_config
[0.062s] -- Install configuration: ""
[0.062s] -- Up-to-date: /home/user/exchange/workspace/install/tiago_pro_moveit_config/lib/tiago_pro_moveit_config/add_ground_node.py
[0.062s] -- Up-to-date: /home/user/exchange/workspace/install/tiago_pro_moveit_config/share/tiago_pro_moveit_config/launch
[0.062s] -- Up-to-date: /home/user/exchange/workspace/install/tiago_pro_moveit_config/share/tiago_pro_moveit_config/launch/move_group.launch.py
[0.062s] -- Up-to-date: /home/user/exchange/workspace/install/tiago_pro_moveit_config/share/tiago_pro_moveit_config/launch/moveit_rviz.launch.py
[0.063s] -- Up-to-date: /home/user/exchange/workspace/install/tiago_pro_moveit_config/share/tiago_pro_moveit_config/config
[0.063s] -- Up-to-date: /home/user/exchange/workspace/install/tiago_pro_moveit_config/share/tiago_pro_moveit_config/config/pilz_cartesian_limits.yaml
[0.064s] -- Up-to-date: /home/user/exchange/workspace/install/tiago_pro_moveit_config/share/tiago_pro_moveit_config/config/kinematics_kdl.yaml
[0.064s] -- Up-to-date: /home/user/exchange/workspace/install/tiago_pro_moveit_config/share/tiago_pro_moveit_config/config/srdf
[0.064s] -- Up-to-date: /home/user/exchange/workspace/install/tiago_pro_moveit_config/share/tiago_pro_moveit_config/config/srdf/teleop_arms.srdf.xacro
[0.064s] -- Up-to-date: /home/user/exchange/workspace/install/tiago_pro_moveit_config/share/tiago_pro_moveit_config/config/srdf/tiago_pro.srdf.xacro
[0.064s] -- Up-to-date: /home/user/exchange/workspace/install/tiago_pro_moveit_config/share/tiago_pro_moveit_config/config/srdf/scripts
[0.064s] -- Up-to-date: /home/user/exchange/workspace/install/tiago_pro_moveit_config/share/tiago_pro_moveit_config/config/srdf/scripts/update.sh
[0.064s] -- Up-to-date: /home/user/exchange/workspace/install/tiago_pro_moveit_config/share/tiago_pro_moveit_config/config/srdf/disable_collisions
[0.064s] -- Up-to-date: /home/user/exchange/workspace/install/tiago_pro_moveit_config/share/tiago_pro_moveit_config/config/srdf/disable_collisions/tiago_pro_pal-pro-gripper_rokubi_pal-pro-gripper.srdf.xacro
[0.064s] -- Up-to-date: /home/user/exchange/workspace/install/tiago_pro_moveit_config/share/tiago_pro_moveit_config/config/srdf/disable_collisions/tiago_pro_allegro-hand_ati_no-ee_ati.srdf.xacro
[0.064s] -- Up-to-date: /home/user/exchange/workspace/install/tiago_pro_moveit_config/share/tiago_pro_moveit_config/config/srdf/disable_collisions/tiago_pro_pal-pro-gripper_ati_allegro-hand_ati.srdf.xacro
[0.064s] -- Up-to-date: /home/user/exchange/workspace/install/tiago_pro_moveit_config/share/tiago_pro_moveit_config/config/srdf/disable_collisions/tiago_pro_allegro-hand_ati_no-arm-right.srdf.xacro
[0.064s] -- Up-to-date: /home/user/exchange/workspace/install/tiago_pro_moveit_config/share/tiago_pro_moveit_config/config/srdf/disable_collisions/tiago_pro_allegro-hand_allegro-hand_ati.srdf.xacro
[0.064s] -- Up-to-date: /home/user/exchange/workspace/install/tiago_pro_moveit_config/share/tiago_pro_moveit_config/config/srdf/disable_collisions/tiago_pro_no-ee_ati_allegro-hand_ati.srdf.xacro
[0.064s] -- Up-to-date: /home/user/exchange/workspace/install/tiago_pro_moveit_config/share/tiago_pro_moveit_config/config/srdf/disable_collisions/tiago_pro_no-ee_ati_no-ee.srdf.xacro
[0.064s] -- Up-to-date: /home/user/exchange/workspace/install/tiago_pro_moveit_config/share/tiago_pro_moveit_config/config/srdf/disable_collisions/tiago_pro_no-ee_ati_no-ee_rokubi.srdf.xacro
[0.065s] -- Up-to-date: /home/user/exchange/workspace/install/tiago_pro_moveit_config/share/tiago_pro_moveit_config/config/srdf/disable_collisions/tiago_pro_pal-pro-gripper_ati_no-arm-right.srdf.xacro
[0.065s] -- Up-to-date: /home/user/exchange/workspace/install/tiago_pro_moveit_config/share/tiago_pro_moveit_config/config/srdf/disable_collisions/left_pal-pro-gripper_rokubi.srdf.xacro
[0.065s] -- Up-to-date: /home/user/exchange/workspace/install/tiago_pro_moveit_config/share/tiago_pro_moveit_config/config/srdf/disable_collisions/tiago_pro_no-arm-left_pal-pro-gripper_ati.srdf.xacro
[0.065s] -- Up-to-date: /home/user/exchange/workspace/install/tiago_pro_moveit_config/share/tiago_pro_moveit_config/config/srdf/disable_collisions/tiago_pro_no-ee_rokubi_no-ee_rokubi.srdf.xacro
[0.065s] -- Up-to-date: /home/user/exchange/workspace/install/tiago_pro_moveit_config/share/tiago_pro_moveit_config/config/srdf/disable_collisions/tiago_pro_pal-pro-gripper_rokubi_allegro-hand.srdf.xacro
[0.065s] -- Up-to-date: /home/user/exchange/workspace/install/tiago_pro_moveit_config/share/tiago_pro_moveit_config/config/srdf/disable_collisions/left_short-wrist.srdf.xacro
[0.065s] -- Up-to-date: /home/user/exchange/workspace/install/tiago_pro_moveit_config/share/tiago_pro_moveit_config/config/srdf/disable_collisions/right_no-ee.srdf.xacro
[0.065s] -- Up-to-date: /home/user/exchange/workspace/install/tiago_pro_moveit_config/share/tiago_pro_moveit_config/config/srdf/disable_collisions/tiago_pro_allegro-hand_pal-pro-gripper_ati.srdf.xacro
[0.065s] -- Up-to-date: /home/user/exchange/workspace/install/tiago_pro_moveit_config/share/tiago_pro_moveit_config/config/srdf/disable_collisions/tiago_pro_pal-pro-gripper_rokubi_no-arm-right.srdf.xacro
[0.065s] -- Up-to-date: /home/user/exchange/workspace/install/tiago_pro_moveit_config/share/tiago_pro_moveit_config/config/srdf/disable_collisions/tiago_pro_no-ee_rokubi_allegro-hand_rokubi.srdf.xacro
[0.065s] -- Up-to-date: /home/user/exchange/workspace/install/tiago_pro_moveit_config/share/tiago_pro_moveit_config/config/srdf/disable_collisions/tiago_pro_no-ee_ati_allegro-hand_rokubi.srdf.xacro
[0.065s] -- Up-to-date: /home/user/exchange/workspace/install/tiago_pro_moveit_config/share/tiago_pro_moveit_config/config/srdf/disable_collisions/tiago_pro_allegro-hand_rokubi_allegro-hand_ati.srdf.xacro
[0.065s] -- Up-to-date: /home/user/exchange/workspace/install/tiago_pro_moveit_config/share/tiago_pro_moveit_config/config/srdf/disable_collisions/tiago_pro_no-ee_ati_pal-pro-gripper_ati.srdf.xacro
[0.065s] -- Up-to-date: /home/user/exchange/workspace/install/tiago_pro_moveit_config/share/tiago_pro_moveit_config/config/srdf/disable_collisions/tiago_pro_no-arm-left_pal-pro-gripper_rokubi.srdf.xacro
[0.065s] -- Up-to-date: /home/user/exchange/workspace/install/tiago_pro_moveit_config/share/tiago_pro_moveit_config/config/srdf/disable_collisions/tiago_pro_no-arm-left_no-ee_rokubi.srdf.xacro
[0.065s] -- Up-to-date: /home/user/exchange/workspace/install/tiago_pro_moveit_config/share/tiago_pro_moveit_config/config/srdf/disable_collisions/tiago_pro_no-arm-left_no-ee_ati.srdf.xacro
[0.065s] -- Up-to-date: /home/user/exchange/workspace/install/tiago_pro_moveit_config/share/tiago_pro_moveit_config/config/srdf/disable_collisions/tiago_pro_allegro-hand_rokubi_allegro-hand_rokubi.srdf.xacro
[0.065s] -- Up-to-date: /home/user/exchange/workspace/install/tiago_pro_moveit_config/share/tiago_pro_moveit_config/config/srdf/disable_collisions/tiago_pro_no-ee_rokubi_no-ee.srdf.xacro
[0.066s] -- Up-to-date: /home/user/exchange/workspace/install/tiago_pro_moveit_config/share/tiago_pro_moveit_config/config/srdf/disable_collisions/tiago_pro_no-ee_no-ee.srdf.xacro
[0.066s] -- Up-to-date: /home/user/exchange/workspace/install/tiago_pro_moveit_config/share/tiago_pro_moveit_config/config/srdf/disable_collisions/tiago_pro_pal-pro-gripper_no-ee_ati.srdf.xacro
[0.066s] -- Up-to-date: /home/user/exchange/workspace/install/tiago_pro_moveit_config/share/tiago_pro_moveit_config/config/srdf/disable_collisions/tiago_pro_no-ee_ati_allegro-hand.srdf.xacro
[0.066s] -- Up-to-date: /home/user/exchange/workspace/install/tiago_pro_moveit_config/share/tiago_pro_moveit_config/config/srdf/disable_collisions/tiago_pro_allegro-hand_ati_no-ee.srdf.xacro
[0.066s] -- Up-to-date: /home/user/exchange/workspace/install/tiago_pro_moveit_config/share/tiago_pro_moveit_config/config/srdf/disable_collisions/tiago_pro_no-ee_allegro-hand_ati.srdf.xacro
[0.066s] -- Up-to-date: /home/user/exchange/workspace/install/tiago_pro_moveit_config/share/tiago_pro_moveit_config/config/srdf/disable_collisions/left_no-ee.srdf.xacro
[0.066s] -- Up-to-date: /home/user/exchange/workspace/install/tiago_pro_moveit_config/share/tiago_pro_moveit_config/config/srdf/disable_collisions/left_allegro-hand_rokubi.srdf.xacro
[0.066s] -- Up-to-date: /home/user/exchange/workspace/install/tiago_pro_moveit_config/share/tiago_pro_moveit_config/config/srdf/disable_collisions/tiago_pro_no-ee_rokubi_pal-pro-gripper.srdf.xacro
[0.066s] -- Up-to-date: /home/user/exchange/workspace/install/tiago_pro_moveit_config/share/tiago_pro_moveit_config/config/srdf/disable_collisions/tiago_pro_no-ee_pal-pro-gripper_rokubi.srdf.xacro
[0.066s] -- Up-to-date: /home/user/exchange/workspace/install/tiago_pro_moveit_config/share/tiago_pro_moveit_config/config/srdf/disable_collisions/tiago_pro_allegro-hand_rokubi_pal-pro-gripper_ati.srdf.xacro
[0.066s] -- Up-to-date: /home/user/exchange/workspace/install/tiago_pro_moveit_config/share/tiago_pro_moveit_config/config/srdf/disable_collisions/tiago_pro_no-ee_no-arm-right.srdf.xacro
[0.066s] -- Up-to-date: /home/user/exchange/workspace/install/tiago_pro_moveit_config/share/tiago_pro_moveit_config/config/srdf/disable_collisions/right_no-ee_ati.srdf.xacro
[0.066s] -- Up-to-date: /home/user/exchange/workspace/install/tiago_pro_moveit_config/share/tiago_pro_moveit_config/config/srdf/disable_collisions/tiago_pro_allegro-hand_ati_pal-pro-gripper_rokubi.srdf.xacro
[0.066s] -- Up-to-date: /home/user/exchange/workspace/install/tiago_pro_moveit_config/share/tiago_pro_moveit_config/config/srdf/disable_collisions/tiago_pro_allegro-hand_no-ee.srdf.xacro
[0.066s] -- Up-to-date: /home/user/exchange/workspace/install/tiago_pro_moveit_config/share/tiago_pro_moveit_config/config/srdf/disable_collisions/tiago_pro_no-arm-left.srdf.xacro
[0.066s] -- Up-to-date: /home/user/exchange/workspace/install/tiago_pro_moveit_config/share/tiago_pro_moveit_config/config/srdf/disable_collisions/tiago_pro_pal-pro-gripper_allegro-hand_ati.srdf.xacro
[0.066s] -- Up-to-date: /home/user/exchange/workspace/install/tiago_pro_moveit_config/share/tiago_pro_moveit_config/config/srdf/disable_collisions/tiago_pro_no-ee_no-ee_rokubi.srdf.xacro
[0.066s] -- Up-to-date: /home/user/exchange/workspace/install/tiago_pro_moveit_config/share/tiago_pro_moveit_config/config/srdf/disable_collisions/tiago_pro_pal-pro-gripper_ati_no-ee_rokubi.srdf.xacro
[0.066s] -- Up-to-date: /home/user/exchange/workspace/install/tiago_pro_moveit_config/share/tiago_pro_moveit_config/config/srdf/disable_collisions/tiago_pro_no-ee_allegro-hand_rokubi.srdf.xacro
[0.066s] -- Up-to-date: /home/user/exchange/workspace/install/tiago_pro_moveit_config/share/tiago_pro_moveit_config/config/srdf/disable_collisions/tiago_pro_no-arm-left_allegro-hand_rokubi.srdf.xacro
[0.066s] -- Up-to-date: /home/user/exchange/workspace/install/tiago_pro_moveit_config/share/tiago_pro_moveit_config/config/srdf/disable_collisions/tiago_pro_pal-pro-gripper_rokubi_allegro-hand_rokubi.srdf.xacro
[0.066s] -- Up-to-date: /home/user/exchange/workspace/install/tiago_pro_moveit_config/share/tiago_pro_moveit_config/config/srdf/disable_collisions/tiago_pro_allegro-hand_rokubi_no-ee_rokubi.srdf.xacro
[0.067s] -- Up-to-date: /home/user/exchange/workspace/install/tiago_pro_moveit_config/share/tiago_pro_moveit_config/config/srdf/disable_collisions/tiago_pro_pal-pro-gripper_rokubi_no-ee.srdf.xacro
[0.067s] -- Up-to-date: /home/user/exchange/workspace/install/tiago_pro_moveit_config/share/tiago_pro_moveit_config/config/srdf/disable_collisions/tiago_pro_no-arm-left_allegro-hand.srdf.xacro
[0.067s] -- Up-to-date: /home/user/exchange/workspace/install/tiago_pro_moveit_config/share/tiago_pro_moveit_config/config/srdf/disable_collisions/tiago_pro_no-ee_rokubi_allegro-hand_ati.srdf.xacro
[0.067s] -- Up-to-date: /home/user/exchange/workspace/install/tiago_pro_moveit_config/share/tiago_pro_moveit_config/config/srdf/disable_collisions/right_no-ee_rokubi.srdf.xacro
[0.067s] -- Up-to-date: /home/user/exchange/workspace/install/tiago_pro_moveit_config/share/tiago_pro_moveit_config/config/srdf/disable_collisions/tiago_pro_pal-pro-gripper_ati_pal-pro-gripper.srdf.xacro
[0.067s] -- Up-to-date: /home/user/exchange/workspace/install/tiago_pro_moveit_config/share/tiago_pro_moveit_config/config/srdf/disable_collisions/tiago_pro_allegro-hand_no-ee_ati.srdf.xacro
[0.067s] -- Up-to-date: /home/user/exchange/workspace/install/tiago_pro_moveit_config/share/tiago_pro_moveit_config/config/srdf/disable_collisions/tiago_pro_no-ee_rokubi_allegro-hand.srdf.xacro
[0.067s] -- Up-to-date: /home/user/exchange/workspace/install/tiago_pro_moveit_config/share/tiago_pro_moveit_config/config/srdf/disable_collisions/left_no-ee_ati.srdf.xacro
[0.067s] -- Up-to-date: /home/user/exchange/workspace/install/tiago_pro_moveit_config/share/tiago_pro_moveit_config/config/srdf/disable_collisions/tiago_pro_allegro-hand_ati_allegro-hand.srdf.xacro
[0.067s] -- Up-to-date: /home/user/exchange/workspace/install/tiago_pro_moveit_config/share/tiago_pro_moveit_config/config/srdf/disable_collisions/tiago_pro_pal-pro-gripper_no-ee_rokubi.srdf.xacro
[0.067s] -- Up-to-date: /home/user/exchange/workspace/install/tiago_pro_moveit_config/share/tiago_pro_moveit_config/config/srdf/disable_collisions/tiago_pro_no-ee_ati_no-ee_ati.srdf.xacro
[0.067s] -- Up-to-date: /home/user/exchange/workspace/install/tiago_pro_moveit_config/share/tiago_pro_moveit_config/config/srdf/disable_collisions/tiago_pro_pal-pro-gripper_allegro-hand_rokubi.srdf.xacro
[0.068s] -- Up-to-date: /home/user/exchange/workspace/install/tiago_pro_moveit_config/share/tiago_pro_moveit_config/config/srdf/disable_collisions/tiago_pro_allegro-hand_pal-pro-gripper_rokubi.srdf.xacro
[0.068s] -- Up-to-date: /home/user/exchange/workspace/install/tiago_pro_moveit_config/share/tiago_pro_moveit_config/config/srdf/disable_collisions/tiago_pro_no-ee_rokubi_no-ee_ati.srdf.xacro
[0.068s] -- Up-to-date: /home/user/exchange/workspace/install/tiago_pro_moveit_config/share/tiago_pro_moveit_config/config/srdf/disable_collisions/right_allegro-hand.srdf.xacro
[0.068s] -- Up-to-date: /home/user/exchange/workspace/install/tiago_pro_moveit_config/share/tiago_pro_moveit_config/config/srdf/disable_collisions/tiago_pro_pal-pro-gripper_allegro-hand.srdf.xacro
[0.068s] -- Up-to-date: /home/user/exchange/workspace/install/tiago_pro_moveit_config/share/tiago_pro_moveit_config/config/srdf/disable_collisions/tiago_pro_pal-pro-gripper_ati_allegro-hand_rokubi.srdf.xacro
[0.068s] -- Up-to-date: /home/user/exchange/workspace/install/tiago_pro_moveit_config/share/tiago_pro_moveit_config/config/srdf/disable_collisions/tiago_pro_pal-pro-gripper_pal-pro-gripper_rokubi.srdf.xacro
[0.068s] -- Up-to-date: /home/user/exchange/workspace/install/tiago_pro_moveit_config/share/tiago_pro_moveit_config/config/srdf/disable_collisions/tiago_pro_allegro-hand_rokubi_no-arm-right.srdf.xacro
[0.068s] -- Up-to-date: /home/user/exchange/workspace/install/tiago_pro_moveit_config/share/tiago_pro_moveit_config/config/srdf/disable_collisions/tiago_pro_no-arm-left_no-ee.srdf.xacro
[0.069s] -- Up-to-date: /home/user/exchange/workspace/install/tiago_pro_moveit_config/share/tiago_pro_moveit_config/config/srdf/disable_collisions/tiago_pro_pal-pro-gripper_ati_allegro-hand.srdf.xacro
[0.069s] -- Up-to-date: /home/user/exchange/workspace/install/tiago_pro_moveit_config/share/tiago_pro_moveit_config/config/srdf/disable_collisions/tiago_pro_allegro-hand_allegro-hand_rokubi.srdf.xacro
[0.070s] -- Up-to-date: /home/user/exchange/workspace/install/tiago_pro_moveit_config/share/tiago_pro_moveit_config/config/srdf/disable_collisions/tiago_pro_no-ee_allegro-hand.srdf.xacro
[0.070s] -- Up-to-date: /home/user/exchange/workspace/install/tiago_pro_moveit_config/share/tiago_pro_moveit_config/config/srdf/disable_collisions/right_short-wrist.srdf.xacro
[0.070s] -- Up-to-date: /home/user/exchange/workspace/install/tiago_pro_moveit_config/share/tiago_pro_moveit_config/config/srdf/disable_collisions/tiago_pro_pal-pro-gripper_no-arm-right.srdf.xacro
[0.070s] -- Up-to-date: /home/user/exchange/workspace/install/tiago_pro_moveit_config/share/tiago_pro_moveit_config/config/srdf/disable_collisions/tiago_pro_allegro-hand_rokubi_pal-pro-gripper_rokubi.srdf.xacro
[0.070s] -- Up-to-date: /home/user/exchange/workspace/install/tiago_pro_moveit_config/share/tiago_pro_moveit_config/config/srdf/disable_collisions/right_pal-pro-gripper_rokubi.srdf.xacro
[0.070s] -- Up-to-date: /home/user/exchange/workspace/install/tiago_pro_moveit_config/share/tiago_pro_moveit_config/config/srdf/disable_collisions/tiago_pro_allegro-hand_no-ee_rokubi.srdf.xacro
[0.070s] -- Up-to-date: /home/user/exchange/workspace/install/tiago_pro_moveit_config/share/tiago_pro_moveit_config/config/srdf/disable_collisions/tiago_pro_allegro-hand_rokubi_pal-pro-gripper.srdf.xacro
[0.070s] -- Up-to-date: /home/user/exchange/workspace/install/tiago_pro_moveit_config/share/tiago_pro_moveit_config/config/srdf/disable_collisions/tiago_pro_pal-pro-gripper_ati_pal-pro-gripper_rokubi.srdf.xacro
[0.070s] -- Up-to-date: /home/user/exchange/workspace/install/tiago_pro_moveit_config/share/tiago_pro_moveit_config/config/srdf/disable_collisions/tiago_pro_allegro-hand_no-arm-right.srdf.xacro
[0.070s] -- Up-to-date: /home/user/exchange/workspace/install/tiago_pro_moveit_config/share/tiago_pro_moveit_config/config/srdf/disable_collisions/tiago_pro_allegro-hand_ati_pal-pro-gripper_ati.srdf.xacro
[0.070s] -- Up-to-date: /home/user/exchange/workspace/install/tiago_pro_moveit_config/share/tiago_pro_moveit_config/config/srdf/disable_collisions/tiago_pro_no-ee_rokubi_no-arm-right.srdf.xacro
[0.070s] -- Up-to-date: /home/user/exchange/workspace/install/tiago_pro_moveit_config/share/tiago_pro_moveit_config/config/srdf/disable_collisions/tiago_pro_pal-pro-gripper_ati_no-ee_ati.srdf.xacro
[0.070s] -- Up-to-date: /home/user/exchange/workspace/install/tiago_pro_moveit_config/share/tiago_pro_moveit_config/config/srdf/disable_collisions/tiago_pro_pal-pro-gripper_ati_no-ee.srdf.xacro
[0.070s] -- Up-to-date: /home/user/exchange/workspace/install/tiago_pro_moveit_config/share/tiago_pro_moveit_config/config/srdf/disable_collisions/tiago_pro_allegro-hand_rokubi_allegro-hand.srdf.xacro
[0.070s] -- Up-to-date: /home/user/exchange/workspace/install/tiago_pro_moveit_config/share/tiago_pro_moveit_config/config/srdf/disable_collisions/tiago_pro_allegro-hand_allegro-hand.srdf.xacro
[0.070s] -- Up-to-date: /home/user/exchange/workspace/install/tiago_pro_moveit_config/share/tiago_pro_moveit_config/config/srdf/disable_collisions/tiago_pro_pal-pro-gripper_ati_pal-pro-gripper_ati.srdf.xacro
[0.070s] -- Up-to-date: /home/user/exchange/workspace/install/tiago_pro_moveit_config/share/tiago_pro_moveit_config/config/srdf/disable_collisions/tiago_pro_no-ee_rokubi_pal-pro-gripper_ati.srdf.xacro
[0.070s] -- Up-to-date: /home/user/exchange/workspace/install/tiago_pro_moveit_config/share/tiago_pro_moveit_config/config/srdf/disable_collisions/tiago_pro_no-ee_ati_pal-pro-gripper.srdf.xacro
[0.070s] -- Up-to-date: /home/user/exchange/workspace/install/tiago_pro_moveit_config/share/tiago_pro_moveit_config/config/srdf/disable_collisions/tiago_pro_allegro-hand_ati_allegro-hand_ati.srdf.xacro
[0.071s] -- Up-to-date: /home/user/exchange/workspace/install/tiago_pro_moveit_config/share/tiago_pro_moveit_config/config/srdf/disable_collisions/tiago_pro_allegro-hand_pal-pro-gripper.srdf.xacro
[0.071s] -- Up-to-date: /home/user/exchange/workspace/install/tiago_pro_moveit_config/share/tiago_pro_moveit_config/config/srdf/disable_collisions/tiago_pro_no-ee_no-ee_ati.srdf.xacro
[0.071s] -- Up-to-date: /home/user/exchange/workspace/install/tiago_pro_moveit_config/share/tiago_pro_moveit_config/config/srdf/disable_collisions/tiago_pro_no-ee_ati_no-arm-right.srdf.xacro
[0.071s] -- Up-to-date: /home/user/exchange/workspace/install/tiago_pro_moveit_config/share/tiago_pro_moveit_config/config/srdf/disable_collisions/right_allegro-hand_ati.srdf.xacro
[0.071s] -- Up-to-date: /home/user/exchange/workspace/install/tiago_pro_moveit_config/share/tiago_pro_moveit_config/config/srdf/disable_collisions/left_pal-pro-gripper_ati.srdf.xacro
[0.071s] -- Up-to-date: /home/user/exchange/workspace/install/tiago_pro_moveit_config/share/tiago_pro_moveit_config/config/srdf/disable_collisions/tiago_pro_no-ee_rokubi_pal-pro-gripper_rokubi.srdf.xacro
[0.071s] -- Up-to-date: /home/user/exchange/workspace/install/tiago_pro_moveit_config/share/tiago_pro_moveit_config/config/srdf/disable_collisions/tiago_pro_no-arm-left_no-arm-right.srdf.xacro
[0.071s] -- Up-to-date: /home/user/exchange/workspace/install/tiago_pro_moveit_config/share/tiago_pro_moveit_config/config/srdf/disable_collisions/tiago_pro_pal-pro-gripper_rokubi_allegro-hand_ati.srdf.xacro
[0.071s] -- Up-to-date: /home/user/exchange/workspace/install/tiago_pro_moveit_config/share/tiago_pro_moveit_config/config/srdf/disable_collisions/left_no-ee_rokubi.srdf.xacro
[0.071s] -- Up-to-date: /home/user/exchange/workspace/install/tiago_pro_moveit_config/share/tiago_pro_moveit_config/config/srdf/disable_collisions/left_allegro-hand_ati.srdf.xacro
[0.071s] -- Up-to-date: /home/user/exchange/workspace/install/tiago_pro_moveit_config/share/tiago_pro_moveit_config/config/srdf/disable_collisions/right_allegro-hand_rokubi.srdf.xacro
[0.071s] -- Up-to-date: /home/user/exchange/workspace/install/tiago_pro_moveit_config/share/tiago_pro_moveit_config/config/srdf/disable_collisions/tiago_pro_no-arm-right.srdf.xacro
[0.071s] -- Up-to-date: /home/user/exchange/workspace/install/tiago_pro_moveit_config/share/tiago_pro_moveit_config/config/srdf/disable_collisions/tiago_pro_pal-pro-gripper_rokubi_pal-pro-gripper_rokubi.srdf.xacro
[0.071s] -- Up-to-date: /home/user/exchange/workspace/install/tiago_pro_moveit_config/share/tiago_pro_moveit_config/config/srdf/disable_collisions/tiago_pro_allegro-hand_rokubi_no-ee.srdf.xacro
[0.071s] -- Up-to-date: /home/user/exchange/workspace/install/tiago_pro_moveit_config/share/tiago_pro_moveit_config/config/srdf/disable_collisions/tiago_pro_pal-pro-gripper_rokubi_pal-pro-gripper_ati.srdf.xacro
[0.071s] -- Up-to-date: /home/user/exchange/workspace/install/tiago_pro_moveit_config/share/tiago_pro_moveit_config/config/srdf/disable_collisions/tiago_pro_pal-pro-gripper_pal-pro-gripper.srdf.xacro
[0.071s] -- Up-to-date: /home/user/exchange/workspace/install/tiago_pro_moveit_config/share/tiago_pro_moveit_config/config/srdf/disable_collisions/left_allegro-hand.srdf.xacro
[0.071s] -- Up-to-date: /home/user/exchange/workspace/install/tiago_pro_moveit_config/share/tiago_pro_moveit_config/config/srdf/disable_collisions/tiago_pro_no-ee_pal-pro-gripper_ati.srdf.xacro
[0.071s] -- Up-to-date: /home/user/exchange/workspace/install/tiago_pro_moveit_config/share/tiago_pro_moveit_config/config/srdf/disable_collisions/tiago_pro_no-arm-left_allegro-hand_ati.srdf.xacro
[0.071s] -- Up-to-date: /home/user/exchange/workspace/install/tiago_pro_moveit_config/share/tiago_pro_moveit_config/config/srdf/disable_collisions/tiago_pro_pal-pro-gripper_rokubi_no-ee_rokubi.srdf.xacro
[0.071s] -- Up-to-date: /home/user/exchange/workspace/install/tiago_pro_moveit_config/share/tiago_pro_moveit_config/config/srdf/disable_collisions/tiago_pro_pal-pro-gripper_rokubi_no-ee_ati.srdf.xacro
[0.071s] -- Up-to-date: /home/user/exchange/workspace/install/tiago_pro_moveit_config/share/tiago_pro_moveit_config/config/srdf/disable_collisions/right_pal-pro-gripper_ati.srdf.xacro
[0.071s] -- Up-to-date: /home/user/exchange/workspace/install/tiago_pro_moveit_config/share/tiago_pro_moveit_config/config/srdf/disable_collisions/tiago_pro_no-arm-left_pal-pro-gripper.srdf.xacro
[0.071s] -- Up-to-date: /home/user/exchange/workspace/install/tiago_pro_moveit_config/share/tiago_pro_moveit_config/config/srdf/disable_collisions/tiago_pro_allegro-hand_ati_no-ee_rokubi.srdf.xacro
[0.071s] -- Up-to-date: /home/user/exchange/workspace/install/tiago_pro_moveit_config/share/tiago_pro_moveit_config/config/srdf/disable_collisions/tiago_pro_pal-pro-gripper_pal-pro-gripper_ati.srdf.xacro
[0.072s] -- Up-to-date: /home/user/exchange/workspace/install/tiago_pro_moveit_config/share/tiago_pro_moveit_config/config/srdf/disable_collisions/left_pal-pro-gripper.srdf.xacro
[0.072s] -- Up-to-date: /home/user/exchange/workspace/install/tiago_pro_moveit_config/share/tiago_pro_moveit_config/config/srdf/disable_collisions/tiago_pro_allegro-hand_rokubi_no-ee_ati.srdf.xacro
[0.072s] -- Up-to-date: /home/user/exchange/workspace/install/tiago_pro_moveit_config/share/tiago_pro_moveit_config/config/srdf/disable_collisions/right_pal-pro-gripper.srdf.xacro
[0.072s] -- Up-to-date: /home/user/exchange/workspace/install/tiago_pro_moveit_config/share/tiago_pro_moveit_config/config/srdf/disable_collisions/tiago_pro_no-ee_ati_pal-pro-gripper_rokubi.srdf.xacro
[0.072s] -- Up-to-date: /home/user/exchange/workspace/install/tiago_pro_moveit_config/share/tiago_pro_moveit_config/config/srdf/disable_collisions/tiago_pro_allegro-hand_ati_allegro-hand_rokubi.srdf.xacro
[0.072s] -- Up-to-date: /home/user/exchange/workspace/install/tiago_pro_moveit_config/share/tiago_pro_moveit_config/config/srdf/disable_collisions/tiago_pro_pal-pro-gripper_no-ee.srdf.xacro
[0.072s] -- Up-to-date: /home/user/exchange/workspace/install/tiago_pro_moveit_config/share/tiago_pro_moveit_config/config/srdf/disable_collisions/tiago_pro_allegro-hand_ati_pal-pro-gripper.srdf.xacro
[0.072s] -- Up-to-date: /home/user/exchange/workspace/install/tiago_pro_moveit_config/share/tiago_pro_moveit_config/config/srdf/disable_collisions/tiago_pro_no-ee_pal-pro-gripper.srdf.xacro
[0.072s] -- Up-to-date: /home/user/exchange/workspace/install/tiago_pro_moveit_config/share/tiago_pro_moveit_config/config/rviz
[0.072s] -- Up-to-date: /home/user/exchange/workspace/install/tiago_pro_moveit_config/share/tiago_pro_moveit_config/config/rviz/moveit.rviz
[0.072s] -- Up-to-date: /home/user/exchange/workspace/install/tiago_pro_moveit_config/share/tiago_pro_moveit_config/config/joint_limits.yaml
[0.072s] -- Up-to-date: /home/user/exchange/workspace/install/tiago_pro_moveit_config/share/tiago_pro_moveit_config/config/chomp_planning.yaml
[0.072s] -- Up-to-date: /home/user/exchange/workspace/install/tiago_pro_moveit_config/share/tiago_pro_moveit_config/config/stomp_planning.yaml
[0.072s] -- Up-to-date: /home/user/exchange/workspace/install/tiago_pro_moveit_config/share/tiago_pro_moveit_config/config/controllers
[0.072s] -- Up-to-date: /home/user/exchange/workspace/install/tiago_pro_moveit_config/share/tiago_pro_moveit_config/config/controllers/controllers_no-ee_allegro-hand.yaml
[0.072s] -- Up-to-date: /home/user/exchange/workspace/install/tiago_pro_moveit_config/share/tiago_pro_moveit_config/config/controllers/controllers_pal-pro-gripper_custom.yaml
[0.072s] -- Up-to-date: /home/user/exchange/workspace/install/tiago_pro_moveit_config/share/tiago_pro_moveit_config/config/controllers/controllers_custom_custom.yaml
[0.072s] -- Up-to-date: /home/user/exchange/workspace/install/tiago_pro_moveit_config/share/tiago_pro_moveit_config/config/controllers/controllers_allegro-hand_no-arm.yaml
[0.073s] -- Up-to-date: /home/user/exchange/workspace/install/tiago_pro_moveit_config/share/tiago_pro_moveit_config/config/controllers/controllers_no-ee_no-ee.yaml
[0.074s] -- Up-to-date: /home/user/exchange/workspace/install/tiago_pro_moveit_config/share/tiago_pro_moveit_config/config/controllers/controllers_no-arm_custom.yaml
[0.074s] -- Up-to-date: /home/user/exchange/workspace/install/tiago_pro_moveit_config/share/tiago_pro_moveit_config/config/controllers/controllers.yaml.em
[0.074s] -- Up-to-date: /home/user/exchange/workspace/install/tiago_pro_moveit_config/share/tiago_pro_moveit_config/config/controllers/controllers_allegro-hand_pal-pro-gripper.yaml
[0.074s] -- Up-to-date: /home/user/exchange/workspace/install/tiago_pro_moveit_config/share/tiago_pro_moveit_config/config/controllers/controllers_pal-pro-gripper_allegro-hand.yaml
[0.075s] -- Up-to-date: /home/user/exchange/workspace/install/tiago_pro_moveit_config/share/tiago_pro_moveit_config/config/controllers/controllers_no-arm_no-arm.yaml
[0.075s] -- Up-to-date: /home/user/exchange/workspace/install/tiago_pro_moveit_config/share/tiago_pro_moveit_config/config/controllers/controllers_no-ee_custom.yaml
[0.075s] -- Up-to-date: /home/user/exchange/workspace/install/tiago_pro_moveit_config/share/tiago_pro_moveit_config/config/controllers/controllers_custom_no-ee.yaml
[0.075s] -- Up-to-date: /home/user/exchange/workspace/install/tiago_pro_moveit_config/share/tiago_pro_moveit_config/config/controllers/controllers_pal-pro-gripper_no-ee.yaml
[0.075s] -- Up-to-date: /home/user/exchange/workspace/install/tiago_pro_moveit_config/share/tiago_pro_moveit_config/config/controllers/controllers_no-arm_pal-pro-gripper.yaml
[0.075s] -- Up-to-date: /home/user/exchange/workspace/install/tiago_pro_moveit_config/share/tiago_pro_moveit_config/config/controllers/controllers_allegro-hand_no-ee.yaml
[0.075s] -- Up-to-date: /home/user/exchange/workspace/install/tiago_pro_moveit_config/share/tiago_pro_moveit_config/config/controllers/controllers_custom_pal-pro-gripper.yaml
[0.075s] -- Up-to-date: /home/user/exchange/workspace/install/tiago_pro_moveit_config/share/tiago_pro_moveit_config/config/controllers/controllers_no-ee_no-arm.yaml
[0.075s] -- Up-to-date: /home/user/exchange/workspace/install/tiago_pro_moveit_config/share/tiago_pro_moveit_config/config/controllers/controllers_allegro-hand_allegro-hand.yaml
[0.076s] -- Up-to-date: /home/user/exchange/workspace/install/tiago_pro_moveit_config/share/tiago_pro_moveit_config/config/controllers/controllers_no-arm_allegro-hand.yaml
[0.076s] -- Up-to-date: /home/user/exchange/workspace/install/tiago_pro_moveit_config/share/tiago_pro_moveit_config/config/controllers/controllers_no-ee_pal-pro-gripper.yaml
[0.076s] -- Up-to-date: /home/user/exchange/workspace/install/tiago_pro_moveit_config/share/tiago_pro_moveit_config/config/controllers/controllers_custom_allegro-hand.yaml
[0.076s] -- Up-to-date: /home/user/exchange/workspace/install/tiago_pro_moveit_config/share/tiago_pro_moveit_config/config/controllers/controllers_custom_no-arm.yaml
[0.076s] -- Up-to-date: /home/user/exchange/workspace/install/tiago_pro_moveit_config/share/tiago_pro_moveit_config/config/controllers/controllers_no-arm_no-ee.yaml
[0.076s] -- Up-to-date: /home/user/exchange/workspace/install/tiago_pro_moveit_config/share/tiago_pro_moveit_config/config/controllers/controllers_allegro-hand_custom.yaml
[0.076s] -- Up-to-date: /home/user/exchange/workspace/install/tiago_pro_moveit_config/share/tiago_pro_moveit_config/config/controllers/controllers_pal-pro-gripper_no-arm.yaml
[0.076s] -- Up-to-date: /home/user/exchange/workspace/install/tiago_pro_moveit_config/share/tiago_pro_moveit_config/config/controllers/controllers_pal-pro-gripper_pal-pro-gripper.yaml
[0.076s] -- Up-to-date: /home/user/exchange/workspace/install/tiago_pro_moveit_config/share/tiago_pro_moveit_config/config/sensors_3d.yaml
[0.076s] -- Up-to-date: /home/user/exchange/workspace/install/tiago_pro_moveit_config/share/tiago_pro_moveit_config/config/ompl_planning.yaml
[0.076s] -- Up-to-date: /home/user/exchange/workspace/install/tiago_pro_moveit_config/share/ament_index/resource_index/package_run_dependencies/tiago_pro_moveit_config
[0.076s] -- Up-to-date: /home/user/exchange/workspace/install/tiago_pro_moveit_config/share/ament_index/resource_index/parent_prefix_path/tiago_pro_moveit_config
[0.076s] -- Up-to-date: /home/user/exchange/workspace/install/tiago_pro_moveit_config/share/tiago_pro_moveit_config/environment/ament_prefix_path.sh
[0.076s] -- Up-to-date: /home/user/exchange/workspace/install/tiago_pro_moveit_config/share/tiago_pro_moveit_config/environment/ament_prefix_path.dsv
[0.077s] -- Up-to-date: /home/user/exchange/workspace/install/tiago_pro_moveit_config/share/tiago_pro_moveit_config/environment/path.sh
[0.077s] -- Up-to-date: /home/user/exchange/workspace/install/tiago_pro_moveit_config/share/tiago_pro_moveit_config/environment/path.dsv
[0.077s] -- Up-to-date: /home/user/exchange/workspace/install/tiago_pro_moveit_config/share/tiago_pro_moveit_config/local_setup.bash
[0.077s] -- Up-to-date: /home/user/exchange/workspace/install/tiago_pro_moveit_config/share/tiago_pro_moveit_config/local_setup.sh
[0.077s] -- Up-to-date: /home/user/exchange/workspace/install/tiago_pro_moveit_config/share/tiago_pro_moveit_config/local_setup.zsh
[0.078s] -- Up-to-date: /home/user/exchange/workspace/install/tiago_pro_moveit_config/share/tiago_pro_moveit_config/local_setup.dsv
[0.078s] -- Installing: /home/user/exchange/workspace/install/tiago_pro_moveit_config/share/tiago_pro_moveit_config/package.dsv
[0.078s] -- Up-to-date: /home/user/exchange/workspace/install/tiago_pro_moveit_config/share/ament_index/resource_index/packages/tiago_pro_moveit_config
[0.078s] -- Up-to-date: /home/user/exchange/workspace/install/tiago_pro_moveit_config/share/tiago_pro_moveit_config/cmake/tiago_pro_moveit_configConfig.cmake
[0.078s] -- Up-to-date: /home/user/exchange/workspace/install/tiago_pro_moveit_config/share/tiago_pro_moveit_config/cmake/tiago_pro_moveit_configConfig-version.cmake
[0.079s] -- Up-to-date: /home/user/exchange/workspace/install/tiago_pro_moveit_config/share/tiago_pro_moveit_config/package.xml
[0.079s] Invoked command in '/home/user/exchange/workspace/build/tiago_pro_moveit_config' returned '0': AMENT_PREFIX_PATH=/home/user/exchange/workspace/install/pal_pro_gripper_wrapper:/home/user/exchange/workspace/install/tiago_manipulation_tasks:/home/user/exchange/workspace/install/pick_task:/home/user/exchange/workspace/install/tiago_pro_simulation:/home/user/exchange/workspace/install/tiago_pro_robot:/home/user/exchange/workspace/install/tiago_pro_navigation:/home/user/exchange/workspace/install/tiago_pro_gazebo:/home/user/exchange/workspace/install/tiago_pro_rgbd_sensors:/home/user/exchange/workspace/install/tiago_pro_mujoco:/home/user/exchange/workspace/install/tiago_pro_moveit_config:/home/user/exchange/workspace/install/tiago_pro_laser_sensors:/home/user/exchange/workspace/install/tiago_pro_description:/home/user/exchange/workspace/install/tiago_pro_bringup:/home/user/exchange/workspace/install/tiago_pro_controller_configuration:/home/user/exchange/workspace/install/tiago_pro_2dnav:/home/user/exchange/workspace/install/ros2_linkattacher:/home/user/exchange/workspace/install/pal_sea_arm_moveit_config:/home/user/exchange/workspace/install/pal_sea_arm:/home/user/exchange/workspace/install/pal_sea_arm_bringup:/home/user/exchange/workspace/install/pal_sea_arm_description:/home/user/exchange/workspace/install/pal_sea_arm_controller_configuration:/home/user/exchange/workspace/install/pal_pro_gripper_simulation:/home/user/exchange/workspace/install/pal_pro_gripper_bringup:/home/user/exchange/workspace/install/pal_pro_gripper:/home/user/exchange/workspace/install/pal_pro_gripper_controller_configuration:/home/user/exchange/workspace/install/pal_pro_gripper_description:/home/user/exchange/workspace/install/pal_gazebo_worlds:/home/user/exchange/workspace/install/linkattacher_msgs:/opt/ros/humble CMAKE_PREFIX_PATH=/home/user/exchange/workspace/install/tiago_pro_description:/home/user/exchange/workspace/install/pal_sea_arm_moveit_config:/home/user/exchange/workspace/install/pal_sea_arm_description:/home/user/exchange/workspace/install/pal_sea_arm_controller_configuration:/home/user/exchange/workspace/install/pal_pro_gripper_controller_configuration:/home/user/exchange/workspace/install/pal_pro_gripper_description:/home/user/exchange/workspace/install/tiago_manipulation_tasks:/home/user/exchange/workspace/install/tiago_pro_simulation:/home/user/exchange/workspace/install/tiago_pro_robot:/home/user/exchange/workspace/install/tiago_pro_navigation:/home/user/exchange/workspace/install/tiago_pro_gazebo:/home/user/exchange/workspace/install/tiago_pro_rgbd_sensors:/home/user/exchange/workspace/install/tiago_pro_mujoco:/home/user/exchange/workspace/install/tiago_pro_moveit_config:/home/user/exchange/workspace/install/tiago_pro_laser_sensors:/home/user/exchange/workspace/install/tiago_pro_bringup:/home/user/exchange/workspace/install/tiago_pro_controller_configuration:/home/user/exchange/workspace/install/tiago_pro_2dnav:/home/user/exchange/workspace/install/ros2_linkattacher:/home/user/exchange/workspace/install/pal_sea_arm:/home/user/exchange/workspace/install/pal_sea_arm_bringup:/home/user/exchange/workspace/install/pal_pro_gripper_simulation:/home/user/exchange/workspace/install/pal_pro_gripper_bringup:/home/user/exchange/workspace/install/pal_pro_gripper:/home/user/exchange/workspace/install/pal_gazebo_worlds:/home/user/exchange/workspace/install/linkattacher_msgs:/home/user/exchange/workspace/install/pick_task:/home/user/exchange/workspace/install/pal_pro_gripper_wrapper:/opt/ros/humble PYTHONPATH=/home/user/exchange/workspace/install/pal_pro_gripper_wrapper/lib/python3.10/site-packages:/home/user/exchange/workspace/install/pick_task/lib/python3.10/site-packages:/home/user/exchange/workspace/install/tiago_pro_description/local/lib/python3.10/dist-packages:/home/user/exchange/workspace/install/pal_sea_arm_description/local/lib/python3.10/dist-packages:/home/user/exchange/workspace/install/pal_pro_gripper_description/local/lib/python3.10/dist-packages:/home/user/exchange/workspace/install/linkattacher_msgs/local/lib/python3.10/dist-packages:/opt/ros/humble/lib/python3.10/site-packages:/opt/ros/humble/local/lib/python3.10/dist-packages /usr/bin/cmake --install /home/user/exchange/workspace/build/tiago_pro_moveit_config
