[0.007s] Invoking command in '/home/user/exchange/workspace/build/ros2_linkattacher': AMENT_PREFIX_PATH=/home/user/exchange/workspace/install/linkattacher_msgs:${AMENT_PREFIX_PATH} CMAKE_PREFIX_PATH=/home/user/exchange/workspace/install/linkattacher_msgs:/home/user/exchange/workspace/install/tiago_manipulation_tasks:/home/user/exchange/workspace/install/tiago_pro_simulation:/home/user/exchange/workspace/install/tiago_pro_robot:/home/user/exchange/workspace/install/tiago_pro_navigation:/home/user/exchange/workspace/install/tiago_pro_gazebo:/home/user/exchange/workspace/install/tiago_pro_rgbd_sensors:/home/user/exchange/workspace/install/tiago_pro_mujoco:/home/user/exchange/workspace/install/tiago_pro_moveit_config:/home/user/exchange/workspace/install/tiago_pro_laser_sensors:/home/user/exchange/workspace/install/tiago_pro_description:/home/user/exchange/workspace/install/tiago_pro_bringup:/home/user/exchange/workspace/install/tiago_pro_controller_configuration:/home/user/exchange/workspace/install/tiago_pro_2dnav:/home/user/exchange/workspace/install/pal_sea_arm_moveit_config:/home/user/exchange/workspace/install/pal_sea_arm:/home/user/exchange/workspace/install/pal_sea_arm_bringup:/home/user/exchange/workspace/install/pal_sea_arm_description:/home/user/exchange/workspace/install/pal_sea_arm_controller_configuration:/home/user/exchange/workspace/install/pal_pro_gripper_simulation:/home/user/exchange/workspace/install/pal_pro_gripper_bringup:/home/user/exchange/workspace/install/pal_pro_gripper:/home/user/exchange/workspace/install/pal_pro_gripper_controller_configuration:/home/user/exchange/workspace/install/pal_pro_gripper_description:/home/user/exchange/workspace/install/pal_gazebo_worlds:/home/user/exchange/workspace/install/pick_task:/home/user/exchange/workspace/install/pal_pro_gripper_wrapper:/opt/ros/humble LD_LIBRARY_PATH=/home/user/exchange/workspace/install/linkattacher_msgs/lib:${LD_LIBRARY_PATH} PYTHONPATH=/home/user/exchange/workspace/install/linkattacher_msgs/local/lib/python3.10/dist-packages:${PYTHONPATH} /usr/bin/cmake /home/user/exchange/workspace/src/IFRA_LinkAttacher/ros2_LinkAttacher -DCMAKE_INSTALL_PREFIX=/home/user/exchange/workspace/install/ros2_linkattacher
[0.042s] -- The C compiler identification is GNU 11.4.0
[0.076s] -- The CXX compiler identification is GNU 11.4.0
[0.081s] -- Detecting C compiler ABI info
[0.121s] -- Detecting C compiler ABI info - done
[0.125s] -- Check for working C compiler: /usr/bin/cc - skipped
[0.126s] -- Detecting C compile features
[0.126s] -- Detecting C compile features - done
[0.128s] -- Detecting CXX compiler ABI info
[0.177s] -- Detecting CXX compiler ABI info - done
[0.182s] -- Check for working CXX compiler: /usr/bin/c++ - skipped
[0.182s] -- Detecting CXX compile features
[0.182s] -- Detecting CXX compile features - done
[0.185s] -- Found ament_cmake: 1.3.13 (/opt/ros/humble/share/ament_cmake/cmake)
[0.272s] -- Found Python3: /usr/bin/python3 (found version "3.10.12") found components: Interpreter 
[0.347s] -- Found ament_lint_auto: 0.12.15 (/opt/ros/humble/share/ament_lint_auto/cmake)
[0.420s] -- Found gazebo_ros: 3.9.0 (/opt/ros/humble/share/gazebo_ros/cmake)
[0.459s] -- Found rosidl_generator_c: 3.1.8 (/opt/ros/humble/share/rosidl_generator_c/cmake)
[0.464s] -- Found rosidl_adapter: 3.1.8 (/opt/ros/humble/share/rosidl_adapter/cmake)
[0.471s] -- Found rosidl_generator_cpp: 3.1.8 (/opt/ros/humble/share/rosidl_generator_cpp/cmake)
[0.481s] -- Using all available rosidl_typesupport_c: rosidl_typesupport_fastrtps_c;rosidl_typesupport_introspection_c
[0.495s] -- Using all available rosidl_typesupport_cpp: rosidl_typesupport_fastrtps_cpp;rosidl_typesupport_introspection_cpp
[0.531s] -- Found rmw_implementation_cmake: 6.1.2 (/opt/ros/humble/share/rmw_implementation_cmake/cmake)
[0.534s] -- Found rmw_fastrtps_cpp: 6.2.10 (/opt/ros/humble/share/rmw_fastrtps_cpp/cmake)
[0.601s] -- Found OpenSSL: /usr/lib/x86_64-linux-gnu/libcrypto.so (found version "3.0.2")  
[0.621s] -- Found FastRTPS: /opt/ros/humble/include  
[0.652s] -- Using RMW implementation 'rmw_fastrtps_cpp' as default
[0.661s] -- Looking for pthread.h
[0.702s] -- Looking for pthread.h - found
[0.702s] -- Performing Test CMAKE_HAVE_LIBC_PTHREAD
[0.744s] -- Performing Test CMAKE_HAVE_LIBC_PTHREAD - Success
[0.745s] -- Found Threads: TRUE  
[0.792s] -- Found PkgConfig: /usr/bin/pkg-config (found version "0.29.2") 
[0.793s] -- Checking for module 'bullet>=2.82'
[0.800s] --   Found bullet, version 3.05
[0.867s] -- Found fcl: /usr/include (found suitable version "0.7.0", minimum required is "0.5.0") 
[0.895s] -- Found assimp: /usr/include (found version "5.2.0") 
[0.922s] -- Found DART: /usr/include (Required is at least version "6.6") found components: dart 
[0.952s] -- Found Boost: /usr/lib/x86_64-linux-gnu/cmake/Boost-1.74.0/BoostConfig.cmake (found suitable version "1.74.0", minimum required is "1.40.0") found components: thread system filesystem program_options regex iostreams date_time 
[0.967s] -- Found Protobuf: /usr/lib/x86_64-linux-gnu/libprotobuf.so (found version "3.12.4") 
[0.974s] -- Looking for ignition-math6 -- found version 6.15.1
[0.982s] -- Searching for dependencies of ignition-math6
[0.984s] -- Looking for OGRE...
[0.984s] -- OGRE_PREFIX_WATCH changed.
[0.988s] -- Checking for module 'OGRE'
[0.995s] --   Found OGRE, version 1.9.0
[1.012s] -- Found Ogre Ghadamon (1.9.0)
[1.017s] -- Found OGRE: optimized;/usr/lib/x86_64-linux-gnu/libOgreMain.so;debug;/usr/lib/x86_64-linux-gnu/libOgreMain.so
[1.024s] -- Looking for OGRE_Paging...
[1.029s] -- Found OGRE_Paging: optimized;/usr/lib/x86_64-linux-gnu/libOgrePaging.so;debug;/usr/lib/x86_64-linux-gnu/libOgrePaging.so
[1.029s] -- Looking for OGRE_Terrain...
[1.033s] -- Found OGRE_Terrain: optimized;/usr/lib/x86_64-linux-gnu/libOgreTerrain.so;debug;/usr/lib/x86_64-linux-gnu/libOgreTerrain.so
[1.033s] -- Looking for OGRE_Property...
[1.037s] -- Found OGRE_Property: optimized;/usr/lib/x86_64-linux-gnu/libOgreProperty.so;debug;/usr/lib/x86_64-linux-gnu/libOgreProperty.so
[1.037s] -- Looking for OGRE_RTShaderSystem...
[1.040s] -- Found OGRE_RTShaderSystem: optimized;/usr/lib/x86_64-linux-gnu/libOgreRTShaderSystem.so;debug;/usr/lib/x86_64-linux-gnu/libOgreRTShaderSystem.so
[1.041s] -- Looking for OGRE_Volume...
[1.044s] -- Found OGRE_Volume: optimized;/usr/lib/x86_64-linux-gnu/libOgreVolume.so;debug;/usr/lib/x86_64-linux-gnu/libOgreVolume.so
[1.044s] -- Looking for OGRE_Overlay...
[1.048s] -- Found OGRE_Overlay: optimized;/usr/lib/x86_64-linux-gnu/libOgreOverlay.so;debug;/usr/lib/x86_64-linux-gnu/libOgreOverlay.so
[1.136s] -- Looking for ignition-math6 -- found version 6.15.1
[1.139s] -- Looking for ignition-transport8 -- found version 8.2.1
[1.140s] -- Searching for dependencies of ignition-transport8
[1.154s] -- Found Protobuf: /usr/lib/x86_64-linux-gnu/libprotobuf.so (found suitable version "3.12.4", minimum required is "3") 
[1.164s] -- Config-file not installed for ZeroMQ -- checking for pkg-config
[1.168s] -- Checking for module 'libzmq >= 4'
[1.176s] --   Found libzmq , version 4.3.4
[1.195s] -- Found ZeroMQ: TRUE (Required is at least version "4") 
[1.199s] -- Checking for module 'uuid'
[1.207s] --   Found uuid, version 2.37.2
[1.223s] -- Found UUID: TRUE  
[1.226s] -- Looking for ignition-msgs5 -- found version 5.8.1
[1.226s] -- Searching for dependencies of ignition-msgs5
[1.241s] -- Looking for ignition-math6 -- found version 6.15.1
[1.245s] -- Checking for module 'tinyxml2'
[1.252s] --   Found tinyxml2, version 9.0.0
[1.270s] -- Looking for ignition-msgs5 -- found version 5.8.1
[1.273s] -- Looking for ignition-common3 -- found version 3.14.0
[1.273s] -- Searching for dependencies of ignition-common3
[1.274s] -- Looking for dlfcn.h - found
[1.274s] -- Looking for libdl - found
[1.275s] -- Found DL: TRUE  
[1.284s] -- Found tinyobjloader: /usr/lib/x86_64-linux-gnu/cmake/tinyobjloader/tinyobjloader-config.cmake (found version "2.0.0") 
[1.285s] -- Searching for <ignition-common3> component [graphics]
[1.287s] -- Looking for ignition-common3-graphics -- found version 3.14.0
[1.288s] -- Searching for dependencies of ignition-common3-graphics
[1.288s] -- Looking for ignition-math6 -- found version 6.15.1
[1.291s] -- Looking for ignition-fuel_tools4 -- found version 4.4.0
[1.292s] -- Searching for dependencies of ignition-fuel_tools4
[1.338s] -- Found CURL: /usr/lib/x86_64-linux-gnu/libcurl.so (found version "7.81.0")  
[1.345s] -- Checking for module 'jsoncpp'
[1.352s] --   Found jsoncpp, version 1.9.5
[1.369s] -- Found JSONCPP: TRUE  
[1.372s] -- Checking for module 'libzip'
[1.379s] --   Found libzip, version 1.7.3
[1.396s] -- Found ZIP: TRUE  
[1.396s] -- Looking for ignition-common3 -- found version 3.14.0
[1.396s] -- Looking for ignition-math6 -- found version 6.15.1
[1.396s] -- Looking for ignition-msgs5 -- found version 5.8.1
[1.401s] -- Gazebo version: 11.10
[1.401s] -- Checking for module 'tbb'
[1.409s] --   Found tbb, version 2021.5.0
[1.427s] -- Found gazebo_msgs: 3.9.0 (/opt/ros/humble/share/gazebo_msgs/cmake)
[1.463s] -- Found linkattacher_msgs: 0.0.0 (/home/user/exchange/workspace/install/linkattacher_msgs/share/linkattacher_msgs/cmake)
[1.478s] -- Added test 'copyright' to check source files copyright and LICENSE
[1.479s] -- Added test 'cppcheck' to perform static code analysis on C / C++ code
[1.480s] -- Configured cppcheck include dirs: /home/user/exchange/workspace/src/IFRA_LinkAttacher/ros2_LinkAttacher/include
[1.480s] -- Configured cppcheck exclude dirs and/or files: 
[1.480s] -- Added test 'cpplint' to check C / C++ code against the Google style
[1.480s] -- Configured cpplint exclude dirs and/or files: 
[1.481s] -- Added test 'lint_cmake' to check CMake code style
[1.482s] -- Added test 'uncrustify' to check C / C++ code style
[1.482s] -- Configured uncrustify additional arguments: 
[1.482s] -- Added test 'xmllint' to check XML markup files
[1.484s] -- Configuring done
[1.503s] -- Generating done
[1.507s] -- Build files have been written to: /home/user/exchange/workspace/build/ros2_linkattacher
[1.514s] Invoked command in '/home/user/exchange/workspace/build/ros2_linkattacher' returned '0': AMENT_PREFIX_PATH=/home/user/exchange/workspace/install/linkattacher_msgs:${AMENT_PREFIX_PATH} CMAKE_PREFIX_PATH=/home/user/exchange/workspace/install/linkattacher_msgs:/home/user/exchange/workspace/install/tiago_manipulation_tasks:/home/user/exchange/workspace/install/tiago_pro_simulation:/home/user/exchange/workspace/install/tiago_pro_robot:/home/user/exchange/workspace/install/tiago_pro_navigation:/home/user/exchange/workspace/install/tiago_pro_gazebo:/home/user/exchange/workspace/install/tiago_pro_rgbd_sensors:/home/user/exchange/workspace/install/tiago_pro_mujoco:/home/user/exchange/workspace/install/tiago_pro_moveit_config:/home/user/exchange/workspace/install/tiago_pro_laser_sensors:/home/user/exchange/workspace/install/tiago_pro_description:/home/user/exchange/workspace/install/tiago_pro_bringup:/home/user/exchange/workspace/install/tiago_pro_controller_configuration:/home/user/exchange/workspace/install/tiago_pro_2dnav:/home/user/exchange/workspace/install/pal_sea_arm_moveit_config:/home/user/exchange/workspace/install/pal_sea_arm:/home/user/exchange/workspace/install/pal_sea_arm_bringup:/home/user/exchange/workspace/install/pal_sea_arm_description:/home/user/exchange/workspace/install/pal_sea_arm_controller_configuration:/home/user/exchange/workspace/install/pal_pro_gripper_simulation:/home/user/exchange/workspace/install/pal_pro_gripper_bringup:/home/user/exchange/workspace/install/pal_pro_gripper:/home/user/exchange/workspace/install/pal_pro_gripper_controller_configuration:/home/user/exchange/workspace/install/pal_pro_gripper_description:/home/user/exchange/workspace/install/pal_gazebo_worlds:/home/user/exchange/workspace/install/pick_task:/home/user/exchange/workspace/install/pal_pro_gripper_wrapper:/opt/ros/humble LD_LIBRARY_PATH=/home/user/exchange/workspace/install/linkattacher_msgs/lib:${LD_LIBRARY_PATH} PYTHONPATH=/home/user/exchange/workspace/install/linkattacher_msgs/local/lib/python3.10/dist-packages:${PYTHONPATH} /usr/bin/cmake /home/user/exchange/workspace/src/IFRA_LinkAttacher/ros2_LinkAttacher -DCMAKE_INSTALL_PREFIX=/home/user/exchange/workspace/install/ros2_linkattacher
[1.515s] Invoking command in '/home/user/exchange/workspace/build/ros2_linkattacher': AMENT_PREFIX_PATH=/home/user/exchange/workspace/install/linkattacher_msgs:${AMENT_PREFIX_PATH} CMAKE_PREFIX_PATH=/home/user/exchange/workspace/install/linkattacher_msgs:/home/user/exchange/workspace/install/tiago_manipulation_tasks:/home/user/exchange/workspace/install/tiago_pro_simulation:/home/user/exchange/workspace/install/tiago_pro_robot:/home/user/exchange/workspace/install/tiago_pro_navigation:/home/user/exchange/workspace/install/tiago_pro_gazebo:/home/user/exchange/workspace/install/tiago_pro_rgbd_sensors:/home/user/exchange/workspace/install/tiago_pro_mujoco:/home/user/exchange/workspace/install/tiago_pro_moveit_config:/home/user/exchange/workspace/install/tiago_pro_laser_sensors:/home/user/exchange/workspace/install/tiago_pro_description:/home/user/exchange/workspace/install/tiago_pro_bringup:/home/user/exchange/workspace/install/tiago_pro_controller_configuration:/home/user/exchange/workspace/install/tiago_pro_2dnav:/home/user/exchange/workspace/install/pal_sea_arm_moveit_config:/home/user/exchange/workspace/install/pal_sea_arm:/home/user/exchange/workspace/install/pal_sea_arm_bringup:/home/user/exchange/workspace/install/pal_sea_arm_description:/home/user/exchange/workspace/install/pal_sea_arm_controller_configuration:/home/user/exchange/workspace/install/pal_pro_gripper_simulation:/home/user/exchange/workspace/install/pal_pro_gripper_bringup:/home/user/exchange/workspace/install/pal_pro_gripper:/home/user/exchange/workspace/install/pal_pro_gripper_controller_configuration:/home/user/exchange/workspace/install/pal_pro_gripper_description:/home/user/exchange/workspace/install/pal_gazebo_worlds:/home/user/exchange/workspace/install/pick_task:/home/user/exchange/workspace/install/pal_pro_gripper_wrapper:/opt/ros/humble LD_LIBRARY_PATH=/home/user/exchange/workspace/install/linkattacher_msgs/lib:${LD_LIBRARY_PATH} PYTHONPATH=/home/user/exchange/workspace/install/linkattacher_msgs/local/lib/python3.10/dist-packages:${PYTHONPATH} /usr/bin/cmake --build /home/user/exchange/workspace/build/ros2_linkattacher -- -j12 -l12
[1.544s] [ 50%] [32mBuilding CXX object CMakeFiles/gazebo_link_attacher.dir/src/gazebo_link_attacher.cpp.o[0m
[8.534s] [100%] [32m[1mLinking CXX shared library libgazebo_link_attacher.so[0m
[8.889s] [100%] Built target gazebo_link_attacher
[8.901s] Invoked command in '/home/user/exchange/workspace/build/ros2_linkattacher' returned '0': AMENT_PREFIX_PATH=/home/user/exchange/workspace/install/linkattacher_msgs:${AMENT_PREFIX_PATH} CMAKE_PREFIX_PATH=/home/user/exchange/workspace/install/linkattacher_msgs:/home/user/exchange/workspace/install/tiago_manipulation_tasks:/home/user/exchange/workspace/install/tiago_pro_simulation:/home/user/exchange/workspace/install/tiago_pro_robot:/home/user/exchange/workspace/install/tiago_pro_navigation:/home/user/exchange/workspace/install/tiago_pro_gazebo:/home/user/exchange/workspace/install/tiago_pro_rgbd_sensors:/home/user/exchange/workspace/install/tiago_pro_mujoco:/home/user/exchange/workspace/install/tiago_pro_moveit_config:/home/user/exchange/workspace/install/tiago_pro_laser_sensors:/home/user/exchange/workspace/install/tiago_pro_description:/home/user/exchange/workspace/install/tiago_pro_bringup:/home/user/exchange/workspace/install/tiago_pro_controller_configuration:/home/user/exchange/workspace/install/tiago_pro_2dnav:/home/user/exchange/workspace/install/pal_sea_arm_moveit_config:/home/user/exchange/workspace/install/pal_sea_arm:/home/user/exchange/workspace/install/pal_sea_arm_bringup:/home/user/exchange/workspace/install/pal_sea_arm_description:/home/user/exchange/workspace/install/pal_sea_arm_controller_configuration:/home/user/exchange/workspace/install/pal_pro_gripper_simulation:/home/user/exchange/workspace/install/pal_pro_gripper_bringup:/home/user/exchange/workspace/install/pal_pro_gripper:/home/user/exchange/workspace/install/pal_pro_gripper_controller_configuration:/home/user/exchange/workspace/install/pal_pro_gripper_description:/home/user/exchange/workspace/install/pal_gazebo_worlds:/home/user/exchange/workspace/install/pick_task:/home/user/exchange/workspace/install/pal_pro_gripper_wrapper:/opt/ros/humble LD_LIBRARY_PATH=/home/user/exchange/workspace/install/linkattacher_msgs/lib:${LD_LIBRARY_PATH} PYTHONPATH=/home/user/exchange/workspace/install/linkattacher_msgs/local/lib/python3.10/dist-packages:${PYTHONPATH} /usr/bin/cmake --build /home/user/exchange/workspace/build/ros2_linkattacher -- -j12 -l12
[8.902s] Invoking command in '/home/user/exchange/workspace/build/ros2_linkattacher': AMENT_PREFIX_PATH=/home/user/exchange/workspace/install/linkattacher_msgs:${AMENT_PREFIX_PATH} CMAKE_PREFIX_PATH=/home/user/exchange/workspace/install/linkattacher_msgs:/home/user/exchange/workspace/install/tiago_manipulation_tasks:/home/user/exchange/workspace/install/tiago_pro_simulation:/home/user/exchange/workspace/install/tiago_pro_robot:/home/user/exchange/workspace/install/tiago_pro_navigation:/home/user/exchange/workspace/install/tiago_pro_gazebo:/home/user/exchange/workspace/install/tiago_pro_rgbd_sensors:/home/user/exchange/workspace/install/tiago_pro_mujoco:/home/user/exchange/workspace/install/tiago_pro_moveit_config:/home/user/exchange/workspace/install/tiago_pro_laser_sensors:/home/user/exchange/workspace/install/tiago_pro_description:/home/user/exchange/workspace/install/tiago_pro_bringup:/home/user/exchange/workspace/install/tiago_pro_controller_configuration:/home/user/exchange/workspace/install/tiago_pro_2dnav:/home/user/exchange/workspace/install/pal_sea_arm_moveit_config:/home/user/exchange/workspace/install/pal_sea_arm:/home/user/exchange/workspace/install/pal_sea_arm_bringup:/home/user/exchange/workspace/install/pal_sea_arm_description:/home/user/exchange/workspace/install/pal_sea_arm_controller_configuration:/home/user/exchange/workspace/install/pal_pro_gripper_simulation:/home/user/exchange/workspace/install/pal_pro_gripper_bringup:/home/user/exchange/workspace/install/pal_pro_gripper:/home/user/exchange/workspace/install/pal_pro_gripper_controller_configuration:/home/user/exchange/workspace/install/pal_pro_gripper_description:/home/user/exchange/workspace/install/pal_gazebo_worlds:/home/user/exchange/workspace/install/pick_task:/home/user/exchange/workspace/install/pal_pro_gripper_wrapper:/opt/ros/humble LD_LIBRARY_PATH=/home/user/exchange/workspace/install/linkattacher_msgs/lib:${LD_LIBRARY_PATH} PYTHONPATH=/home/user/exchange/workspace/install/linkattacher_msgs/local/lib/python3.10/dist-packages:${PYTHONPATH} /usr/bin/cmake --install /home/user/exchange/workspace/build/ros2_linkattacher
[8.906s] -- Install configuration: ""
[8.906s] -- Installing: /home/user/exchange/workspace/install/ros2_linkattacher/share/ros2_linkattacher/environment/library_path.sh
[8.906s] -- Installing: /home/user/exchange/workspace/install/ros2_linkattacher/share/ros2_linkattacher/environment/library_path.dsv
[8.906s] -- Installing: /home/user/exchange/workspace/install/ros2_linkattacher/lib/libgazebo_link_attacher.so
[8.908s] -- Set runtime path of "/home/user/exchange/workspace/install/ros2_linkattacher/lib/libgazebo_link_attacher.so" to ""
[8.908s] -- Installing: /home/user/exchange/workspace/install/ros2_linkattacher/share/ament_index/resource_index/package_run_dependencies/ros2_linkattacher
[8.908s] -- Installing: /home/user/exchange/workspace/install/ros2_linkattacher/share/ament_index/resource_index/parent_prefix_path/ros2_linkattacher
[8.908s] -- Installing: /home/user/exchange/workspace/install/ros2_linkattacher/share/ros2_linkattacher/environment/ament_prefix_path.sh
[8.908s] -- Installing: /home/user/exchange/workspace/install/ros2_linkattacher/share/ros2_linkattacher/environment/ament_prefix_path.dsv
[8.908s] -- Installing: /home/user/exchange/workspace/install/ros2_linkattacher/share/ros2_linkattacher/environment/path.sh
[8.908s] -- Installing: /home/user/exchange/workspace/install/ros2_linkattacher/share/ros2_linkattacher/environment/path.dsv
[8.908s] -- Installing: /home/user/exchange/workspace/install/ros2_linkattacher/share/ros2_linkattacher/local_setup.bash
[8.908s] -- Installing: /home/user/exchange/workspace/install/ros2_linkattacher/share/ros2_linkattacher/local_setup.sh
[8.908s] -- Installing: /home/user/exchange/workspace/install/ros2_linkattacher/share/ros2_linkattacher/local_setup.zsh
[8.908s] -- Installing: /home/user/exchange/workspace/install/ros2_linkattacher/share/ros2_linkattacher/local_setup.dsv
[8.908s] -- Installing: /home/user/exchange/workspace/install/ros2_linkattacher/share/ros2_linkattacher/package.dsv
[8.908s] -- Installing: /home/user/exchange/workspace/install/ros2_linkattacher/share/ament_index/resource_index/packages/ros2_linkattacher
[8.908s] -- Installing: /home/user/exchange/workspace/install/ros2_linkattacher/share/ros2_linkattacher/cmake/ament_cmake_export_libraries-extras.cmake
[8.908s] -- Installing: /home/user/exchange/workspace/install/ros2_linkattacher/share/ros2_linkattacher/cmake/ros2_linkattacherConfig.cmake
[8.908s] -- Installing: /home/user/exchange/workspace/install/ros2_linkattacher/share/ros2_linkattacher/cmake/ros2_linkattacherConfig-version.cmake
[8.909s] -- Installing: /home/user/exchange/workspace/install/ros2_linkattacher/share/ros2_linkattacher/package.xml
[8.910s] Invoked command in '/home/user/exchange/workspace/build/ros2_linkattacher' returned '0': AMENT_PREFIX_PATH=/home/user/exchange/workspace/install/linkattacher_msgs:${AMENT_PREFIX_PATH} CMAKE_PREFIX_PATH=/home/user/exchange/workspace/install/linkattacher_msgs:/home/user/exchange/workspace/install/tiago_manipulation_tasks:/home/user/exchange/workspace/install/tiago_pro_simulation:/home/user/exchange/workspace/install/tiago_pro_robot:/home/user/exchange/workspace/install/tiago_pro_navigation:/home/user/exchange/workspace/install/tiago_pro_gazebo:/home/user/exchange/workspace/install/tiago_pro_rgbd_sensors:/home/user/exchange/workspace/install/tiago_pro_mujoco:/home/user/exchange/workspace/install/tiago_pro_moveit_config:/home/user/exchange/workspace/install/tiago_pro_laser_sensors:/home/user/exchange/workspace/install/tiago_pro_description:/home/user/exchange/workspace/install/tiago_pro_bringup:/home/user/exchange/workspace/install/tiago_pro_controller_configuration:/home/user/exchange/workspace/install/tiago_pro_2dnav:/home/user/exchange/workspace/install/pal_sea_arm_moveit_config:/home/user/exchange/workspace/install/pal_sea_arm:/home/user/exchange/workspace/install/pal_sea_arm_bringup:/home/user/exchange/workspace/install/pal_sea_arm_description:/home/user/exchange/workspace/install/pal_sea_arm_controller_configuration:/home/user/exchange/workspace/install/pal_pro_gripper_simulation:/home/user/exchange/workspace/install/pal_pro_gripper_bringup:/home/user/exchange/workspace/install/pal_pro_gripper:/home/user/exchange/workspace/install/pal_pro_gripper_controller_configuration:/home/user/exchange/workspace/install/pal_pro_gripper_description:/home/user/exchange/workspace/install/pal_gazebo_worlds:/home/user/exchange/workspace/install/pick_task:/home/user/exchange/workspace/install/pal_pro_gripper_wrapper:/opt/ros/humble LD_LIBRARY_PATH=/home/user/exchange/workspace/install/linkattacher_msgs/lib:${LD_LIBRARY_PATH} PYTHONPATH=/home/user/exchange/workspace/install/linkattacher_msgs/local/lib/python3.10/dist-packages:${PYTHONPATH} /usr/bin/cmake --install /home/user/exchange/workspace/build/ros2_linkattacher
