[01m[K/home/user/exchange/workspace/src/tiago_manipulation_tasks/src/pick_macro_task_node.cpp:[m[K In member function ‘[01m[Kvoid PickMacroTaskNode::executeMacroTask()[m[K’:
[01m[K/home/user/exchange/workspace/src/tiago_manipulation_tasks/src/pick_macro_task_node.cpp:363:66:[m[K [01;31m[Kerror: [m[K‘[01m[Ktarget_x[m[K’ was not declared in this scope
  363 |        bool position_target_set = arm_group_->setPositionTarget([01;31m[Ktarget_x[m[K, target_y, target_z, "arm_right_tool_link");
      |                                                                 [01;31m[K^~~~~~~~[m[K

[01m[K/home/user/exchange/workspace/src/tiago_manipulation_tasks/src/pick_macro_task_node.cpp:363:76:[m[K [01;31m[Kerror: [m[K‘[01m[Ktarget_y[m[K’ was not declared in this scope
  363 | l position_target_set = arm_group_->setPositionTarget(target_x, [01;31m[Ktarget_y[m[K, target_z, "arm_right_tool_link");
      |                                                                 [01;31m[K^~~~~~~~[m[K

[01m[K/home/user/exchange/workspace/src/tiago_manipulation_tasks/src/pick_macro_task_node.cpp:363:86:[m[K [01;31m[Kerror: [m[K‘[01m[Ktarget_z[m[K’ was not declared in this scope
  363 | _target_set = arm_group_->setPositionTarget(target_x, target_y, [01;31m[Ktarget_z[m[K, "arm_right_tool_link");
      |                                                                 [01;31m[K^~~~~~~~[m[K

[01m[K/home/user/exchange/workspace/src/tiago_manipulation_tasks/src/pick_macro_task_node.cpp:364:9:[m[K [01;31m[Kerror: [m[K‘[01m[KCLCPP_INFO[m[K’ was not declared in this scope; did you mean ‘[01m[KRCLCPP_INFO[m[K’?
  364 |         [01;31m[KCLCPP_INFO[m[K(node_->get_logger(), "[DEBUG] Pre-Grasp Position inviata -> X: %.3f, Y: %.3f, Z: %.3f",
      |         [01;31m[K^~~~~~~~~~[m[K
      |         [32m[KRCLCPP_INFO[m[K
[01m[K/home/user/exchange/workspace/src/tiago_manipulation_tasks/src/pick_macro_task_node.cpp:363:14:[m[K [01;35m[Kwarning: [m[Kunused variable ‘[01m[Kposition_target_set[m[K’ [[01;35m[K]8;;https://gcc.gnu.org/onlinedocs/gcc/Warning-Options.html#index-Wunused-variable-Wunused-variable]8;;[m[K]
  363 |         bool [01;35m[Kposition_target_set[m[K = arm_group_->setPositionTarget(target_x, target_y, target_z, "arm_right_tool_link");
      |              [01;35m[K^~~~~~~~~~~~~~~~~~~[m[K
gmake[2]: *** [CMakeFiles/pick_macro_task_node.dir/build.make:76: CMakeFiles/pick_macro_task_node.dir/src/pick_macro_task_node.cpp.o] Error 1
gmake[1]: *** [CMakeFiles/Makefile2:139: CMakeFiles/pick_macro_task_node.dir/all] Error 2
gmake: *** [Makefile:146: all] Error 2
