[0.007s] Invoking command in '/home/user/exchange/workspace/build/tiago_pro_description': AMENT_PREFIX_PATH=/home/user/exchange/workspace/install/pal_sea_arm_description:/home/user/exchange/workspace/install/pal_sea_arm_controller_configuration:/home/user/exchange/workspace/install/pal_pro_gripper_controller_configuration:/home/user/exchange/workspace/install/pal_pro_gripper_wrapper:/home/user/exchange/workspace/install/pal_pro_gripper_description:${AMENT_PREFIX_PATH} CMAKE_PREFIX_PATH=/home/user/exchange/workspace/install/pal_sea_arm_description:/home/user/exchange/workspace/install/pal_sea_arm_controller_configuration:/home/user/exchange/workspace/install/pal_pro_gripper_controller_configuration:/home/user/exchange/workspace/install/pal_pro_gripper_description:/opt/ros/humble PYTHONPATH=/home/user/exchange/workspace/install/pal_sea_arm_description/local/lib/python3.10/dist-packages:/home/user/exchange/workspace/install/pal_pro_gripper_wrapper/lib/python3.10/site-packages:/home/user/exchange/workspace/install/pal_pro_gripper_description/local/lib/python3.10/dist-packages:${PYTHONPATH} /usr/bin/cmake --build /home/user/exchange/workspace/build/tiago_pro_description -- -j12 -l12
[0.040s] Built target ament_cmake_python_copy_tiago_pro_description
[0.161s] running egg_info
[0.162s] writing tiago_pro_description.egg-info/PKG-INFO
[0.162s] writing dependency_links to tiago_pro_description.egg-info/dependency_links.txt
[0.162s] writing top-level names to tiago_pro_description.egg-info/top_level.txt
[0.163s] reading manifest file 'tiago_pro_description.egg-info/SOURCES.txt'
[0.164s] writing manifest file 'tiago_pro_description.egg-info/SOURCES.txt'
[0.179s] Built target ament_cmake_python_build_tiago_pro_description_egg
[0.185s] Invoked command in '/home/user/exchange/workspace/build/tiago_pro_description' returned '0': AMENT_PREFIX_PATH=/home/user/exchange/workspace/install/pal_sea_arm_description:/home/user/exchange/workspace/install/pal_sea_arm_controller_configuration:/home/user/exchange/workspace/install/pal_pro_gripper_controller_configuration:/home/user/exchange/workspace/install/pal_pro_gripper_wrapper:/home/user/exchange/workspace/install/pal_pro_gripper_description:${AMENT_PREFIX_PATH} CMAKE_PREFIX_PATH=/home/user/exchange/workspace/install/pal_sea_arm_description:/home/user/exchange/workspace/install/pal_sea_arm_controller_configuration:/home/user/exchange/workspace/install/pal_pro_gripper_controller_configuration:/home/user/exchange/workspace/install/pal_pro_gripper_description:/opt/ros/humble PYTHONPATH=/home/user/exchange/workspace/install/pal_sea_arm_description/local/lib/python3.10/dist-packages:/home/user/exchange/workspace/install/pal_pro_gripper_wrapper/lib/python3.10/site-packages:/home/user/exchange/workspace/install/pal_pro_gripper_description/local/lib/python3.10/dist-packages:${PYTHONPATH} /usr/bin/cmake --build /home/user/exchange/workspace/build/tiago_pro_description -- -j12 -l12
[0.187s] Invoking command in '/home/user/exchange/workspace/build/tiago_pro_description': AMENT_PREFIX_PATH=/home/user/exchange/workspace/install/pal_sea_arm_description:/home/user/exchange/workspace/install/pal_sea_arm_controller_configuration:/home/user/exchange/workspace/install/pal_pro_gripper_controller_configuration:/home/user/exchange/workspace/install/pal_pro_gripper_wrapper:/home/user/exchange/workspace/install/pal_pro_gripper_description:${AMENT_PREFIX_PATH} CMAKE_PREFIX_PATH=/home/user/exchange/workspace/install/pal_sea_arm_description:/home/user/exchange/workspace/install/pal_sea_arm_controller_configuration:/home/user/exchange/workspace/install/pal_pro_gripper_controller_configuration:/home/user/exchange/workspace/install/pal_pro_gripper_description:/opt/ros/humble PYTHONPATH=/home/user/exchange/workspace/install/pal_sea_arm_description/local/lib/python3.10/dist-packages:/home/user/exchange/workspace/install/pal_pro_gripper_wrapper/lib/python3.10/site-packages:/home/user/exchange/workspace/install/pal_pro_gripper_description/local/lib/python3.10/dist-packages:${PYTHONPATH} /usr/bin/cmake --install /home/user/exchange/workspace/build/tiago_pro_description
[0.192s] -- Install configuration: ""
[0.192s] -- Up-to-date: /home/user/exchange/workspace/install/tiago_pro_description/share/tiago_pro_description/environment/pythonpath.sh
[0.192s] -- Up-to-date: /home/user/exchange/workspace/install/tiago_pro_description/share/tiago_pro_description/environment/pythonpath.dsv
[0.192s] -- Up-to-date: /home/user/exchange/workspace/install/tiago_pro_description/local/lib/python3.10/dist-packages/tiago_pro_description-2.4.1-py3.10.egg-info
[0.192s] -- Installing: /home/user/exchange/workspace/install/tiago_pro_description/local/lib/python3.10/dist-packages/tiago_pro_description-2.4.1-py3.10.egg-info/SOURCES.txt
[0.192s] -- Installing: /home/user/exchange/workspace/install/tiago_pro_description/local/lib/python3.10/dist-packages/tiago_pro_description-2.4.1-py3.10.egg-info/dependency_links.txt
[0.192s] -- Installing: /home/user/exchange/workspace/install/tiago_pro_description/local/lib/python3.10/dist-packages/tiago_pro_description-2.4.1-py3.10.egg-info/top_level.txt
[0.192s] -- Installing: /home/user/exchange/workspace/install/tiago_pro_description/local/lib/python3.10/dist-packages/tiago_pro_description-2.4.1-py3.10.egg-info/PKG-INFO
[0.192s] -- Up-to-date: /home/user/exchange/workspace/install/tiago_pro_description/local/lib/python3.10/dist-packages/tiago_pro_description
[0.192s] -- Up-to-date: /home/user/exchange/workspace/install/tiago_pro_description/local/lib/python3.10/dist-packages/tiago_pro_description/launch_arguments.py
[0.192s] -- Up-to-date: /home/user/exchange/workspace/install/tiago_pro_description/local/lib/python3.10/dist-packages/tiago_pro_description/tiago_pro_launch_utils.py
[0.192s] -- Up-to-date: /home/user/exchange/workspace/install/tiago_pro_description/local/lib/python3.10/dist-packages/tiago_pro_description/__init__.py
[0.212s] Listing '/home/user/exchange/workspace/install/tiago_pro_description/local/lib/python3.10/dist-packages/tiago_pro_description'...
[0.215s] -- Up-to-date: /home/user/exchange/workspace/install/tiago_pro_description/share/tiago_pro_description/config
[0.215s] -- Up-to-date: /home/user/exchange/workspace/install/tiago_pro_description/share/tiago_pro_description/config/tiago_pro_configuration.yaml
[0.215s] -- Up-to-date: /home/user/exchange/workspace/install/tiago_pro_description/share/tiago_pro_description/config/show_front.rviz
[0.215s] -- Up-to-date: /home/user/exchange/workspace/install/tiago_pro_description/share/tiago_pro_description/config/show.rviz
[0.215s] -- Up-to-date: /home/user/exchange/workspace/install/tiago_pro_description/share/tiago_pro_description/launch
[0.215s] -- Up-to-date: /home/user/exchange/workspace/install/tiago_pro_description/share/tiago_pro_description/launch/robot_state_publisher.launch.py
[0.215s] -- Up-to-date: /home/user/exchange/workspace/install/tiago_pro_description/share/tiago_pro_description/launch/show.launch.py
[0.215s] -- Up-to-date: /home/user/exchange/workspace/install/tiago_pro_description/share/tiago_pro_description/robots
[0.215s] -- Up-to-date: /home/user/exchange/workspace/install/tiago_pro_description/share/tiago_pro_description/robots/tiago_pro.urdf.xacro
[0.215s] -- Up-to-date: /home/user/exchange/workspace/install/tiago_pro_description/share/tiago_pro_description/meshes
[0.215s] -- Up-to-date: /home/user/exchange/workspace/install/tiago_pro_description/share/tiago_pro_description/meshes/pilot_station
[0.215s] -- Up-to-date: /home/user/exchange/workspace/install/tiago_pro_description/share/tiago_pro_description/meshes/pilot_station/fixed_sit_station.stl
[0.215s] -- Up-to-date: /home/user/exchange/workspace/install/tiago_pro_description/share/tiago_pro_description/meshes/pilot_station/teleop_handle.stl
[0.215s] -- Up-to-date: /home/user/exchange/workspace/install/tiago_pro_description/share/tiago_pro_description/meshes/torso
[0.215s] -- Up-to-date: /home/user/exchange/workspace/install/tiago_pro_description/share/tiago_pro_description/meshes/torso/torso_fixed.stl
[0.215s] -- Up-to-date: /home/user/exchange/workspace/install/tiago_pro_description/share/tiago_pro_description/meshes/torso/torso_lift_link_collision.stl
[0.216s] -- Up-to-date: /home/user/exchange/workspace/install/tiago_pro_description/share/tiago_pro_description/meshes/torso/laptop_tray_collision.stl
[0.216s] -- Up-to-date: /home/user/exchange/workspace/install/tiago_pro_description/share/tiago_pro_description/meshes/torso/torso_fixed_collision.stl
[0.216s] -- Up-to-date: /home/user/exchange/workspace/install/tiago_pro_description/share/tiago_pro_description/meshes/torso/torso_lift_link.stl
[0.216s] -- Up-to-date: /home/user/exchange/workspace/install/tiago_pro_description/share/tiago_pro_description/ros2_control
[0.216s] -- Up-to-date: /home/user/exchange/workspace/install/tiago_pro_description/share/tiago_pro_description/ros2_control/ros2_control.urdf.xacro
[0.216s] -- Up-to-date: /home/user/exchange/workspace/install/tiago_pro_description/share/tiago_pro_description/ros2_control/gazebo_controller_manager_cfg.yaml
[0.216s] -- Up-to-date: /home/user/exchange/workspace/install/tiago_pro_description/share/tiago_pro_description/urdf
[0.216s] -- Up-to-date: /home/user/exchange/workspace/install/tiago_pro_description/share/tiago_pro_description/urdf/pilot_station
[0.216s] -- Up-to-date: /home/user/exchange/workspace/install/tiago_pro_description/share/tiago_pro_description/urdf/pilot_station/basestation.urdf.xacro
[0.216s] -- Up-to-date: /home/user/exchange/workspace/install/tiago_pro_description/share/tiago_pro_description/urdf/pilot_station/teleop_handle.urdf.xacro
[0.216s] -- Up-to-date: /home/user/exchange/workspace/install/tiago_pro_description/share/tiago_pro_description/urdf/arm.mounting.xacro
[0.216s] -- Up-to-date: /home/user/exchange/workspace/install/tiago_pro_description/share/tiago_pro_description/urdf/torso
[0.216s] -- Up-to-date: /home/user/exchange/workspace/install/tiago_pro_description/share/tiago_pro_description/urdf/torso/torso.ros2_control.xacro
[0.216s] -- Up-to-date: /home/user/exchange/workspace/install/tiago_pro_description/share/tiago_pro_description/urdf/torso/torso.transmission.urdf.xacro
[0.216s] -- Up-to-date: /home/user/exchange/workspace/install/tiago_pro_description/share/tiago_pro_description/urdf/torso/torso.urdf.xacro
[0.216s] -- Up-to-date: /home/user/exchange/workspace/install/tiago_pro_description/share/tiago_pro_description/urdf/calibration
[0.216s] -- Up-to-date: /home/user/exchange/workspace/install/tiago_pro_description/share/tiago_pro_description/urdf/calibration/calibration_offset.urdf.xacro
[0.216s] -- Up-to-date: /home/user/exchange/workspace/install/tiago_pro_description/share/tiago_pro_description/urdf/calibration/calibration_offset.urdf.xacro.j2
[0.216s] -- Up-to-date: /home/user/exchange/workspace/install/tiago_pro_description/share/ament_index/resource_index/package_run_dependencies/tiago_pro_description
[0.216s] -- Up-to-date: /home/user/exchange/workspace/install/tiago_pro_description/share/ament_index/resource_index/parent_prefix_path/tiago_pro_description
[0.216s] -- Up-to-date: /home/user/exchange/workspace/install/tiago_pro_description/share/tiago_pro_description/environment/ament_prefix_path.sh
[0.216s] -- Up-to-date: /home/user/exchange/workspace/install/tiago_pro_description/share/tiago_pro_description/environment/ament_prefix_path.dsv
[0.216s] -- Up-to-date: /home/user/exchange/workspace/install/tiago_pro_description/share/tiago_pro_description/environment/path.sh
[0.216s] -- Up-to-date: /home/user/exchange/workspace/install/tiago_pro_description/share/tiago_pro_description/environment/path.dsv
[0.216s] -- Up-to-date: /home/user/exchange/workspace/install/tiago_pro_description/share/tiago_pro_description/local_setup.bash
[0.216s] -- Up-to-date: /home/user/exchange/workspace/install/tiago_pro_description/share/tiago_pro_description/local_setup.sh
[0.216s] -- Up-to-date: /home/user/exchange/workspace/install/tiago_pro_description/share/tiago_pro_description/local_setup.zsh
[0.216s] -- Up-to-date: /home/user/exchange/workspace/install/tiago_pro_description/share/tiago_pro_description/local_setup.dsv
[0.216s] -- Installing: /home/user/exchange/workspace/install/tiago_pro_description/share/tiago_pro_description/package.dsv
[0.216s] -- Up-to-date: /home/user/exchange/workspace/install/tiago_pro_description/share/ament_index/resource_index/packages/tiago_pro_description
[0.216s] -- Up-to-date: /home/user/exchange/workspace/install/tiago_pro_description/share/tiago_pro_description/cmake/tiago_pro_descriptionConfig.cmake
[0.216s] -- Up-to-date: /home/user/exchange/workspace/install/tiago_pro_description/share/tiago_pro_description/cmake/tiago_pro_descriptionConfig-version.cmake
[0.216s] -- Up-to-date: /home/user/exchange/workspace/install/tiago_pro_description/share/tiago_pro_description/package.xml
[0.217s] Invoked command in '/home/user/exchange/workspace/build/tiago_pro_description' returned '0': AMENT_PREFIX_PATH=/home/user/exchange/workspace/install/pal_sea_arm_description:/home/user/exchange/workspace/install/pal_sea_arm_controller_configuration:/home/user/exchange/workspace/install/pal_pro_gripper_controller_configuration:/home/user/exchange/workspace/install/pal_pro_gripper_wrapper:/home/user/exchange/workspace/install/pal_pro_gripper_description:${AMENT_PREFIX_PATH} CMAKE_PREFIX_PATH=/home/user/exchange/workspace/install/pal_sea_arm_description:/home/user/exchange/workspace/install/pal_sea_arm_controller_configuration:/home/user/exchange/workspace/install/pal_pro_gripper_controller_configuration:/home/user/exchange/workspace/install/pal_pro_gripper_description:/opt/ros/humble PYTHONPATH=/home/user/exchange/workspace/install/pal_sea_arm_description/local/lib/python3.10/dist-packages:/home/user/exchange/workspace/install/pal_pro_gripper_wrapper/lib/python3.10/site-packages:/home/user/exchange/workspace/install/pal_pro_gripper_description/local/lib/python3.10/dist-packages:${PYTHONPATH} /usr/bin/cmake --install /home/user/exchange/workspace/build/tiago_pro_description
