-- Install configuration: ""
-- Up-to-date: /home/user/exchange/workspace/install/tiago_pro_mujoco/share/tiago_pro_mujoco/launch
-- Up-to-date: /home/user/exchange/workspace/install/tiago_pro_mujoco/share/tiago_pro_mujoco/launch/tiago_pro_mujoco.launch.py
-- Up-to-date: /home/user/exchange/workspace/install/tiago_pro_mujoco/share/tiago_pro_mujoco/config
-- Up-to-date: /home/user/exchange/workspace/install/tiago_pro_mujoco/share/tiago_pro_mujoco/config/pids.yaml
-- Up-to-date: /home/user/exchange/workspace/install/tiago_pro_mujoco/share/ament_index/resource_index/package_run_dependencies/tiago_pro_mujoco
-- Up-to-date: /home/user/exchange/workspace/install/tiago_pro_mujoco/share/ament_index/resource_index/parent_prefix_path/tiago_pro_mujoco
-- Up-to-date: /home/user/exchange/workspace/install/tiago_pro_mujoco/share/tiago_pro_mujoco/environment/ament_prefix_path.sh
-- Up-to-date: /home/user/exchange/workspace/install/tiago_pro_mujoco/share/tiago_pro_mujoco/environment/ament_prefix_path.dsv
-- Up-to-date: /home/user/exchange/workspace/install/tiago_pro_mujoco/share/tiago_pro_mujoco/environment/path.sh
-- Up-to-date: /home/user/exchange/workspace/install/tiago_pro_mujoco/share/tiago_pro_mujoco/environment/path.dsv
-- Up-to-date: /home/user/exchange/workspace/install/tiago_pro_mujoco/share/tiago_pro_mujoco/local_setup.bash
-- Up-to-date: /home/user/exchange/workspace/install/tiago_pro_mujoco/share/tiago_pro_mujoco/local_setup.sh
-- Up-to-date: /home/user/exchange/workspace/install/tiago_pro_mujoco/share/tiago_pro_mujoco/local_setup.zsh
-- Up-to-date: /home/user/exchange/workspace/install/tiago_pro_mujoco/share/tiago_pro_mujoco/local_setup.dsv
-- Up-to-date: /home/user/exchange/workspace/install/tiago_pro_mujoco/share/tiago_pro_mujoco/package.dsv
-- Up-to-date: /home/user/exchange/workspace/install/tiago_pro_mujoco/share/ament_index/resource_index/packages/tiago_pro_mujoco
-- Up-to-date: /home/user/exchange/workspace/install/tiago_pro_mujoco/share/tiago_pro_mujoco/cmake/tiago_pro_mujocoConfig.cmake
-- Up-to-date: /home/user/exchange/workspace/install/tiago_pro_mujoco/share/tiago_pro_mujoco/cmake/tiago_pro_mujocoConfig-version.cmake
-- Up-to-date: /home/user/exchange/workspace/install/tiago_pro_mujoco/share/tiago_pro_mujoco/package.xml
