[0.163s] Invoking command in '/home/user/exchange/workspace/build/tiago_manipulation_tasks': AMENT_PREFIX_PATH=/home/user/exchange/workspace/install/pal_pro_gripper_wrapper:/home/user/exchange/workspace/install/tiago_manipulation_tasks:/home/user/exchange/workspace/install/pick_task:/home/user/exchange/workspace/install/tiago_pro_simulation:/home/user/exchange/workspace/install/tiago_pro_robot:/home/user/exchange/workspace/install/tiago_pro_navigation:/home/user/exchange/workspace/install/tiago_pro_gazebo:/home/user/exchange/workspace/install/tiago_pro_rgbd_sensors:/home/user/exchange/workspace/install/tiago_pro_mujoco:/home/user/exchange/workspace/install/tiago_pro_moveit_config:/home/user/exchange/workspace/install/tiago_pro_laser_sensors:/home/user/exchange/workspace/install/tiago_pro_description:/home/user/exchange/workspace/install/tiago_pro_bringup:/home/user/exchange/workspace/install/tiago_pro_controller_configuration:/home/user/exchange/workspace/install/tiago_pro_2dnav:/home/user/exchange/workspace/install/pal_sea_arm_moveit_config:/home/user/exchange/workspace/install/pal_sea_arm:/home/user/exchange/workspace/install/pal_sea_arm_bringup:/home/user/exchange/workspace/install/pal_sea_arm_description:/home/user/exchange/workspace/install/pal_sea_arm_controller_configuration:/home/user/exchange/workspace/install/pal_pro_gripper_simulation:/home/user/exchange/workspace/install/pal_pro_gripper_bringup:/home/user/exchange/workspace/install/pal_pro_gripper:/home/user/exchange/workspace/install/pal_pro_gripper_controller_configuration:/home/user/exchange/workspace/install/pal_pro_gripper_description:/home/user/exchange/workspace/install/pal_gazebo_worlds:/opt/ros/humble CMAKE_PREFIX_PATH=/home/user/exchange/workspace/install/tiago_pro_simulation:/home/user/exchange/workspace/install/tiago_pro_mujoco:/home/user/exchange/workspace/install/tiago_pro_gazebo:/home/user/exchange/workspace/install/tiago_pro_robot:/home/user/exchange/workspace/install/tiago_pro_moveit_config:/home/user/exchange/workspace/install/pal_sea_arm:/home/user/exchange/workspace/install/tiago_pro_description:/home/user/exchange/workspace/install/tiago_pro_bringup:/home/user/exchange/workspace/install/pal_sea_arm_moveit_config:/home/user/exchange/workspace/install/pal_sea_arm_bringup:/home/user/exchange/workspace/install/tiago_pro_controller_configuration:/home/user/exchange/workspace/install/pal_sea_arm_description:/home/user/exchange/workspace/install/pal_sea_arm_controller_configuration:/home/user/exchange/workspace/install/pal_pro_gripper:/home/user/exchange/workspace/install/pal_pro_gripper_controller_configuration:/home/user/exchange/workspace/install/tiago_pro_rgbd_sensors:/home/user/exchange/workspace/install/tiago_pro_laser_sensors:/home/user/exchange/workspace/install/tiago_pro_2dnav:/home/user/exchange/workspace/install/pal_pro_gripper_description:/home/user/exchange/workspace/install/pal_gazebo_worlds:/home/user/exchange/workspace/install/tiago_manipulation_tasks:/home/user/exchange/workspace/install/tiago_pro_navigation:/home/user/exchange/workspace/install/pal_pro_gripper_simulation:/home/user/exchange/workspace/install/pal_pro_gripper_bringup:/home/user/exchange/workspace/install/pick_task:/home/user/exchange/workspace/install/pal_pro_gripper_wrapper:/opt/ros/humble PYTHONPATH=/home/user/exchange/workspace/install/pal_pro_gripper_wrapper/lib/python3.10/site-packages:/home/user/exchange/workspace/install/pick_task/lib/python3.10/site-packages:/home/user/exchange/workspace/install/tiago_pro_description/local/lib/python3.10/dist-packages:/home/user/exchange/workspace/install/pal_sea_arm_description/local/lib/python3.10/dist-packages:/home/user/exchange/workspace/install/pal_pro_gripper_description/local/lib/python3.10/dist-packages:/opt/ros/humble/lib/python3.10/site-packages:/opt/ros/humble/local/lib/python3.10/dist-packages /usr/bin/cmake --build /home/user/exchange/workspace/build/tiago_manipulation_tasks -- -j12 -l12
[0.183s] -- Found ament_cmake: 1.3.13 (/opt/ros/humble/share/ament_cmake/cmake)
[0.281s] -- Found rclcpp: 16.0.18 (/opt/ros/humble/share/rclcpp/cmake)
[0.301s] -- Found rosidl_generator_c: 3.1.8 (/opt/ros/humble/share/rosidl_generator_c/cmake)
[0.303s] -- Found rosidl_adapter: 3.1.8 (/opt/ros/humble/share/rosidl_adapter/cmake)
[0.307s] -- Found rosidl_generator_cpp: 3.1.8 (/opt/ros/humble/share/rosidl_generator_cpp/cmake)
[0.314s] -- Using all available rosidl_typesupport_c: rosidl_typesupport_fastrtps_c;rosidl_typesupport_introspection_c
[0.323s] -- Using all available rosidl_typesupport_cpp: rosidl_typesupport_fastrtps_cpp;rosidl_typesupport_introspection_cpp
[0.347s] -- Found rmw_implementation_cmake: 6.1.2 (/opt/ros/humble/share/rmw_implementation_cmake/cmake)
[0.348s] -- Found rmw_fastrtps_cpp: 6.2.10 (/opt/ros/humble/share/rmw_fastrtps_cpp/cmake)
[0.443s] -- Using RMW implementation 'rmw_fastrtps_cpp' as default
[0.481s] -- Found tf2_ros: 0.25.19 (/opt/ros/humble/share/tf2_ros/cmake)
[0.548s] -- Found shape_msgs: 4.9.1 (/opt/ros/humble/share/shape_msgs/cmake)
[0.557s] -- Found sensor_msgs: 4.9.1 (/opt/ros/humble/share/sensor_msgs/cmake)
[0.568s] -- Found gazebo_msgs: 3.9.0 (/opt/ros/humble/share/gazebo_msgs/cmake)
[0.596s] -- Found moveit_msgs: 2.2.1 (/opt/ros/humble/share/moveit_msgs/cmake)
[0.642s] -- Found moveit_ros_planning_interface: 2.5.9 (/opt/ros/humble/share/moveit_ros_planning_interface/cmake)
[0.650s] -- Found Boost: /usr/lib/x86_64-linux-gnu/cmake/Boost-1.74.0/BoostConfig.cmake (found version "1.74.0") found components: date_time filesystem program_options system thread 
[0.659s] -- Found Boost: /usr/lib/x86_64-linux-gnu/cmake/Boost-1.74.0/BoostConfig.cmake (found version "1.74.0") found components: chrono date_time filesystem iostreams program_options regex serialization system thread 
[0.675s] -- Found parameter_traits: 0.6.0 (/opt/ros/humble/share/parameter_traits/cmake)
[0.680s] -- Found rclcpp_lifecycle: 16.0.18 (/opt/ros/humble/share/rclcpp_lifecycle/cmake)
[0.694s] -- Found Boost: /usr/lib/x86_64-linux-gnu/cmake/Boost-1.74.0/BoostConfig.cmake (found version "1.74.0") found components: filesystem 
[0.718s] -- library: /usr/lib/x86_64-linux-gnu/libcurl.so
[0.737s] -- Ensuring Eigen3 include directory is part of orocos-kdl CMake target
[0.775s] -- Found Boost: /usr/lib/x86_64-linux-gnu/cmake/Boost-1.74.0/BoostConfig.cmake (found version "1.74.0") found components: system filesystem date_time program_options thread chrono 
[0.795s] -- Found Boost: /usr/lib/x86_64-linux-gnu/cmake/Boost-1.74.0/BoostConfig.cmake (found version "1.74.0") found components: thread system filesystem regex date_time program_options 
[0.809s] -- Found Boost: /usr/lib/x86_64-linux-gnu/cmake/Boost-1.74.0/BoostConfig.cmake (found version "1.74.0") found components: system filesystem date_time program_options thread 
[0.841s] -- Found nav_msgs: 4.9.1 (/opt/ros/humble/share/nav_msgs/cmake)
[0.871s] -- Found ament_lint_auto: 0.12.15 (/opt/ros/humble/share/ament_lint_auto/cmake)
[0.920s] -- Added test 'copyright' to check source files copyright and LICENSE
[0.921s] -- Added test 'cppcheck' to perform static code analysis on C / C++ code
[0.921s] -- Configured cppcheck include dirs: 
[0.921s] -- Configured cppcheck exclude dirs and/or files: 
[0.921s] -- Added test 'cpplint' to check C / C++ code against the Google style
[0.921s] -- Configured cpplint exclude dirs and/or files: 
[0.922s] -- Added test 'lint_cmake' to check CMake code style
[0.922s] -- Added test 'uncrustify' to check C / C++ code style
[0.922s] -- Configured uncrustify additional arguments: 
[0.922s] -- Added test 'xmllint' to check XML markup files
[0.923s] -- Configuring done
[0.950s] -- Generating done
[0.958s] -- Build files have been written to: /home/user/exchange/workspace/build/tiago_manipulation_tasks
[0.981s] [35m[1mConsolidate compiler generated dependencies of target place_macro_task_node[0m
[0.981s] [35m[1mConsolidate compiler generated dependencies of target pick_macro_task_node[0m
[0.997s] [ 50%] [32mBuilding CXX object CMakeFiles/pick_macro_task_node.dir/src/pick_macro_task_node.cpp.o[0m
[0.998s] [ 50%] [32mBuilding CXX object CMakeFiles/place_macro_task_node.dir/src/place_macro_task_node.cpp.o[0m
[1.397s] [01m[K/home/user/exchange/workspace/src/tiago_manipulation_tasks/src/pick_macro_task_node.cpp:6:10:[m[K [01;31m[Kfatal error: [m[Knav_msgs/msg/odometry.hpp: No such file or directory
[1.397s]     6 | #include [01;31m[K<nav_msgs/msg/odometry.hpp>[m[K
[1.397s]       |          [01;31m[K^~~~~~~~~~~~~~~~~~~~~~~~~~~[m[K
[1.397s] compilation terminated.
[1.411s] gmake[2]: *** [CMakeFiles/pick_macro_task_node.dir/build.make:76: CMakeFiles/pick_macro_task_node.dir/src/pick_macro_task_node.cpp.o] Error 1
[1.411s] gmake[1]: *** [CMakeFiles/Makefile2:139: CMakeFiles/pick_macro_task_node.dir/all] Error 2
[1.411s] gmake[1]: *** Waiting for unfinished jobs....
[9.739s] [ 75%] [32m[1mLinking CXX executable place_macro_task_node[0m
[10.239s] [ 75%] Built target place_macro_task_node
[10.239s] gmake: *** [Makefile:146: all] Error 2
[10.241s] Invoked command in '/home/user/exchange/workspace/build/tiago_manipulation_tasks' returned '2': AMENT_PREFIX_PATH=/home/user/exchange/workspace/install/pal_pro_gripper_wrapper:/home/user/exchange/workspace/install/tiago_manipulation_tasks:/home/user/exchange/workspace/install/pick_task:/home/user/exchange/workspace/install/tiago_pro_simulation:/home/user/exchange/workspace/install/tiago_pro_robot:/home/user/exchange/workspace/install/tiago_pro_navigation:/home/user/exchange/workspace/install/tiago_pro_gazebo:/home/user/exchange/workspace/install/tiago_pro_rgbd_sensors:/home/user/exchange/workspace/install/tiago_pro_mujoco:/home/user/exchange/workspace/install/tiago_pro_moveit_config:/home/user/exchange/workspace/install/tiago_pro_laser_sensors:/home/user/exchange/workspace/install/tiago_pro_description:/home/user/exchange/workspace/install/tiago_pro_bringup:/home/user/exchange/workspace/install/tiago_pro_controller_configuration:/home/user/exchange/workspace/install/tiago_pro_2dnav:/home/user/exchange/workspace/install/pal_sea_arm_moveit_config:/home/user/exchange/workspace/install/pal_sea_arm:/home/user/exchange/workspace/install/pal_sea_arm_bringup:/home/user/exchange/workspace/install/pal_sea_arm_description:/home/user/exchange/workspace/install/pal_sea_arm_controller_configuration:/home/user/exchange/workspace/install/pal_pro_gripper_simulation:/home/user/exchange/workspace/install/pal_pro_gripper_bringup:/home/user/exchange/workspace/install/pal_pro_gripper:/home/user/exchange/workspace/install/pal_pro_gripper_controller_configuration:/home/user/exchange/workspace/install/pal_pro_gripper_description:/home/user/exchange/workspace/install/pal_gazebo_worlds:/opt/ros/humble CMAKE_PREFIX_PATH=/home/user/exchange/workspace/install/tiago_pro_simulation:/home/user/exchange/workspace/install/tiago_pro_mujoco:/home/user/exchange/workspace/install/tiago_pro_gazebo:/home/user/exchange/workspace/install/tiago_pro_robot:/home/user/exchange/workspace/install/tiago_pro_moveit_config:/home/user/exchange/workspace/install/pal_sea_arm:/home/user/exchange/workspace/install/tiago_pro_description:/home/user/exchange/workspace/install/tiago_pro_bringup:/home/user/exchange/workspace/install/pal_sea_arm_moveit_config:/home/user/exchange/workspace/install/pal_sea_arm_bringup:/home/user/exchange/workspace/install/tiago_pro_controller_configuration:/home/user/exchange/workspace/install/pal_sea_arm_description:/home/user/exchange/workspace/install/pal_sea_arm_controller_configuration:/home/user/exchange/workspace/install/pal_pro_gripper:/home/user/exchange/workspace/install/pal_pro_gripper_controller_configuration:/home/user/exchange/workspace/install/tiago_pro_rgbd_sensors:/home/user/exchange/workspace/install/tiago_pro_laser_sensors:/home/user/exchange/workspace/install/tiago_pro_2dnav:/home/user/exchange/workspace/install/pal_pro_gripper_description:/home/user/exchange/workspace/install/pal_gazebo_worlds:/home/user/exchange/workspace/install/tiago_manipulation_tasks:/home/user/exchange/workspace/install/tiago_pro_navigation:/home/user/exchange/workspace/install/pal_pro_gripper_simulation:/home/user/exchange/workspace/install/pal_pro_gripper_bringup:/home/user/exchange/workspace/install/pick_task:/home/user/exchange/workspace/install/pal_pro_gripper_wrapper:/opt/ros/humble PYTHONPATH=/home/user/exchange/workspace/install/pal_pro_gripper_wrapper/lib/python3.10/site-packages:/home/user/exchange/workspace/install/pick_task/lib/python3.10/site-packages:/home/user/exchange/workspace/install/tiago_pro_description/local/lib/python3.10/dist-packages:/home/user/exchange/workspace/install/pal_sea_arm_description/local/lib/python3.10/dist-packages:/home/user/exchange/workspace/install/pal_pro_gripper_description/local/lib/python3.10/dist-packages:/opt/ros/humble/lib/python3.10/site-packages:/opt/ros/humble/local/lib/python3.10/dist-packages /usr/bin/cmake --build /home/user/exchange/workspace/build/tiago_manipulation_tasks -- -j12 -l12
